Change Component Designator: Old Designator=C141 New Designator=C1
Change Component Designator: Old Designator=C142 New Designator=C2
Change Component Designator: Old Designator=C143 New Designator=C3
Change Component Designator: Old Designator=C145 New Designator=C5
Change Component Designator: Old Designator=C146 New Designator=C6
Change Component Designator: Old Designator=C253 New Designator=C7
Change Component Designator: Old Designator=C254 New Designator=C8
Change Component Designator: Old Designator=C255 New Designator=C9
Change Component Designator: Old Designator=C256 New Designator=C10
Change Component Designator: Old Designator=C? New Designator=C4
Change Component Designator: Old Designator=D37 New Designator=D1
Change Component Designator: Old Designator=L9 New Designator=L1
Change Component Designator: Old Designator=R133 New Designator=R8
Change Component Designator: Old Designator=R? New Designator=R1
Change Component Designator: Old Designator=R? New Designator=R2
Change Component Designator: Old Designator=R? New Designator=R3
Change Component Designator: Old Designator=R? New Designator=R4
Change Component Designator: Old Designator=R? New Designator=R5
Change Component Designator: Old Designator=R? New Designator=R6
Change Component Designator: Old Designator=R? New Designator=R7
Change Component Designator: Old Designator=U13 New Designator=U1
