Change Component Designator: Old Designator=C18 New Designator=C36
Change Component Designator: Old Designator=C19 New Designator=C37
Change Component Designator: Old Designator=C20 New Designator=C38
Change Component Designator: Old Designator=C21 New Designator=C39
Change Component Designator: Old Designator=C22 New Designator=C40
Change Component Designator: Old Designator=C23 New Designator=C41
Change Component Designator: Old Designator=C24 New Designator=C42
Change Component Designator: Old Designator=C25 New Designator=C43
Change Component Designator: Old Designator=C26 New Designator=C44
Change Component Designator: Old Designator=C27 New Designator=C45
Change Component Designator: Old Designator=C33 New Designator=C46
Change Component Designator: Old Designator=C34 New Designator=C47
Change Component Designator: Old Designator=C35 New Designator=C48
Change Component Designator: Old Designator=C36 New Designator=C49
Change Component Designator: Old Designator=C39 New Designator=C50
Change Component Designator: Old Designator=C40 New Designator=C51
Change Component Designator: Old Designator=D7 New Designator=D4
Change Component Designator: Old Designator=D8 New Designator=D5
Change Component Designator: Old Designator=J6 New Designator=J2
Change Component Designator: Old Designator=Q11 New Designator=Q1
Change Component Designator: Old Designator=R50 New Designator=R26
Change Component Designator: Old Designator=R52 New Designator=R27
Change Component Designator: Old Designator=R54 New Designator=R28
Change Component Designator: Old Designator=R56 New Designator=R29
Change Component Designator: Old Designator=R57 New Designator=R30
Change Component Designator: Old Designator=R59 New Designator=R31
Change Component Designator: Old Designator=R60 New Designator=R32
Change Component Designator: Old Designator=R63 New Designator=R33
Change Component Designator: Old Designator=R64 New Designator=R34
Change Component Designator: Old Designator=R65 New Designator=R35
Change Component Designator: Old Designator=R66 New Designator=R36
Change Component Designator: Old Designator=SW2 New Designator=SW1
Change Component Designator: Old Designator=SW3 New Designator=SW2
Change Component Designator: Old Designator=U8 New Designator=U7
Change Component Designator: Old Designator=U8 New Designator=U7
