Change Component Designator: Old Designator=C8 New Designator=C52
Change Component Designator: Old Designator=C9 New Designator=C53
Change Component Designator: Old Designator=C10 New Designator=C54
Change Component Designator: Old Designator=C11 New Designator=C55
Change Component Designator: Old Designator=C12 New Designator=C56
Change Component Designator: Old Designator=C13 New Designator=C57
Change Component Designator: Old Designator=C14 New Designator=C58
Change Component Designator: Old Designator=C17 New Designator=C59
Change Component Designator: Old Designator=D1 New Designator=D6
Change Component Designator: Old Designator=D2 New Designator=D7
Change Component Designator: Old Designator=D3 New Designator=D8
Change Component Designator: Old Designator=L1 New Designator=L4
Change Component Designator: Old Designator=Q1 New Designator=Q2
Change Component Designator: Old Designator=Q2 New Designator=Q3
Change Component Designator: Old Designator=Q3 New Designator=Q4
Change Component Designator: Old Designator=Q4 New Designator=Q5
Change Component Designator: Old Designator=Q5 New Designator=Q6
Change Component Designator: Old Designator=R28 New Designator=R39
Change Component Designator: Old Designator=R31 New Designator=R40
Change Component Designator: Old Designator=R32 New Designator=R41
Change Component Designator: Old Designator=R33 New Designator=R42
Change Component Designator: Old Designator=R34 New Designator=R43
Change Component Designator: Old Designator=R35 New Designator=R44
Change Component Designator: Old Designator=R36 New Designator=R45
Change Component Designator: Old Designator=R37 New Designator=R46
Change Component Designator: Old Designator=R38 New Designator=R47
Change Component Designator: Old Designator=R? New Designator=R37
Change Component Designator: Old Designator=R? New Designator=R38
Change Component Designator: Old Designator=SW1 New Designator=SW3
Change Component Designator: Old Designator=U7 New Designator=U8
Change Component Designator: Old Designator=U8 New Designator=U9
