Removed Pin From Net: NetName=1V8 Pin=C39-2
Removed Pin From Net: NetName=1V8 Pin=C40-2
Removed Pin From Net: NetName=1V8 Pin=C41-2
Removed Pin From Net: NetName=1V8 Pin=C42-2
Removed Pin From Net: NetName=1V8 Pin=C48-1
Removed Pin From Net: NetName=1V8 Pin=C57_REG_1-1
Removed Pin From Net: NetName=1V8 Pin=C58_REG_1-1
Removed Pin From Net: NetName=1V8 Pin=J5-1
Removed Pin From Net: NetName=1V8 Pin=R42_REG_1-2
Removed Pin From Net: NetName=1V8 Pin=U1-7
Removed Pin From Net: NetName=1V8 Pin=U1-21
Removed Pin From Net: NetName=1V8 Pin=U4_REG_1-8
Added Pin To Net: NetName=1V8 Pin=C43-2
Added Pin To Net: NetName=1V8 Pin=C44-2
Added Pin To Net: NetName=1V8 Pin=U1-24
Change Net Name : Old Net Name=1V8 New Net Name=3V3
Added Pin To Net: NetName=1V8 Pin=C39-2
Added Pin To Net: NetName=1V8 Pin=C40-2
Added Pin To Net: NetName=1V8 Pin=C41-2
Added Pin To Net: NetName=1V8 Pin=C42-2
Added Pin To Net: NetName=1V8 Pin=C48-1
Added Pin To Net: NetName=1V8 Pin=C57_REG_1-1
Added Pin To Net: NetName=1V8 Pin=C58_REG_1-1
Added Pin To Net: NetName=1V8 Pin=J5-1
Added Pin To Net: NetName=1V8 Pin=R42_REG_1-2
Added Pin To Net: NetName=1V8 Pin=U1-7
Added Pin To Net: NetName=1V8 Pin=U1-21
Added Pin To Net: NetName=1V8 Pin=U4_REG_1-8
Added Net: Name=1V8
Added Rule: Name=Schematic Supply Nets_8
