Removed Pin From Net: NetName=GND Pin=C9_DES_2-1
Removed Pin From Net: NetName=GND Pin=C10_DES_2-1
Removed Pin From Net: NetName=GND Pin=C11_DES_2-1
Removed Pin From Net: NetName=RAIL_RAIL_DISCH_1 Pin=C11_DES_2-2
Removed Pin From Net: NetName=GND Pin=C12_DES_2-2
Removed Pin From Net: NetName=GND Pin=C13_DES_2-1
Removed Pin From Net: NetName=RAIL_RAIL_DISCH_1 Pin=C13_DES_2-2
Removed Pin From Net: NetName=GND Pin=C14_DES_2-2
Removed Pin From Net: NetName=GND Pin=C15_DES_2-1
Removed Pin From Net: NetName=GND Pin=C16_DES_2-1
Removed Pin From Net: NetName=GND Pin=C17_DES_2-1
Removed Pin From Net: NetName=GND Pin=C18_DES_2-1
Removed Pin From Net: NetName=GND Pin=C19_DES_2-1
Removed Pin From Net: NetName=GND Pin=C20_DES_2-1
Removed Pin From Net: NetName=GND Pin=C21_DES_2-1
Removed Pin From Net: NetName=GND Pin=C22_DES_2-1
Removed Pin From Net: NetName=GND Pin=C23_DES_2-1
Removed Pin From Net: NetName=GND Pin=C24_DES_2-1
Removed Pin From Net: NetName=GND Pin=C25_DES_2-1
Removed Pin From Net: NetName=GND Pin=C26_DES_2-1
Removed Pin From Net: NetName=GND Pin=C27_DES_2-1
Removed Pin From Net: NetName=RAIL_RAIL_DISCH_1 Pin=C27_DES_2-2
Removed Pin From Net: NetName=GND Pin=C28_DES_2-1
Removed Pin From Net: NetName=RAIL_RAIL_DISCH_1 Pin=C28_DES_2-2
Removed Pin From Net: NetName=GND Pin=C29_DES_2-1
Removed Pin From Net: NetName=GND Pin=C30_DES_2-1
Removed Pin From Net: NetName=GND Pin=C31_DES_2-2
Removed Pin From Net: NetName=GND Pin=C32_DES_2-2
Removed Pin From Net: NetName=GND Pin=C33_DES_2-2
Removed Pin From Net: NetName=GND Pin=C34_DES_2-2
Removed Pin From Net: NetName=DB0_DES_0_P Pin=C35_SER_0-2
Removed Pin From Net: NetName=DB0_DES_1_P Pin=C35_SER_1-2
Removed Pin From Net: NetName=DB0_DES_0_N Pin=C37_SER_0-2
Removed Pin From Net: NetName=DB0_DES_1_N Pin=C37_SER_1-2
Removed Pin From Net: NetName=DB1_DES_0_P Pin=C38_SER_0-2
Removed Pin From Net: NetName=DB1_DES_1_P Pin=C38_SER_1-2
Removed Pin From Net: NetName=DB1_DES_0_N Pin=C39_SER_0-2
Removed Pin From Net: NetName=DB1_DES_1_N Pin=C39_SER_1-2
Removed Pin From Net: NetName=DB2_DES_0_P Pin=C41_SER_0-2
Removed Pin From Net: NetName=DB2_DES_1_P Pin=C41_SER_1-2
Removed Pin From Net: NetName=DB2_DES_0_N Pin=C42_SER_0-2
Removed Pin From Net: NetName=DB2_DES_1_N Pin=C42_SER_1-2
Removed Pin From Net: NetName=DB3_DES_0_P Pin=C43_SER_0-2
Removed Pin From Net: NetName=DB3_DES_1_P Pin=C43_SER_1-2
Removed Pin From Net: NetName=GND Pin=C44_SER_0-2
Removed Pin From Net: NetName=GND Pin=C44_SER_1-2
Removed Pin From Net: NetName=GND Pin=C45_SER_0-2
Removed Pin From Net: NetName=GND Pin=C45_SER_1-2
Removed Pin From Net: NetName=DB3_DES_0_N Pin=C46_SER_0-2
Removed Pin From Net: NetName=DB3_DES_1_N Pin=C46_SER_1-2
Removed Pin From Net: NetName=CKB_DES_0_P Pin=C47_SER_0-2
Removed Pin From Net: NetName=CKB_DES_1_P Pin=C47_SER_1-2
Removed Pin From Net: NetName=CKB_DES_0_N Pin=C48_SER_0-2
Removed Pin From Net: NetName=CKB_DES_1_N Pin=C48_SER_1-2
Removed Pin From Net: NetName=GND Pin=C49_SER_0-1
Removed Pin From Net: NetName=RAIL_RAIL_DISCH_1 Pin=C49_SER_0-2
Removed Pin From Net: NetName=GND Pin=C49_SER_1-1
Removed Pin From Net: NetName=RAIL_RAIL_DISCH_1 Pin=C49_SER_1-2
Removed Pin From Net: NetName=GND Pin=C50_SER_0-2
Removed Pin From Net: NetName=GND Pin=C50_SER_1-2
Removed Pin From Net: NetName=GND Pin=C51_SER_0-1
Removed Pin From Net: NetName=RAIL_RAIL_DISCH_1 Pin=C51_SER_0-2
Removed Pin From Net: NetName=GND Pin=C51_SER_1-1
Removed Pin From Net: NetName=RAIL_RAIL_DISCH_1 Pin=C51_SER_1-2
Removed Pin From Net: NetName=GND Pin=C52_SER_0-2
Removed Pin From Net: NetName=GND Pin=C52_SER_1-2
Removed Pin From Net: NetName=RAIL_RAIL_DISCH_1 Pin=C53_SER_0-1
Removed Pin From Net: NetName=GND Pin=C53_SER_0-2
Removed Pin From Net: NetName=RAIL_RAIL_DISCH_1 Pin=C53_SER_1-1
Removed Pin From Net: NetName=GND Pin=C53_SER_1-2
Removed Pin From Net: NetName=RAIL_RAIL_DISCH_1 Pin=C54_SER_0-1
Removed Pin From Net: NetName=GND Pin=C54_SER_0-2
Removed Pin From Net: NetName=RAIL_RAIL_DISCH_1 Pin=C54_SER_1-1
Removed Pin From Net: NetName=GND Pin=C54_SER_1-2
Removed Pin From Net: NetName=GND Pin=C55_SER_0-2
Removed Pin From Net: NetName=GND Pin=C55_SER_1-2
Removed Pin From Net: NetName=GND Pin=C56_SER_0-2
Removed Pin From Net: NetName=GND Pin=C56_SER_1-2
Removed Pin From Net: NetName=GND Pin=C57_SER_0-2
Removed Pin From Net: NetName=GND Pin=C57_SER_1-2
Removed Pin From Net: NetName=GND Pin=C58_SER_0-2
Removed Pin From Net: NetName=GND Pin=C58_SER_1-2
Removed Pin From Net: NetName=GND Pin=C59_SER_0-2
Removed Pin From Net: NetName=GND Pin=C59_SER_1-2
Removed Pin From Net: NetName=GND Pin=C60_SER_0-2
Removed Pin From Net: NetName=GND Pin=C60_SER_1-2
Removed Pin From Net: NetName=GND Pin=C61_SER_0-2
Removed Pin From Net: NetName=GND Pin=C61_SER_1-2
Removed Pin From Net: NetName=GND Pin=C?-1
Removed Pin From Net: NetName=GND Pin=C?-1
Removed Pin From Net: NetName=GND Pin=C?-1
Removed Pin From Net: NetName=GND Pin=C?-1
Removed Pin From Net: NetName=GND Pin=C?-1
Removed Pin From Net: NetName=GND Pin=C?-1
Removed Pin From Net: NetName=GND Pin=C?-1
Removed Pin From Net: NetName=GND Pin=C?-1
Removed Pin From Net: NetName=GND Pin=C?-1
Removed Pin From Net: NetName=NetC?_1 Pin=C?-1
Removed Pin From Net: NetName=PRE_CLK_N Pin=C?-1
Removed Pin From Net: NetName=PRE_CLK_P Pin=C?-1
Removed Pin From Net: NetName=PRE_TX0_N Pin=C?-1
Removed Pin From Net: NetName=PRE_TX0_P Pin=C?-1
Removed Pin From Net: NetName=PRE_TX1_N Pin=C?-1
Remove Pin from Net: Failed to remove Pin
Removed Pin From Net: NetName=PRE_TX2_N Pin=C?-1
Removed Pin From Net: NetName=PRE_TX2_P Pin=C?-1
Removed Pin From Net: NetName=PRE_TX3_N Pin=C?-1
Removed Pin From Net: NetName=PRE_TX3_P Pin=C?-1
Removed Pin From Net: NetName=GND Pin=C?-2
Removed Pin From Net: NetName=GND Pin=C?-2
Removed Pin From Net: NetName=GND Pin=C?-2
Removed Pin From Net: NetName=GND Pin=C?-2
Removed Pin From Net: NetName=NetC?_1 Pin=C?-2
Removed Pin From Net: NetName=NetC?_2 Pin=C?-2
Removed Pin From Net: NetName=PCIE0_CLK_N Pin=C?-2
Removed Pin From Net: NetName=PCIE0_CLK_P Pin=C?-2
Removed Pin From Net: NetName=PCIE0_TX0_N Pin=C?-2
Removed Pin From Net: NetName=PCIE0_TX0_P Pin=C?-2
Removed Pin From Net: NetName=PCIE0_TX1_N Pin=C?-2
Removed Pin From Net: NetName=PCIE0_TX3_P Pin=C?-2
Removed Pin From Net: NetName=GND Pin=D1_DES_2-3
Removed Pin From Net: NetName=GND Pin=D1_DES_2-8
Removed Pin From Net: NetName=GND Pin=D2_DES_2-3
Removed Pin From Net: NetName=GND Pin=D2_DES_2-8
Removed Pin From Net: NetName=GND Pin=D5_SER_0-3
Removed Pin From Net: NetName=GND Pin=D5_SER_0-8
Removed Pin From Net: NetName=GND Pin=D5_SER_1-3
Removed Pin From Net: NetName=GND Pin=D5_SER_1-8
Removed Pin From Net: NetName=GND Pin=J1-5
Removed Pin From Net: NetName=GND Pin=J1-6
Removed Pin From Net: NetName=GND Pin=J1-7
Removed Pin From Net: NetName=GND Pin=J1-8
Removed Pin From Net: NetName=GND Pin=J1-9
Removed Pin From Net: NetName=GND Pin=J2-5
Removed Pin From Net: NetName=GND Pin=J2-6
Removed Pin From Net: NetName=GND Pin=J2-7
Removed Pin From Net: NetName=GND Pin=J2-8
Removed Pin From Net: NetName=GND Pin=J2-9
Removed Pin From Net: NetName=GND Pin=J3-5
Removed Pin From Net: NetName=GND Pin=J3-6
Removed Pin From Net: NetName=GND Pin=J3-7
Removed Pin From Net: NetName=GND Pin=J3-8
Removed Pin From Net: NetName=GND Pin=J3-9
Removed Pin From Net: NetName=GND Pin=J4-2
Removed Pin From Net: NetName=GND Pin=J4-2
Removed Pin From Net: NetName=GND Pin=J4-2
Removed Pin From Net: NetName=GND Pin=J4-2
Removed Pin From Net: NetName=INT_VCC Pin=J?-1
Removed Pin From Net: NetName=INT_VCC Pin=J?-2
Removed Pin From Net: NetName=GND Pin=J?-3
Removed Pin From Net: NetName=GND Pin=J?-4
Removed Pin From Net: NetName=GND Pin=R1_DES_2-1
Removed Pin From Net: NetName=RAIL_RAIL_DISCH_1 Pin=R2_DES_2-2
Removed Pin From Net: NetName=GND Pin=R3_DES_2-1
Removed Pin From Net: NetName=GND Pin=R4_DES_2-1
Removed Pin From Net: NetName=RAIL_RAIL_DISCH_1 Pin=R5_DES_2-2
Removed Pin From Net: NetName=RAIL_RAIL_DISCH_1 Pin=R6_DES_2-2
Removed Pin From Net: NetName=GND Pin=R7_DES_2-1
Removed Pin From Net: NetName=GND Pin=R8_DES_2-1
Removed Pin From Net: NetName=GND Pin=R9_DES_2-1
Removed Pin From Net: NetName=GND Pin=R10_DES_2-1
Removed Pin From Net: NetName=GND Pin=R11_DES_2-1
Removed Pin From Net: NetName=GND Pin=R16_SER_0-1
Removed Pin From Net: NetName=GND Pin=R16_SER_1-1
Removed Pin From Net: NetName=GND Pin=R17_SER_0-1
Removed Pin From Net: NetName=GND Pin=R17_SER_1-1
Removed Pin From Net: NetName=RAIL_RAIL_DISCH_1 Pin=R20_SER_0-2
Removed Pin From Net: NetName=RAIL_RAIL_DISCH_1 Pin=R20_SER_1-2
Removed Pin From Net: NetName=GND Pin=R24_SER_0-1
Removed Pin From Net: NetName=GND Pin=R24_SER_1-1
Removed Pin From Net: NetName=RAIL_RAIL_DISCH_1 Pin=R25_SER_0-2
Removed Pin From Net: NetName=RAIL_RAIL_DISCH_1 Pin=R25_SER_1-2
Removed Pin From Net: NetName=RAIL_RAIL_DISCH_1 Pin=R26_SER_0-2
Removed Pin From Net: NetName=RAIL_RAIL_DISCH_1 Pin=R26_SER_1-2
Removed Pin From Net: NetName=GND Pin=R27_SER_0-1
Removed Pin From Net: NetName=GND Pin=R27_SER_1-1
Removed Pin From Net: NetName=GND Pin=R28_SER_0-1
Removed Pin From Net: NetName=GND Pin=R28_SER_1-1
Removed Pin From Net: NetName=GND Pin=R29_SER_0-1
Removed Pin From Net: NetName=GND Pin=R29_SER_1-1
Remove Pin from Net: Failed to remove Pin
Remove Pin from Net: Failed to remove Pin
Remove Pin from Net: Failed to remove Pin
Remove Pin from Net: Failed to remove Pin
Remove Pin from Net: Failed to remove Pin
Remove Pin from Net: Failed to remove Pin
Remove Pin from Net: Failed to remove Pin
Remove Pin from Net: Failed to remove Pin
Remove Pin from Net: Failed to remove Pin
Remove Pin from Net: Failed to remove Pin
Removed Pin From Net: NetName=RAIL_RAIL_DISCH_1 Pin=U1_DES_2-24
Removed Pin From Net: NetName=GND Pin=U1_DES_2-57
Removed Pin From Net: NetName=GND Pin=U2_DES_2-1
Removed Pin From Net: NetName=RAIL_RAIL_DISCH_1 Pin=U2_DES_2-3
Removed Pin From Net: NetName=GND Pin=U3_DES_2-1
Removed Pin From Net: NetName=RAIL_RAIL_DISCH_1 Pin=U3_DES_2-3
Removed Pin From Net: NetName=RAIL_RAIL_DISCH_1 Pin=U4_SER_0-16
Removed Pin From Net: NetName=GND Pin=U4_SER_0-33
Removed Pin From Net: NetName=RAIL_RAIL_DISCH_1 Pin=U4_SER_1-16
Removed Pin From Net: NetName=GND Pin=U4_SER_1-33
Removed Pin From Net: NetName=GND Pin=U5_SER_0-1
Removed Pin From Net: NetName=RAIL_RAIL_DISCH_1 Pin=U5_SER_0-3
Removed Pin From Net: NetName=GND Pin=U5_SER_1-1
Removed Pin From Net: NetName=RAIL_RAIL_DISCH_1 Pin=U5_SER_1-3
Removed Pin From Net: NetName=GND Pin=U6_SER_0-1
Removed Pin From Net: NetName=RAIL_RAIL_DISCH_1 Pin=U6_SER_0-3
Removed Pin From Net: NetName=GND Pin=U6_SER_1-1
Removed Pin From Net: NetName=RAIL_RAIL_DISCH_1 Pin=U6_SER_1-3
Remove Pin from Net: Failed to remove Pin
Remove Pin from Net: Failed to remove Pin
Remove Pin from Net: Unknown Pin: Pin U?-8
Remove Pin from Net: Unknown Pin: Pin U?-9
Remove Pin from Net: Unknown Pin: Pin U?-11
Remove Pin from Net: Unknown Pin: Pin U?-11
Remove Pin from Net: Unknown Pin: Pin U?-15
Remove Pin from Net: Unknown Pin: Pin U?-15
Remove Pin from Net: Unknown Pin: Pin U?-17
Remove Pin from Net: Unknown Pin: Pin U?-17
Removed Pin From Net: NetName=GND Pin=Y1_DES_2-2
Removed Pin From Net: NetName=GND Pin=Y1_DES_2-4
Removed Pin From Net: NetName=GND Pin=Y2_SER_0-2
Removed Pin From Net: NetName=GND Pin=Y2_SER_0-4
Removed Pin From Net: NetName=GND Pin=Y2_SER_1-2
Removed Pin From Net: NetName=GND Pin=Y2_SER_1-4
Removed Member From Class: ClassName=NVME_0 Member=C?
Removed Member From Class: ClassName=NVME_0 Member=D?
Removed Member From Class: ClassName=MAIN_BOARD Member=J3
Removed Member From Class: ClassName=MAIN_BOARD Member=J5
Removed Member From Class: ClassName=REC_USB_0 Member=J?
Removed Member From Class: ClassName=NVME_0 Member=R?
Removed Member From Class: ClassName=NVME_0 Member=TP?
Removed Member From Class: ClassName=NVME_0 Member=Y?
Removed Member From Class: ClassName=50SINGLE Member=NetC3_DES_2_2
Removed Member From Class: ClassName=50SINGLE Member=NetC4_DES_2_2
Removed Member From Class: ClassName=50SINGLE Member=NetC7_DES_2_2
Removed Member From Class: ClassName=50SINGLE Member=NetC8_DES_2_2
Removed Member From Class: ClassName=PWR Member=NetC31_DES_2_1
Removed Member From Class: ClassName=PWR Member=NetC32_DES_2_1
Removed Member From Class: ClassName=PWR Member=NetC33_DES_2_1
Removed Member From Class: ClassName=PWR Member=NetC34_DES_2_1
Removed Member From Class: ClassName=PWR Member=NetF1_DES_2_2
Removed Member From Class: ClassName=PWR Member=NetF2_DES_2_2
Removed Member From Class: ClassName=PWR Member=NetF3_DES_2_2
Removed Member From Class: ClassName=PWR Member=NetF4_DES_2_2
Removed Member From Class: ClassName=PWR Member=NetL2_DES_2_2
Removed Member From Class: ClassName=PWR Member=NetL5_DES_2_2
Removed Member From Class: ClassName=PWR Member=NetL8_DES_2_2
Removed Member From Class: ClassName=PWR Member=NetL11_DES_2_2
Removed Member From Class: ClassName=50SINGLE Member=PoC_A_DES_2
Removed Member From Class: ClassName=50SINGLE Member=PoC_B_DES_2
Removed Member From Class: ClassName=50SINGLE Member=PoC_C_DES_2
Removed Member From Class: ClassName=50SINGLE Member=PoC_D_DES_2
Removed Member From Class: ClassName=PWR Member=PoC_PWR_DES_2
Removed Member From Class: ClassName=50SINGLE Member=PoC_TAP_SER_0
Removed Member From Class: ClassName=50SINGLE Member=PoC_TAP_SER_1
Removed Member From Class: ClassName=GMSL_DESERIALIZER Member=DES_2
Change Component Footprint: Designator=C? Old Footprint=CAPC2013X88X50ML20T25 New Footprint=FP-0402-L_1_0_0_05-W_0_5-IPC_A
Change Component Footprint: Designator=C? Old Footprint=CAPC2013X88X50ML20T25 New Footprint=FP-0402-L_1_0_0_05-W_0_5-IPC_A
Change Component Footprint: Designator=C? Old Footprint=CAPC2013X88X50ML20T25 New Footprint=FP-0402-L_1_0_0_05-W_0_5-IPC_A
Change Component Footprint: Designator=C? Old Footprint=CAPC2013X88X50ML20T25 New Footprint=FP-0402-L_1_0_0_05-W_0_5-IPC_A
Change Component Footprint: Designator=J1 Old Footprint=FM4-NZSP-PCB-1-Footprint-1 New Footprint=FM4-NZRP-PCB-1-Footprint-1
Change Component Footprint: Designator=J2 Old Footprint=FM4-NZSP-PCB-1-Footprint-1 New Footprint=FM4-NZRP-PCB-1-Footprint-1
Change Component Footprint: Designator=F1_DES_0 Old Footprint=FP-2920L050DR-MFG New Footprint=FP-SF-1206FP-MFG
Change Component Footprint: Designator=F1_DES_1 Old Footprint=FP-2920L050DR-MFG New Footprint=FP-SF-1206FP-MFG
Change Component Footprint: Designator=F2_DES_0 Old Footprint=FP-2920L050DR-MFG New Footprint=FP-SF-1206FP-MFG
Change Component Footprint: Designator=F2_DES_1 Old Footprint=FP-2920L050DR-MFG New Footprint=FP-SF-1206FP-MFG
Change Component Footprint: Designator=F3_DES_0 Old Footprint=FP-2920L050DR-MFG New Footprint=FP-SF-1206FP-MFG
Change Component Footprint: Designator=F3_DES_1 Old Footprint=FP-2920L050DR-MFG New Footprint=FP-SF-1206FP-MFG
Change Component Footprint: Designator=F4_DES_0 Old Footprint=FP-2920L050DR-MFG New Footprint=FP-SF-1206FP-MFG
Change Component Footprint: Designator=F4_DES_1 Old Footprint=FP-2920L050DR-MFG New Footprint=FP-SF-1206FP-MFG
Change Component Footprint: Designator=J? Old Footprint=FP-B7B-PH-K-S-MFG New Footprint=FP-2199230-4-MFG
Change Component Footprint: Designator=C? Old Footprint=FP-C1005-050-0_05-IPC_C New Footprint=FP-0402-L_1_0_0_05-W_0_5-IPC_A
Change Component Footprint: Designator=C? Old Footprint=FP-C1005-050-0_05-IPC_C New Footprint=FP-0402-L_1_0_0_05-W_0_5-IPC_A
Change Component Footprint: Designator=C? Old Footprint=FP-C1005-050-0_05-IPC_C New Footprint=FP-0402-L_1_0_0_05-W_0_5-IPC_A
Change Component Footprint: Designator=C? Old Footprint=FP-C1005-050-0_05-IPC_C New Footprint=FP-0402-L_1_0_0_05-W_0_5-IPC_A
Change Component Footprint: Designator=C? Old Footprint=FP-C1005-050-0_05-IPC_C New Footprint=FP-0402-L_1_0_0_05-W_0_5-IPC_A
Change Component Footprint: Designator=C? Old Footprint=FP-C1005-050-0_05-IPC_C New Footprint=FP-0402-L_1_0_0_05-W_0_5-IPC_A
Change Component Footprint: Designator=C? Old Footprint=FP-CL05A106MP5NUNC-MFG New Footprint=FP-0402-L_1_0_0_05-W_0_5-IPC_A
Change Component Footprint: Designator=J? Old Footprint=SWIT-35RASMT4BHNTRX_V New Footprint=FP-2199230-4-MFG
Change Component Comment : Designator=J? Old Comment=35RASMT4BHNTRX New Comment=2199230-4
Change Component Comment : Designator=F1_DES_0 Old Comment=2920L050DR New Comment=SF-1206FP200-2
Change Component Comment : Designator=F1_DES_1 Old Comment=2920L050DR New Comment=SF-1206FP200-2
Change Component Comment : Designator=F2_DES_0 Old Comment=2920L050DR New Comment=SF-1206FP200-2
Change Component Comment : Designator=F2_DES_1 Old Comment=2920L050DR New Comment=SF-1206FP200-2
Change Component Comment : Designator=F3_DES_0 Old Comment=2920L050DR New Comment=SF-1206FP200-2
Change Component Comment : Designator=F3_DES_1 Old Comment=2920L050DR New Comment=SF-1206FP200-2
Change Component Comment : Designator=F4_DES_0 Old Comment=2920L050DR New Comment=SF-1206FP200-2
Change Component Comment : Designator=F4_DES_1 Old Comment=2920L050DR New Comment=SF-1206FP200-2
Change Component Comment : Designator=J? Old Comment=B7B-PH-K-S New Comment=2199230-4
Change Component Comment : Designator=C? Old Comment=C0805C221K5RACTU New Comment=100n
Change Component Comment : Designator=C? Old Comment=C0805C221K5RACTU New Comment=100n
Change Component Comment : Designator=C? Old Comment=C0805C221K5RACTU New Comment=100n
Change Component Comment : Designator=C? Old Comment=C0805C221K5RACTU New Comment=100n
Change Component Comment : Designator=C? Old Comment=C1005X7R1A224K050BB New Comment=100n
Change Component Comment : Designator=C? Old Comment=C1005X7R1A224K050BB New Comment=100n
Change Component Comment : Designator=C? Old Comment=C1005X7R1A224K050BB New Comment=100n
Change Component Comment : Designator=C? Old Comment=C1005X7R1A224K050BB New Comment=100n
Change Component Comment : Designator=C? Old Comment=C1005X7R1A224K050BB New Comment=100n
Change Component Comment : Designator=C? Old Comment=C1005X7R1A224K050BB New Comment=100n
Change Component Comment : Designator=C? Old Comment=CL05A106MP5NUNC New Comment=100n
Change Component Comment : Designator=J1 Old Comment=FM4-NZSP-PCB-1 New Comment=FM4-NZRP-PCB-1
Change Component Comment : Designator=J2 Old Comment=FM4-NZSP-PCB-1 New Comment=FM4-NZRP-PCB-1
Change Component Designator: OldDesignator=J5 NewDesignator=J4
Change Managed Component Library Link : Designator=F1_DES_0 Old VaultGUID=B7D15EC3-160A-466F-A46C-7801FE6295A7 New VaultGUID=B7D15EC3-160A-466F-A46C-7801FE6295A7 Old ItemGUID=1AD615ED-E508-45CF-B7A1-3A9175DA9904 New ItemGUID=D3A1972D-C842-4661-8281-1B4A74999195 Old RevisionGUID=DFC8ED2E-AE97-4AF2-B140-2CCD4380CFA0 New RevisionGUID=AA724820-7787-4C56-97D7-83B92D0CB198
Change Managed Component Library Link : Designator=F1_DES_1 Old VaultGUID=B7D15EC3-160A-466F-A46C-7801FE6295A7 New VaultGUID=B7D15EC3-160A-466F-A46C-7801FE6295A7 Old ItemGUID=1AD615ED-E508-45CF-B7A1-3A9175DA9904 New ItemGUID=D3A1972D-C842-4661-8281-1B4A74999195 Old RevisionGUID=DFC8ED2E-AE97-4AF2-B140-2CCD4380CFA0 New RevisionGUID=AA724820-7787-4C56-97D7-83B92D0CB198
Change Managed Component Library Link : Designator=F2_DES_0 Old VaultGUID=B7D15EC3-160A-466F-A46C-7801FE6295A7 New VaultGUID=B7D15EC3-160A-466F-A46C-7801FE6295A7 Old ItemGUID=1AD615ED-E508-45CF-B7A1-3A9175DA9904 New ItemGUID=D3A1972D-C842-4661-8281-1B4A74999195 Old RevisionGUID=DFC8ED2E-AE97-4AF2-B140-2CCD4380CFA0 New RevisionGUID=AA724820-7787-4C56-97D7-83B92D0CB198
Change Managed Component Library Link : Designator=F2_DES_1 Old VaultGUID=B7D15EC3-160A-466F-A46C-7801FE6295A7 New VaultGUID=B7D15EC3-160A-466F-A46C-7801FE6295A7 Old ItemGUID=1AD615ED-E508-45CF-B7A1-3A9175DA9904 New ItemGUID=D3A1972D-C842-4661-8281-1B4A74999195 Old RevisionGUID=DFC8ED2E-AE97-4AF2-B140-2CCD4380CFA0 New RevisionGUID=AA724820-7787-4C56-97D7-83B92D0CB198
Change Managed Component Library Link : Designator=F3_DES_0 Old VaultGUID=B7D15EC3-160A-466F-A46C-7801FE6295A7 New VaultGUID=B7D15EC3-160A-466F-A46C-7801FE6295A7 Old ItemGUID=1AD615ED-E508-45CF-B7A1-3A9175DA9904 New ItemGUID=D3A1972D-C842-4661-8281-1B4A74999195 Old RevisionGUID=DFC8ED2E-AE97-4AF2-B140-2CCD4380CFA0 New RevisionGUID=AA724820-7787-4C56-97D7-83B92D0CB198
Change Managed Component Library Link : Designator=F3_DES_1 Old VaultGUID=B7D15EC3-160A-466F-A46C-7801FE6295A7 New VaultGUID=B7D15EC3-160A-466F-A46C-7801FE6295A7 Old ItemGUID=1AD615ED-E508-45CF-B7A1-3A9175DA9904 New ItemGUID=D3A1972D-C842-4661-8281-1B4A74999195 Old RevisionGUID=DFC8ED2E-AE97-4AF2-B140-2CCD4380CFA0 New RevisionGUID=AA724820-7787-4C56-97D7-83B92D0CB198
Change Managed Component Library Link : Designator=F4_DES_0 Old VaultGUID=B7D15EC3-160A-466F-A46C-7801FE6295A7 New VaultGUID=B7D15EC3-160A-466F-A46C-7801FE6295A7 Old ItemGUID=1AD615ED-E508-45CF-B7A1-3A9175DA9904 New ItemGUID=D3A1972D-C842-4661-8281-1B4A74999195 Old RevisionGUID=DFC8ED2E-AE97-4AF2-B140-2CCD4380CFA0 New RevisionGUID=AA724820-7787-4C56-97D7-83B92D0CB198
Change Managed Component Library Link : Designator=F4_DES_1 Old VaultGUID=B7D15EC3-160A-466F-A46C-7801FE6295A7 New VaultGUID=B7D15EC3-160A-466F-A46C-7801FE6295A7 Old ItemGUID=1AD615ED-E508-45CF-B7A1-3A9175DA9904 New ItemGUID=D3A1972D-C842-4661-8281-1B4A74999195 Old RevisionGUID=DFC8ED2E-AE97-4AF2-B140-2CCD4380CFA0 New RevisionGUID=AA724820-7787-4C56-97D7-83B92D0CB198
Change Managed Component Library Link : Designator=J1 Old VaultGUID=275DD9A0-BDD9-47D7-8C38-F690E90B05B9 New VaultGUID=275DD9A0-BDD9-47D7-8C38-F690E90B05B9 Old ItemGUID=95c55ebc-cedc-4fab-98c4-ed9754ba2a37 New ItemGUID=9B13C35A-2478-4A2D-A418-1C3DA3555F5F Old RevisionGUID=76fa0c1f-321a-43fc-a7bd-3c1f7aeb1123 New RevisionGUID=03cdc0dd-f73d-4f6f-a509-f85e2f9ed6e4
Change Managed Component Library Link : Designator=J2 Old VaultGUID=275DD9A0-BDD9-47D7-8C38-F690E90B05B9 New VaultGUID=275DD9A0-BDD9-47D7-8C38-F690E90B05B9 Old ItemGUID=95c55ebc-cedc-4fab-98c4-ed9754ba2a37 New ItemGUID=9B13C35A-2478-4A2D-A418-1C3DA3555F5F Old RevisionGUID=76fa0c1f-321a-43fc-a7bd-3c1f7aeb1123 New RevisionGUID=03cdc0dd-f73d-4f6f-a509-f85e2f9ed6e4
Change Managed Component Library Link : Designator=J? Old VaultGUID=B7D15EC3-160A-466F-A46C-7801FE6295A7 New VaultGUID=B7D15EC3-160A-466F-A46C-7801FE6295A7 Old ItemGUID=B483E8AC-1BC4-4819-B880-0D112ADBFE47 New ItemGUID=00CAE528-38EB-4C38-B698-0305D58CB698 Old RevisionGUID=297EF8B7-1B2C-4C26-B4BB-F5260B0D2D13 New RevisionGUID=7A9997D5-7D6A-4F45-9DC0-EA790E11D6C2
Change Managed Component Library Link : Designator=J? Old VaultGUID=B7D15EC3-160A-466F-A46C-7801FE6295A7 New VaultGUID=B7D15EC3-160A-466F-A46C-7801FE6295A7 Old ItemGUID=6B4FF885-E672-4BEC-B8F8-F8A6FC65A447 New ItemGUID=00CAE528-38EB-4C38-B698-0305D58CB698 Old RevisionGUID=B0136EA7-7EA8-41CD-9730-6E2415E6C406 New RevisionGUID=7A9997D5-7D6A-4F45-9DC0-EA790E11D6C2
Change Managed Component Library Link : Designator=C? Old VaultGUID=B7D15EC3-160A-466F-A46C-7801FE6295A7 New VaultGUID=275DD9A0-BDD9-47D7-8C38-F690E90B05B9 Old ItemGUID=B11AAB16-512A-4F9A-943E-DC73E68B8DE8 New ItemGUID=43a49740-5c66-4506-9ea2-07741095c73f Old RevisionGUID=ED36271C-2192-417B-9B26-010800F9A013 New RevisionGUID=687d763b-7f8a-412e-93a6-e138853d33ff
Change Managed Component Library Link : Designator=C? Old VaultGUID=B7D15EC3-160A-466F-A46C-7801FE6295A7 New VaultGUID=275DD9A0-BDD9-47D7-8C38-F690E90B05B9 Old ItemGUID=852C0507-0546-49E6-B4ED-2EA96575875B New ItemGUID=43a49740-5c66-4506-9ea2-07741095c73f Old RevisionGUID=35543DD4-E214-49B4-B423-3E72F9FE0A8E New RevisionGUID=687d763b-7f8a-412e-93a6-e138853d33ff
Change Managed Component Library Link : Designator=C? Old VaultGUID=B7D15EC3-160A-466F-A46C-7801FE6295A7 New VaultGUID=275DD9A0-BDD9-47D7-8C38-F690E90B05B9 Old ItemGUID=B11AAB16-512A-4F9A-943E-DC73E68B8DE8 New ItemGUID=43a49740-5c66-4506-9ea2-07741095c73f Old RevisionGUID=ED36271C-2192-417B-9B26-010800F9A013 New RevisionGUID=687d763b-7f8a-412e-93a6-e138853d33ff
Change Managed Component Library Link : Designator=C? Old VaultGUID=B7D15EC3-160A-466F-A46C-7801FE6295A7 New VaultGUID=275DD9A0-BDD9-47D7-8C38-F690E90B05B9 Old ItemGUID=5FBA8183-2649-4785-809C-20AF815E08F9 New ItemGUID=43a49740-5c66-4506-9ea2-07741095c73f Old RevisionGUID=EA14D6F4-CCE1-4544-8EC9-51A820B189CA New RevisionGUID=687d763b-7f8a-412e-93a6-e138853d33ff
Change Managed Component Library Link : Designator=C? Old VaultGUID=B7D15EC3-160A-466F-A46C-7801FE6295A7 New VaultGUID=275DD9A0-BDD9-47D7-8C38-F690E90B05B9 Old ItemGUID=B11AAB16-512A-4F9A-943E-DC73E68B8DE8 New ItemGUID=43a49740-5c66-4506-9ea2-07741095c73f Old RevisionGUID=ED36271C-2192-417B-9B26-010800F9A013 New RevisionGUID=687d763b-7f8a-412e-93a6-e138853d33ff
Change Managed Component Library Link : Designator=C? Old VaultGUID=B7D15EC3-160A-466F-A46C-7801FE6295A7 New VaultGUID=275DD9A0-BDD9-47D7-8C38-F690E90B05B9 Old ItemGUID=5FBA8183-2649-4785-809C-20AF815E08F9 New ItemGUID=43a49740-5c66-4506-9ea2-07741095c73f Old RevisionGUID=EA14D6F4-CCE1-4544-8EC9-51A820B189CA New RevisionGUID=687d763b-7f8a-412e-93a6-e138853d33ff
Change Managed Component Library Link : Designator=C? Old VaultGUID=B7D15EC3-160A-466F-A46C-7801FE6295A7 New VaultGUID=275DD9A0-BDD9-47D7-8C38-F690E90B05B9 Old ItemGUID=B11AAB16-512A-4F9A-943E-DC73E68B8DE8 New ItemGUID=43a49740-5c66-4506-9ea2-07741095c73f Old RevisionGUID=ED36271C-2192-417B-9B26-010800F9A013 New RevisionGUID=687d763b-7f8a-412e-93a6-e138853d33ff
Change Managed Component Library Link : Designator=C? Old VaultGUID=B7D15EC3-160A-466F-A46C-7801FE6295A7 New VaultGUID=275DD9A0-BDD9-47D7-8C38-F690E90B05B9 Old ItemGUID=5FBA8183-2649-4785-809C-20AF815E08F9 New ItemGUID=43a49740-5c66-4506-9ea2-07741095c73f Old RevisionGUID=EA14D6F4-CCE1-4544-8EC9-51A820B189CA New RevisionGUID=687d763b-7f8a-412e-93a6-e138853d33ff
Change Managed Component Library Link : Designator=C? Old VaultGUID=B7D15EC3-160A-466F-A46C-7801FE6295A7 New VaultGUID=275DD9A0-BDD9-47D7-8C38-F690E90B05B9 Old ItemGUID=5FBA8183-2649-4785-809C-20AF815E08F9 New ItemGUID=43a49740-5c66-4506-9ea2-07741095c73f Old RevisionGUID=EA14D6F4-CCE1-4544-8EC9-51A820B189CA New RevisionGUID=687d763b-7f8a-412e-93a6-e138853d33ff
Change Managed Component Library Link : Designator=C? Old VaultGUID=B7D15EC3-160A-466F-A46C-7801FE6295A7 New VaultGUID=275DD9A0-BDD9-47D7-8C38-F690E90B05B9 Old ItemGUID=B11AAB16-512A-4F9A-943E-DC73E68B8DE8 New ItemGUID=43a49740-5c66-4506-9ea2-07741095c73f Old RevisionGUID=ED36271C-2192-417B-9B26-010800F9A013 New RevisionGUID=687d763b-7f8a-412e-93a6-e138853d33ff
Change Managed Component Library Link : Designator=C? Old VaultGUID=B7D15EC3-160A-466F-A46C-7801FE6295A7 New VaultGUID=275DD9A0-BDD9-47D7-8C38-F690E90B05B9 Old ItemGUID=B11AAB16-512A-4F9A-943E-DC73E68B8DE8 New ItemGUID=43a49740-5c66-4506-9ea2-07741095c73f Old RevisionGUID=ED36271C-2192-417B-9B26-010800F9A013 New RevisionGUID=687d763b-7f8a-412e-93a6-e138853d33ff
Change component parameters: Designator = "C?" ("C?"); Footprint = "FP-C1005-050-0_05-IPC_C"; UniqueID = "\DWFSSNVG\HFXKYRPW" ("\DWFSSNVG\HFXKYRPW")
Change component parameters (AddParameter): Name = "Capacitor Type"; Value = "Ceramic"; VariantName = "[No Variations]"
Change component parameters (AddParameter): Name = "Case/Package"; Value = "0402"; VariantName = "[No Variations]"
Change component parameters (AddParameter): Name = "Max Operating Temperature"; Value = "85°C"; VariantName = "[No Variations]"
Change component parameters (AddParameter): Name = "Min Operating Temperature"; Value = "-55°C"; VariantName = "[No Variations]"
Change component parameters (AddParameter): Name = "Mounting Technology"; Value = "Surface Mount"; VariantName = "[No Variations]"
Change component parameters (AddParameter): Name = "Pins"; Value = "2"; VariantName = "[No Variations]"
Change component parameters (AddParameter): Name = "RoHS Compliant"; Value = "Yes"; VariantName = "[No Variations]"
Change component parameters (AddParameter): Name = "Tolerance"; Value = ""; VariantName = "[No Variations]"
Change component parameters (AddParameter): Name = "Value"; Value = ""; VariantName = "[No Variations]"
Change component parameters (AddParameter): Name = "Voltage Rating"; Value = ""; VariantName = "[No Variations]"
Change component parameters: Designator = "C?" ("C?"); Footprint = "CAPC2013X88X50ML20T25"; UniqueID = "\DWFSSNVG\NZYVQCST" ("\DWFSSNVG\NZYVQCST")
Change component parameters (AddParameter): Name = "Capacitor Type"; Value = "Ceramic"; VariantName = "[No Variations]"
Change component parameters (AddParameter): Name = "Case/Package"; Value = "0402"; VariantName = "[No Variations]"
Change component parameters (AddParameter): Name = "Max Operating Temperature"; Value = "85°C"; VariantName = "[No Variations]"
Change component parameters (AddParameter): Name = "Min Operating Temperature"; Value = "-55°C"; VariantName = "[No Variations]"
Change component parameters (AddParameter): Name = "Mounting Technology"; Value = "Surface Mount"; VariantName = "[No Variations]"
Change component parameters (AddParameter): Name = "Pins"; Value = "2"; VariantName = "[No Variations]"
Change component parameters (AddParameter): Name = "RoHS Compliant"; Value = "Yes"; VariantName = "[No Variations]"
Change component parameters (AddParameter): Name = "Tolerance"; Value = ""; VariantName = "[No Variations]"
Change component parameters (AddParameter): Name = "Value"; Value = ""; VariantName = "[No Variations]"
Change component parameters (AddParameter): Name = "Voltage Rating"; Value = ""; VariantName = "[No Variations]"
Change component parameters: Designator = "C?" ("C?"); Footprint = "FP-C1005-050-0_05-IPC_C"; UniqueID = "\DWFSSNVG\TCWGTHJU" ("\DWFSSNVG\TCWGTHJU")
Change component parameters (AddParameter): Name = "Capacitor Type"; Value = "Ceramic"; VariantName = "[No Variations]"
Change component parameters (AddParameter): Name = "Case/Package"; Value = "0402"; VariantName = "[No Variations]"
Change component parameters (AddParameter): Name = "Max Operating Temperature"; Value = "85°C"; VariantName = "[No Variations]"
Change component parameters (AddParameter): Name = "Min Operating Temperature"; Value = "-55°C"; VariantName = "[No Variations]"
Change component parameters (AddParameter): Name = "Mounting Technology"; Value = "Surface Mount"; VariantName = "[No Variations]"
Change component parameters (AddParameter): Name = "Pins"; Value = "2"; VariantName = "[No Variations]"
Change component parameters (AddParameter): Name = "RoHS Compliant"; Value = "Yes"; VariantName = "[No Variations]"
Change component parameters (AddParameter): Name = "Tolerance"; Value = ""; VariantName = "[No Variations]"
Change component parameters (AddParameter): Name = "Value"; Value = ""; VariantName = "[No Variations]"
Change component parameters (AddParameter): Name = "Voltage Rating"; Value = ""; VariantName = "[No Variations]"
Change component parameters: Designator = "C?" ("C?"); Footprint = "FP-C1005-050-0_05-IPC_C"; UniqueID = "\DWFSSNVG\QJTDZDSD" ("\DWFSSNVG\QJTDZDSD")
Change component parameters (AddParameter): Name = "Capacitor Type"; Value = "Ceramic"; VariantName = "[No Variations]"
Change component parameters (AddParameter): Name = "Case/Package"; Value = "0402"; VariantName = "[No Variations]"
Change component parameters (AddParameter): Name = "Max Operating Temperature"; Value = "85°C"; VariantName = "[No Variations]"
Change component parameters (AddParameter): Name = "Min Operating Temperature"; Value = "-55°C"; VariantName = "[No Variations]"
Change component parameters (AddParameter): Name = "Mounting Technology"; Value = "Surface Mount"; VariantName = "[No Variations]"
Change component parameters (AddParameter): Name = "Pins"; Value = "2"; VariantName = "[No Variations]"
Change component parameters (AddParameter): Name = "RoHS Compliant"; Value = "Yes"; VariantName = "[No Variations]"
Change component parameters (AddParameter): Name = "Tolerance"; Value = ""; VariantName = "[No Variations]"
Change component parameters (AddParameter): Name = "Value"; Value = ""; VariantName = "[No Variations]"
Change component parameters (AddParameter): Name = "Voltage Rating"; Value = ""; VariantName = "[No Variations]"
Change component parameters: Designator = "C?" ("C?"); Footprint = "CAPC2013X88X50ML20T25"; UniqueID = "\DWFSSNVG\WXFBARYG" ("\DWFSSNVG\WXFBARYG")
Change component parameters (AddParameter): Name = "Capacitor Type"; Value = "Ceramic"; VariantName = "[No Variations]"
Change component parameters (AddParameter): Name = "Case/Package"; Value = "0402"; VariantName = "[No Variations]"
Change component parameters (AddParameter): Name = "Max Operating Temperature"; Value = "85°C"; VariantName = "[No Variations]"
Change component parameters (AddParameter): Name = "Min Operating Temperature"; Value = "-55°C"; VariantName = "[No Variations]"
Change component parameters (AddParameter): Name = "Mounting Technology"; Value = "Surface Mount"; VariantName = "[No Variations]"
Change component parameters (AddParameter): Name = "Pins"; Value = "2"; VariantName = "[No Variations]"
Change component parameters (AddParameter): Name = "RoHS Compliant"; Value = "Yes"; VariantName = "[No Variations]"
Change component parameters (AddParameter): Name = "Tolerance"; Value = ""; VariantName = "[No Variations]"
Change component parameters (AddParameter): Name = "Value"; Value = ""; VariantName = "[No Variations]"
Change component parameters (AddParameter): Name = "Voltage Rating"; Value = ""; VariantName = "[No Variations]"
Change component parameters: Designator = "C?" ("C?"); Footprint = "FP-CL05A106MP5NUNC-MFG"; UniqueID = "\DWFSSNVG\OYLPKOYC" ("\DWFSSNVG\OYLPKOYC")
Change component parameters (AddParameter): Name = "Capacitor Type"; Value = "Ceramic"; VariantName = "[No Variations]"
Change component parameters (AddParameter): Name = "Case/Package"; Value = "0402"; VariantName = "[No Variations]"
Change component parameters (AddParameter): Name = "Max Operating Temperature"; Value = "85°C"; VariantName = "[No Variations]"
Change component parameters (AddParameter): Name = "Min Operating Temperature"; Value = "-55°C"; VariantName = "[No Variations]"
Change component parameters (AddParameter): Name = "Mounting Technology"; Value = "Surface Mount"; VariantName = "[No Variations]"
Change component parameters (AddParameter): Name = "Pins"; Value = "2"; VariantName = "[No Variations]"
Change component parameters (AddParameter): Name = "RoHS Compliant"; Value = "Yes"; VariantName = "[No Variations]"
Change component parameters (AddParameter): Name = "Tolerance"; Value = ""; VariantName = "[No Variations]"
Change component parameters (AddParameter): Name = "Value"; Value = ""; VariantName = "[No Variations]"
Change component parameters (AddParameter): Name = "Voltage Rating"; Value = ""; VariantName = "[No Variations]"
Change component parameters: Designator = "C?" ("C?"); Footprint = "CAPC2013X88X50ML20T25"; UniqueID = "\DWFSSNVG\IUDQEMQE" ("\DWFSSNVG\IUDQEMQE")
Change component parameters (AddParameter): Name = "Capacitor Type"; Value = "Ceramic"; VariantName = "[No Variations]"
Change component parameters (AddParameter): Name = "Case/Package"; Value = "0402"; VariantName = "[No Variations]"
Change component parameters (AddParameter): Name = "Max Operating Temperature"; Value = "85°C"; VariantName = "[No Variations]"
Change component parameters (AddParameter): Name = "Min Operating Temperature"; Value = "-55°C"; VariantName = "[No Variations]"
Change component parameters (AddParameter): Name = "Mounting Technology"; Value = "Surface Mount"; VariantName = "[No Variations]"
Change component parameters (AddParameter): Name = "Pins"; Value = "2"; VariantName = "[No Variations]"
Change component parameters (AddParameter): Name = "RoHS Compliant"; Value = "Yes"; VariantName = "[No Variations]"
Change component parameters (AddParameter): Name = "Tolerance"; Value = ""; VariantName = "[No Variations]"
Change component parameters (AddParameter): Name = "Value"; Value = ""; VariantName = "[No Variations]"
Change component parameters (AddParameter): Name = "Voltage Rating"; Value = ""; VariantName = "[No Variations]"
Change component parameters: Designator = "C?" ("C?"); Footprint = "CAPC2013X88X50ML20T25"; UniqueID = "\DWFSSNVG\WUXZRMGT" ("\DWFSSNVG\WUXZRMGT")
Change component parameters (AddParameter): Name = "Capacitor Type"; Value = "Ceramic"; VariantName = "[No Variations]"
Change component parameters (AddParameter): Name = "Case/Package"; Value = "0402"; VariantName = "[No Variations]"
Change component parameters (AddParameter): Name = "Max Operating Temperature"; Value = "85°C"; VariantName = "[No Variations]"
Change component parameters (AddParameter): Name = "Min Operating Temperature"; Value = "-55°C"; VariantName = "[No Variations]"
Change component parameters (AddParameter): Name = "Mounting Technology"; Value = "Surface Mount"; VariantName = "[No Variations]"
Change component parameters (AddParameter): Name = "Pins"; Value = "2"; VariantName = "[No Variations]"
Change component parameters (AddParameter): Name = "RoHS Compliant"; Value = "Yes"; VariantName = "[No Variations]"
Change component parameters (AddParameter): Name = "Tolerance"; Value = ""; VariantName = "[No Variations]"
Change component parameters (AddParameter): Name = "Value"; Value = ""; VariantName = "[No Variations]"
Change component parameters (AddParameter): Name = "Voltage Rating"; Value = ""; VariantName = "[No Variations]"
Change component parameters: Designator = "C?" ("C?"); Footprint = "FP-C1005-050-0_05-IPC_C"; UniqueID = "\DWFSSNVG\ETLQJGTX" ("\DWFSSNVG\ETLQJGTX")
Change component parameters (AddParameter): Name = "Capacitor Type"; Value = "Ceramic"; VariantName = "[No Variations]"
Change component parameters (AddParameter): Name = "Case/Package"; Value = "0402"; VariantName = "[No Variations]"
Change component parameters (AddParameter): Name = "Max Operating Temperature"; Value = "85°C"; VariantName = "[No Variations]"
Change component parameters (AddParameter): Name = "Min Operating Temperature"; Value = "-55°C"; VariantName = "[No Variations]"
Change component parameters (AddParameter): Name = "Mounting Technology"; Value = "Surface Mount"; VariantName = "[No Variations]"
Change component parameters (AddParameter): Name = "Pins"; Value = "2"; VariantName = "[No Variations]"
Change component parameters (AddParameter): Name = "RoHS Compliant"; Value = "Yes"; VariantName = "[No Variations]"
Change component parameters (AddParameter): Name = "Tolerance"; Value = ""; VariantName = "[No Variations]"
Change component parameters (AddParameter): Name = "Value"; Value = ""; VariantName = "[No Variations]"
Change component parameters (AddParameter): Name = "Voltage Rating"; Value = ""; VariantName = "[No Variations]"
Change component parameters: Designator = "C?" ("C?"); Footprint = "FP-C1005-050-0_05-IPC_C"; UniqueID = "\DWFSSNVG\ZCCAPYHK" ("\DWFSSNVG\ZCCAPYHK")
Change component parameters (AddParameter): Name = "Capacitor Type"; Value = "Ceramic"; VariantName = "[No Variations]"
Change component parameters (AddParameter): Name = "Case/Package"; Value = "0402"; VariantName = "[No Variations]"
Change component parameters (AddParameter): Name = "Max Operating Temperature"; Value = "85°C"; VariantName = "[No Variations]"
Change component parameters (AddParameter): Name = "Min Operating Temperature"; Value = "-55°C"; VariantName = "[No Variations]"
Change component parameters (AddParameter): Name = "Mounting Technology"; Value = "Surface Mount"; VariantName = "[No Variations]"
Change component parameters (AddParameter): Name = "Pins"; Value = "2"; VariantName = "[No Variations]"
Change component parameters (AddParameter): Name = "RoHS Compliant"; Value = "Yes"; VariantName = "[No Variations]"
Change component parameters (AddParameter): Name = "Tolerance"; Value = ""; VariantName = "[No Variations]"
Change component parameters (AddParameter): Name = "Value"; Value = ""; VariantName = "[No Variations]"
Change component parameters (AddParameter): Name = "Voltage Rating"; Value = ""; VariantName = "[No Variations]"
Change component parameters: Designator = "C?" ("C?"); Footprint = "FP-C1005-050-0_05-IPC_C"; UniqueID = "\DWFSSNVG\NSGQMZZH" ("\DWFSSNVG\NSGQMZZH")
Change component parameters (AddParameter): Name = "Capacitor Type"; Value = "Ceramic"; VariantName = "[No Variations]"
Change component parameters (AddParameter): Name = "Case/Package"; Value = "0402"; VariantName = "[No Variations]"
Change component parameters (AddParameter): Name = "Max Operating Temperature"; Value = "85°C"; VariantName = "[No Variations]"
Change component parameters (AddParameter): Name = "Min Operating Temperature"; Value = "-55°C"; VariantName = "[No Variations]"
Change component parameters (AddParameter): Name = "Mounting Technology"; Value = "Surface Mount"; VariantName = "[No Variations]"
Change component parameters (AddParameter): Name = "Pins"; Value = "2"; VariantName = "[No Variations]"
Change component parameters (AddParameter): Name = "RoHS Compliant"; Value = "Yes"; VariantName = "[No Variations]"
Change component parameters (AddParameter): Name = "Tolerance"; Value = ""; VariantName = "[No Variations]"
Change component parameters (AddParameter): Name = "Value"; Value = ""; VariantName = "[No Variations]"
Change component parameters (AddParameter): Name = "Voltage Rating"; Value = ""; VariantName = "[No Variations]"
Change component parameters: Designator = "F1_DES_0" ("F1"); Footprint = "FP-2920L050DR-MFG"; UniqueID = "\VJQNCDGG\WPKQAUUF" ("\VJQNCDGG\WPKQAUUF")
Change component parameters (AddParameter): Name = "Approvals"; Value = "UL"; VariantName = "[No Variations]"
Change component parameters (AddParameter): Name = "Case Code (Imperial)"; Value = "1206"; VariantName = "[No Variations]"
Change component parameters (AddParameter): Name = "Case Code (Metric)"; Value = "3216"; VariantName = "[No Variations]"
Change component parameters (AddParameter): Name = "Case/Package"; Value = "1206"; VariantName = "[No Variations]"
Change component parameters (AddParameter): Name = "Current Rating"; Value = "2A"; VariantName = "[No Variations]"
Change component parameters (AddParameter): Name = "Fuse Type"; Value = "Board Mount (Cartridge Style Excluded)"; VariantName = "[No Variations]"
Change component parameters (AddParameter): Name = "Max Operating Temperature"; Value = "105°C"; VariantName = "[No Variations]"
Change component parameters (AddParameter): Name = "Min Operating Temperature"; Value = "-20°C"; VariantName = "[No Variations]"
Change component parameters (AddParameter): Name = "Mount"; Value = "Surface Mount"; VariantName = "[No Variations]"
Change component parameters (AddParameter): Name = "Packaging"; Value = "Cut Tape"; VariantName = "[No Variations]"
Change component parameters (AddParameter): Name = "RoHS Compliant"; Value = "Yes"; VariantName = "[No Variations]"
Change component parameters (AddParameter): Name = "Series"; Value = "SinglFuse™ SF-1206FP"; VariantName = "[No Variations]"
Change component parameters (AddParameter): Name = "Voltage Rating (DC)"; Value = "63V"; VariantName = "[No Variations]"
Change component parameters: Designator = "F1_DES_1" ("F1"); Footprint = "FP-2920L050DR-MFG"; UniqueID = "\MVWBIJII\WPKQAUUF" ("\MVWBIJII\WPKQAUUF")
Change component parameters (AddParameter): Name = "Approvals"; Value = "UL"; VariantName = "[No Variations]"
Change component parameters (AddParameter): Name = "Case Code (Imperial)"; Value = "1206"; VariantName = "[No Variations]"
Change component parameters (AddParameter): Name = "Case Code (Metric)"; Value = "3216"; VariantName = "[No Variations]"
Change component parameters (AddParameter): Name = "Case/Package"; Value = "1206"; VariantName = "[No Variations]"
Change component parameters (AddParameter): Name = "Current Rating"; Value = "2A"; VariantName = "[No Variations]"
Change component parameters (AddParameter): Name = "Fuse Type"; Value = "Board Mount (Cartridge Style Excluded)"; VariantName = "[No Variations]"
Change component parameters (AddParameter): Name = "Max Operating Temperature"; Value = "105°C"; VariantName = "[No Variations]"
Change component parameters (AddParameter): Name = "Min Operating Temperature"; Value = "-20°C"; VariantName = "[No Variations]"
Change component parameters (AddParameter): Name = "Mount"; Value = "Surface Mount"; VariantName = "[No Variations]"
Change component parameters (AddParameter): Name = "Packaging"; Value = "Cut Tape"; VariantName = "[No Variations]"
Change component parameters (AddParameter): Name = "RoHS Compliant"; Value = "Yes"; VariantName = "[No Variations]"
Change component parameters (AddParameter): Name = "Series"; Value = "SinglFuse™ SF-1206FP"; VariantName = "[No Variations]"
Change component parameters (AddParameter): Name = "Voltage Rating (DC)"; Value = "63V"; VariantName = "[No Variations]"
Change component parameters: Designator = "F2_DES_0" ("F2"); Footprint = "FP-2920L050DR-MFG"; UniqueID = "\VJQNCDGG\GILGPMTL" ("\VJQNCDGG\GILGPMTL")
Change component parameters (AddParameter): Name = "Approvals"; Value = "UL"; VariantName = "[No Variations]"
Change component parameters (AddParameter): Name = "Case Code (Imperial)"; Value = "1206"; VariantName = "[No Variations]"
Change component parameters (AddParameter): Name = "Case Code (Metric)"; Value = "3216"; VariantName = "[No Variations]"
Change component parameters (AddParameter): Name = "Case/Package"; Value = "1206"; VariantName = "[No Variations]"
Change component parameters (AddParameter): Name = "Current Rating"; Value = "2A"; VariantName = "[No Variations]"
Change component parameters (AddParameter): Name = "Fuse Type"; Value = "Board Mount (Cartridge Style Excluded)"; VariantName = "[No Variations]"
Change component parameters (AddParameter): Name = "Max Operating Temperature"; Value = "105°C"; VariantName = "[No Variations]"
Change component parameters (AddParameter): Name = "Min Operating Temperature"; Value = "-20°C"; VariantName = "[No Variations]"
Change component parameters (AddParameter): Name = "Mount"; Value = "Surface Mount"; VariantName = "[No Variations]"
Change component parameters (AddParameter): Name = "Packaging"; Value = "Cut Tape"; VariantName = "[No Variations]"
Change component parameters (AddParameter): Name = "RoHS Compliant"; Value = "Yes"; VariantName = "[No Variations]"
Change component parameters (AddParameter): Name = "Series"; Value = "SinglFuse™ SF-1206FP"; VariantName = "[No Variations]"
Change component parameters (AddParameter): Name = "Voltage Rating (DC)"; Value = "63V"; VariantName = "[No Variations]"
Change component parameters: Designator = "F2_DES_1" ("F2"); Footprint = "FP-2920L050DR-MFG"; UniqueID = "\MVWBIJII\GILGPMTL" ("\MVWBIJII\GILGPMTL")
Change component parameters (AddParameter): Name = "Approvals"; Value = "UL"; VariantName = "[No Variations]"
Change component parameters (AddParameter): Name = "Case Code (Imperial)"; Value = "1206"; VariantName = "[No Variations]"
Change component parameters (AddParameter): Name = "Case Code (Metric)"; Value = "3216"; VariantName = "[No Variations]"
Change component parameters (AddParameter): Name = "Case/Package"; Value = "1206"; VariantName = "[No Variations]"
Change component parameters (AddParameter): Name = "Current Rating"; Value = "2A"; VariantName = "[No Variations]"
Change component parameters (AddParameter): Name = "Fuse Type"; Value = "Board Mount (Cartridge Style Excluded)"; VariantName = "[No Variations]"
Change component parameters (AddParameter): Name = "Max Operating Temperature"; Value = "105°C"; VariantName = "[No Variations]"
Change component parameters (AddParameter): Name = "Min Operating Temperature"; Value = "-20°C"; VariantName = "[No Variations]"
Change component parameters (AddParameter): Name = "Mount"; Value = "Surface Mount"; VariantName = "[No Variations]"
Change component parameters (AddParameter): Name = "Packaging"; Value = "Cut Tape"; VariantName = "[No Variations]"
Change component parameters (AddParameter): Name = "RoHS Compliant"; Value = "Yes"; VariantName = "[No Variations]"
Change component parameters (AddParameter): Name = "Series"; Value = "SinglFuse™ SF-1206FP"; VariantName = "[No Variations]"
Change component parameters (AddParameter): Name = "Voltage Rating (DC)"; Value = "63V"; VariantName = "[No Variations]"
Change component parameters: Designator = "F3_DES_0" ("F3"); Footprint = "FP-2920L050DR-MFG"; UniqueID = "\VJQNCDGG\JJNCRANL" ("\VJQNCDGG\JJNCRANL")
Change component parameters (AddParameter): Name = "Approvals"; Value = "UL"; VariantName = "[No Variations]"
Change component parameters (AddParameter): Name = "Case Code (Imperial)"; Value = "1206"; VariantName = "[No Variations]"
Change component parameters (AddParameter): Name = "Case Code (Metric)"; Value = "3216"; VariantName = "[No Variations]"
Change component parameters (AddParameter): Name = "Case/Package"; Value = "1206"; VariantName = "[No Variations]"
Change component parameters (AddParameter): Name = "Current Rating"; Value = "2A"; VariantName = "[No Variations]"
Change component parameters (AddParameter): Name = "Fuse Type"; Value = "Board Mount (Cartridge Style Excluded)"; VariantName = "[No Variations]"
Change component parameters (AddParameter): Name = "Max Operating Temperature"; Value = "105°C"; VariantName = "[No Variations]"
Change component parameters (AddParameter): Name = "Min Operating Temperature"; Value = "-20°C"; VariantName = "[No Variations]"
Change component parameters (AddParameter): Name = "Mount"; Value = "Surface Mount"; VariantName = "[No Variations]"
Change component parameters (AddParameter): Name = "Packaging"; Value = "Cut Tape"; VariantName = "[No Variations]"
Change component parameters (AddParameter): Name = "RoHS Compliant"; Value = "Yes"; VariantName = "[No Variations]"
Change component parameters (AddParameter): Name = "Series"; Value = "SinglFuse™ SF-1206FP"; VariantName = "[No Variations]"
Change component parameters (AddParameter): Name = "Voltage Rating (DC)"; Value = "63V"; VariantName = "[No Variations]"
Change component parameters: Designator = "F3_DES_1" ("F3"); Footprint = "FP-2920L050DR-MFG"; UniqueID = "\MVWBIJII\JJNCRANL" ("\MVWBIJII\JJNCRANL")
Change component parameters (AddParameter): Name = "Approvals"; Value = "UL"; VariantName = "[No Variations]"
Change component parameters (AddParameter): Name = "Case Code (Imperial)"; Value = "1206"; VariantName = "[No Variations]"
Change component parameters (AddParameter): Name = "Case Code (Metric)"; Value = "3216"; VariantName = "[No Variations]"
Change component parameters (AddParameter): Name = "Case/Package"; Value = "1206"; VariantName = "[No Variations]"
Change component parameters (AddParameter): Name = "Current Rating"; Value = "2A"; VariantName = "[No Variations]"
Change component parameters (AddParameter): Name = "Fuse Type"; Value = "Board Mount (Cartridge Style Excluded)"; VariantName = "[No Variations]"
Change component parameters (AddParameter): Name = "Max Operating Temperature"; Value = "105°C"; VariantName = "[No Variations]"
Change component parameters (AddParameter): Name = "Min Operating Temperature"; Value = "-20°C"; VariantName = "[No Variations]"
Change component parameters (AddParameter): Name = "Mount"; Value = "Surface Mount"; VariantName = "[No Variations]"
Change component parameters (AddParameter): Name = "Packaging"; Value = "Cut Tape"; VariantName = "[No Variations]"
Change component parameters (AddParameter): Name = "RoHS Compliant"; Value = "Yes"; VariantName = "[No Variations]"
Change component parameters (AddParameter): Name = "Series"; Value = "SinglFuse™ SF-1206FP"; VariantName = "[No Variations]"
Change component parameters (AddParameter): Name = "Voltage Rating (DC)"; Value = "63V"; VariantName = "[No Variations]"
Change component parameters: Designator = "F4_DES_0" ("F4"); Footprint = "FP-2920L050DR-MFG"; UniqueID = "\VJQNCDGG\NUBXKQHP" ("\VJQNCDGG\NUBXKQHP")
Change component parameters (AddParameter): Name = "Approvals"; Value = "UL"; VariantName = "[No Variations]"
Change component parameters (AddParameter): Name = "Case Code (Imperial)"; Value = "1206"; VariantName = "[No Variations]"
Change component parameters (AddParameter): Name = "Case Code (Metric)"; Value = "3216"; VariantName = "[No Variations]"
Change component parameters (AddParameter): Name = "Case/Package"; Value = "1206"; VariantName = "[No Variations]"
Change component parameters (AddParameter): Name = "Current Rating"; Value = "2A"; VariantName = "[No Variations]"
Change component parameters (AddParameter): Name = "Fuse Type"; Value = "Board Mount (Cartridge Style Excluded)"; VariantName = "[No Variations]"
Change component parameters (AddParameter): Name = "Max Operating Temperature"; Value = "105°C"; VariantName = "[No Variations]"
Change component parameters (AddParameter): Name = "Min Operating Temperature"; Value = "-20°C"; VariantName = "[No Variations]"
Change component parameters (AddParameter): Name = "Mount"; Value = "Surface Mount"; VariantName = "[No Variations]"
Change component parameters (AddParameter): Name = "Packaging"; Value = "Cut Tape"; VariantName = "[No Variations]"
Change component parameters (AddParameter): Name = "RoHS Compliant"; Value = "Yes"; VariantName = "[No Variations]"
Change component parameters (AddParameter): Name = "Series"; Value = "SinglFuse™ SF-1206FP"; VariantName = "[No Variations]"
Change component parameters (AddParameter): Name = "Voltage Rating (DC)"; Value = "63V"; VariantName = "[No Variations]"
Change component parameters: Designator = "F4_DES_1" ("F4"); Footprint = "FP-2920L050DR-MFG"; UniqueID = "\MVWBIJII\NUBXKQHP" ("\MVWBIJII\NUBXKQHP")
Change component parameters (AddParameter): Name = "Approvals"; Value = "UL"; VariantName = "[No Variations]"
Change component parameters (AddParameter): Name = "Case Code (Imperial)"; Value = "1206"; VariantName = "[No Variations]"
Change component parameters (AddParameter): Name = "Case Code (Metric)"; Value = "3216"; VariantName = "[No Variations]"
Change component parameters (AddParameter): Name = "Case/Package"; Value = "1206"; VariantName = "[No Variations]"
Change component parameters (AddParameter): Name = "Current Rating"; Value = "2A"; VariantName = "[No Variations]"
Change component parameters (AddParameter): Name = "Fuse Type"; Value = "Board Mount (Cartridge Style Excluded)"; VariantName = "[No Variations]"
Change component parameters (AddParameter): Name = "Max Operating Temperature"; Value = "105°C"; VariantName = "[No Variations]"
Change component parameters (AddParameter): Name = "Min Operating Temperature"; Value = "-20°C"; VariantName = "[No Variations]"
Change component parameters (AddParameter): Name = "Mount"; Value = "Surface Mount"; VariantName = "[No Variations]"
Change component parameters (AddParameter): Name = "Packaging"; Value = "Cut Tape"; VariantName = "[No Variations]"
Change component parameters (AddParameter): Name = "RoHS Compliant"; Value = "Yes"; VariantName = "[No Variations]"
Change component parameters (AddParameter): Name = "Series"; Value = "SinglFuse™ SF-1206FP"; VariantName = "[No Variations]"
Change component parameters (AddParameter): Name = "Voltage Rating (DC)"; Value = "63V"; VariantName = "[No Variations]"
Change component parameters: Designator = "J1" ("J1"); Footprint = "FM4-NZSP-PCB-1-Footprint-1"; UniqueID = "\ZINIBIAD" ("\ZINIBIAD")
Change component parameters (AddParameter): Name = "Case/Package"; Value = ""; VariantName = "[No Variations]"
Change component parameters (AddParameter): Name = "Component Type"; Value = "Standard"; VariantName = "[No Variations]"
Change component parameters (AddParameter): Name = "Connector Type"; Value = ""; VariantName = "[No Variations]"
Change component parameters (AddParameter): Name = "Design Item ID"; Value = "CMP-002-00085-1"; VariantName = "[No Variations]"
Change component parameters (AddParameter): Name = "Gender"; Value = ""; VariantName = "[No Variations]"
Change component parameters (AddParameter): Name = "Max Operating Temperature"; Value = ""; VariantName = "[No Variations]"
Change component parameters (AddParameter): Name = "Min Operating Temperature"; Value = ""; VariantName = "[No Variations]"
Change component parameters (AddParameter): Name = "Mounting Technology"; Value = ""; VariantName = "[No Variations]"
Change component parameters (AddParameter): Name = "Pins"; Value = "9"; VariantName = "[No Variations]"
Change component parameters (AddParameter): Name = "RoHS Compliant"; Value = ""; VariantName = "[No Variations]"
Change component parameters (AddParameter): Name = "Source"; Value = "fakra4ch.SchLib"; VariantName = "[No Variations]"
Change component parameters: Designator = "J2" ("J2"); Footprint = "FM4-NZSP-PCB-1-Footprint-1"; UniqueID = "\GMEOCFMF" ("\GMEOCFMF")
Change component parameters (AddParameter): Name = "Case/Package"; Value = ""; VariantName = "[No Variations]"
Change component parameters (AddParameter): Name = "Component Type"; Value = "Standard"; VariantName = "[No Variations]"
Change component parameters (AddParameter): Name = "Connector Type"; Value = ""; VariantName = "[No Variations]"
Change component parameters (AddParameter): Name = "Design Item ID"; Value = "CMP-002-00085-1"; VariantName = "[No Variations]"
Change component parameters (AddParameter): Name = "Gender"; Value = ""; VariantName = "[No Variations]"
Change component parameters (AddParameter): Name = "Max Operating Temperature"; Value = ""; VariantName = "[No Variations]"
Change component parameters (AddParameter): Name = "Min Operating Temperature"; Value = ""; VariantName = "[No Variations]"
Change component parameters (AddParameter): Name = "Mounting Technology"; Value = ""; VariantName = "[No Variations]"
Change component parameters (AddParameter): Name = "Pins"; Value = "9"; VariantName = "[No Variations]"
Change component parameters (AddParameter): Name = "RoHS Compliant"; Value = ""; VariantName = "[No Variations]"
Change component parameters (AddParameter): Name = "Source"; Value = "fakra4ch.SchLib"; VariantName = "[No Variations]"
Change component parameters: Designator = "J?" ("J?"); Footprint = "SWIT-35RASMT4BHNTRX_V"; UniqueID = "\JYMDKRET\UISKQCDZ" ("\JYMDKRET\UISKQCDZ")
Change component parameters (AddParameter): Name = "Automotive"; Value = "No"; VariantName = "[No Variations]"
Change component parameters (AddParameter): Name = "Category"; Value = "Conn"; VariantName = "[No Variations]"
Change component parameters (AddParameter): Name = "ComponentLink2Description"; Value = "Datasheet"; VariantName = "[No Variations]"
Change component parameters (AddParameter): Name = "ComponentLink2URL"; Value = "https://www.te.com/commerce/DocumentDelivery/DDEController?Action=showdoc&DocId=Customer+Drawing%7F2199230%7FB3%7Fpdf%7FEnglish%7FENG_CD_2199230_B3.pdf%7F2199230-4"; VariantName = "[No Variations]"
Change component parameters (AddParameter): Name = "Conn Gender"; Value = "Female"; VariantName = "[No Variations]"
Change component parameters (AddParameter): Name = "Conn Orientation"; Value = "Right Angle"; VariantName = "[No Variations]"
Change component parameters (AddParameter): Name = "Contact Material"; Value = "Gold,Nickel"; VariantName = "[No Variations]"
Change component parameters (AddParameter): Name = "Current Rating"; Value = "0.5A"; VariantName = "[No Variations]"
Change component parameters (AddParameter): Name = "Device Class L1"; Value = "Connectors"; VariantName = "[No Variations]"
Change component parameters (AddParameter): Name = "Device Class L2"; Value = "Card Edge Connectors"; VariantName = "[No Variations]"
Change component parameters (AddParameter): Name = "Device Class L3"; Value = "unset"; VariantName = "[No Variations]"
Change component parameters (AddParameter): Name = "Digikey Description"; Value = "CONN FEMALE 67POS 0.020 GOLD"; VariantName = "[No Variations]"
Change component parameters (AddParameter): Name = "Height"; Value = "4.2mm"; VariantName = "[No Variations]"
Change component parameters (AddParameter): Name = "Is Female"; Value = "yes"; VariantName = "[No Variations]"
Change component parameters (AddParameter): Name = "Lead Free"; Value = "Yes"; VariantName = "[No Variations]"
Change component parameters (AddParameter): Name = "Manufacturer"; Value = "TE Connectivity"; VariantName = "[No Variations]"
Change component parameters (AddParameter): Name = "Manufacturer Part Number"; Value = "2199230-4"; VariantName = "[No Variations]"
Change component parameters (AddParameter): Name = "Mouser Description"; Value = "PCI Express / PCI Connectors .5PITCH 4.2H KEY E EMBOSS NGFF MINICARD"; VariantName = "[No Variations]"
Change component parameters (AddParameter): Name = "Number Of Contacts"; Value = "67"; VariantName = "[No Variations]"
Change component parameters (AddParameter): Name = "Number Of Rows"; Value = "2"; VariantName = "[No Variations]"
Change component parameters (AddParameter): Name = "Octopart"; Value = "https://octopart.com/2199230-4-te+connectivity-46436156"; VariantName = "[No Variations]"
Change component parameters (AddParameter): Name = "Package"; Value = "0"; VariantName = "[No Variations]"
Change component parameters (AddParameter): Name = "Pitch"; Value = "0.5mm"; VariantName = "[No Variations]"
Change component parameters (AddParameter): Name = "RoHS"; Value = "TRUE"; VariantName = "[No Variations]"
Change component parameters (AddParameter): Name = "Temperature"; Value = "-40°C to +80°C"; VariantName = "[No Variations]"
Change component parameters (AddParameter): Name = "Temperature Range High"; Value = "+80°C"; VariantName = "[No Variations]"
Change component parameters (AddParameter): Name = "Temperature Range Low"; Value = "-40°C"; VariantName = "[No Variations]"
Change component parameters (AddParameter): Name = "Voltage Rating"; Value = "50V"; VariantName = "[No Variations]"
Change component parameters: Designator = "J?" ("J?"); Footprint = "FP-B7B-PH-K-S-MFG"; UniqueID = "\JYMDKRET\AYZXDFDW" ("\JYMDKRET\AYZXDFDW")
Change component parameters (AddParameter): Name = "Automotive"; Value = "No"; VariantName = "[No Variations]"
Change component parameters (AddParameter): Name = "Category"; Value = "Conn"; VariantName = "[No Variations]"
Change component parameters (AddParameter): Name = "ComponentLink2Description"; Value = "Datasheet"; VariantName = "[No Variations]"
Change component parameters (AddParameter): Name = "ComponentLink2URL"; Value = "https://www.te.com/commerce/DocumentDelivery/DDEController?Action=showdoc&DocId=Customer+Drawing%7F2199230%7FB3%7Fpdf%7FEnglish%7FENG_CD_2199230_B3.pdf%7F2199230-4"; VariantName = "[No Variations]"
Change component parameters (AddParameter): Name = "Conn Gender"; Value = "Female"; VariantName = "[No Variations]"
Change component parameters (AddParameter): Name = "Conn Orientation"; Value = "Right Angle"; VariantName = "[No Variations]"
Change component parameters (AddParameter): Name = "Contact Material"; Value = "Gold,Nickel"; VariantName = "[No Variations]"
Change component parameters (AddParameter): Name = "Current Rating"; Value = "0.5A"; VariantName = "[No Variations]"
Change component parameters (AddParameter): Name = "Device Class L1"; Value = "Connectors"; VariantName = "[No Variations]"
Change component parameters (AddParameter): Name = "Device Class L2"; Value = "Card Edge Connectors"; VariantName = "[No Variations]"
Change component parameters (AddParameter): Name = "Device Class L3"; Value = "unset"; VariantName = "[No Variations]"
Change component parameters (AddParameter): Name = "Digikey Description"; Value = "CONN FEMALE 67POS 0.020 GOLD"; VariantName = "[No Variations]"
Change component parameters (AddParameter): Name = "Height"; Value = "4.2mm"; VariantName = "[No Variations]"
Change component parameters (AddParameter): Name = "Is Female"; Value = "yes"; VariantName = "[No Variations]"
Change component parameters (AddParameter): Name = "Lead Free"; Value = "Yes"; VariantName = "[No Variations]"
Change component parameters (AddParameter): Name = "Manufacturer"; Value = "TE Connectivity"; VariantName = "[No Variations]"
Change component parameters (AddParameter): Name = "Manufacturer Part Number"; Value = "2199230-4"; VariantName = "[No Variations]"
Change component parameters (AddParameter): Name = "Mouser Description"; Value = "PCI Express / PCI Connectors .5PITCH 4.2H KEY E EMBOSS NGFF MINICARD"; VariantName = "[No Variations]"
Change component parameters (AddParameter): Name = "Number Of Contacts"; Value = "67"; VariantName = "[No Variations]"
Change component parameters (AddParameter): Name = "Number Of Rows"; Value = "2"; VariantName = "[No Variations]"
Change component parameters (AddParameter): Name = "Octopart"; Value = "https://octopart.com/2199230-4-te+connectivity-46436156"; VariantName = "[No Variations]"
Change component parameters (AddParameter): Name = "Package"; Value = "0"; VariantName = "[No Variations]"
Change component parameters (AddParameter): Name = "Pitch"; Value = "0.5mm"; VariantName = "[No Variations]"
Change component parameters (AddParameter): Name = "RoHS"; Value = "TRUE"; VariantName = "[No Variations]"
Change component parameters (AddParameter): Name = "Temperature"; Value = "-40°C to +80°C"; VariantName = "[No Variations]"
Change component parameters (AddParameter): Name = "Temperature Range High"; Value = "+80°C"; VariantName = "[No Variations]"
Change component parameters (AddParameter): Name = "Temperature Range Low"; Value = "-40°C"; VariantName = "[No Variations]"
Change component parameters (AddParameter): Name = "Voltage Rating"; Value = "50V"; VariantName = "[No Variations]"
Added Pin To Net: NetName=NetC?_1 Pin=C?-1
Added Pin To Net: NetName=NetC?_2 Pin=C?-1
Added Pin To Net: NetName=GND Pin=C?-2
Added Pin To Net: NetName=PRE_CLK_N Pin=C?-2
Added Pin To Net: NetName=PRE_CLK_P Pin=C?-2
Added Pin To Net: NetName=PRE_TX0_N Pin=C?-2
Added Pin To Net: NetName=PRE_TX0_P Pin=C?-2
Added Pin To Net: NetName=PRE_TX1_N Pin=C?-2
Added Pin To Net: NetName=PRE_TX1_P Pin=C?-2
Added Pin To Net: NetName=PRE_TX2_N Pin=C?-2
Added Pin To Net: NetName=PRE_TX2_P Pin=C?-2
Added Pin To Net: NetName=PRE_TX3_N Pin=C?-2
Added Pin To Net: NetName=PRE_TX3_P Pin=C?-2
Added Pin To Net: NetName=PCIE0_CLK_N Pin=D?-1
Added Pin To Net: NetName=PCIE0_TX0_N Pin=D?-1
Added Pin To Net: NetName=PCIE0_CLK_P Pin=D?-2
Added Pin To Net: NetName=PCIE0_TX0_P Pin=D?-2
Added Pin To Net: NetName=PCIE0_TX1_N Pin=D?-4
Added Pin To Net: NetName=PCIE0_TX3_P Pin=D?-5
Added Pin To Net: NetName=PCIE0_TX3_P Pin=D?-6
Added Pin To Net: NetName=PCIE0_TX1_N Pin=D?-7
Added Pin To Net: NetName=PCIE0_CLK_P Pin=D?-9
Added Pin To Net: NetName=PCIE0_TX0_P Pin=D?-9
Added Pin To Net: NetName=PCIE0_CLK_N Pin=D?-10
Added Pin To Net: NetName=PCIE0_TX0_N Pin=D?-10
Added Pin To Net: NetName=GND Pin=J1-MH1
Added Pin To Net: NetName=GND Pin=J1-MH2
Added Pin To Net: NetName=GND Pin=J1-MH3
Added Pin To Net: NetName=GND Pin=J1-MH4
Added Pin To Net: NetName=GND Pin=J1-MH5
Added Pin To Net: NetName=GND Pin=J2-MH1
Added Pin To Net: NetName=GND Pin=J2-MH2
Added Pin To Net: NetName=GND Pin=J2-MH3
Added Pin To Net: NetName=GND Pin=J2-MH4
Added Pin To Net: NetName=GND Pin=J2-MH5
Added Pin To Net: NetName=GND Pin=J?-76
Added Pin To Net: NetName=GND Pin=J?-77
Added Pin To Net: NetName=PCIE0_TX0_N Pin=J?-134
Added Pin To Net: NetName=PCIE0_TX0_P Pin=J?-136
Added Pin To Net: NetName=PCIE0_TX1_N Pin=J?-140
Added Pin To Net: NetName=PCIE0_TX3_P Pin=J?-156
Added Pin To Net: NetName=PCIE0_CLK_N Pin=J?-160
Added Pin To Net: NetName=PCIE0_CLK_P Pin=J?-162
Added Pin To Net: NetName=NetC?_1 Pin=Q?-3
Added Pin To Net: NetName=NetC?_1 Pin=R?-1
Added Pin To Net: NetName=NetC?_1 Pin=R?-1
Added Pin To Net: NetName=NetR?_1 Pin=R?-1
Added Pin To Net: NetName=NetR?_1 Pin=U?-6
Change Net Name : Old Net Name=NetC?_2 New Net Name=NetC?_1
Add Net: Net with name "DEBUG_RXD" already exists
Add Net: Net with name "DEBUG_TXD" already exists
Add Net: Net with name "DP1_AUX_N" already exists
Add Net: Net with name "DP1_AUX_P" already exists
Add Net: Net with name "DP_HDMI_CEC" already exists
Add Net: Net with name "HDMI_D2_N" already exists
Add Net: Net with name "NetC?_1" already exists
Added Pin To Net: NetName=NetC?_2 Pin=C?-2
Added Pin To Net: NetName=NetC?_2 Pin=R?-1
Added Pin To Net: NetName=NetC?_2 Pin=R?-2
Added Net: Name=NetC?_2
Add Net: Net with name "NetC?_FAN_IF_0_2" already exists
Add Net: Net with name "NetC?_FAN_IF_1_2" already exists
Add Net: Net with name "NetD?_3" already exists
Add Net: Net with name "NetFB?_2" already exists
Add Net: Net with name "NetFB?_2" already exists
Add Net: Net with name "NetFB?_2" already exists
Add Net: Net with name "NetFB?_2" already exists
Add Net: Net with name "NetFB?_2" already exists
Add Net: Net with name "NetFB?_2" already exists
Add Net: Net with name "NetFB?_2" already exists
Added Pin To Net: NetName=NetJ?_62 Pin=J?-62
Added Net: Name=NetJ?_62
Add Net: Net with name "NetQ?_1" already exists
Add Net: Net with name "NetQ?_3" already exists
Add Net: Net with name "NetQ?_3" already exists
Add Net: Net with name "NetQ?_3" already exists
Add Net: Net with name "NetQ?_3" already exists
Add Net: Net with name "NetQ?_3" already exists
Add Net: Net with name "NetQ?_3" already exists
Add Net: Net with name "NetQ?_3" already exists
Add Net: Net with name "NetR?_1" already exists
Add Net: Net with name "NetR?_1" already exists
Add Net: Net with name "NetR?_1" already exists
Add Net: Net with name "NetR?_2" already exists
Add Net: Net with name "NetR?_2" already exists
Add Net: Net with name "NetR?_2" already exists
Add Net: Net with name "NetR?_2" already exists
Add Net: Net with name "NetR?_2" already exists
Add Net: Net with name "NetR?_2" already exists
Add Net: Net with name "NetR?_2" already exists
Add Net: Net with name "NetR?_2" already exists
Add Net: Net with name "NetR?_2" already exists
Add Net: Net with name "NetR?_2" already exists
Add Net: Net with name "NetR?_2" already exists
Add Net: Net with name "NetR?_2" already exists
Add Net: Net with name "NetR?_2" already exists
Add Net: Net with name "NetR?_2" already exists
Add Net: Net with name "NetR?_FAN_IF_0_1" already exists
Add Net: Net with name "NetR?_FAN_IF_1_1" already exists
Add Net: Net with name "PCIE0_CLK_N" already exists
Add Net: Net with name "PCIE0_CLK_P" already exists
Add Net: Net with name "PCIE0_TX0_N" already exists
Add Net: Net with name "PCIE0_TX0_P" already exists
Add Net: Net with name "PCIE0_TX1_N" already exists
Add Net: Net with name "PCIE0_TX1_P" already exists
Add Net: Net with name "PCIE0_TX2_N" already exists
Add Net: Net with name "PCIE0_TX2_P" already exists
Add Net: Net with name "PCIE0_TX3_N" already exists
Add Net: Net with name "PCIE0_TX3_P" already exists
Add Net: Net with name "USB0_D_N" already exists
Add Net: Net with name "USB0_D_P" already exists
Add Net: Net with name "VBUS_DETECT" already exists
Added Pin To Net: NetName=WIFI_3V3 Pin=J?-72
Added Pin To Net: NetName=WIFI_3V3 Pin=J?-74
Added Net: Name=WIFI_3V3
Change Class Name : Old Net Name=NVME_0 New Net Name=NVME_1
Change Class Name : Old Net Name=REC_USB_0 New Net Name=HDMI_0
Added Class: Name=NVME_0
Added Class: Name=REC_USB_0
Add Differential Pair: Net(s) Not Found in Differential Pair CKC_DES_0 : Positive Net [CKC_DES_0_P] & Negative Net [CKC_DES_0_N] in current PCB document
Add Differential Pair: Net(s) Not Found in Differential Pair CKC_DES_1 : Positive Net [CKC_DES_1_P] & Negative Net [CKC_DES_1_N] in current PCB document
Added Member To Class: ClassName=FAN_IF_0 Member=Component C?_FAN_IF_0 (C?) C1005X7R1H104K050BB
Added Member To Class: ClassName=FAN_IF_1 Member=Component C?_FAN_IF_1 (C?) C1005X7R1H104K050BB
Added Member To Class: ClassName=JETSON Member=Component C? C1005X7R1H104K050BB
Added Member To Class: ClassName=JETSON Member=Component C? GRM188R60J106ME47D
Added Member To Class: ClassName=JETSON Member=Component C? 100nF
Added Member To Class: ClassName=MAIN_BOARD Member=Component C? 100n
Added Member To Class: ClassName=MAIN_BOARD Member=Component C? 100n
Added Member To Class: ClassName=MAIN_BOARD Member=Component C? 100n
Added Member To Class: ClassName=MAIN_BOARD Member=Component C? 100n
Added Member To Class: ClassName=MAIN_BOARD Member=Component C? 100n
Added Member To Class: ClassName=MAIN_BOARD Member=Component C? 100n
Added Member To Class: ClassName=MAIN_BOARD Member=Component C? 100n
Added Member To Class: ClassName=MAIN_BOARD Member=Component C? 100n
Added Member To Class: ClassName=MAIN_BOARD Member=Component C? 100n
Added Member To Class: ClassName=MAIN_BOARD Member=Component C? 100n
Added Member To Class: ClassName=MAIN_BOARD Member=Component C? 100n
Added Member To Class: ClassName=MAIN_BOARD Member=Component C? 100n
Added Member To Class: ClassName=MAIN_BOARD Member=Component C? 100n
Added Member To Class: ClassName=MAIN_BOARD Member=Component C? 100n
Added Member To Class: ClassName=MAIN_BOARD Member=Component C? 100n
Added Member To Class: ClassName=MAIN_BOARD Member=Component C? 100n
Added Member To Class: ClassName=MAIN_BOARD Member=Component C? 100n
Added Member To Class: ClassName=MAIN_BOARD Member=Component C? 100n
Added Member To Class: ClassName=MAIN_BOARD Member=Component C? 100n
Added Member To Class: ClassName=HDMI_0 Member=Component C? C1005X7R1H104K050BB
Added Member To Class: ClassName=HDMI_0 Member=Component C? GRM188R60J106ME47D
Added Member To Class: ClassName=HDMI_0 Member=Component C? C1005X7R1H104K050BB
Added Member To Class: ClassName=HDMI_0 Member=Component C? C0402C221K5RAC7867
Added Member To Class: ClassName=HDMI_0 Member=Component C? GRM1555C1H120GA01D
Added Member To Class: ClassName=HDMI_0 Member=Component C? GRM188R60J106ME47D
Added Member To Class: ClassName=HDMI_0 Member=Component C? C1005X7R1H104K050BB
Added Member To Class: ClassName=HDMI_0 Member=Component C? C1005X7R1H104K050BB
Added Member To Class: ClassName=HDMI_0 Member=Component C? C0402C479C5GACTU
Added Member To Class: ClassName=HDMI_0 Member=Component C? C0402C479C5GACTU
Added Member To Class: ClassName=HDMI_0 Member=Component C? C0402C221K5RAC7867
Added Member To Class: ClassName=HDMI_0 Member=Component C? C1005X7R1H104K050BB
Added Member To Class: ClassName=HDMI_0 Member=Component C? C1005X7R1H104K050BB
Added Member To Class: ClassName=HDMI_0 Member=Component C? C1005X7R1H104K050BB
Added Member To Class: ClassName=HDMI_0 Member=Component C? C1005X7R1H104K050BB
Added Member To Class: ClassName=HDMI_0 Member=Component C? C1005X7R1H104K050BB
Added Member To Class: ClassName=HDMI_0 Member=Component C? C1005X7R1H104K050BB
Added Member To Class: ClassName=JETSON Member=Component D? ESD204DQAR
Added Member To Class: ClassName=JETSON Member=Component D? ESD204DQAR or PUSB3AB4Z
Added Member To Class: ClassName=JETSON Member=Component D? ESD204DQAR or PUSB3AB4Z
Added Member To Class: ClassName=JETSON Member=Component D? ESD204DQAR
Added Member To Class: ClassName=JETSON Member=Component D? ESD204DQAR
Added Member To Class: ClassName=JETSON Member=Component D? ESD204DQAR or PUSB3AB4Z
Added Member To Class: ClassName=JETSON Member=Component D? ESD204DQAR or PUSB3AB4Z
Added Member To Class: ClassName=JETSON Member=Component D? ESD204DQAR or PUSB3AB4Z
Added Member To Class: ClassName=JETSON Member=Component D? ESD204DQAR or PUSB3AB4Z
Added Member To Class: ClassName=JETSON Member=Component D? ESD204DQAR
Added Member To Class: ClassName=JETSON Member=Component D? ESD204DQAR or PUSB3AB4Z
Added Member To Class: ClassName=JETSON Member=Component D? ESD204DQAR or PUSB3AB4Z
Added Member To Class: ClassName=JETSON Member=Component D? ESD204DQAR or PUSB3AB4Z
Added Member To Class: ClassName=JETSON Member=Component D? ESD204DQAR
Added Member To Class: ClassName=JETSON Member=Component D? ESD204DQAR
Added Member To Class: ClassName=JETSON Member=Component D? ESD204DQAR
Added Member To Class: ClassName=JETSON Member=Component D? ESD204DQAR
Added Member To Class: ClassName=JETSON Member=Component D? ESD204DQAR or PUSB3AB4Z
Added Member To Class: ClassName=JETSON Member=Component D? ESD204DQAR or PUSB3AB4Z
Added Member To Class: ClassName=JETSON Member=Component D? ESD204DQAR or PUSB3AB4Z
Added Member To Class: ClassName=HDMI_0 Member=Component D? BAT54CWT1G
Added Member To Class: ClassName=HDMI_0 Member=Component D? ESD204DQAR or PUSB3AB4Z
Added Member To Class: ClassName=HDMI_0 Member=Component D? ESD204DQAR or PUSB3AB4Z
Added Member To Class: ClassName=HDMI_0 Member=Component D? ESD204DQAR or PUSB3AB4Z
Added Member To Class: ClassName=HDMI_0 Member=Component FB? BLM15PX601SN1D
Added Member To Class: ClassName=HDMI_0 Member=Component FB? BLM15PX601SN1D
Added Member To Class: ClassName=HDMI_0 Member=Component FB? BLM15PX601SN1D
Added Member To Class: ClassName=HDMI_0 Member=Component FB? BLM15PX601SN1D
Added Member To Class: ClassName=HDMI_0 Member=Component FB? BLM15PX601SN1D
Added Member To Class: ClassName=HDMI_0 Member=Component FB? BLM15PX601SN1D
Added Member To Class: ClassName=HDMI_0 Member=Component FB? BLM15PX601SN1D
Added Member To Class: ClassName=HDMI_0 Member=Component FB? BLM15PX601SN1D
Added Member To Class: ClassName=JETSON Member=Component J? 2309413-1
Added Member To Class: ClassName=JETSON Member=Component J? 2309413-1
Added Member To Class: ClassName=JETSON Member=Component J? 2309413-1
Added Member To Class: ClassName=JETSON Member=Component J? 2309413-1
Added Member To Class: ClassName=JETSON Member=Component J? 2309413-1
Added Member To Class: ClassName=JETSON Member=Component J? 2309413-1
Added Member To Class: ClassName=JETSON Member=Component J? 2309413-1
Added Member To Class: ClassName=JETSON Member=Component J? 2309413-1
Added Member To Class: ClassName=MAIN_BOARD Member=Component J? 47659-1102
Added Member To Class: ClassName=MAIN_BOARD Member=Component J? HTSW-104-07-G-S
Added Member To Class: ClassName=NVME_1 Member=Component J? 2199230-4
Added Member To Class: ClassName=JETSON Member=Component MP? 9774025243R
Added Member To Class: ClassName=FAN_IF_0 Member=Component Q?_FAN_IF_0 (Q?) BSS138W-7-F
Added Member To Class: ClassName=FAN_IF_1 Member=Component Q?_FAN_IF_1 (Q?) BSS138W-7-F
Added Member To Class: ClassName=RAIL_DISCH_0 Member=Component Q?_RAIL_DISCH_0 (Q?A) SSM6N7002KFU,LF
Added Member To Class: ClassName=RAIL_DISCH_1 Member=Component Q?_RAIL_DISCH_1 (Q?A) SSM6N7002KFU,LF
Added Member To Class: ClassName=RAIL_DISCH_2 Member=Component Q?_RAIL_DISCH_2 (Q?A) SSM6N7002KFU,LF
Added Member To Class: ClassName=JETSON Member=Component Q? BSS138W-7-F
Added Member To Class: ClassName=JETSON Member=Component Q? BSS138W-7-F
Added Member To Class: ClassName=JETSON Member=Component Q? SSM6N7002KFU,LF
Added Member To Class: ClassName=JETSON Member=Component Q? BSS138W-7-F
Added Member To Class: ClassName=JETSON Member=Component Q? BSS138W-7-F
Added Member To Class: ClassName=JETSON Member=Component Q? BSS138W-7-F
Added Member To Class: ClassName=JETSON Member=Component Q? BSS138W-7-F
Added Member To Class: ClassName=JETSON Member=Component Q? BSS138W-7-F
Added Member To Class: ClassName=HDMI_0 Member=Component Q? BSS138W-7-F
Added Member To Class: ClassName=HDMI_0 Member=Component Q? BSS138W-7-F
Added Member To Class: ClassName=HDMI_0 Member=Component Q? BSS138W-7-F
Added Member To Class: ClassName=HDMI_0 Member=Component Q? BSS138W-7-F
Added Member To Class: ClassName=FAN_IF_0 Member=Component R?_FAN_IF_0 (R?) ERJ3EKF1002V
Added Member To Class: ClassName=FAN_IF_0 Member=Component R?_FAN_IF_0 (R?) ERJ3EKF1002V
Added Member To Class: ClassName=FAN_IF_0 Member=Component R?_FAN_IF_0 (R?) ERJ-3EKF1003V
Added Member To Class: ClassName=FAN_IF_0 Member=Component R?_FAN_IF_0 (R?) JUMP
Added Member To Class: ClassName=FAN_IF_0 Member=Component R?_FAN_IF_0 (R?) ERJ-3EKF1001V
Added Member To Class: ClassName=FAN_IF_0 Member=Component R?_FAN_IF_0 (R?) ERJ3EKF1002V
Added Member To Class: ClassName=FAN_IF_0 Member=Component R?_FAN_IF_0 (R?) 0402 JUMPER
Added Member To Class: ClassName=FAN_IF_0 Member=Component R?_FAN_IF_0 (R?) ERJ-3EKF1001V
Added Member To Class: ClassName=FAN_IF_0 Member=Component R?_FAN_IF_0 (R?) ERJ-3EKF1001V
Added Member To Class: ClassName=FAN_IF_0 Member=Component R?_FAN_IF_0 (R?) ERJ3EKF1002V
Added Member To Class: ClassName=FAN_IF_0 Member=Component R?_FAN_IF_0 (R?) ERJ-3EKF1003V
Added Member To Class: ClassName=FAN_IF_1 Member=Component R?_FAN_IF_1 (R?) ERJ3EKF1002V
Added Member To Class: ClassName=FAN_IF_1 Member=Component R?_FAN_IF_1 (R?) JUMP
Added Member To Class: ClassName=FAN_IF_1 Member=Component R?_FAN_IF_1 (R?) ERJ-3EKF1001V
Added Member To Class: ClassName=FAN_IF_1 Member=Component R?_FAN_IF_1 (R?) ERJ3EKF1002V
Added Member To Class: ClassName=FAN_IF_1 Member=Component R?_FAN_IF_1 (R?) ERJ-3EKF1001V
Added Member To Class: ClassName=FAN_IF_1 Member=Component R?_FAN_IF_1 (R?) ERJ3EKF1002V
Added Member To Class: ClassName=FAN_IF_1 Member=Component R?_FAN_IF_1 (R?) 0402 JUMPER
Added Member To Class: ClassName=FAN_IF_1 Member=Component R?_FAN_IF_1 (R?) ERJ-3EKF1003V
Added Member To Class: ClassName=FAN_IF_1 Member=Component R?_FAN_IF_1 (R?) ERJ3EKF1002V
Added Member To Class: ClassName=FAN_IF_1 Member=Component R?_FAN_IF_1 (R?) ERJ-3EKF1003V
Added Member To Class: ClassName=FAN_IF_1 Member=Component R?_FAN_IF_1 (R?) ERJ-3EKF1001V
Added Member To Class: ClassName=RAIL_DISCH_0 Member=Component R?_RAIL_DISCH_0 (R?) ERJ-3EKF1003V
Added Member To Class: ClassName=RAIL_DISCH_1 Member=Component R?_RAIL_DISCH_1 (R?) ERJ-3EKF1003V
Added Member To Class: ClassName=RAIL_DISCH_2 Member=Component R?_RAIL_DISCH_2 (R?) ERJ-3EKF1003V
Added Member To Class: ClassName=JETSON Member=Component R? ERJ-3EKF1001V
Added Member To Class: ClassName=JETSON Member=Component R? ERJ-3EKF1001V
Added Member To Class: ClassName=JETSON Member=Component R? ERJ3EKF1002V
Added Member To Class: ClassName=JETSON Member=Component R? ERJ3EKF1002V
Added Member To Class: ClassName=JETSON Member=Component R? ERJ-3EKF1001V
Added Member To Class: ClassName=JETSON Member=Component R? 0402 JUMPER
Added Member To Class: ClassName=JETSON Member=Component R? ERJ3EKF1002V
Added Member To Class: ClassName=JETSON Member=Component R? ERJ-3EKF1003V
Added Member To Class: ClassName=JETSON Member=Component R? ERJ3EKF1002V
Added Member To Class: ClassName=JETSON Member=Component R? 0402 JUMPER
Added Member To Class: ClassName=JETSON Member=Component R? ERJ3EKF1002V
Added Member To Class: ClassName=JETSON Member=Component R? ERJ3EKF1002V
Added Member To Class: ClassName=JETSON Member=Component R? ERJ-3EKF1001V
Added Member To Class: ClassName=JETSON Member=Component R? 0402 JUMPER
Added Member To Class: ClassName=JETSON Member=Component R? ERJ3EKF1002V
Added Member To Class: ClassName=JETSON Member=Component R? ERJ3EKF1002V
Added Member To Class: ClassName=JETSON Member=Component R? ERJ3EKF1002V
Added Member To Class: ClassName=JETSON Member=Component R? ERJ3EKF1002V
Added Member To Class: ClassName=JETSON Member=Component R? ERJ3EKF1002V
Added Member To Class: ClassName=JETSON Member=Component R? ERJ-3EKF1003V
Added Member To Class: ClassName=JETSON Member=Component R? ERJ-3EKF1001V
Added Member To Class: ClassName=JETSON Member=Component R? 0402 JUMPER
Added Member To Class: ClassName=JETSON Member=Component R? ERJ3EKF1002V
Added Member To Class: ClassName=JETSON Member=Component R? ERJ3EKF1002V
Added Member To Class: ClassName=JETSON Member=Component R? ERJ3EKF1002V
Added Member To Class: ClassName=JETSON Member=Component R? ERJ-3EKF1001V
Added Member To Class: ClassName=JETSON Member=Component R? ERJ-3EKF1001V
Added Member To Class: ClassName=JETSON Member=Component R? ERJ3EKF1002V
Added Member To Class: ClassName=JETSON Member=Component R? ERJ-3EKF1003V
Added Member To Class: ClassName=JETSON Member=Component R? ERJ3EKF1002V
Added Member To Class: ClassName=JETSON Member=Component R? 0402 JUMPER
Added Member To Class: ClassName=JETSON Member=Component R? ERJ-3EKF1001V
Added Member To Class: ClassName=JETSON Member=Component R? ERJ-3EKF1001V
Added Member To Class: ClassName=JETSON Member=Component R? ERJ3EKF1002V
Added Member To Class: ClassName=HDMI_0 Member=Component R? ERJ-3EKF1003V
Added Member To Class: ClassName=HDMI_0 Member=Component R? ERJ-3EKF1003V
Added Member To Class: ClassName=HDMI_0 Member=Component R? ERJ-2RKF4990X
Added Member To Class: ClassName=HDMI_0 Member=Component R? 0402 JUMPER
Added Member To Class: ClassName=HDMI_0 Member=Component R? 0402 JUMPER
Added Member To Class: ClassName=HDMI_0 Member=Component R? 0402 JUMPER
Added Member To Class: ClassName=HDMI_0 Member=Component R? ERJ-3EKF1003V
Added Member To Class: ClassName=HDMI_0 Member=Component R? ERJ-2RKF4990X
Added Member To Class: ClassName=HDMI_0 Member=Component R? ERJ-3EKF1003V
Added Member To Class: ClassName=HDMI_0 Member=Component R? ERJ3EKF1801V
Added Member To Class: ClassName=HDMI_0 Member=Component R? ERJ3EKF1002V
Added Member To Class: ClassName=HDMI_0 Member=Component R? 0402 JUMPER
Added Member To Class: ClassName=HDMI_0 Member=Component R? 0402 JUMPER
Added Member To Class: ClassName=HDMI_0 Member=Component R? 0402 JUMPER
Added Member To Class: ClassName=HDMI_0 Member=Component R? ERJ-2RKF4990X
Added Member To Class: ClassName=HDMI_0 Member=Component R? ERJ3EKF1801V
Added Member To Class: ClassName=HDMI_0 Member=Component R? 0402 JUMPER
Added Member To Class: ClassName=HDMI_0 Member=Component R? ERJ-2RKF4990X
Added Member To Class: ClassName=HDMI_0 Member=Component R? ERJ3EKF1002V
Added Member To Class: ClassName=HDMI_0 Member=Component R? 0402 JUMPER
Added Member To Class: ClassName=HDMI_0 Member=Component R? 0402 JUMPER
Added Member To Class: ClassName=HDMI_0 Member=Component R? ERJ-2RKF4990X
Added Member To Class: ClassName=HDMI_0 Member=Component R? 0402 JUMPER
Added Member To Class: ClassName=HDMI_0 Member=Component R? 0402 JUMPER
Added Member To Class: ClassName=HDMI_0 Member=Component R? ERJ3EKF1002V
Added Member To Class: ClassName=HDMI_0 Member=Component R? 0402 JUMPER
Added Member To Class: ClassName=HDMI_0 Member=Component R? ERJ-3EKF3242V
Added Member To Class: ClassName=HDMI_0 Member=Component R? ERJ-3EKF1003V
Added Member To Class: ClassName=HDMI_0 Member=Component R? 0402 JUMPER
Added Member To Class: ClassName=HDMI_0 Member=Component R? 0402 JUMPER
Added Member To Class: ClassName=HDMI_0 Member=Component R? 0402 JUMPER
Added Member To Class: ClassName=HDMI_0 Member=Component R? ERJ-2RKF4990X
Added Member To Class: ClassName=HDMI_0 Member=Component R? ERJ-3EKF1623V
Added Member To Class: ClassName=HDMI_0 Member=Component R? 0402 JUMPER
Added Member To Class: ClassName=HDMI_0 Member=Component R? ERJ-3EKF1003V
Added Member To Class: ClassName=HDMI_0 Member=Component R? ERJ3EKF1002V
Added Member To Class: ClassName=HDMI_0 Member=Component R? ERJ-2RKF4990X
Added Member To Class: ClassName=HDMI_0 Member=Component R? 0402 JUMPER
Added Member To Class: ClassName=HDMI_0 Member=Component R? 0402 JUMPER
Added Member To Class: ClassName=HDMI_0 Member=Component R? ERJ-3EKF1001V
Added Member To Class: ClassName=HDMI_0 Member=Component R? ERJ-2RKF4990X
Added Member To Class: ClassName=JETSON Member=Component TP? TPAD6R
Added Member To Class: ClassName=JETSON Member=Component TP? TPAD6R
Added Member To Class: ClassName=JETSON Member=Component TP? TPAD6R
Added Member To Class: ClassName=JETSON Member=Component TP? TPAD6R
Added Member To Class: ClassName=FAN_IF_0 Member=Component U?_FAN_IF_0 (U?) L78M12CDT-TR
Added Member To Class: ClassName=FAN_IF_1 Member=Component U?_FAN_IF_1 (U?) L78M12CDT-TR
Added Member To Class: ClassName=JETSON Member=Component U? LD1117S18TR
Added Member To Class: ClassName=JETSON Member=Component U? SN74LVC1G07DCKR
Added Member To Class: ClassName=HDMI_0 Member=Component U? SI1869DH-T1-E3
Added Member To Class: ClassName=HDMI_0 Member=Component U? SI1869DH-T1-E3
Added Rule: Name=Schematic Supply Nets_9
Remove Class Member: Failed to remove class member
Remove Class Member: Failed to remove class member
Remove Class Member: Failed to remove class member
Remove Class Member: Failed to remove class member
Remove Class Member: Failed to remove class member
Remove Class Member: Failed to remove class member
Remove Class Member: Failed to remove class member
Remove Class Member: Failed to remove class member
Remove Class Member: Failed to remove class member
Remove Class Member: Failed to remove class member
Remove Class Member: Failed to remove class member
Remove Class Member: Failed to remove class member
Remove Class Member: Failed to remove class member
Remove Class Member: Failed to remove class member
Remove Class Member: Failed to remove class member
Removed Member From Class: ClassName=100DIFF Member=DB2_DES_0
Removed Member From Class: ClassName=100DIFF Member=DB2_DES_1
Remove Class Member: Failed to remove class member
Remove Class Member: Failed to remove class member
Removed Member From Class: ClassName=100DIFF Member=DB3_DES_0
Removed Member From Class: ClassName=100DIFF Member=DB3_DES_1
Remove Class Member: Failed to remove class member
Remove Class Member: Failed to remove class member
Remove Class Member: Failed to remove class member
Remove Class Member: Failed to remove class member
Remove Class Member: Failed to remove class member
Remove Class Member: Failed to remove class member
Remove Class Member: Failed to remove class member
Remove Class Member: Failed to remove class member
Add Class Member: Failed to add class member : CKC_DES_0
Add Class Member: Failed to add class member : CKC_DES_1
