Removed Pin From Net: NetName=GND Pin=C29-1
Removed Pin From Net: NetName=3V3 Pin=C29-2
Removed Pin From Net: NetName=GND Pin=C30-1
Removed Pin From Net: NetName=3V3 Pin=C30-2
Removed Pin From Net: NetName=GND Pin=U3-1
Removed Pin From Net: NetName=3V3 Pin=U3-3
Removed Pin From Net: NetName=1V8 Pin=U3-4
Removed Pin From Net: NetName=GND Pin=U4-1
Removed Pin From Net: NetName=1V2 Pin=U4-2
Removed Pin From Net: NetName=1V2 Pin=U4-4
Removed Member From Class: ClassName=GMSL_SERIALIZER Member=C30
Change Component Footprint: Designator=C29 Old Footprint=FP-C1005-050-0_05-IPC_C New Footprint=FP-0402-L_1_0_0_05-W_0_5-IPC_A
Change Component Footprint: Designator=C27 Old Footprint=FP-GRM188-0_1-e0_2_0_55-IPC_A New Footprint=FP-0402-L_1_0_0_05-W_0_5-IPC_A
Change Component Footprint: Designator=C28 Old Footprint=FP-GRM188-0_1-e0_2_0_55-IPC_A New Footprint=FP-0402-L_1_0_0_05-W_0_5-IPC_A
Change Component Footprint: Designator=U3 Old Footprint=SOT-223_M New Footprint=AP7375-18SA-7-Footprint-1
Change Component Footprint: Designator=U4 Old Footprint=SOT-223_M New Footprint=SOT-23-OT5_M
Change Component Comment : Designator=C29 Old Comment=C1005X7R1H104K050BB New Comment=100n
Change Component Comment : Designator=C27 Old Comment=GRM188R60J106ME47D New Comment=10u
Change Component Comment : Designator=C28 Old Comment=GRM188R60J106ME47D New Comment=10u
Change Component Comment : Designator=U4 Old Comment=LD1117S12TR New Comment=MCP1802T-1202I/OT
Change Component Comment : Designator=U3 Old Comment=LD1117S18TR New Comment=AP7375-18SA-7
Change Managed Component Library Link : Designator=U4 Old VaultGUID=B7D15EC3-160A-466F-A46C-7801FE6295A7 New VaultGUID=B7D15EC3-160A-466F-A46C-7801FE6295A7 Old ItemGUID=3591EF9A-A14B-47A2-8317-735FEE869934 New ItemGUID=72BE56D0-7926-4A11-B4BC-79C7ADBE2D57 Old RevisionGUID=D4BA1AD3-2BE0-4F2B-AFEF-3011D678E898 New RevisionGUID=3BCBE1FC-0D84-43D4-B155-8F0519B870D4
Change Managed Component Library Link : Designator=C27 Old VaultGUID=B7D15EC3-160A-466F-A46C-7801FE6295A7 New VaultGUID=275DD9A0-BDD9-47D7-8C38-F690E90B05B9 Old ItemGUID=3F1FDB09-9931-43B7-B80F-88673FF926CD New ItemGUID=43a49740-5c66-4506-9ea2-07741095c73f Old RevisionGUID=937773BC-2271-489F-837A-E58975DBF117 New RevisionGUID=687d763b-7f8a-412e-93a6-e138853d33ff
Change Managed Component Library Link : Designator=C28 Old VaultGUID=B7D15EC3-160A-466F-A46C-7801FE6295A7 New VaultGUID=275DD9A0-BDD9-47D7-8C38-F690E90B05B9 Old ItemGUID=3F1FDB09-9931-43B7-B80F-88673FF926CD New ItemGUID=43a49740-5c66-4506-9ea2-07741095c73f Old RevisionGUID=937773BC-2271-489F-837A-E58975DBF117 New RevisionGUID=687d763b-7f8a-412e-93a6-e138853d33ff
Change Managed Component Library Link : Designator=C29 Old VaultGUID=B7D15EC3-160A-466F-A46C-7801FE6295A7 New VaultGUID=275DD9A0-BDD9-47D7-8C38-F690E90B05B9 Old ItemGUID=DCC25F0D-1AD3-4AC4-A967-BFD66DBFFEFB New ItemGUID=43a49740-5c66-4506-9ea2-07741095c73f Old RevisionGUID=85611F8B-9D2E-40BA-BA4A-95905B714B89 New RevisionGUID=687d763b-7f8a-412e-93a6-e138853d33ff
Change Managed Component Library Link : Designator=U3 Old VaultGUID=B7D15EC3-160A-466F-A46C-7801FE6295A7 New VaultGUID=275DD9A0-BDD9-47D7-8C38-F690E90B05B9 Old ItemGUID=6AA3E589-83E4-415B-B67D-99A25F64AF07 New ItemGUID=7ca3ab71-c6ae-4551-8b7e-39fe371a542d Old RevisionGUID=5C0670F6-A1CD-4988-B10E-4B10DC5D2F15 New RevisionGUID=9fd03ad5-e236-4505-bd3f-1b37465a8eb8
Change component parameters: Designator = "C27" ("C27"); Footprint = "FP-GRM188-0_1-e0_2_0_55-IPC_A"; UniqueID = "\QSEWTHKY\AZERNMPQ" ("\QSEWTHKY\AZERNMPQ")
Change component parameters (AddParameter): Name = "Capacitor Type"; Value = "Ceramic"; VariantName = "[No Variations]"
Change component parameters (AddParameter): Name = "Case/Package"; Value = "0402"; VariantName = "[No Variations]"
Change component parameters (AddParameter): Name = "Max Operating Temperature"; Value = "85°C"; VariantName = "[No Variations]"
Change component parameters (AddParameter): Name = "Min Operating Temperature"; Value = "-55°C"; VariantName = "[No Variations]"
Change component parameters (AddParameter): Name = "Mounting Technology"; Value = "Surface Mount"; VariantName = "[No Variations]"
Change component parameters (AddParameter): Name = "Pins"; Value = "2"; VariantName = "[No Variations]"
Change component parameters (AddParameter): Name = "RoHS Compliant"; Value = "Yes"; VariantName = "[No Variations]"
Change component parameters (AddParameter): Name = "Tolerance"; Value = ""; VariantName = "[No Variations]"
Change component parameters (AddParameter): Name = "Value"; Value = ""; VariantName = "[No Variations]"
Change component parameters (AddParameter): Name = "Voltage Rating"; Value = ""; VariantName = "[No Variations]"
Change component parameters: Designator = "C28" ("C28"); Footprint = "FP-GRM188-0_1-e0_2_0_55-IPC_A"; UniqueID = "\QSEWTHKY\SGIPFNHP" ("\QSEWTHKY\SGIPFNHP")
Change component parameters (AddParameter): Name = "Capacitor Type"; Value = "Ceramic"; VariantName = "[No Variations]"
Change component parameters (AddParameter): Name = "Case/Package"; Value = "0402"; VariantName = "[No Variations]"
Change component parameters (AddParameter): Name = "Max Operating Temperature"; Value = "85°C"; VariantName = "[No Variations]"
Change component parameters (AddParameter): Name = "Min Operating Temperature"; Value = "-55°C"; VariantName = "[No Variations]"
Change component parameters (AddParameter): Name = "Mounting Technology"; Value = "Surface Mount"; VariantName = "[No Variations]"
Change component parameters (AddParameter): Name = "Pins"; Value = "2"; VariantName = "[No Variations]"
Change component parameters (AddParameter): Name = "RoHS Compliant"; Value = "Yes"; VariantName = "[No Variations]"
Change component parameters (AddParameter): Name = "Tolerance"; Value = ""; VariantName = "[No Variations]"
Change component parameters (AddParameter): Name = "Value"; Value = ""; VariantName = "[No Variations]"
Change component parameters (AddParameter): Name = "Voltage Rating"; Value = ""; VariantName = "[No Variations]"
Change component parameters: Designator = "C29" ("C29"); Footprint = "FP-C1005-050-0_05-IPC_C"; UniqueID = "\QSEWTHKY\SDEFIXBJ" ("\QSEWTHKY\SDEFIXBJ")
Change component parameters (AddParameter): Name = "Capacitor Type"; Value = "Ceramic"; VariantName = "[No Variations]"
Change component parameters (AddParameter): Name = "Case/Package"; Value = "0402"; VariantName = "[No Variations]"
Change component parameters (AddParameter): Name = "Max Operating Temperature"; Value = "85°C"; VariantName = "[No Variations]"
Change component parameters (AddParameter): Name = "Min Operating Temperature"; Value = "-55°C"; VariantName = "[No Variations]"
Change component parameters (AddParameter): Name = "Mounting Technology"; Value = "Surface Mount"; VariantName = "[No Variations]"
Change component parameters (AddParameter): Name = "Pins"; Value = "2"; VariantName = "[No Variations]"
Change component parameters (AddParameter): Name = "RoHS Compliant"; Value = "Yes"; VariantName = "[No Variations]"
Change component parameters (AddParameter): Name = "Tolerance"; Value = ""; VariantName = "[No Variations]"
Change component parameters (AddParameter): Name = "Value"; Value = ""; VariantName = "[No Variations]"
Change component parameters (AddParameter): Name = "Voltage Rating"; Value = ""; VariantName = "[No Variations]"
Change component parameters: Designator = "U3" ("U3"); Footprint = "SOT-223_M"; UniqueID = "\QSEWTHKY\BZSUTUYQ" ("\QSEWTHKY\BZSUTUYQ")
Change component parameters (AddParameter): Name = "Case/Package"; Value = ""; VariantName = "[No Variations]"
Change component parameters (AddParameter): Name = "Max Operating Temperature"; Value = ""; VariantName = "[No Variations]"
Change component parameters (AddParameter): Name = "Max Power Dissipation"; Value = ""; VariantName = "[No Variations]"
Change component parameters (AddParameter): Name = "Max Supply Voltage"; Value = ""; VariantName = "[No Variations]"
Change component parameters (AddParameter): Name = "Min Operating Temperature"; Value = ""; VariantName = "[No Variations]"
Change component parameters (AddParameter): Name = "Min Supply Voltage"; Value = ""; VariantName = "[No Variations]"
Change component parameters (AddParameter): Name = "Mounting Technology"; Value = ""; VariantName = "[No Variations]"
Change component parameters (AddParameter): Name = "Output Voltage"; Value = ""; VariantName = "[No Variations]"
Change component parameters (AddParameter): Name = "Pins"; Value = ""; VariantName = "[No Variations]"
Change component parameters (AddParameter): Name = "RoHS Compliant"; Value = "Yes"; VariantName = "[No Variations]"
Change component parameters: Designator = "U4" ("U4"); Footprint = "SOT-223_M"; UniqueID = "\QSEWTHKY\NOEURNRE" ("\QSEWTHKY\NOEURNRE")
Change component parameters (AddParameter): Name = "Code_IPC"; Value = "SOT23-5"; VariantName = "[No Variations]"
Change component parameters (AddParameter): Name = "DatasheetVersion"; Value = "revB, Jan-2009"; VariantName = "[No Variations]"
Change component parameters (AddParameter): Name = "PackageDescription"; Value = "5-Lead Plastic Small Outline Transistor (OT) [SOT-23]"; VariantName = "[No Variations]"
Change component parameters (AddParameter): Name = "PackageReference"; Value = "SOT-23-OT5"; VariantName = "[No Variations]"
Change component parameters (AddParameter): Name = "PackageVersion"; Value = "revBB, Aug-2009"; VariantName = "[No Variations]"
Added Component: Designator=C?(FP-0402-L_1_0_0_05-W_0_5-IPC_A)
Add component (AddParameter): Name = "Capacitor Type"; Value = "Ceramic"; VariantName = "[No Variations]"
Add component (AddParameter): Name = "Case/Package"; Value = "0402"; VariantName = "[No Variations]"
Add component (AddParameter): Name = "Max Operating Temperature"; Value = "85°C"; VariantName = "[No Variations]"
Add component (AddParameter): Name = "Min Operating Temperature"; Value = "-55°C"; VariantName = "[No Variations]"
Add component (AddParameter): Name = "Mounting Technology"; Value = "Surface Mount"; VariantName = "[No Variations]"
Add component (AddParameter): Name = "Pins"; Value = "2"; VariantName = "[No Variations]"
Add component (AddParameter): Name = "RoHS Compliant"; Value = "Yes"; VariantName = "[No Variations]"
Add component (AddParameter): Name = "Tolerance"; Value = ""; VariantName = "[No Variations]"
Add component (AddParameter): Name = "Value"; Value = ""; VariantName = "[No Variations]"
Add component (AddParameter): Name = "Voltage Rating"; Value = ""; VariantName = "[No Variations]"
Added Pin To Net: NetName=3V3 Pin=C29-1
Added Pin To Net: NetName=GND Pin=C29-2
Added Pin To Net: NetName=3V3 Pin=C?-1
Added Pin To Net: NetName=GND Pin=C?-2
Added Pin To Net: NetName=3V3 Pin=U3-1
Added Pin To Net: NetName=GND Pin=U3-3
Added Pin To Net: NetName=3V3 Pin=U4-1
Added Pin To Net: NetName=GND Pin=U4-2
Added Pin To Net: NetName=1V2 Pin=U4-5
Added Member To Class: ClassName=GMSL_SERIALIZER Member=Component C? C30
