Change Component Designator: Old Designator=C? New Designator=C241
Change Component Designator: Old Designator=C? New Designator=C242
Change Component Designator: Old Designator=C? New Designator=C243
Change Component Designator: Old Designator=C? New Designator=C244
Change Component Designator: Old Designator=C? New Designator=C245
Change Component Designator: Old Designator=C? New Designator=C246
Change Component Designator: Old Designator=C? New Designator=C247
Change Component Designator: Old Designator=C? New Designator=C248
Change Component Designator: Old Designator=C? New Designator=C249
Change Component Designator: Old Designator=C? New Designator=C250
Change Component Designator: Old Designator=C? New Designator=C251
Change Component Designator: Old Designator=C? New Designator=C252
Change Component Designator: Old Designator=C? New Designator=C253
Change Component Designator: Old Designator=C? New Designator=C254
Change Component Designator: Old Designator=C? New Designator=C255
Change Component Designator: Old Designator=C? New Designator=C256
Change Component Designator: Old Designator=D? New Designator=D31
Change Component Designator: Old Designator=FB? New Designator=FB2
Change Component Designator: Old Designator=FB? New Designator=FB3
Change Component Designator: Old Designator=FB? New Designator=FB4
Change Component Designator: Old Designator=FB? New Designator=FB5
Change Component Designator: Old Designator=FB? New Designator=FB6
Change Component Designator: Old Designator=FB? New Designator=FB7
Change Component Designator: Old Designator=FB? New Designator=FB8
Change Component Designator: Old Designator=FB? New Designator=FB9
Change Component Designator: Old Designator=Q? New Designator=Q34
Change Component Designator: Old Designator=Q? New Designator=Q35
Change Component Designator: Old Designator=Q? New Designator=Q36
Change Component Designator: Old Designator=Q? New Designator=Q37
Change Component Designator: Old Designator=Q? New Designator=Q38
Change Component Designator: Old Designator=R? New Designator=R245
Change Component Designator: Old Designator=R? New Designator=R246
Change Component Designator: Old Designator=R? New Designator=R247
Change Component Designator: Old Designator=R? New Designator=R248
Change Component Designator: Old Designator=R? New Designator=R249
Change Component Designator: Old Designator=R? New Designator=R250
Change Component Designator: Old Designator=R? New Designator=R251
Change Component Designator: Old Designator=R? New Designator=R252
Change Component Designator: Old Designator=R? New Designator=R253
Change Component Designator: Old Designator=R? New Designator=R254
Change Component Designator: Old Designator=R? New Designator=R255
Change Component Designator: Old Designator=R? New Designator=R256
Change Component Designator: Old Designator=R? New Designator=R257
Change Component Designator: Old Designator=R? New Designator=R258
Change Component Designator: Old Designator=R? New Designator=R259
Change Component Designator: Old Designator=R? New Designator=R260
Change Component Designator: Old Designator=R? New Designator=R261
Change Component Designator: Old Designator=R? New Designator=R262
Change Component Designator: Old Designator=R? New Designator=R263
Change Component Designator: Old Designator=R? New Designator=R264
Change Component Designator: Old Designator=R? New Designator=R265
Change Component Designator: Old Designator=R? New Designator=R266
Change Component Designator: Old Designator=R? New Designator=R267
Change Component Designator: Old Designator=R? New Designator=R268
Change Component Designator: Old Designator=U? New Designator=U30
Change Component Designator: Old Designator=U? New Designator=U30
Change Component Designator: Old Designator=U? New Designator=U28
Change Component Designator: Old Designator=U? New Designator=U29
