Change Component Designator: Old Designator=C? New Designator=C186
Change Component Designator: Old Designator=C? New Designator=C187
Change Component Designator: Old Designator=C? New Designator=C188
Change Component Designator: Old Designator=C? New Designator=C189
Change Component Designator: Old Designator=C? New Designator=C190
Change Component Designator: Old Designator=C? New Designator=C191
Change Component Designator: Old Designator=C? New Designator=C192
Change Component Designator: Old Designator=C? New Designator=C193
Change Component Designator: Old Designator=C? New Designator=C194
Change Component Designator: Old Designator=C? New Designator=C195
Change Component Designator: Old Designator=C? New Designator=C196
Change Component Designator: Old Designator=J? New Designator=J14
Change Component Designator: Old Designator=J? New Designator=J14
Change Component Designator: Old Designator=MP? New Designator=MP2
Change Component Designator: Old Designator=Q? New Designator=Q29
Change Component Designator: Old Designator=Q? New Designator=Q29
Change Component Designator: Old Designator=R? New Designator=R192
Change Component Designator: Old Designator=R? New Designator=R193
Change Component Designator: Old Designator=R? New Designator=R194
Change Component Designator: Old Designator=R? New Designator=R195
Change Component Designator: Old Designator=R? New Designator=R196
Change Component Designator: Old Designator=R? New Designator=R197
Change Component Designator: Old Designator=R? New Designator=R198
Change Component Designator: Old Designator=R? New Designator=R199
Change Component Designator: Old Designator=R? New Designator=R200
Change Component Designator: Old Designator=R? New Designator=R201
Change Component Designator: Old Designator=TP? New Designator=TP12
Change Component Designator: Old Designator=TP? New Designator=TP13
Change Component Designator: Old Designator=TP? New Designator=TP14
Change Component Designator: Old Designator=U? New Designator=U21
Change Component Designator: Old Designator=U? New Designator=U21
