Removed Pin From Net: NetName=GND Pin=J2-1B
Removed Pin From Net: NetName=CSI_D0_N Pin=J2-2B
Removed Pin From Net: NetName=CSI_D0_P Pin=J2-3B
Removed Pin From Net: NetName=GND Pin=J2-4B
Removed Pin From Net: NetName=CSI_D1_P Pin=J2-5B
Removed Pin From Net: NetName=CSI_D1_N Pin=J2-6B
Removed Pin From Net: NetName=GND Pin=J2-7B
Removed Pin From Net: NetName=CSI_CK_N Pin=J2-8B
Removed Pin From Net: NetName=CSI_CK_P Pin=J2-9B
Removed Pin From Net: NetName=GND Pin=J2-10B
Removed Pin From Net: NetName=CAM_nRST Pin=J2-11B
Removed Pin From Net: NetName=GND Pin=J2-12B
Removed Pin From Net: NetName=CAM_MCLK Pin=J2-13B
Removed Pin From Net: NetName=GND Pin=J2-14B
Removed Pin From Net: NetName=CAM_SDA Pin=J2-15B
Removed Pin From Net: NetName=CAM_SCL Pin=J2-16B
Removed Pin From Net: NetName=GND Pin=J2-17B
Removed Pin From Net: NetName=CAM_1V2 Pin=J2-18B
Removed Pin From Net: NetName=GND Pin=J2-19B
Removed Pin From Net: NetName=CAM_1V8 Pin=J2-20B
Removed Pin From Net: NetName=CAM_1V8 Pin=J2-21B
Removed Pin From Net: NetName=3V3_AUX Pin=J2-23B
Removed Pin From Net: NetName=3V3_AUX Pin=J2-24B
Change Component Footprint: Designator=J2 Old Footprint=MOLX-52610-2433 New Footprint=FP-505110-2491-MFG
Change Component Comment : Designator=J2 Old Comment=52610-2433 New Comment=505110-2491
Change Managed Component Library Link : Designator=J2 Old VaultGUID=B7D15EC3-160A-466F-A46C-7801FE6295A7 New VaultGUID=B7D15EC3-160A-466F-A46C-7801FE6295A7 Old ItemGUID=A3FF740E-CFE0-4F6B-A8C9-5AE345F94EF2 New ItemGUID=9699DD66-1B8C-4C5D-BF42-F005249C564E Old RevisionGUID=B53892A0-5377-4AF7-AB8E-9E3B058CA687 New RevisionGUID=B4A813AD-3396-45C6-A4C0-183B5C581F50
Change component parameters: Designator = "J2" ("J2"); Footprint = "MOLX-52610-2433"; UniqueID = "\WSDBBLFJ" ("\WSDBBLFJ")
Change component parameters (AddParameter): Name = "Actuator Color"; Value = "Black"; VariantName = "[No Variations]"
Change component parameters (AddParameter): Name = "Actuator Material"; Value = "Nylon"; VariantName = "[No Variations]"
Change component parameters (AddParameter): Name = "Contact Material"; Value = "Bronze"; VariantName = "[No Variations]"
Change component parameters (AddParameter): Name = "Contact Plating"; Value = "Gold"; VariantName = "[No Variations]"
Change component parameters (AddParameter): Name = "Current Rating"; Value = "500mA"; VariantName = "[No Variations]"
Change component parameters (AddParameter): Name = "Flammability Rating"; Value = "UL94 V-0"; VariantName = "[No Variations]"
Change component parameters (AddParameter): Name = "Gender"; Value = "Receptacle"; VariantName = "[No Variations]"
Change component parameters (AddParameter): Name = "Halogen Free"; Value = "Low Halogen"; VariantName = "[No Variations]"
Change component parameters (AddParameter): Name = "Height"; Value = "1.9mm"; VariantName = "[No Variations]"
Change component parameters (AddParameter): Name = "Housing Color"; Value = "Beige"; VariantName = "[No Variations]"
Change component parameters (AddParameter): Name = "Housing Material"; Value = "Polymer"; VariantName = "[No Variations]"
Change component parameters (AddParameter): Name = "Mating Cycles"; Value = "25"; VariantName = "[No Variations]"
Change component parameters (AddParameter): Name = "Max Operating Temperature"; Value = "105°C"; VariantName = "[No Variations]"
Change component parameters (AddParameter): Name = "Min Operating Temperature"; Value = "-40°C"; VariantName = "[No Variations]"
Change component parameters (AddParameter): Name = "Mount"; Value = "Surface Mount"; VariantName = "[No Variations]"
Change component parameters (AddParameter): Name = "Number of Circuits"; Value = "24"; VariantName = "[No Variations]"
Change component parameters (AddParameter): Name = "Number of Contacts"; Value = "24"; VariantName = "[No Variations]"
Change component parameters (AddParameter): Name = "Number of Pins"; Value = "24"; VariantName = "[No Variations]"
Change component parameters (AddParameter): Name = "Number of Positions"; Value = "24"; VariantName = "[No Variations]"
Change component parameters (AddParameter): Name = "Number of Rows"; Value = "1"; VariantName = "[No Variations]"
Change component parameters (AddParameter): Name = "Orientation"; Value = "Right Angle"; VariantName = "[No Variations]"
Change component parameters (AddParameter): Name = "Packaging"; Value = "Cut Tape"; VariantName = "[No Variations]"
Change component parameters (AddParameter): Name = "Pitch"; Value = "0.5mm"; VariantName = "[No Variations]"
Change component parameters (AddParameter): Name = "Series"; Value = "Easy-On FD19 505110"; VariantName = "[No Variations]"
Change component parameters (AddParameter): Name = "Termination"; Value = "Solder"; VariantName = "[No Variations]"
Change component parameters (AddParameter): Name = "Voltage Rating"; Value = "50V"; VariantName = "[No Variations]"
Added Pin To Net: NetName=GND Pin=J2-1
Added Pin To Net: NetName=CSI_D0_N Pin=J2-2
Added Pin To Net: NetName=CSI_D0_P Pin=J2-3
Added Pin To Net: NetName=GND Pin=J2-4
Added Pin To Net: NetName=CSI_D1_P Pin=J2-5
Added Pin To Net: NetName=CSI_D1_N Pin=J2-6
Added Pin To Net: NetName=GND Pin=J2-7
Added Pin To Net: NetName=CSI_CK_N Pin=J2-8
Added Pin To Net: NetName=CSI_CK_P Pin=J2-9
Added Pin To Net: NetName=GND Pin=J2-10
Added Pin To Net: NetName=CAM_nRST Pin=J2-11
Added Pin To Net: NetName=GND Pin=J2-12
Added Pin To Net: NetName=CAM_MCLK Pin=J2-13
Added Pin To Net: NetName=GND Pin=J2-14
Added Pin To Net: NetName=CAM_SDA Pin=J2-15
Added Pin To Net: NetName=CAM_SCL Pin=J2-16
Added Pin To Net: NetName=GND Pin=J2-17
Added Pin To Net: NetName=CAM_1V2 Pin=J2-18
Added Pin To Net: NetName=GND Pin=J2-19
Added Pin To Net: NetName=CAM_1V8 Pin=J2-20
Added Pin To Net: NetName=CAM_1V8 Pin=J2-21
Added Pin To Net: NetName=GND Pin=J2-22
Added Pin To Net: NetName=3V3_AUX Pin=J2-23
Added Pin To Net: NetName=3V3_AUX Pin=J2-24
Added Pin To Net: NetName=GND Pin=J2-25
Added Pin To Net: NetName=GND Pin=J2-26
