Added Component: Designator=R4_CAN_0(RESC1005X40X25ML05T05)
Add component (AddParameter): Name = "Case/Package"; Value = ""; VariantName = "[No Variations]"
Add component (AddParameter): Name = "Component Type"; Value = "Standard"; VariantName = "[No Variations]"
Add component (AddParameter): Name = "Design Item ID"; Value = "CMP-009-00206-2"; VariantName = "[No Variations]"
Add component (AddParameter): Name = "Max Operating Temperature"; Value = ""; VariantName = "[No Variations]"
Add component (AddParameter): Name = "Min Operating Temperature"; Value = ""; VariantName = "[No Variations]"
Add component (AddParameter): Name = "Mounting Technology"; Value = ""; VariantName = "[No Variations]"
Add component (AddParameter): Name = "Pins"; Value = "2"; VariantName = "[No Variations]"
Add component (AddParameter): Name = "Power"; Value = ""; VariantName = "[No Variations]"
Add component (AddParameter): Name = "RoHS Compliant"; Value = ""; VariantName = "[No Variations]"
Add component (AddParameter): Name = "Source"; Value = "0402jump.SchLib"; VariantName = "[No Variations]"
Add component (AddParameter): Name = "Tolerance"; Value = ""; VariantName = "[No Variations]"
Add component (AddParameter): Name = "Value"; Value = ""; VariantName = "[No Variations]"
Add component (AddParameter): Name = "Voltage Rating"; Value = ""; VariantName = "[No Variations]"
Added Component: Designator=R4_CAN_1(RESC1005X40X25ML05T05)
Add component (AddParameter): Name = "Case/Package"; Value = ""; VariantName = "[No Variations]"
Add component (AddParameter): Name = "Component Type"; Value = "Standard"; VariantName = "[No Variations]"
Add component (AddParameter): Name = "Design Item ID"; Value = "CMP-009-00206-2"; VariantName = "[No Variations]"
Add component (AddParameter): Name = "Max Operating Temperature"; Value = ""; VariantName = "[No Variations]"
Add component (AddParameter): Name = "Min Operating Temperature"; Value = ""; VariantName = "[No Variations]"
Add component (AddParameter): Name = "Mounting Technology"; Value = ""; VariantName = "[No Variations]"
Add component (AddParameter): Name = "Pins"; Value = "2"; VariantName = "[No Variations]"
Add component (AddParameter): Name = "Power"; Value = ""; VariantName = "[No Variations]"
Add component (AddParameter): Name = "RoHS Compliant"; Value = ""; VariantName = "[No Variations]"
Add component (AddParameter): Name = "Source"; Value = "0402jump.SchLib"; VariantName = "[No Variations]"
Add component (AddParameter): Name = "Tolerance"; Value = ""; VariantName = "[No Variations]"
Add component (AddParameter): Name = "Value"; Value = ""; VariantName = "[No Variations]"
Add component (AddParameter): Name = "Voltage Rating"; Value = ""; VariantName = "[No Variations]"
Added Component: Designator=U1_CAN_0(TCAN1146DYYRQ1-Footprint-1)
Add component (AddParameter): Name = "Case/Package"; Value = ""; VariantName = "[No Variations]"
Add component (AddParameter): Name = "Component Type"; Value = "Standard"; VariantName = "[No Variations]"
Add component (AddParameter): Name = "Design Item ID"; Value = "CMP-015-00012-2"; VariantName = "[No Variations]"
Add component (AddParameter): Name = "Max Operating Temperature"; Value = ""; VariantName = "[No Variations]"
Add component (AddParameter): Name = "Max Supply Voltage"; Value = ""; VariantName = "[No Variations]"
Add component (AddParameter): Name = "Min Operating Temperature"; Value = ""; VariantName = "[No Variations]"
Add component (AddParameter): Name = "Min Supply Voltage"; Value = ""; VariantName = "[No Variations]"
Add component (AddParameter): Name = "Mounting Technology"; Value = ""; VariantName = "[No Variations]"
Add component (AddParameter): Name = "Pin Count"; Value = "14"; VariantName = "[No Variations]"
Add component (AddParameter): Name = "Pins"; Value = ""; VariantName = "[No Variations]"
Add component (AddParameter): Name = "Power"; Value = ""; VariantName = "[No Variations]"
Add component (AddParameter): Name = "RoHS Compliant"; Value = ""; VariantName = "[No Variations]"
Add component (AddParameter): Name = "Source"; Value = "TCAN1146DYYRQ1.SchLib"; VariantName = "[No Variations]"
Added Component: Designator=U1_CAN_1(TCAN1146DYYRQ1-Footprint-1)
Add component (AddParameter): Name = "Case/Package"; Value = ""; VariantName = "[No Variations]"
Add component (AddParameter): Name = "Component Type"; Value = "Standard"; VariantName = "[No Variations]"
Add component (AddParameter): Name = "Design Item ID"; Value = "CMP-015-00012-2"; VariantName = "[No Variations]"
Add component (AddParameter): Name = "Max Operating Temperature"; Value = ""; VariantName = "[No Variations]"
Add component (AddParameter): Name = "Max Supply Voltage"; Value = ""; VariantName = "[No Variations]"
Add component (AddParameter): Name = "Min Operating Temperature"; Value = ""; VariantName = "[No Variations]"
Add component (AddParameter): Name = "Min Supply Voltage"; Value = ""; VariantName = "[No Variations]"
Add component (AddParameter): Name = "Mounting Technology"; Value = ""; VariantName = "[No Variations]"
Add component (AddParameter): Name = "Pin Count"; Value = "14"; VariantName = "[No Variations]"
Add component (AddParameter): Name = "Pins"; Value = ""; VariantName = "[No Variations]"
Add component (AddParameter): Name = "Power"; Value = ""; VariantName = "[No Variations]"
Add component (AddParameter): Name = "RoHS Compliant"; Value = ""; VariantName = "[No Variations]"
Add component (AddParameter): Name = "Source"; Value = "TCAN1146DYYRQ1.SchLib"; VariantName = "[No Variations]"
Added Pin To Net: NetName=GND Pin=R4_CAN_0-1
Added Pin To Net: NetName=NetC5_CAN_0_2 Pin=R4_CAN_0-2
Added Pin To Net: NetName=GND Pin=R4_CAN_1-1
Added Pin To Net: NetName=NetC5_CAN_1_2 Pin=R4_CAN_1-2
Added Pin To Net: NetName=NetU1_CAN_0_1 Pin=U1_CAN_0-1
Added Pin To Net: NetName=GND Pin=U1_CAN_0-2
Added Pin To Net: NetName=5V Pin=U1_CAN_0-3
Added Pin To Net: NetName=NetU1_CAN_0_4 Pin=U1_CAN_0-4
Added Pin To Net: NetName=3V3 Pin=U1_CAN_0-5
Added Pin To Net: NetName=NetU1_CAN_0_6 Pin=U1_CAN_0-6
Added Pin To Net: NetName=TCAN1146_EN_0 Pin=U1_CAN_0-7
Added Pin To Net: NetName=NetU1_CAN_0_8 Pin=U1_CAN_0-8
Added Pin To Net: NetName=NetR2_CAN_0_1 Pin=U1_CAN_0-9
Added Pin To Net: NetName=NetC3_CAN_0_1 Pin=U1_CAN_0-10
Added Pin To Net: NetName=NetU1_CAN_0_11 Pin=U1_CAN_0-11
Added Pin To Net: NetName=PRE_CAN_CAN_0_N Pin=U1_CAN_0-12
Added Pin To Net: NetName=PRE_CAN_CAN_0_P Pin=U1_CAN_0-13
Added Pin To Net: NetName=NetU1_CAN_0_14 Pin=U1_CAN_0-14
Added Pin To Net: NetName=NetU1_CAN_1_1 Pin=U1_CAN_1-1
Added Pin To Net: NetName=GND Pin=U1_CAN_1-2
Added Pin To Net: NetName=5V Pin=U1_CAN_1-3
Added Pin To Net: NetName=NetU1_CAN_1_4 Pin=U1_CAN_1-4
Added Pin To Net: NetName=3V3 Pin=U1_CAN_1-5
Added Pin To Net: NetName=NetU1_CAN_1_6 Pin=U1_CAN_1-6
Added Pin To Net: NetName=TCAN1146_EN_1 Pin=U1_CAN_1-7
Added Pin To Net: NetName=NetU1_CAN_1_8 Pin=U1_CAN_1-8
Added Pin To Net: NetName=NetR2_CAN_1_1 Pin=U1_CAN_1-9
Added Pin To Net: NetName=NetC3_CAN_1_1 Pin=U1_CAN_1-10
Added Pin To Net: NetName=NetU1_CAN_1_11 Pin=U1_CAN_1-11
Added Pin To Net: NetName=PRE_CAN_CAN_1_N Pin=U1_CAN_1-12
Added Pin To Net: NetName=PRE_CAN_CAN_1_P Pin=U1_CAN_1-13
Added Pin To Net: NetName=NetU1_CAN_1_14 Pin=U1_CAN_1-14
Added Member To Class: ClassName=CAN_0 Member=Component R4_CAN_0 (R4) 0402 JUMPER
Added Member To Class: ClassName=CAN_1 Member=Component R4_CAN_1 (R4) 0402 JUMPER
Added Member To Class: ClassName=CAN_0 Member=Component U1_CAN_0 (U1) TCAN1146DYYRQ1
Added Member To Class: ClassName=CAN_1 Member=Component U1_CAN_1 (U1) TCAN1146DYYRQ1
