Change Component Designator: Old Designator=C18 New Designator=C14
Change Component Designator: Old Designator=C19 New Designator=C15
Change Component Designator: Old Designator=C20 New Designator=C16
Change Component Designator: Old Designator=C21 New Designator=C17
Change Component Designator: Old Designator=C22 New Designator=C18
Change Component Designator: Old Designator=C23 New Designator=C19
Change Component Designator: Old Designator=C24 New Designator=C20
Change Component Designator: Old Designator=C25 New Designator=C21
Change Component Designator: Old Designator=C26 New Designator=C22
Change Component Designator: Old Designator=C27 New Designator=C23
Change Component Designator: Old Designator=C28 New Designator=C24
Change Component Designator: Old Designator=C29 New Designator=C25
Change Component Designator: Old Designator=C30 New Designator=C26
Change Component Designator: Old Designator=C31 New Designator=C27
Change Component Designator: Old Designator=C32 New Designator=C28
Change Component Designator: Old Designator=C33 New Designator=C29
Change Component Designator: Old Designator=C34 New Designator=C30
Change Component Designator: Old Designator=C35 New Designator=C31
Change Component Designator: Old Designator=C36 New Designator=C32
Change Component Designator: Old Designator=C37 New Designator=C33
Change Component Designator: Old Designator=C38 New Designator=C34
Change Component Designator: Old Designator=C39 New Designator=C35
Change Component Designator: Old Designator=D4 New Designator=D10
Change Component Designator: Old Designator=D5 New Designator=D11
Change Component Designator: Old Designator=J4 New Designator=J2
Change Component Designator: Old Designator=R38 New Designator=R26
Change Component Designator: Old Designator=R39 New Designator=R27
Change Component Designator: Old Designator=R40 New Designator=R28
Change Component Designator: Old Designator=R41 New Designator=R29
Change Component Designator: Old Designator=R42 New Designator=R30
Change Component Designator: Old Designator=R43 New Designator=R31
Change Component Designator: Old Designator=R44 New Designator=R32
Change Component Designator: Old Designator=R45 New Designator=R33
Change Component Designator: Old Designator=R46 New Designator=R34
Change Component Designator: Old Designator=SW2 New Designator=SW1
Change Component Designator: Old Designator=SW3 New Designator=SW2
Change Component Designator: Old Designator=U10 New Designator=U4
Change Component Designator: Old Designator=U10 New Designator=U4
