Change Component Designator: Old Designator=C108 New Designator=C66
Change Component Designator: Old Designator=C109 New Designator=C67
Change Component Designator: Old Designator=C110 New Designator=C68
Change Component Designator: Old Designator=C111 New Designator=C69
Change Component Designator: Old Designator=C112 New Designator=C70
Change Component Designator: Old Designator=C113 New Designator=C71
Change Component Designator: Old Designator=C114 New Designator=C72
Change Component Designator: Old Designator=C115 New Designator=C73
Change Component Designator: Old Designator=C116 New Designator=C74
Change Component Designator: Old Designator=C117 New Designator=C75
Change Component Designator: Old Designator=C118 New Designator=C76
Change Component Designator: Old Designator=C119 New Designator=C77
Change Component Designator: Old Designator=C120 New Designator=C78
Change Component Designator: Old Designator=C121 New Designator=C79
Change Component Designator: Old Designator=C122 New Designator=C80
Change Component Designator: Old Designator=C123 New Designator=C81
Change Component Designator: Old Designator=D6 New Designator=D8
Change Component Designator: Old Designator=J2 New Designator=J8
Change Component Designator: Old Designator=R92 New Designator=R74
Change Component Designator: Old Designator=R97 New Designator=R75
Change Component Designator: Old Designator=R98 New Designator=R76
Change Component Designator: Old Designator=R99 New Designator=R77
Change Component Designator: Old Designator=R100 New Designator=R78
Change Component Designator: Old Designator=U8 New Designator=U5
Change Component Designator: Old Designator=U8 New Designator=U5
Change Component Designator: Old Designator=Y2 New Designator=Y3
Change Component Designator: Old Designator=Y3 New Designator=Y4
