Removed Pin From Net: NetName=PoC_B_DES_0 Pin=D2_DES_0-5
Removed Pin From Net: NetName=PoC_B_DES_0 Pin=D2_DES_0-6
Removed Pin From Net: NetName=PoC_B_DES_1 Pin=D2_DES_1-5
Removed Pin From Net: NetName=PoC_B_DES_1 Pin=D2_DES_1-6
Removed Pin From Net: NetName=PoC_B_DES_2 Pin=D2_DES_2-5
Removed Pin From Net: NetName=PoC_B_DES_2 Pin=D2_DES_2-6
Removed Pin From Net: NetName=PoC_D_DES_0 Pin=D4_DES_0-5
Removed Pin From Net: NetName=PoC_D_DES_0 Pin=D4_DES_0-6
Removed Pin From Net: NetName=PoC_D_DES_1 Pin=D4_DES_1-5
Removed Pin From Net: NetName=PoC_D_DES_1 Pin=D4_DES_1-6
Removed Pin From Net: NetName=PoC_D_DES_2 Pin=D4_DES_2-5
Removed Pin From Net: NetName=PoC_D_DES_2 Pin=D4_DES_2-6
Removed Member From Class: ClassName=REC_USB_0 Member=J?
Added Pin To Net: NetName=PoC_B_DES_0 Pin=D1_DES_0-5
Added Pin To Net: NetName=PoC_B_DES_0 Pin=D1_DES_0-6
Added Pin To Net: NetName=PoC_B_DES_1 Pin=D1_DES_1-5
Added Pin To Net: NetName=PoC_B_DES_1 Pin=D1_DES_1-6
Added Pin To Net: NetName=PoC_B_DES_2 Pin=D1_DES_2-5
Added Pin To Net: NetName=PoC_B_DES_2 Pin=D1_DES_2-6
Added Pin To Net: NetName=PoC_D_DES_0 Pin=D3_DES_0-5
Added Pin To Net: NetName=PoC_D_DES_0 Pin=D3_DES_0-6
Added Pin To Net: NetName=PoC_D_DES_1 Pin=D3_DES_1-5
Added Pin To Net: NetName=PoC_D_DES_1 Pin=D3_DES_1-6
Added Pin To Net: NetName=PoC_D_DES_2 Pin=D3_DES_2-5
Added Pin To Net: NetName=PoC_D_DES_2 Pin=D3_DES_2-6
Add Net: Net with name "DEBUG_RXD" already exists
Add Net: Net with name "DEBUG_TXD" already exists
Add Net: Net with name "DP1_AUX_N" already exists
Add Net: Net with name "DP1_AUX_P" already exists
Add Net: Net with name "DP_HDMI_CEC" already exists
Add Net: Net with name "HDMI_D2_N" already exists
Add Net: Net with name "NetC?_1" already exists
Add Net: Net with name "NetC?_1" already exists
Add Net: Net with name "NetC?_1" already exists
Add Net: Net with name "NetC?_1" already exists
Add Net: Net with name "NetC?_1" already exists
Add Net: Net with name "NetC?_2" already exists
Add Net: Net with name "NetC?_FAN_IF_0_2" already exists
Add Net: Net with name "NetC?_FAN_IF_1_2" already exists
Add Net: Net with name "NetD?_3" already exists
Add Net: Net with name "NetFB?_2" already exists
Add Net: Net with name "NetFB?_2" already exists
Add Net: Net with name "NetFB?_2" already exists
Add Net: Net with name "NetFB?_2" already exists
Add Net: Net with name "NetFB?_2" already exists
Add Net: Net with name "NetFB?_2" already exists
Add Net: Net with name "NetFB?_2" already exists
Add Net: Net with name "NetQ?_1" already exists
Add Net: Net with name "NetQ?_3" already exists
Add Net: Net with name "NetQ?_3" already exists
Add Net: Net with name "NetQ?_3" already exists
Add Net: Net with name "NetQ?_3" already exists
Add Net: Net with name "NetQ?_3" already exists
Add Net: Net with name "NetQ?_3" already exists
Add Net: Net with name "NetQ?_3" already exists
Add Net: Net with name "NetR?_1" already exists
Add Net: Net with name "NetR?_1" already exists
Add Net: Net with name "NetR?_1" already exists
Add Net: Net with name "NetR?_1" already exists
Add Net: Net with name "NetR?_1" already exists
Add Net: Net with name "NetR?_1" already exists
Add Net: Net with name "NetR?_1" already exists
Add Net: Net with name "NetR?_2" already exists
Add Net: Net with name "NetR?_2" already exists
Add Net: Net with name "NetR?_2" already exists
Add Net: Net with name "NetR?_2" already exists
Add Net: Net with name "NetR?_2" already exists
Add Net: Net with name "NetR?_2" already exists
Add Net: Net with name "NetR?_2" already exists
Add Net: Net with name "NetR?_2" already exists
Add Net: Net with name "NetR?_2" already exists
Add Net: Net with name "NetR?_2" already exists
Add Net: Net with name "NetR?_2" already exists
Add Net: Net with name "NetR?_2" already exists
Add Net: Net with name "NetR?_2" already exists
Add Net: Net with name "NetR?_2" already exists
Add Net: Net with name "NetR?_FAN_IF_0_1" already exists
Add Net: Net with name "NetR?_FAN_IF_1_1" already exists
Add Net: Net with name "PCIE0_CLK_N" already exists
Add Net: Net with name "PCIE0_CLK_P" already exists
Add Net: Net with name "PCIE0_TX0_N" already exists
Add Net: Net with name "PCIE0_TX0_P" already exists
Add Net: Net with name "PCIE0_TX1_N" already exists
Add Net: Net with name "PCIE0_TX1_P" already exists
Add Net: Net with name "PCIE0_TX2_N" already exists
Add Net: Net with name "PCIE0_TX2_P" already exists
Add Net: Net with name "PCIE0_TX3_N" already exists
Add Net: Net with name "PCIE0_TX3_P" already exists
Add Net: Net with name "USB0_D_N" already exists
Add Net: Net with name "USB0_D_P" already exists
Add Net: Net with name "VBUS_DETECT" already exists
Change Class Name : Old Net Name=REC_USB_0 New Net Name=HDMI_0
Added Class: Name=REC_USB_0
Add Differential Pair: Net(s) Not Found in Differential Pair CKC_DES_0 : Positive Net [CKC_DES_0_P] & Negative Net [CKC_DES_0_N] in current PCB document
Add Differential Pair: Net(s) Not Found in Differential Pair CKC_DES_1 : Positive Net [CKC_DES_1_P] & Negative Net [CKC_DES_1_N] in current PCB document
Add Differential Pair: Net(s) Not Found in Differential Pair CKC_DES_2 : Positive Net [CKC_DES_2_P] & Negative Net [CKC_DES_2_N] in current PCB document
Added Member To Class: ClassName=FAN_IF_0 Member=Component C?_FAN_IF_0 (C?) C1005X7R1H104K050BB
Added Member To Class: ClassName=FAN_IF_1 Member=Component C?_FAN_IF_1 (C?) C1005X7R1H104K050BB
Added Member To Class: ClassName=DAC_0 Member=Component C? CL05A106MP5NUNC
Added Member To Class: ClassName=DAC_0 Member=Component C? C1005X7R1H104K050BB
Added Member To Class: ClassName=DAC_0 Member=Component C? CL05A106MP5NUNC
Added Member To Class: ClassName=DAC_0 Member=Component C? C1005X7R1H104K050BB
Added Member To Class: ClassName=DAC_0 Member=Component C? C0805C221K5RACTU
Added Member To Class: ClassName=DAC_0 Member=Component C? CL05A106MP5NUNC
Added Member To Class: ClassName=DAC_0 Member=Component C? C1005X7R1H104K050BB
Added Member To Class: ClassName=DAC_0 Member=Component C? C0805C221K5RACTU
Added Member To Class: ClassName=DAC_0 Member=Component C? C0805C221K5RACTU
Added Member To Class: ClassName=DAC_0 Member=Component C? C1005X7R1H104K050BB
Added Member To Class: ClassName=DAC_0 Member=Component C? CL05A106MP5NUNC
Added Member To Class: ClassName=JETSON Member=Component C? C1005X7R1H104K050BB
Added Member To Class: ClassName=JETSON Member=Component C? GRM188R60J106ME47D
Added Member To Class: ClassName=JETSON Member=Component C? 100nF
Added Member To Class: ClassName=MAIN_BOARD Member=Component C? 100n
Added Member To Class: ClassName=MAIN_BOARD Member=Component C? 100n
Added Member To Class: ClassName=MAIN_BOARD Member=Component C? 100n
Added Member To Class: ClassName=MAIN_BOARD Member=Component C? 100n
Added Member To Class: ClassName=MAIN_BOARD Member=Component C? 100n
Added Member To Class: ClassName=MAIN_BOARD Member=Component C? 100n
Added Member To Class: ClassName=MAIN_BOARD Member=Component C? 100n
Added Member To Class: ClassName=MAIN_BOARD Member=Component C? 100n
Added Member To Class: ClassName=MAIN_BOARD Member=Component C? 100n
Added Member To Class: ClassName=MAIN_BOARD Member=Component C? 100n
Added Member To Class: ClassName=MAIN_BOARD Member=Component C? 100n
Added Member To Class: ClassName=MAIN_BOARD Member=Component C? 100n
Added Member To Class: ClassName=MAIN_BOARD Member=Component C? 100n
Added Member To Class: ClassName=MAIN_BOARD Member=Component C? 100n
Added Member To Class: ClassName=MAIN_BOARD Member=Component C? 100n
Added Member To Class: ClassName=MAIN_BOARD Member=Component C? 100n
Added Member To Class: ClassName=MAIN_BOARD Member=Component C? 100n
Added Member To Class: ClassName=MAIN_BOARD Member=Component C? 100n
Added Member To Class: ClassName=MAIN_BOARD Member=Component C? 100n
Added Member To Class: ClassName=NVME_0 Member=Component C? C1005X7R1A224K050BB
Added Member To Class: ClassName=NVME_0 Member=Component C? C1005X7R1H104K050BB
Added Member To Class: ClassName=NVME_0 Member=Component C? C1005X7R1A224K050BB
Added Member To Class: ClassName=NVME_0 Member=Component C? C1005X7R1H104K050BB
Added Member To Class: ClassName=NVME_0 Member=Component C? C1005X7R1A224K050BB
Added Member To Class: ClassName=NVME_0 Member=Component C? C1005X7R1A224K050BB
Added Member To Class: ClassName=NVME_0 Member=Component C? C1005X7R1H104K050BB
Added Member To Class: ClassName=NVME_0 Member=Component C? C1005X7R1A224K050BB
Added Member To Class: ClassName=NVME_0 Member=Component C? C1005X7R1A224K050BB
Added Member To Class: ClassName=NVME_0 Member=Component C? C1005X7R1A224K050BB
Added Member To Class: ClassName=NVME_0 Member=Component C? GRM188R60J106ME47D
Added Member To Class: ClassName=NVME_0 Member=Component C? C1005X7R1A224K050BB
Added Member To Class: ClassName=NVME_0 Member=Component C? C1005X7R1H104K050BB
Added Member To Class: ClassName=NVME_0 Member=Component C? C1005X7R1A224K050BB
Added Member To Class: ClassName=NVME_0 Member=Component C? C1005X7R1H104K050BB
Added Member To Class: ClassName=NVME_0 Member=Component C? GRM188R60J106ME47D
Added Member To Class: ClassName=NVME_0 Member=Component C? C1005X7R1H104K050BB
Added Member To Class: ClassName=NVME_0 Member=Component C? C1005X7R1A224K050BB
Added Member To Class: ClassName=NVME_0 Member=Component C? GRM188R60J106ME47D
Added Member To Class: ClassName=HDMI_0 Member=Component C? C0402C479C5GACTU
Added Member To Class: ClassName=HDMI_0 Member=Component C? GRM188R60J106ME47D
Added Member To Class: ClassName=HDMI_0 Member=Component C? C1005X7R1H104K050BB
Added Member To Class: ClassName=HDMI_0 Member=Component C? C1005X7R1H104K050BB
Added Member To Class: ClassName=HDMI_0 Member=Component C? C1005X7R1H104K050BB
Added Member To Class: ClassName=HDMI_0 Member=Component C? C1005X7R1H104K050BB
Added Member To Class: ClassName=HDMI_0 Member=Component C? C1005X7R1H104K050BB
Added Member To Class: ClassName=HDMI_0 Member=Component C? GRM1555C1H120GA01D
Added Member To Class: ClassName=HDMI_0 Member=Component C? C0402C221K5RAC7867
Added Member To Class: ClassName=HDMI_0 Member=Component C? GRM188R60J106ME47D
Added Member To Class: ClassName=HDMI_0 Member=Component C? C1005X7R1H104K050BB
Added Member To Class: ClassName=HDMI_0 Member=Component C? C0402C221K5RAC7867
Added Member To Class: ClassName=HDMI_0 Member=Component C? C0402C479C5GACTU
Added Member To Class: ClassName=HDMI_0 Member=Component C? C1005X7R1H104K050BB
Added Member To Class: ClassName=HDMI_0 Member=Component C? C1005X7R1H104K050BB
Added Member To Class: ClassName=HDMI_0 Member=Component C? C1005X7R1H104K050BB
Added Member To Class: ClassName=HDMI_0 Member=Component C? C1005X7R1H104K050BB
Added Member To Class: ClassName=JETSON Member=Component D? ESD204DQAR or PUSB3AB4Z
Added Member To Class: ClassName=JETSON Member=Component D? ESD204DQAR or PUSB3AB4Z
Added Member To Class: ClassName=JETSON Member=Component D? ESD204DQAR
Added Member To Class: ClassName=JETSON Member=Component D? ESD204DQAR or PUSB3AB4Z
Added Member To Class: ClassName=JETSON Member=Component D? ESD204DQAR
Added Member To Class: ClassName=JETSON Member=Component D? ESD204DQAR or PUSB3AB4Z
Added Member To Class: ClassName=JETSON Member=Component D? ESD204DQAR or PUSB3AB4Z
Added Member To Class: ClassName=JETSON Member=Component D? ESD204DQAR or PUSB3AB4Z
Added Member To Class: ClassName=JETSON Member=Component D? ESD204DQAR
Added Member To Class: ClassName=JETSON Member=Component D? ESD204DQAR or PUSB3AB4Z
Added Member To Class: ClassName=JETSON Member=Component D? ESD204DQAR
Added Member To Class: ClassName=JETSON Member=Component D? ESD204DQAR or PUSB3AB4Z
Added Member To Class: ClassName=JETSON Member=Component D? ESD204DQAR
Added Member To Class: ClassName=JETSON Member=Component D? ESD204DQAR
Added Member To Class: ClassName=JETSON Member=Component D? ESD204DQAR or PUSB3AB4Z
Added Member To Class: ClassName=JETSON Member=Component D? ESD204DQAR or PUSB3AB4Z
Added Member To Class: ClassName=JETSON Member=Component D? ESD204DQAR or PUSB3AB4Z
Added Member To Class: ClassName=JETSON Member=Component D? ESD204DQAR or PUSB3AB4Z
Added Member To Class: ClassName=JETSON Member=Component D? ESD204DQAR
Added Member To Class: ClassName=JETSON Member=Component D? ESD204DQAR
Added Member To Class: ClassName=HDMI_0 Member=Component D? ESD204DQAR or PUSB3AB4Z
Added Member To Class: ClassName=HDMI_0 Member=Component D? BAT54CWT1G
Added Member To Class: ClassName=HDMI_0 Member=Component D? ESD204DQAR or PUSB3AB4Z
Added Member To Class: ClassName=HDMI_0 Member=Component D? ESD204DQAR or PUSB3AB4Z
Added Member To Class: ClassName=HDMI_0 Member=Component FB? BLM15PX601SN1D
Added Member To Class: ClassName=HDMI_0 Member=Component FB? BLM15PX601SN1D
Added Member To Class: ClassName=HDMI_0 Member=Component FB? BLM15PX601SN1D
Added Member To Class: ClassName=HDMI_0 Member=Component FB? BLM15PX601SN1D
Added Member To Class: ClassName=HDMI_0 Member=Component FB? BLM15PX601SN1D
Added Member To Class: ClassName=HDMI_0 Member=Component FB? BLM15PX601SN1D
Added Member To Class: ClassName=HDMI_0 Member=Component FB? BLM15PX601SN1D
Added Member To Class: ClassName=HDMI_0 Member=Component FB? BLM15PX601SN1D
Added Member To Class: ClassName=DAC_0 Member=Component J? 35RASMT4BHNTRX
Added Member To Class: ClassName=JETSON Member=Component J? 2309413-1
Added Member To Class: ClassName=JETSON Member=Component J? 2309413-1
Added Member To Class: ClassName=JETSON Member=Component J? 2309413-1
Added Member To Class: ClassName=JETSON Member=Component J? 2309413-1
Added Member To Class: ClassName=JETSON Member=Component J? 2309413-1
Added Member To Class: ClassName=JETSON Member=Component J? 2309413-1
Added Member To Class: ClassName=JETSON Member=Component J? 2309413-1
Added Member To Class: ClassName=JETSON Member=Component J? 2309413-1
Added Member To Class: ClassName=MAIN_BOARD Member=Component J? HTSW-104-07-G-S
Added Member To Class: ClassName=MAIN_BOARD Member=Component J? 47659-1102
Added Member To Class: ClassName=NVME_0 Member=Component J? 1-2199230-6
Added Member To Class: ClassName=NVME_0 Member=Component J? 1-2199230-6
Added Member To Class: ClassName=NVME_0 Member=Component J? 1-2199230-6
Added Member To Class: ClassName=JETSON Member=Component MP? 9774025243R
Added Member To Class: ClassName=NVME_0 Member=Component MP? 9774025243R
Added Member To Class: ClassName=FAN_IF_0 Member=Component Q?_FAN_IF_0 (Q?) BSS138W-7-F
Added Member To Class: ClassName=FAN_IF_1 Member=Component Q?_FAN_IF_1 (Q?) BSS138W-7-F
Added Member To Class: ClassName=RAIL_DISCH_0 Member=Component Q?_RAIL_DISCH_0 (Q?A) SSM6N7002KFU,LF
Added Member To Class: ClassName=RAIL_DISCH_1 Member=Component Q?_RAIL_DISCH_1 (Q?A) SSM6N7002KFU,LF
Added Member To Class: ClassName=RAIL_DISCH_2 Member=Component Q?_RAIL_DISCH_2 (Q?A) SSM6N7002KFU,LF
Added Member To Class: ClassName=JETSON Member=Component Q? BSS138W-7-F
Added Member To Class: ClassName=JETSON Member=Component Q? BSS138W-7-F
Added Member To Class: ClassName=JETSON Member=Component Q? BSS138W-7-F
Added Member To Class: ClassName=JETSON Member=Component Q? BSS138W-7-F
Added Member To Class: ClassName=JETSON Member=Component Q? BSS138W-7-F
Added Member To Class: ClassName=JETSON Member=Component Q? BSS138W-7-F
Added Member To Class: ClassName=JETSON Member=Component Q? SSM6N7002KFU,LF
Added Member To Class: ClassName=JETSON Member=Component Q? BSS138W-7-F
Added Member To Class: ClassName=HDMI_0 Member=Component Q? BSS138W-7-F
Added Member To Class: ClassName=HDMI_0 Member=Component Q? BSS138W-7-F
Added Member To Class: ClassName=HDMI_0 Member=Component Q? BSS138W-7-F
Added Member To Class: ClassName=HDMI_0 Member=Component Q? BSS138W-7-F
Added Member To Class: ClassName=FAN_IF_0 Member=Component R?_FAN_IF_0 (R?) ERJ3EKF1002V
Added Member To Class: ClassName=FAN_IF_0 Member=Component R?_FAN_IF_0 (R?) ERJ-3EKF1003V
Added Member To Class: ClassName=FAN_IF_0 Member=Component R?_FAN_IF_0 (R?) ERJ-3EKF1001V
Added Member To Class: ClassName=FAN_IF_0 Member=Component R?_FAN_IF_0 (R?) ERJ-3EKF1001V
Added Member To Class: ClassName=FAN_IF_0 Member=Component R?_FAN_IF_0 (R?) ERJ3EKF1002V
Added Member To Class: ClassName=FAN_IF_0 Member=Component R?_FAN_IF_0 (R?) ERJ3EKF1002V
Added Member To Class: ClassName=FAN_IF_0 Member=Component R?_FAN_IF_0 (R?) 0402 JUMPER
Added Member To Class: ClassName=FAN_IF_0 Member=Component R?_FAN_IF_0 (R?) JUMP
Added Member To Class: ClassName=FAN_IF_0 Member=Component R?_FAN_IF_0 (R?) ERJ-3EKF1001V
Added Member To Class: ClassName=FAN_IF_0 Member=Component R?_FAN_IF_0 (R?) ERJ-3EKF1003V
Added Member To Class: ClassName=FAN_IF_0 Member=Component R?_FAN_IF_0 (R?) ERJ3EKF1002V
Added Member To Class: ClassName=FAN_IF_1 Member=Component R?_FAN_IF_1 (R?) ERJ3EKF1002V
Added Member To Class: ClassName=FAN_IF_1 Member=Component R?_FAN_IF_1 (R?) ERJ3EKF1002V
Added Member To Class: ClassName=FAN_IF_1 Member=Component R?_FAN_IF_1 (R?) ERJ-3EKF1003V
Added Member To Class: ClassName=FAN_IF_1 Member=Component R?_FAN_IF_1 (R?) ERJ3EKF1002V
Added Member To Class: ClassName=FAN_IF_1 Member=Component R?_FAN_IF_1 (R?) JUMP
Added Member To Class: ClassName=FAN_IF_1 Member=Component R?_FAN_IF_1 (R?) ERJ3EKF1002V
Added Member To Class: ClassName=FAN_IF_1 Member=Component R?_FAN_IF_1 (R?) ERJ-3EKF1001V
Added Member To Class: ClassName=FAN_IF_1 Member=Component R?_FAN_IF_1 (R?) 0402 JUMPER
Added Member To Class: ClassName=FAN_IF_1 Member=Component R?_FAN_IF_1 (R?) ERJ-3EKF1001V
Added Member To Class: ClassName=FAN_IF_1 Member=Component R?_FAN_IF_1 (R?) ERJ-3EKF1001V
Added Member To Class: ClassName=FAN_IF_1 Member=Component R?_FAN_IF_1 (R?) ERJ-3EKF1003V
Added Member To Class: ClassName=RAIL_DISCH_0 Member=Component R?_RAIL_DISCH_0 (R?) ERJ-3EKF1003V
Added Member To Class: ClassName=RAIL_DISCH_1 Member=Component R?_RAIL_DISCH_1 (R?) ERJ-3EKF1003V
Added Member To Class: ClassName=RAIL_DISCH_2 Member=Component R?_RAIL_DISCH_2 (R?) ERJ-3EKF1003V
Added Member To Class: ClassName=DAC_0 Member=Component R? 360K 1% 0603(1608)
Added Member To Class: ClassName=DAC_0 Member=Component R? RC0603JR-070RL
Added Member To Class: ClassName=DAC_0 Member=Component R? ERJ-3EKF1003V
Added Member To Class: ClassName=DAC_0 Member=Component R? RC0603JR-070RL
Added Member To Class: ClassName=DAC_0 Member=Component R? ERJ-3EKF1003V
Added Member To Class: ClassName=DAC_0 Member=Component R? 360K 1% 0603(1608)
Added Member To Class: ClassName=DAC_0 Member=Component R? RC0603JR-070RL
Added Member To Class: ClassName=DAC_0 Member=Component R? RC0402JR-070RL
Added Member To Class: ClassName=DAC_0 Member=Component R? RC0402JR-070RL
Added Member To Class: ClassName=DAC_0 Member=Component R? RC0402JR-070RL
Added Member To Class: ClassName=DAC_0 Member=Component R? ERJ-3EKF1003V
Added Member To Class: ClassName=DAC_0 Member=Component R? RC0402JR-070RL
Added Member To Class: ClassName=DAC_0 Member=Component R? RC0402JR-070RL
Added Member To Class: ClassName=DAC_0 Member=Component R? RC0402JR-070RL
Added Member To Class: ClassName=DAC_0 Member=Component R? ERJ-3EKF1003V
Added Member To Class: ClassName=DAC_0 Member=Component R? RC0603JR-070RL
Added Member To Class: ClassName=DAC_0 Member=Component R? RC0603JR-070RL
Added Member To Class: ClassName=JETSON Member=Component R? ERJ-3EKF1001V
Added Member To Class: ClassName=JETSON Member=Component R? ERJ3EKF1002V
Added Member To Class: ClassName=JETSON Member=Component R? ERJ3EKF1002V
Added Member To Class: ClassName=JETSON Member=Component R? ERJ-3EKF1003V
Added Member To Class: ClassName=JETSON Member=Component R? ERJ3EKF1002V
Added Member To Class: ClassName=JETSON Member=Component R? 0402 JUMPER
Added Member To Class: ClassName=JETSON Member=Component R? ERJ-3EKF1001V
Added Member To Class: ClassName=JETSON Member=Component R? ERJ-3EKF1001V
Added Member To Class: ClassName=JETSON Member=Component R? ERJ3EKF1002V
Added Member To Class: ClassName=JETSON Member=Component R? ERJ3EKF1002V
Added Member To Class: ClassName=JETSON Member=Component R? ERJ-3EKF1001V
Added Member To Class: ClassName=JETSON Member=Component R? ERJ3EKF1002V
Added Member To Class: ClassName=JETSON Member=Component R? ERJ3EKF1002V
Added Member To Class: ClassName=JETSON Member=Component R? ERJ3EKF1002V
Added Member To Class: ClassName=JETSON Member=Component R? ERJ-3EKF1001V
Added Member To Class: ClassName=JETSON Member=Component R? ERJ-3EKF1001V
Added Member To Class: ClassName=JETSON Member=Component R? 0402 JUMPER
Added Member To Class: ClassName=JETSON Member=Component R? ERJ3EKF1002V
Added Member To Class: ClassName=JETSON Member=Component R? ERJ-3EKF1001V
Added Member To Class: ClassName=JETSON Member=Component R? ERJ3EKF1002V
Added Member To Class: ClassName=JETSON Member=Component R? ERJ-3EKF1001V
Added Member To Class: ClassName=JETSON Member=Component R? ERJ3EKF1002V
Added Member To Class: ClassName=JETSON Member=Component R? 0402 JUMPER
Added Member To Class: ClassName=JETSON Member=Component R? ERJ3EKF1002V
Added Member To Class: ClassName=JETSON Member=Component R? ERJ-3EKF1003V
Added Member To Class: ClassName=JETSON Member=Component R? ERJ-3EKF1001V
Added Member To Class: ClassName=JETSON Member=Component R? ERJ-3EKF1003V
Added Member To Class: ClassName=JETSON Member=Component R? 0402 JUMPER
Added Member To Class: ClassName=JETSON Member=Component R? ERJ3EKF1002V
Added Member To Class: ClassName=JETSON Member=Component R? 0402 JUMPER
Added Member To Class: ClassName=JETSON Member=Component R? ERJ3EKF1002V
Added Member To Class: ClassName=JETSON Member=Component R? ERJ3EKF1002V
Added Member To Class: ClassName=JETSON Member=Component R? ERJ3EKF1002V
Added Member To Class: ClassName=JETSON Member=Component R? ERJ3EKF1002V
Added Member To Class: ClassName=NVME_0 Member=Component R? 0402 JUMPER
Added Member To Class: ClassName=NVME_0 Member=Component R? ERJ-3EKF33R0V
Added Member To Class: ClassName=NVME_0 Member=Component R? ERJ3EKF1002V
Added Member To Class: ClassName=NVME_0 Member=Component R? 0402 JUMPER
Added Member To Class: ClassName=NVME_0 Member=Component R? 0402 JUMPER
Added Member To Class: ClassName=NVME_0 Member=Component R? ERJ-3EKF1200V
Added Member To Class: ClassName=NVME_0 Member=Component R? ERJ3EKF1002V
Added Member To Class: ClassName=NVME_0 Member=Component R? 0402 JUMPER
Added Member To Class: ClassName=NVME_0 Member=Component R? 0402 JUMPER
Added Member To Class: ClassName=NVME_0 Member=Component R? 0402 JUMPER
Added Member To Class: ClassName=NVME_0 Member=Component R? 0402 JUMPER
Added Member To Class: ClassName=NVME_0 Member=Component R? 0402 JUMPER
Added Member To Class: ClassName=NVME_0 Member=Component R? 0402 JUMPER
Added Member To Class: ClassName=NVME_0 Member=Component R? 0402 JUMPER
Added Member To Class: ClassName=NVME_0 Member=Component R? 0402 JUMPER
Added Member To Class: ClassName=NVME_0 Member=Component R? 0402 JUMPER
Added Member To Class: ClassName=NVME_0 Member=Component R? ERJ-3EKF1200V
Added Member To Class: ClassName=HDMI_0 Member=Component R? 0402 JUMPER
Added Member To Class: ClassName=HDMI_0 Member=Component R? ERJ3EKF1801V
Added Member To Class: ClassName=HDMI_0 Member=Component R? ERJ-3EKF1001V
Added Member To Class: ClassName=HDMI_0 Member=Component R? ERJ-2RKF4990X
Added Member To Class: ClassName=HDMI_0 Member=Component R? ERJ-2RKF4990X
Added Member To Class: ClassName=HDMI_0 Member=Component R? 0402 JUMPER
Added Member To Class: ClassName=HDMI_0 Member=Component R? 0402 JUMPER
Added Member To Class: ClassName=HDMI_0 Member=Component R? ERJ-3EKF1623V
Added Member To Class: ClassName=HDMI_0 Member=Component R? 0402 JUMPER
Added Member To Class: ClassName=HDMI_0 Member=Component R? 0402 JUMPER
Added Member To Class: ClassName=HDMI_0 Member=Component R? ERJ-3EKF1003V
Added Member To Class: ClassName=HDMI_0 Member=Component R? 0402 JUMPER
Added Member To Class: ClassName=HDMI_0 Member=Component R? ERJ3EKF1002V
Added Member To Class: ClassName=HDMI_0 Member=Component R? ERJ-2RKF4990X
Added Member To Class: ClassName=HDMI_0 Member=Component R? 0402 JUMPER
Added Member To Class: ClassName=HDMI_0 Member=Component R? 0402 JUMPER
Added Member To Class: ClassName=HDMI_0 Member=Component R? ERJ3EKF1002V
Added Member To Class: ClassName=HDMI_0 Member=Component R? ERJ3EKF1801V
Added Member To Class: ClassName=HDMI_0 Member=Component R? 0402 JUMPER
Added Member To Class: ClassName=HDMI_0 Member=Component R? ERJ-3EKF1003V
Added Member To Class: ClassName=HDMI_0 Member=Component R? 0402 JUMPER
Added Member To Class: ClassName=HDMI_0 Member=Component R? 0402 JUMPER
Added Member To Class: ClassName=HDMI_0 Member=Component R? ERJ-3EKF1003V
Added Member To Class: ClassName=HDMI_0 Member=Component R? ERJ-2RKF4990X
Added Member To Class: ClassName=HDMI_0 Member=Component R? 0402 JUMPER
Added Member To Class: ClassName=HDMI_0 Member=Component R? ERJ-2RKF4990X
Added Member To Class: ClassName=HDMI_0 Member=Component R? 0402 JUMPER
Added Member To Class: ClassName=HDMI_0 Member=Component R? 0402 JUMPER
Added Member To Class: ClassName=HDMI_0 Member=Component R? 0402 JUMPER
Added Member To Class: ClassName=HDMI_0 Member=Component R? 0402 JUMPER
Added Member To Class: ClassName=HDMI_0 Member=Component R? ERJ-2RKF4990X
Added Member To Class: ClassName=HDMI_0 Member=Component R? ERJ-3EKF3242V
Added Member To Class: ClassName=HDMI_0 Member=Component R? ERJ-3EKF1003V
Added Member To Class: ClassName=HDMI_0 Member=Component R? 0402 JUMPER
Added Member To Class: ClassName=HDMI_0 Member=Component R? ERJ-3EKF1003V
Added Member To Class: ClassName=HDMI_0 Member=Component R? ERJ-2RKF4990X
Added Member To Class: ClassName=HDMI_0 Member=Component R? ERJ3EKF1002V
Added Member To Class: ClassName=HDMI_0 Member=Component R? 0402 JUMPER
Added Member To Class: ClassName=HDMI_0 Member=Component R? ERJ-3EKF1003V
Added Member To Class: ClassName=HDMI_0 Member=Component R? ERJ3EKF1002V
Added Member To Class: ClassName=HDMI_0 Member=Component R? ERJ-2RKF4990X
Added Member To Class: ClassName=DAC_0 Member=Component TP? TPAD6R
Added Member To Class: ClassName=DAC_0 Member=Component TP? TPAD6R
Added Member To Class: ClassName=DAC_0 Member=Component TP? TPAD6R
Added Member To Class: ClassName=DAC_0 Member=Component TP? TPAD6R
Added Member To Class: ClassName=JETSON Member=Component TP? TPAD6R
Added Member To Class: ClassName=JETSON Member=Component TP? TPAD6R
Added Member To Class: ClassName=JETSON Member=Component TP? TPAD6R
Added Member To Class: ClassName=JETSON Member=Component TP? TPAD6R
Added Member To Class: ClassName=NVME_0 Member=Component TP? TPAD6R
Added Member To Class: ClassName=NVME_0 Member=Component TP? TPAD6R
Added Member To Class: ClassName=FAN_IF_0 Member=Component U?_FAN_IF_0 (U?) L78M12CDT-TR
Added Member To Class: ClassName=FAN_IF_1 Member=Component U?_FAN_IF_1 (U?) L78M12CDT-TR
Added Member To Class: ClassName=DAC_0 Member=Component U? MAX98357AETE+T
Added Member To Class: ClassName=JETSON Member=Component U? LD1117S18TR
Added Member To Class: ClassName=JETSON Member=Component U? SN74LVC1G07DCKR
Added Member To Class: ClassName=HDMI_0 Member=Component U? SI1869DH-T1-E3
Added Member To Class: ClassName=HDMI_0 Member=Component U? SI1869DH-T1-E3
Add Class Member: Failed to add class member : CKC_DES_0
Add Class Member: Failed to add class member : CKC_DES_1
Add Class Member: Failed to add class member : CKC_DES_2
