Change Component Designator: Old Designator=C211 New Designator=C?
Change Component Designator: Old Designator=C212 New Designator=C?
Change Component Designator: Old Designator=F6 New Designator=F?
Change Component Designator: Old Designator=J14 New Designator=J?
Change Component Designator: Old Designator=Q17 New Designator=Q?
Change Component Designator: Old Designator=Q23 New Designator=Q?
Change Component Designator: Old Designator=R214 New Designator=R?
Change Component Designator: Old Designator=R220 New Designator=R?
Change Component Designator: Old Designator=R221 New Designator=R?
Change Component Designator: Old Designator=R230 New Designator=R?
Change Component Designator: Old Designator=R231 New Designator=R?
Change Component Designator: Old Designator=R232 New Designator=R?
Change Component Designator: Old Designator=R236 New Designator=R?
Change Component Designator: Old Designator=R297 New Designator=R?
Change Component Designator: Old Designator=R298 New Designator=R?
Change Component Designator: Old Designator=R299 New Designator=R?
Change Component Designator: Old Designator=R300 New Designator=R?
Change Component Designator: Old Designator=R301 New Designator=R?
Change Component Designator: Old Designator=U23 New Designator=U?
Change Component Designator: Old Designator=U32 New Designator=U?
