Add Pin To Net: Unknown Pin: Pin MH1-2
Add Pin To Net: Unknown Pin: Pin MH1-3
Add Pin To Net: Unknown Pin: Pin MH1-4
Add Pin To Net: Unknown Pin: Pin MH1-5
Add Pin To Net: Unknown Pin: Pin MH1-6
Add Pin To Net: Unknown Pin: Pin MH1-7
Add Pin To Net: Unknown Pin: Pin MH2-2
Add Pin To Net: Unknown Pin: Pin MH2-3
Add Pin To Net: Unknown Pin: Pin MH2-4
Add Pin To Net: Unknown Pin: Pin MH2-5
Add Pin To Net: Unknown Pin: Pin MH2-6
Add Pin To Net: Unknown Pin: Pin MH2-7
Add Pin To Net: Unknown Pin: Pin MH3-2
Add Pin To Net: Unknown Pin: Pin MH3-3
Add Pin To Net: Unknown Pin: Pin MH3-4
Add Pin To Net: Unknown Pin: Pin MH3-5
Add Pin To Net: Unknown Pin: Pin MH3-6
Add Pin To Net: Unknown Pin: Pin MH3-7
Add Pin To Net: Unknown Pin: Pin MH4-2
Add Pin To Net: Unknown Pin: Pin MH4-3
Add Pin To Net: Unknown Pin: Pin MH4-4
Add Pin To Net: Unknown Pin: Pin MH4-5
Add Pin To Net: Unknown Pin: Pin MH4-6
Add Pin To Net: Unknown Pin: Pin MH4-7
Add Pin To Net: Unknown Pin: Pin MH5-2
Add Pin To Net: Unknown Pin: Pin MH5-3
Add Pin To Net: Unknown Pin: Pin MH5-4
Add Pin To Net: Unknown Pin: Pin MH5-5
Add Pin To Net: Unknown Pin: Pin MH5-6
Add Pin To Net: Unknown Pin: Pin MH5-7
Add Pin To Net: Unknown Pin: Pin MH6-2
Add Pin To Net: Unknown Pin: Pin MH6-3
Add Pin To Net: Unknown Pin: Pin MH6-4
Add Pin To Net: Unknown Pin: Pin MH6-5
Add Pin To Net: Unknown Pin: Pin MH6-6
Add Pin To Net: Unknown Pin: Pin MH6-7
Add Pin To Net: Unknown Pin: Pin MH7-2
Add Pin To Net: Unknown Pin: Pin MH7-3
Add Pin To Net: Unknown Pin: Pin MH7-4
Add Pin To Net: Unknown Pin: Pin MH7-5
Add Pin To Net: Unknown Pin: Pin MH7-6
Add Pin To Net: Unknown Pin: Pin MH7-7
Change Net Name : Old Net Name=NetR71_2 New Net Name=INT_USB_N
Change Net Name : Old Net Name=NetR74_2 New Net Name=INT_USB_P
Change Net Name : Old Net Name=USB2_N New Net Name=RPI_USB_N
Change Net Name : Old Net Name=USB2_P New Net Name=RPI_USB_P
Added Differential Pair: Name=DBG_USB
Added Differential Pair: Name=HDMI0_CK
Added Differential Pair: Name=HDMI0_D0
Added Differential Pair: Name=HDMI0_D1
Added Differential Pair: Name=HDMI0_D2
Added Differential Pair: Name=HDMI1_CK
Added Differential Pair: Name=HDMI1_D0
Added Differential Pair: Name=HDMI1_D1
Added Differential Pair: Name=HDMI1_D2
Added Differential Pair: Name=INT_USB
Added Differential Pair: Name=RPI_USB
Added Differential Pair: Name=TRD0
Added Differential Pair: Name=TRD1
Added Differential Pair: Name=TRD2
Added Differential Pair: Name=TRD3
Added Differential Pair: Name=USB3_0_D
Added Differential Pair: Name=USB3_0_RX
Added Differential Pair: Name=USB3_0_TX
Added Differential Pair: Name=USB3_1_D
Added Differential Pair: Name=USB3_1_RX
Added Differential Pair: Name=USB3_1_TX
Added Class: Name=85DIFF
Added Class: Name=90DIFF
Removed Member From Class: ClassName=USB2 Member=D0
Removed Member From Class: ClassName=USB2 Member=D1
Removed Member From Class: ClassName=USB2 Member=D2
Removed Member From Class: ClassName=USB2 Member=D3
Added Member To Class: ClassName=100DIFF Member=HDMI0_CK
Added Member To Class: ClassName=100DIFF Member=HDMI0_D0
Added Member To Class: ClassName=100DIFF Member=HDMI0_D1
Added Member To Class: ClassName=100DIFF Member=HDMI0_D2
Added Member To Class: ClassName=100DIFF Member=HDMI1_CK
Added Member To Class: ClassName=100DIFF Member=HDMI1_D0
Added Member To Class: ClassName=100DIFF Member=HDMI1_D1
Added Member To Class: ClassName=100DIFF Member=HDMI1_D2
Added Member To Class: ClassName=100DIFF Member=TRD0
Added Member To Class: ClassName=100DIFF Member=TRD1
Added Member To Class: ClassName=100DIFF Member=TRD2
Added Member To Class: ClassName=100DIFF Member=TRD3
