Removed Pin From Net: NetName=BAT_12V Pin=F8-1
Removed Pin From Net: NetName=BAT_12V Pin=F16-1
Removed Member From Class: ClassName=PWR_MGMT Member=F8
Removed Member From Class: ClassName=PWR_MGMT Member=F16
Added Component: Designator=XF1(KSTN-3557-2)
Add component (AddParameter): Name = "Category"; Value = "CircuitProtection"; VariantName = "[No Variations]"
Add component (AddParameter): Name = "Contact Finish"; Value = "TinNickel"; VariantName = "[No Variations]"
Add component (AddParameter): Name = "Contact Material"; Value = "Brass"; VariantName = "[No Variations]"
Add component (AddParameter): Name = "Current Rating"; Value = "30A"; VariantName = "[No Variations]"
Add component (AddParameter): Name = "Datasheet URL"; Value = "http://datasheet.octopart.com/3557-2-Keystone-datasheet-15715937.pdf"; VariantName = "[No Variations]"
Add component (AddParameter): Name = "Datasheet Version"; Value = "Apr-13"; VariantName = "[No Variations]"
Add component (AddParameter): Name = "Family"; Value = "Fuseholders"; VariantName = "[No Variations]"
Add component (AddParameter): Name = "For Use With/Related Products"; Value = "ATC,ATO257,MINI897"; VariantName = "[No Variations]"
Add component (AddParameter): Name = "Fuse Size"; Value = "0.43"Lx0.15"Wx0.64"H(10.92mmx3.81mmx16.25mm)"; VariantName = "[No Variations]"
Add component (AddParameter): Name = "Fuse Type"; Value = "Blade"; VariantName = "[No Variations]"
Add component (AddParameter): Name = "Fuseholder Type"; Value = "Block"; VariantName = "[No Variations]"
Add component (AddParameter): Name = "Manufacturer"; Value = "Keystone-Electronics"; VariantName = "[No Variations]"
Add component (AddParameter): Name = "Manufacturer URL"; Value = "http://www.keyelco.com/"; VariantName = "[No Variations]"
Add component (AddParameter): Name = "Mounting Type"; Value = "PCB"; VariantName = "[No Variations]"
Add component (AddParameter): Name = "Number of Circuits"; Value = "1"; VariantName = "[No Variations]"
Add component (AddParameter): Name = "Orientation"; Value = "Vertical"; VariantName = "[No Variations]"
Add component (AddParameter): Name = "Series"; Value = "-"; VariantName = "[No Variations]"
Add component (AddParameter): Name = "Termination Style"; Value = "PCPin"; VariantName = "[No Variations]"
Add component (AddParameter): Name = "Voltage"; Value = "500V"; VariantName = "[No Variations]"
Add Pin To Net: Unknown Pin: Pin MH1-2
Add Pin To Net: Unknown Pin: Pin MH1-3
Add Pin To Net: Unknown Pin: Pin MH1-4
Add Pin To Net: Unknown Pin: Pin MH1-5
Add Pin To Net: Unknown Pin: Pin MH1-6
Add Pin To Net: Unknown Pin: Pin MH1-7
Add Pin To Net: Unknown Pin: Pin MH2-2
Add Pin To Net: Unknown Pin: Pin MH2-3
Add Pin To Net: Unknown Pin: Pin MH2-4
Add Pin To Net: Unknown Pin: Pin MH2-5
Add Pin To Net: Unknown Pin: Pin MH2-6
Add Pin To Net: Unknown Pin: Pin MH2-7
Add Pin To Net: Unknown Pin: Pin MH3-2
Add Pin To Net: Unknown Pin: Pin MH3-3
Add Pin To Net: Unknown Pin: Pin MH3-4
Add Pin To Net: Unknown Pin: Pin MH3-5
Add Pin To Net: Unknown Pin: Pin MH3-6
Add Pin To Net: Unknown Pin: Pin MH3-7
Add Pin To Net: Unknown Pin: Pin MH4-2
Add Pin To Net: Unknown Pin: Pin MH4-3
Add Pin To Net: Unknown Pin: Pin MH4-4
Add Pin To Net: Unknown Pin: Pin MH4-5
Add Pin To Net: Unknown Pin: Pin MH4-6
Add Pin To Net: Unknown Pin: Pin MH4-7
Add Pin To Net: Unknown Pin: Pin MH5-2
Add Pin To Net: Unknown Pin: Pin MH5-3
Add Pin To Net: Unknown Pin: Pin MH5-4
Add Pin To Net: Unknown Pin: Pin MH5-5
Add Pin To Net: Unknown Pin: Pin MH5-6
Add Pin To Net: Unknown Pin: Pin MH5-7
Add Pin To Net: Unknown Pin: Pin MH6-2
Add Pin To Net: Unknown Pin: Pin MH6-3
Add Pin To Net: Unknown Pin: Pin MH6-4
Add Pin To Net: Unknown Pin: Pin MH6-5
Add Pin To Net: Unknown Pin: Pin MH6-6
Add Pin To Net: Unknown Pin: Pin MH6-7
Add Pin To Net: Unknown Pin: Pin MH7-2
Add Pin To Net: Unknown Pin: Pin MH7-3
Add Pin To Net: Unknown Pin: Pin MH7-4
Add Pin To Net: Unknown Pin: Pin MH7-5
Add Pin To Net: Unknown Pin: Pin MH7-6
Add Pin To Net: Unknown Pin: Pin MH7-7
Add Pin To Net: Unknown Pin: Pin MH8-2
Add Pin To Net: Unknown Pin: Pin MH8-3
Add Pin To Net: Unknown Pin: Pin MH8-4
Add Pin To Net: Unknown Pin: Pin MH8-5
Add Pin To Net: Unknown Pin: Pin MH8-6
Add Pin To Net: Unknown Pin: Pin MH8-7
Add Pin To Net: Unknown Pin: Pin MH9-2
Add Pin To Net: Unknown Pin: Pin MH9-3
Add Pin To Net: Unknown Pin: Pin MH9-4
Add Pin To Net: Unknown Pin: Pin MH9-5
Add Pin To Net: Unknown Pin: Pin MH9-6
Add Pin To Net: Unknown Pin: Pin MH9-7
Add Pin To Net: Unknown Pin: Pin MH10-2
Add Pin To Net: Unknown Pin: Pin MH10-3
Add Pin To Net: Unknown Pin: Pin MH10-4
Add Pin To Net: Unknown Pin: Pin MH10-5
Add Pin To Net: Unknown Pin: Pin MH10-6
Add Pin To Net: Unknown Pin: Pin MH10-7
Add Pin To Net: Unknown Pin: Pin MH11-2
Add Pin To Net: Unknown Pin: Pin MH11-3
Add Pin To Net: Unknown Pin: Pin MH11-4
Add Pin To Net: Unknown Pin: Pin MH11-5
Add Pin To Net: Unknown Pin: Pin MH11-6
Add Pin To Net: Unknown Pin: Pin MH11-7
Add Pin To Net: Unknown Pin: Pin MH12-2
Add Pin To Net: Unknown Pin: Pin MH12-3
Add Pin To Net: Unknown Pin: Pin MH12-4
Add Pin To Net: Unknown Pin: Pin MH12-5
Add Pin To Net: Unknown Pin: Pin MH12-6
Add Pin To Net: Unknown Pin: Pin MH12-7
Add Pin To Net: Unknown Pin: Pin MH13-2
Add Pin To Net: Unknown Pin: Pin MH13-3
Add Pin To Net: Unknown Pin: Pin MH13-4
Add Pin To Net: Unknown Pin: Pin MH13-5
Add Pin To Net: Unknown Pin: Pin MH13-6
Add Pin To Net: Unknown Pin: Pin MH13-7
Add Pin To Net: Unknown Pin: Pin MH14-2
Add Pin To Net: Unknown Pin: Pin MH14-3
Add Pin To Net: Unknown Pin: Pin MH14-4
Add Pin To Net: Unknown Pin: Pin MH14-5
Add Pin To Net: Unknown Pin: Pin MH14-6
Add Pin To Net: Unknown Pin: Pin MH14-7
Added Pin To Net: NetName=BAT_12V Pin=XF1-1
Added Pin To Net: NetName=BAT_12V Pin=XF1-2
Added Pin To Net: NetName=NetQ3_5-6-7-8 Pin=Q3-5-6-7-8
Added Pin To Net: NetName=NetQ3_5-6-7-8 Pin=Q5-5-6-7-8
Added Pin To Net: NetName=NetQ3_5-6-7-8 Pin=XF1-3
Added Pin To Net: NetName=NetQ3_5-6-7-8 Pin=XF1-4
Added Net: Name=NetQ3_5-6-7-8
Added Member To Class: ClassName=PWR_MGMT Member=Component XF1 3557-2
