Removed Pin From Net: NetName=MAX96751_HDMI_5V Pin=U22-2
Removed Pin From Net: NetName=MAX96751_LMN0B Pin=U22-3
Removed Pin From Net: NetName=MAX96751_LMN1B Pin=U22-4
Removed Pin From Net: NetName=MAX96751_SIOB_N Pin=U22-5
Removed Pin From Net: NetName=MAX96751_SIOB_P Pin=U22-6
Removed Pin From Net: NetName=3V3_I2C0_SDA Pin=U22-10
Removed Pin From Net: NetName=3V3_I2C0_SCL Pin=U22-11
Removed Pin From Net: NetName=3V3_MAX96751_nLOCK Pin=U22-13
Removed Pin From Net: NetName=3V3_MAX96751_nERRB Pin=U22-14
Removed Pin From Net: NetName=MAX96751_X_P Pin=U22-15
Removed Pin From Net: NetName=MAX96751_X_N Pin=U22-16
Removed Pin From Net: NetName=NetR207_1 Pin=U22-19
Removed Pin From Net: NetName=MAX96751_SIOA_P Pin=U22-21
Removed Pin From Net: NetName=MAX96751_SIOA_N Pin=U22-22
Removed Pin From Net: NetName=MAX96751_LMN0A Pin=U22-23
Removed Pin From Net: NetName=MAX96751_LMN1A Pin=U22-24
Removed Pin From Net: NetName=MAX96751_DDC_SCK Pin=U22-25
Removed Pin From Net: NetName=MAX96751_DDC_SDA Pin=U22-26
Removed Pin From Net: NetName=3V3_MAX96751_nPWDN Pin=U22-27
Removed Pin From Net: NetName=MAX96751_CLK_N Pin=U22-45
Removed Pin From Net: NetName=MAX96751_CLK_P Pin=U22-46
Removed Pin From Net: NetName=MAX96751_RX0_N Pin=U22-48
Removed Pin From Net: NetName=MAX96751_RX0_P Pin=U22-49
Removed Pin From Net: NetName=MAX96751_RX1_N Pin=U22-50
Removed Pin From Net: NetName=MAX96751_RX1_P Pin=U22-51
Removed Pin From Net: NetName=MAX96751_RX2_N Pin=U22-52
Removed Pin From Net: NetName=MAX96751_RX2_P Pin=U22-53
Change Managed Component Library Link : Designator=U22 Old VaultGUID=275DD9A0-BDD9-47D7-8C38-F690E90B05B9 New VaultGUID=275DD9A0-BDD9-47D7-8C38-F690E90B05B9 Old ItemGUID=dc1de2fc-3805-4f0f-bed1-036cc441d267 New ItemGUID=dc1de2fc-3805-4f0f-bed1-036cc441d267 Old RevisionGUID=9fabef12-55b1-4ce9-b6e5-9caf88eb1a68 New RevisionGUID=b4c5b266-55bd-4d23-a416-707e64247b5c
Add Pin To Net: Unknown Pin: Pin MH1-2
Add Pin To Net: Unknown Pin: Pin MH1-3
Add Pin To Net: Unknown Pin: Pin MH1-4
Add Pin To Net: Unknown Pin: Pin MH1-5
Add Pin To Net: Unknown Pin: Pin MH1-6
Add Pin To Net: Unknown Pin: Pin MH1-7
Add Pin To Net: Unknown Pin: Pin MH2-2
Add Pin To Net: Unknown Pin: Pin MH2-3
Add Pin To Net: Unknown Pin: Pin MH2-4
Add Pin To Net: Unknown Pin: Pin MH2-5
Add Pin To Net: Unknown Pin: Pin MH2-6
Add Pin To Net: Unknown Pin: Pin MH2-7
Add Pin To Net: Unknown Pin: Pin MH3-2
Add Pin To Net: Unknown Pin: Pin MH3-3
Add Pin To Net: Unknown Pin: Pin MH3-4
Add Pin To Net: Unknown Pin: Pin MH3-5
Add Pin To Net: Unknown Pin: Pin MH3-6
Add Pin To Net: Unknown Pin: Pin MH3-7
Add Pin To Net: Unknown Pin: Pin MH4-2
Add Pin To Net: Unknown Pin: Pin MH4-3
Add Pin To Net: Unknown Pin: Pin MH4-4
Add Pin To Net: Unknown Pin: Pin MH4-5
Add Pin To Net: Unknown Pin: Pin MH4-6
Add Pin To Net: Unknown Pin: Pin MH4-7
Add Pin To Net: Unknown Pin: Pin MH5-2
Add Pin To Net: Unknown Pin: Pin MH5-3
Add Pin To Net: Unknown Pin: Pin MH5-4
Add Pin To Net: Unknown Pin: Pin MH5-5
Add Pin To Net: Unknown Pin: Pin MH5-6
Add Pin To Net: Unknown Pin: Pin MH5-7
Add Pin To Net: Unknown Pin: Pin MH6-2
Add Pin To Net: Unknown Pin: Pin MH6-3
Add Pin To Net: Unknown Pin: Pin MH6-4
Add Pin To Net: Unknown Pin: Pin MH6-5
Add Pin To Net: Unknown Pin: Pin MH6-6
Add Pin To Net: Unknown Pin: Pin MH6-7
Add Pin To Net: Unknown Pin: Pin MH7-2
Add Pin To Net: Unknown Pin: Pin MH7-3
Add Pin To Net: Unknown Pin: Pin MH7-4
Add Pin To Net: Unknown Pin: Pin MH7-5
Add Pin To Net: Unknown Pin: Pin MH7-6
Add Pin To Net: Unknown Pin: Pin MH7-7
Add Pin To Net: Unknown Pin: Pin MH8-2
Add Pin To Net: Unknown Pin: Pin MH8-3
Add Pin To Net: Unknown Pin: Pin MH8-4
Add Pin To Net: Unknown Pin: Pin MH8-5
Add Pin To Net: Unknown Pin: Pin MH8-6
Add Pin To Net: Unknown Pin: Pin MH8-7
Add Pin To Net: Unknown Pin: Pin MH9-2
Add Pin To Net: Unknown Pin: Pin MH9-3
Add Pin To Net: Unknown Pin: Pin MH9-4
Add Pin To Net: Unknown Pin: Pin MH9-5
Add Pin To Net: Unknown Pin: Pin MH9-6
Add Pin To Net: Unknown Pin: Pin MH9-7
Add Pin To Net: Unknown Pin: Pin MH10-2
Add Pin To Net: Unknown Pin: Pin MH10-3
Add Pin To Net: Unknown Pin: Pin MH10-4
Add Pin To Net: Unknown Pin: Pin MH10-5
Add Pin To Net: Unknown Pin: Pin MH10-6
Add Pin To Net: Unknown Pin: Pin MH10-7
Add Pin To Net: Unknown Pin: Pin MH11-2
Add Pin To Net: Unknown Pin: Pin MH11-3
Add Pin To Net: Unknown Pin: Pin MH11-4
Add Pin To Net: Unknown Pin: Pin MH11-5
Add Pin To Net: Unknown Pin: Pin MH11-6
Add Pin To Net: Unknown Pin: Pin MH11-7
Add Pin To Net: Unknown Pin: Pin MH12-2
Add Pin To Net: Unknown Pin: Pin MH12-3
Add Pin To Net: Unknown Pin: Pin MH12-4
Add Pin To Net: Unknown Pin: Pin MH12-5
Add Pin To Net: Unknown Pin: Pin MH12-6
Add Pin To Net: Unknown Pin: Pin MH12-7
Added Pin To Net: NetName=MAX96751_HDMI_5V Pin=U22-2
Added Pin To Net: NetName=MAX96751_LMN0B Pin=U22-3
Added Pin To Net: NetName=MAX96751_LMN1B Pin=U22-4
Added Pin To Net: NetName=MAX96751_SIOB_N Pin=U22-5
Added Pin To Net: NetName=MAX96751_SIOB_P Pin=U22-6
Added Pin To Net: NetName=3V3_I2C0_SDA Pin=U22-10
Added Pin To Net: NetName=3V3_I2C0_SCL Pin=U22-11
Added Pin To Net: NetName=3V3_MAX96751_nLOCK Pin=U22-13
Added Pin To Net: NetName=3V3_MAX96751_nERRB Pin=U22-14
Added Pin To Net: NetName=MAX96751_X_P Pin=U22-15
Added Pin To Net: NetName=MAX96751_X_N Pin=U22-16
Added Pin To Net: NetName=NetR207_1 Pin=U22-19
Added Pin To Net: NetName=MAX96751_SIOA_P Pin=U22-21
Added Pin To Net: NetName=MAX96751_SIOA_N Pin=U22-22
Added Pin To Net: NetName=MAX96751_LMN0A Pin=U22-23
Added Pin To Net: NetName=MAX96751_LMN1A Pin=U22-24
Added Pin To Net: NetName=MAX96751_DDC_SCK Pin=U22-25
Added Pin To Net: NetName=MAX96751_DDC_SDA Pin=U22-26
Added Pin To Net: NetName=3V3_MAX96751_nPWDN Pin=U22-27
Added Pin To Net: NetName=MAX96751_CLK_N Pin=U22-45
Added Pin To Net: NetName=MAX96751_CLK_P Pin=U22-46
Added Pin To Net: NetName=MAX96751_RX0_N Pin=U22-48
Added Pin To Net: NetName=MAX96751_RX0_P Pin=U22-49
Added Pin To Net: NetName=MAX96751_RX1_N Pin=U22-50
Added Pin To Net: NetName=MAX96751_RX1_P Pin=U22-51
Added Pin To Net: NetName=MAX96751_RX2_N Pin=U22-52
Added Pin To Net: NetName=MAX96751_RX2_P Pin=U22-53
