Removed Pin From Net: NetName=GND Pin=D22-3
Removed Pin From Net: NetName=GND Pin=D22-8
Removed Pin From Net: NetName=GND Pin=J6-4
Removed Pin From Net: NetName=USBSS1_TX_N Pin=J6-5
Removed Pin From Net: NetName=USBSS1_TX_P Pin=J6-6
Removed Pin From Net: NetName=USBSS1_RX_N Pin=J6-8
Removed Pin From Net: NetName=USBSS1_RX_P Pin=J6-9
Removed Pin From Net: NetName=GND Pin=J6-SH1
Removed Pin From Net: NetName=GND Pin=J6-SH2
Removed Pin From Net: NetName=GND Pin=J6-SH3
Removed Member From Class: ClassName=ADAS_ECU_revA Member=D22
Change Component Footprint: Designator=J6 Old Footprint=GSB422137EU-Footprint-1 New Footprint=FCI-10118193-0001LF-5_V
Change Footprint: Cannot match pads with new footprint in component :MH1 Footprint:PTHV6 M2
Change Footprint: Cannot match pads with new footprint in component :MH2 Footprint:PTHV6 M2
Change Footprint: Cannot match pads with new footprint in component :MH3 Footprint:PTHV6 M2
Change Footprint: Cannot match pads with new footprint in component :MH4 Footprint:PTHV6 M2
Change Footprint: Cannot match pads with new footprint in component :MH5 Footprint:PTHV6 M2
Change Footprint: Cannot match pads with new footprint in component :MH6 Footprint:PTHV6 M2
Change Footprint: Cannot match pads with new footprint in component :MH7 Footprint:PTHV6 M2
Change Footprint: Cannot match pads with new footprint in component :MH9 Footprint:PTHV6 M2
Change Footprint: Cannot match pads with new footprint in component :MH10 Footprint:PTHV6 M2
Change Footprint: Cannot match pads with new footprint in component :MH11 Footprint:PTHV6 M2
Change Footprint: Cannot match pads with new footprint in component :MH12 Footprint:PTHV6 M2
Change Component Comment : Designator=J6 Old Comment=GSB422137EU New Comment=10118193-0001LF
Change Managed Component Library Link : Designator=J6 Old VaultGUID=275DD9A0-BDD9-47D7-8C38-F690E90B05B9 New VaultGUID=B7D15EC3-160A-466F-A46C-7801FE6295A7 Old ItemGUID=536690a3-6534-46bf-a7ab-2f19c395eff0 New ItemGUID=5256D7CF-63DF-4EC0-84F0-DBA534DF5882 Old RevisionGUID=e0f8a42d-f831-452c-b519-f961146803d3 New RevisionGUID=2E9B5778-D9D3-4549-BAC4-5E8A13EFCD63
Change component parameters: Designator = "J6" ("J6"); Footprint = "GSB422137EU-Footprint-1"; UniqueID = "\ZJNHEUMJ" ("\ZJNHEUMJ")
Change component parameters (AddParameter): Name = "Brand"; Value = "FCI"; VariantName = "[No Variations]"
Change component parameters (AddParameter): Name = "Color"; Value = "Black"; VariantName = "[No Variations]"
Change component parameters (AddParameter): Name = "Connector Type"; Value = "MicroUSBTypeBreceptacle"; VariantName = "[No Variations]"
Change component parameters (AddParameter): Name = "Contact Material"; Value = "CopperAlloy"; VariantName = "[No Variations]"
Change component parameters (AddParameter): Name = "Contact Plating"; Value = "Gold"; VariantName = "[No Variations]"
Change component parameters (AddParameter): Name = "Current Rating"; Value = "1.8A"; VariantName = "[No Variations]"
Change component parameters (AddParameter): Name = "Datasheet URL"; Value = "http://datasheet.octopart.com/10118193-0001LF-FCI-datasheet-55953155.pdf"; VariantName = "[No Variations]"
Change component parameters (AddParameter): Name = "Datasheet Version"; Value = "Rev. C, 05/2015"; VariantName = "[No Variations]"
Change component parameters (AddParameter): Name = "Factory Pack Quantity"; Value = "1200"; VariantName = "[No Variations]"
Change component parameters (AddParameter): Name = "Flammability Rating"; Value = "UL94V-0"; VariantName = "[No Variations]"
Change component parameters (AddParameter): Name = "Gender"; Value = "Female"; VariantName = "[No Variations]"
Change component parameters (AddParameter): Name = "Insulation Resistance"; Value = "1000MOhms"; VariantName = "[No Variations]"
Change component parameters (AddParameter): Name = "Manufacturer"; Value = "FCI"; VariantName = "[No Variations]"
Change component parameters (AddParameter): Name = "Manufacturer URL"; Value = "http://www.fci.com/"; VariantName = "[No Variations]"
Change component parameters (AddParameter): Name = "Mounting Angle"; Value = "Right"; VariantName = "[No Variations]"
Change component parameters (AddParameter): Name = "Number of Contacts"; Value = "5Contact"; VariantName = "[No Variations]"
Change component parameters (AddParameter): Name = "Operating Temperature Range"; Value = "-55Cto+85C"; VariantName = "[No Variations]"
Change component parameters (AddParameter): Name = "Packaging"; Value = "Reel"; VariantName = "[No Variations]"
Change component parameters (AddParameter): Name = "Product"; Value = "MicroUSBTypeBConnectors"; VariantName = "[No Variations]"
Change component parameters (AddParameter): Name = "Product Category"; Value = "USBConnectors"; VariantName = "[No Variations]"
Change component parameters (AddParameter): Name = "RoHS"; Value = "Details"; VariantName = "[No Variations]"
Change component parameters (AddParameter): Name = "Standard"; Value = "USB2.0"; VariantName = "[No Variations]"
Change component parameters (AddParameter): Name = "Termination Style"; Value = "SMD/SMT"; VariantName = "[No Variations]"
Added Pin To Net: NetName=USB2_0_P Pin=D23-1
Added Pin To Net: NetName=USB2_0_N Pin=D23-2
Added Pin To Net: NetName=5V0_DBG_USB_VBUS Pin=D23-4
Added Pin To Net: NetName=GND Pin=J6-5
Added Pin To Net: NetName=GND Pin=J6-6
Added Pin To Net: NetName=GND Pin=J6-8
Added Pin To Net: NetName=GND Pin=J6-9
Added Pin To Net: NetName=GND Pin=J6-10
Added Pin To Net: NetName=GND Pin=J6-11
Add Pin To Net: Unknown Pin: Pin MH1-2
Add Pin To Net: Unknown Pin: Pin MH1-3
Add Pin To Net: Unknown Pin: Pin MH1-4
Add Pin To Net: Unknown Pin: Pin MH1-5
Add Pin To Net: Unknown Pin: Pin MH1-6
Add Pin To Net: Unknown Pin: Pin MH1-7
Add Pin To Net: Unknown Pin: Pin MH2-2
Add Pin To Net: Unknown Pin: Pin MH2-3
Add Pin To Net: Unknown Pin: Pin MH2-4
Add Pin To Net: Unknown Pin: Pin MH2-5
Add Pin To Net: Unknown Pin: Pin MH2-6
Add Pin To Net: Unknown Pin: Pin MH2-7
Add Pin To Net: Unknown Pin: Pin MH3-2
Add Pin To Net: Unknown Pin: Pin MH3-3
Add Pin To Net: Unknown Pin: Pin MH3-4
Add Pin To Net: Unknown Pin: Pin MH3-5
Add Pin To Net: Unknown Pin: Pin MH3-6
Add Pin To Net: Unknown Pin: Pin MH3-7
Add Pin To Net: Unknown Pin: Pin MH4-2
Add Pin To Net: Unknown Pin: Pin MH4-3
Add Pin To Net: Unknown Pin: Pin MH4-4
Add Pin To Net: Unknown Pin: Pin MH4-5
Add Pin To Net: Unknown Pin: Pin MH4-6
Add Pin To Net: Unknown Pin: Pin MH4-7
Add Pin To Net: Unknown Pin: Pin MH5-2
Add Pin To Net: Unknown Pin: Pin MH5-3
Add Pin To Net: Unknown Pin: Pin MH5-4
Add Pin To Net: Unknown Pin: Pin MH5-5
Add Pin To Net: Unknown Pin: Pin MH5-6
Add Pin To Net: Unknown Pin: Pin MH5-7
Add Pin To Net: Unknown Pin: Pin MH6-2
Add Pin To Net: Unknown Pin: Pin MH6-3
Add Pin To Net: Unknown Pin: Pin MH6-4
Add Pin To Net: Unknown Pin: Pin MH6-5
Add Pin To Net: Unknown Pin: Pin MH6-6
Add Pin To Net: Unknown Pin: Pin MH6-7
Add Pin To Net: Unknown Pin: Pin MH7-2
Add Pin To Net: Unknown Pin: Pin MH7-3
Add Pin To Net: Unknown Pin: Pin MH7-4
Add Pin To Net: Unknown Pin: Pin MH7-5
Add Pin To Net: Unknown Pin: Pin MH7-6
Add Pin To Net: Unknown Pin: Pin MH7-7
Add Pin To Net: Unknown Pin: Pin MH9-2
Add Pin To Net: Unknown Pin: Pin MH9-3
Add Pin To Net: Unknown Pin: Pin MH9-4
Add Pin To Net: Unknown Pin: Pin MH9-5
Add Pin To Net: Unknown Pin: Pin MH9-6
Add Pin To Net: Unknown Pin: Pin MH9-7
Add Pin To Net: Unknown Pin: Pin MH10-2
Add Pin To Net: Unknown Pin: Pin MH10-3
Add Pin To Net: Unknown Pin: Pin MH10-4
Add Pin To Net: Unknown Pin: Pin MH10-5
Add Pin To Net: Unknown Pin: Pin MH10-6
Add Pin To Net: Unknown Pin: Pin MH10-7
Add Pin To Net: Unknown Pin: Pin MH11-2
Add Pin To Net: Unknown Pin: Pin MH11-3
Add Pin To Net: Unknown Pin: Pin MH11-4
Add Pin To Net: Unknown Pin: Pin MH11-5
Add Pin To Net: Unknown Pin: Pin MH11-6
Add Pin To Net: Unknown Pin: Pin MH11-7
Add Pin To Net: Unknown Pin: Pin MH12-2
Add Pin To Net: Unknown Pin: Pin MH12-3
Add Pin To Net: Unknown Pin: Pin MH12-4
Add Pin To Net: Unknown Pin: Pin MH12-5
Add Pin To Net: Unknown Pin: Pin MH12-6
Add Pin To Net: Unknown Pin: Pin MH12-7
Remove Class Member: Failed to remove class member
