Removed Pin From Net: NetName=MAX96724_PoC_A_V_DES_0_N Pin=C33_DES_0-1
Removed Pin From Net: NetName=MAX96724_PoC_A_V_DES_0_P Pin=C33_DES_0-2
Removed Pin From Net: NetName=MAX96724_PoC_A_V_DES_1_N Pin=C33_DES_1-1
Removed Pin From Net: NetName=MAX96724_PoC_A_V_DES_1_P Pin=C33_DES_1-2
Removed Pin From Net: NetName=MAX96724_PoC_B_V_DES_0_N Pin=C34_DES_0-1
Removed Pin From Net: NetName=MAX96724_PoC_B_V_DES_0_P Pin=C34_DES_0-2
Removed Pin From Net: NetName=MAX96724_PoC_B_V_DES_1_N Pin=C34_DES_1-1
Removed Pin From Net: NetName=MAX96724_PoC_B_V_DES_1_P Pin=C34_DES_1-2
Removed Pin From Net: NetName=MAX96724_PoC_C_V_DES_0_N Pin=C35_DES_0-1
Removed Pin From Net: NetName=MAX96724_PoC_C_V_DES_0_P Pin=C35_DES_0-2
Removed Pin From Net: NetName=MAX96724_PoC_C_V_DES_1_N Pin=C35_DES_1-1
Removed Pin From Net: NetName=MAX96724_PoC_C_V_DES_1_P Pin=C35_DES_1-2
Removed Pin From Net: NetName=MAX96724_PoC_D_V_DES_0_N Pin=C46_DES_0-1
Removed Pin From Net: NetName=MAX96724_PoC_D_V_DES_0_P Pin=C46_DES_0-2
Removed Pin From Net: NetName=MAX96724_PoC_D_V_DES_1_N Pin=C46_DES_1-1
Removed Pin From Net: NetName=MAX96724_PoC_D_V_DES_1_P Pin=C46_DES_1-2
Add Pin To Net: Unknown Pin: Pin MH1-2
Add Pin To Net: Unknown Pin: Pin MH1-3
Add Pin To Net: Unknown Pin: Pin MH1-4
Add Pin To Net: Unknown Pin: Pin MH1-5
Add Pin To Net: Unknown Pin: Pin MH1-6
Add Pin To Net: Unknown Pin: Pin MH1-7
Add Pin To Net: Unknown Pin: Pin MH2-2
Add Pin To Net: Unknown Pin: Pin MH2-3
Add Pin To Net: Unknown Pin: Pin MH2-4
Add Pin To Net: Unknown Pin: Pin MH2-5
Add Pin To Net: Unknown Pin: Pin MH2-6
Add Pin To Net: Unknown Pin: Pin MH2-7
Add Pin To Net: Unknown Pin: Pin MH3-2
Add Pin To Net: Unknown Pin: Pin MH3-3
Add Pin To Net: Unknown Pin: Pin MH3-4
Add Pin To Net: Unknown Pin: Pin MH3-5
Add Pin To Net: Unknown Pin: Pin MH3-6
Add Pin To Net: Unknown Pin: Pin MH3-7
Add Pin To Net: Unknown Pin: Pin MH4-2
Add Pin To Net: Unknown Pin: Pin MH4-3
Add Pin To Net: Unknown Pin: Pin MH4-4
Add Pin To Net: Unknown Pin: Pin MH4-5
Add Pin To Net: Unknown Pin: Pin MH4-6
Add Pin To Net: Unknown Pin: Pin MH4-7
Add Pin To Net: Unknown Pin: Pin MH5-2
Add Pin To Net: Unknown Pin: Pin MH5-3
Add Pin To Net: Unknown Pin: Pin MH5-4
Add Pin To Net: Unknown Pin: Pin MH5-5
Add Pin To Net: Unknown Pin: Pin MH5-6
Add Pin To Net: Unknown Pin: Pin MH5-7
Add Pin To Net: Unknown Pin: Pin MH6-2
Add Pin To Net: Unknown Pin: Pin MH6-3
Add Pin To Net: Unknown Pin: Pin MH6-4
Add Pin To Net: Unknown Pin: Pin MH6-5
Add Pin To Net: Unknown Pin: Pin MH6-6
Add Pin To Net: Unknown Pin: Pin MH6-7
Add Pin To Net: Unknown Pin: Pin MH7-2
Add Pin To Net: Unknown Pin: Pin MH7-3
Add Pin To Net: Unknown Pin: Pin MH7-4
Add Pin To Net: Unknown Pin: Pin MH7-5
Add Pin To Net: Unknown Pin: Pin MH7-6
Add Pin To Net: Unknown Pin: Pin MH7-7
Add Pin To Net: Unknown Pin: Pin MH8-2
Add Pin To Net: Unknown Pin: Pin MH8-3
Add Pin To Net: Unknown Pin: Pin MH8-4
Add Pin To Net: Unknown Pin: Pin MH8-5
Add Pin To Net: Unknown Pin: Pin MH8-6
Add Pin To Net: Unknown Pin: Pin MH8-7
Add Pin To Net: Unknown Pin: Pin MH9-2
Add Pin To Net: Unknown Pin: Pin MH9-3
Add Pin To Net: Unknown Pin: Pin MH9-4
Add Pin To Net: Unknown Pin: Pin MH9-5
Add Pin To Net: Unknown Pin: Pin MH9-6
Add Pin To Net: Unknown Pin: Pin MH9-7
Add Pin To Net: Unknown Pin: Pin MH10-2
Add Pin To Net: Unknown Pin: Pin MH10-3
Add Pin To Net: Unknown Pin: Pin MH10-4
Add Pin To Net: Unknown Pin: Pin MH10-5
Add Pin To Net: Unknown Pin: Pin MH10-6
Add Pin To Net: Unknown Pin: Pin MH10-7
Add Pin To Net: Unknown Pin: Pin MH11-2
Add Pin To Net: Unknown Pin: Pin MH11-3
Add Pin To Net: Unknown Pin: Pin MH11-4
Add Pin To Net: Unknown Pin: Pin MH11-5
Add Pin To Net: Unknown Pin: Pin MH11-6
Add Pin To Net: Unknown Pin: Pin MH11-7
Add Pin To Net: Unknown Pin: Pin MH12-2
Add Pin To Net: Unknown Pin: Pin MH12-3
Add Pin To Net: Unknown Pin: Pin MH12-4
Add Pin To Net: Unknown Pin: Pin MH12-5
Add Pin To Net: Unknown Pin: Pin MH12-6
Add Pin To Net: Unknown Pin: Pin MH12-7
Added Pin To Net: NetName=NetC33_DES_0_1 Pin=C33_DES_0-1
Added Pin To Net: NetName=NetC33_DES_0_1 Pin=R34_DES_0-2
Added Pin To Net: NetName=NetC33_DES_0_1 Pin=U4_DES_0-12
Added Net: Name=NetC33_DES_0_1
Added Pin To Net: NetName=NetC33_DES_0_2 Pin=C33_DES_0-2
Added Pin To Net: NetName=NetC33_DES_0_2 Pin=R33_DES_0-2
Added Pin To Net: NetName=NetC33_DES_0_2 Pin=U4_DES_0-11
Added Net: Name=NetC33_DES_0_2
Added Pin To Net: NetName=NetC33_DES_1_1 Pin=C33_DES_1-1
Added Pin To Net: NetName=NetC33_DES_1_1 Pin=R34_DES_1-2
Added Pin To Net: NetName=NetC33_DES_1_1 Pin=U4_DES_1-12
Added Net: Name=NetC33_DES_1_1
Added Pin To Net: NetName=NetC33_DES_1_2 Pin=C33_DES_1-2
Added Pin To Net: NetName=NetC33_DES_1_2 Pin=R33_DES_1-2
Added Pin To Net: NetName=NetC33_DES_1_2 Pin=U4_DES_1-11
Added Net: Name=NetC33_DES_1_2
Added Pin To Net: NetName=NetC34_DES_0_1 Pin=C34_DES_0-1
Added Pin To Net: NetName=NetC34_DES_0_1 Pin=R36_DES_0-2
Added Pin To Net: NetName=NetC34_DES_0_1 Pin=U4_DES_0-14
Added Net: Name=NetC34_DES_0_1
Added Pin To Net: NetName=NetC34_DES_0_2 Pin=C34_DES_0-2
Added Pin To Net: NetName=NetC34_DES_0_2 Pin=R35_DES_0-2
Added Pin To Net: NetName=NetC34_DES_0_2 Pin=U4_DES_0-13
Added Net: Name=NetC34_DES_0_2
Added Pin To Net: NetName=NetC34_DES_1_1 Pin=C34_DES_1-1
Added Pin To Net: NetName=NetC34_DES_1_1 Pin=R36_DES_1-2
Added Pin To Net: NetName=NetC34_DES_1_1 Pin=U4_DES_1-14
Added Net: Name=NetC34_DES_1_1
Added Pin To Net: NetName=NetC34_DES_1_2 Pin=C34_DES_1-2
Added Pin To Net: NetName=NetC34_DES_1_2 Pin=R35_DES_1-2
Added Pin To Net: NetName=NetC34_DES_1_2 Pin=U4_DES_1-13
Added Net: Name=NetC34_DES_1_2
Added Pin To Net: NetName=NetC35_DES_0_1 Pin=C35_DES_0-1
Added Pin To Net: NetName=NetC35_DES_0_1 Pin=R38_DES_0-2
Added Pin To Net: NetName=NetC35_DES_0_1 Pin=U4_DES_0-7
Added Net: Name=NetC35_DES_0_1
Added Pin To Net: NetName=NetC35_DES_0_2 Pin=C35_DES_0-2
Added Pin To Net: NetName=NetC35_DES_0_2 Pin=R37_DES_0-2
Added Pin To Net: NetName=NetC35_DES_0_2 Pin=U4_DES_0-8
Added Net: Name=NetC35_DES_0_2
Added Pin To Net: NetName=NetC35_DES_1_1 Pin=C35_DES_1-1
Added Pin To Net: NetName=NetC35_DES_1_1 Pin=R38_DES_1-2
Added Pin To Net: NetName=NetC35_DES_1_1 Pin=U4_DES_1-7
Added Net: Name=NetC35_DES_1_1
Added Pin To Net: NetName=NetC35_DES_1_2 Pin=C35_DES_1-2
Added Pin To Net: NetName=NetC35_DES_1_2 Pin=R37_DES_1-2
Added Pin To Net: NetName=NetC35_DES_1_2 Pin=U4_DES_1-8
Added Net: Name=NetC35_DES_1_2
Added Pin To Net: NetName=NetC46_DES_0_1 Pin=C46_DES_0-1
Added Pin To Net: NetName=NetC46_DES_0_1 Pin=R42_DES_0-2
Added Pin To Net: NetName=NetC46_DES_0_1 Pin=U4_DES_0-9
Added Net: Name=NetC46_DES_0_1
Added Pin To Net: NetName=NetC46_DES_0_2 Pin=C46_DES_0-2
Added Pin To Net: NetName=NetC46_DES_0_2 Pin=R40_DES_0-2
Added Pin To Net: NetName=NetC46_DES_0_2 Pin=U4_DES_0-10
Added Net: Name=NetC46_DES_0_2
Added Pin To Net: NetName=NetC46_DES_1_1 Pin=C46_DES_1-1
Added Pin To Net: NetName=NetC46_DES_1_1 Pin=R42_DES_1-2
Added Pin To Net: NetName=NetC46_DES_1_1 Pin=U4_DES_1-9
Added Net: Name=NetC46_DES_1_1
Added Pin To Net: NetName=NetC46_DES_1_2 Pin=C46_DES_1-2
Added Pin To Net: NetName=NetC46_DES_1_2 Pin=R40_DES_1-2
Added Pin To Net: NetName=NetC46_DES_1_2 Pin=U4_DES_1-10
Added Net: Name=NetC46_DES_1_2
