Change Component Designator: Old Designator=BT? New Designator=BT1
Change Component Designator: Old Designator=C? New Designator=C231
Change Component Designator: Old Designator=C? New Designator=C232
Change Component Designator: Old Designator=C? New Designator=C233
Change Component Designator: Old Designator=C? New Designator=C234
Change Component Designator: Old Designator=C? New Designator=C235
Change Component Designator: Old Designator=C? New Designator=C236
Change Component Designator: Old Designator=C? New Designator=C237
Change Component Designator: Old Designator=C? New Designator=C238
Change Component Designator: Old Designator=C? New Designator=C239
Change Component Designator: Old Designator=C? New Designator=C240
Change Component Designator: Old Designator=D? New Designator=D30
Change Component Designator: Old Designator=MP? New Designator=MP3
Change Component Designator: Old Designator=MP? New Designator=MP4
Change Component Designator: Old Designator=Q? New Designator=Q32
Change Component Designator: Old Designator=Q? New Designator=Q33
Change Component Designator: Old Designator=Q? New Designator=Q32
Change Component Designator: Old Designator=Q? New Designator=Q33
Change Component Designator: Old Designator=R? New Designator=R220
Change Component Designator: Old Designator=R? New Designator=R221
Change Component Designator: Old Designator=R? New Designator=R222
Change Component Designator: Old Designator=R? New Designator=R223
Change Component Designator: Old Designator=R? New Designator=R224
Change Component Designator: Old Designator=R? New Designator=R225
Change Component Designator: Old Designator=R? New Designator=R226
Change Component Designator: Old Designator=R? New Designator=R227
Change Component Designator: Old Designator=R? New Designator=R228
Change Component Designator: Old Designator=R? New Designator=R229
Change Component Designator: Old Designator=R? New Designator=R230
Change Component Designator: Old Designator=R? New Designator=R231
Change Component Designator: Old Designator=R? New Designator=R232
Change Component Designator: Old Designator=R? New Designator=R233
Change Component Designator: Old Designator=R? New Designator=R234
Change Component Designator: Old Designator=R? New Designator=R235
Change Component Designator: Old Designator=R? New Designator=R236
Change Component Designator: Old Designator=R? New Designator=R237
Change Component Designator: Old Designator=R? New Designator=R238
Change Component Designator: Old Designator=R? New Designator=R239
Change Component Designator: Old Designator=R? New Designator=R240
Change Component Designator: Old Designator=R? New Designator=R241
Change Component Designator: Old Designator=R? New Designator=R242
Change Component Designator: Old Designator=R? New Designator=R243
Change Component Designator: Old Designator=R? New Designator=R244
Change Component Designator: Old Designator=U? New Designator=U27
Change Component Designator: Old Designator=U? New Designator=U27
Change Component Designator: Old Designator=U? New Designator=U26
