Change Component Designator: Old Designator=C146 New Designator=C138
Change Component Designator: Old Designator=C147 New Designator=C139
Change Component Designator: Old Designator=C148 New Designator=C140
Change Component Designator: Old Designator=C149 New Designator=C141
Change Component Designator: Old Designator=C150 New Designator=C142
Change Component Designator: Old Designator=C151 New Designator=C143
Change Component Designator: Old Designator=C152 New Designator=C144
Change Component Designator: Old Designator=C153 New Designator=C145
Change Component Designator: Old Designator=C154 New Designator=C146
Change Component Designator: Old Designator=D14 New Designator=D9
Change Component Designator: Old Designator=D15 New Designator=D10
Change Component Designator: Old Designator=L17 New Designator=L16
Change Component Designator: Old Designator=R196 New Designator=R179
Change Component Designator: Old Designator=R197 New Designator=R180
Change Component Designator: Old Designator=R198 New Designator=R181
Change Component Designator: Old Designator=R199 New Designator=R182
Change Component Designator: Old Designator=R200 New Designator=R183
Change Component Designator: Old Designator=R201 New Designator=R184
Change Component Designator: Old Designator=R202 New Designator=R185
Change Component Designator: Old Designator=R203 New Designator=R186
Change Component Designator: Old Designator=U23 New Designator=U21
Change Component Designator: Old Designator=U24 New Designator=U22
