Change Component Designator: Old Designator=C63 New Designator=C55
Change Component Designator: Old Designator=C64 New Designator=C56
Change Component Designator: Old Designator=C65 New Designator=C57
Change Component Designator: Old Designator=C66 New Designator=C58
Change Component Designator: Old Designator=C67 New Designator=C59
Change Component Designator: Old Designator=C68 New Designator=C60
Change Component Designator: Old Designator=C69 New Designator=C61
Change Component Designator: Old Designator=C70 New Designator=C62
Change Component Designator: Old Designator=C71 New Designator=C63
Change Component Designator: Old Designator=C72 New Designator=C64
Change Component Designator: Old Designator=D10 New Designator=D5
Change Component Designator: Old Designator=D11 New Designator=D6
Change Component Designator: Old Designator=L3 New Designator=L2
Change Component Designator: Old Designator=R79 New Designator=R62
Change Component Designator: Old Designator=R80 New Designator=R63
Change Component Designator: Old Designator=R81 New Designator=R64
Change Component Designator: Old Designator=R82 New Designator=R65
Change Component Designator: Old Designator=R83 New Designator=R66
Change Component Designator: Old Designator=R84 New Designator=R67
Change Component Designator: Old Designator=R85 New Designator=R68
Change Component Designator: Old Designator=R86 New Designator=R69
Change Component Designator: Old Designator=U9 New Designator=U7
Change Component Designator: Old Designator=U10 New Designator=U8
