Change Component Designator: Old Designator=C33 New Designator=C25
Change Component Designator: Old Designator=C34 New Designator=C26
Change Component Designator: Old Designator=C35 New Designator=C27
Change Component Designator: Old Designator=C36 New Designator=C28
Change Component Designator: Old Designator=C37 New Designator=C29
Change Component Designator: Old Designator=C38 New Designator=C30
Change Component Designator: Old Designator=C39 New Designator=C31
Change Component Designator: Old Designator=C40 New Designator=C32
Change Component Designator: Old Designator=C41 New Designator=C33
Change Component Designator: Old Designator=D8 New Designator=D3
Change Component Designator: Old Designator=L2 New Designator=L1
Change Component Designator: Old Designator=R50 New Designator=R33
Change Component Designator: Old Designator=R51 New Designator=R34
Change Component Designator: Old Designator=R52 New Designator=R35
Change Component Designator: Old Designator=R53 New Designator=R36
Change Component Designator: Old Designator=R54 New Designator=R37
Change Component Designator: Old Designator=R55 New Designator=R38
Change Component Designator: Old Designator=R56 New Designator=R39
Change Component Designator: Old Designator=R57 New Designator=R40
Change Component Designator: Old Designator=U4 New Designator=U2
Change Component Designator: Old Designator=U5 New Designator=U3
