Removed Pin From Net: NetName=GND Pin=C25-2
Removed Pin From Net: NetName=GND Pin=C55-2
Removed Pin From Net: NetName=GND Pin=C120-2
Removed Pin From Net: NetName=GND Pin=C121-2
Removed Pin From Net: NetName=GND Pin=C122-2
Removed Pin From Net: NetName=GND Pin=C123-2
Removed Pin From Net: NetName=GND Pin=C124-2
Removed Pin From Net: NetName=GND Pin=C125-2
Removed Pin From Net: NetName=GND Pin=C126-2
Removed Pin From Net: NetName=GND Pin=C127-2
Removed Pin From Net: NetName=GND Pin=C128-2
Removed Pin From Net: NetName=GND Pin=C129-2
Removed Pin From Net: NetName=GND Pin=C130-2
Removed Pin From Net: NetName=GND Pin=C131-2
Removed Pin From Net: NetName=GND Pin=C138-2
Removed Pin From Net: NetName=GND Pin=C249-2
Removed Pin From Net: NetName=GND Pin=MH1-1
Removed Pin From Net: NetName=GND Pin=MH1-1
Removed Pin From Net: NetName=GND Pin=MH1-1
Removed Pin From Net: NetName=GND Pin=MH1-1
Removed Pin From Net: NetName=GND Pin=MH1-1
Removed Pin From Net: NetName=GND Pin=MH1-1
Removed Pin From Net: NetName=GND Pin=MH1-1
Removed Pin From Net: NetName=GND Pin=MH1-1
Removed Pin From Net: NetName=GND Pin=MH1-1
Removed Pin From Net: NetName=GND Pin=MH2-1
Removed Pin From Net: NetName=GND Pin=MH2-1
Removed Pin From Net: NetName=GND Pin=MH2-1
Removed Pin From Net: NetName=GND Pin=MH2-1
Removed Pin From Net: NetName=GND Pin=MH2-1
Removed Pin From Net: NetName=GND Pin=MH2-1
Removed Pin From Net: NetName=GND Pin=MH2-1
Removed Pin From Net: NetName=GND Pin=MH2-1
Removed Pin From Net: NetName=GND Pin=MH2-1
Removed Pin From Net: NetName=GND Pin=MH3-1
Removed Pin From Net: NetName=GND Pin=MH3-1
Removed Pin From Net: NetName=GND Pin=MH3-1
Removed Pin From Net: NetName=GND Pin=MH3-1
Removed Pin From Net: NetName=GND Pin=MH3-1
Removed Pin From Net: NetName=GND Pin=MH3-1
Removed Pin From Net: NetName=GND Pin=MH3-1
Removed Pin From Net: NetName=GND Pin=MH3-1
Removed Pin From Net: NetName=GND Pin=MH3-1
Removed Pin From Net: NetName=GND Pin=MH4-1
Removed Pin From Net: NetName=GND Pin=MH4-1
Removed Pin From Net: NetName=GND Pin=MH4-1
Removed Pin From Net: NetName=GND Pin=MH4-1
Removed Pin From Net: NetName=GND Pin=MH4-1
Removed Pin From Net: NetName=GND Pin=MH4-1
Removed Pin From Net: NetName=GND Pin=MH4-1
Removed Pin From Net: NetName=GND Pin=MH4-1
Removed Pin From Net: NetName=GND Pin=MH4-1
Removed Pin From Net: NetName=GND Pin=MH5-1
Removed Pin From Net: NetName=GND Pin=MH5-1
Removed Pin From Net: NetName=GND Pin=MH5-1
Removed Pin From Net: NetName=GND Pin=MH5-1
Removed Pin From Net: NetName=GND Pin=MH5-1
Removed Pin From Net: NetName=GND Pin=MH5-1
Removed Pin From Net: NetName=GND Pin=MH5-1
Removed Pin From Net: NetName=GND Pin=MH5-1
Removed Pin From Net: NetName=GND Pin=MH5-1
Removed Pin From Net: NetName=GND Pin=MH6-1
Removed Pin From Net: NetName=GND Pin=MH6-1
Removed Pin From Net: NetName=GND Pin=MH6-1
Removed Pin From Net: NetName=GND Pin=MH6-1
Removed Pin From Net: NetName=GND Pin=MH6-1
Removed Pin From Net: NetName=GND Pin=MH6-1
Removed Pin From Net: NetName=GND Pin=MH6-1
Removed Pin From Net: NetName=GND Pin=MH6-1
Removed Pin From Net: NetName=GND Pin=MH6-1
Removed Pin From Net: NetName=GND Pin=MH7-1
Removed Pin From Net: NetName=GND Pin=MH7-1
Removed Pin From Net: NetName=GND Pin=MH7-1
Removed Pin From Net: NetName=GND Pin=MH7-1
Removed Pin From Net: NetName=GND Pin=MH7-1
Removed Pin From Net: NetName=GND Pin=MH7-1
Removed Pin From Net: NetName=GND Pin=MH7-1
Removed Pin From Net: NetName=GND Pin=MH7-1
Removed Pin From Net: NetName=GND Pin=MH7-1
Removed Pin From Net: NetName=GND Pin=MH8-1
Removed Pin From Net: NetName=GND Pin=MH8-1
Removed Pin From Net: NetName=GND Pin=MH8-1
Removed Pin From Net: NetName=GND Pin=MH8-1
Removed Pin From Net: NetName=GND Pin=MH8-1
Removed Pin From Net: NetName=GND Pin=MH8-1
Removed Pin From Net: NetName=GND Pin=MH8-1
Removed Pin From Net: NetName=GND Pin=MH8-1
Removed Pin From Net: NetName=GND Pin=MH8-1
Removed Pin From Net: NetName=GND Pin=MH9-1
Removed Pin From Net: NetName=GND Pin=MH9-1
Removed Pin From Net: NetName=GND Pin=MH9-1
Removed Pin From Net: NetName=GND Pin=MH9-1
Removed Pin From Net: NetName=GND Pin=MH9-1
Removed Pin From Net: NetName=GND Pin=MH9-1
Removed Pin From Net: NetName=GND Pin=MH9-1
Removed Pin From Net: NetName=GND Pin=MH9-1
Removed Pin From Net: NetName=GND Pin=MH9-1
Removed Pin From Net: NetName=GND Pin=MH10-1
Removed Pin From Net: NetName=GND Pin=MH10-1
Removed Pin From Net: NetName=GND Pin=MH10-1
Removed Pin From Net: NetName=GND Pin=MH10-1
Removed Pin From Net: NetName=GND Pin=MH10-1
Removed Pin From Net: NetName=GND Pin=MH10-1
Removed Pin From Net: NetName=GND Pin=MH10-1
Removed Pin From Net: NetName=GND Pin=MH10-1
Removed Pin From Net: NetName=GND Pin=MH10-1
Removed Pin From Net: NetName=GND Pin=MH11-1
Removed Pin From Net: NetName=GND Pin=MH11-1
Removed Pin From Net: NetName=GND Pin=MH11-1
Removed Pin From Net: NetName=GND Pin=MH11-1
Removed Pin From Net: NetName=GND Pin=MH11-1
Removed Pin From Net: NetName=GND Pin=MH11-1
Removed Pin From Net: NetName=GND Pin=MH11-1
Removed Pin From Net: NetName=GND Pin=MH11-1
Removed Pin From Net: NetName=GND Pin=MH11-1
Removed Pin From Net: NetName=GND Pin=MH12-1
Removed Pin From Net: NetName=GND Pin=MH12-1
Removed Pin From Net: NetName=GND Pin=MH12-1
Removed Pin From Net: NetName=GND Pin=MH12-1
Removed Pin From Net: NetName=GND Pin=MH12-1
Removed Pin From Net: NetName=GND Pin=MH12-1
Removed Pin From Net: NetName=GND Pin=MH12-1
Removed Pin From Net: NetName=GND Pin=MH12-1
Removed Pin From Net: NetName=GND Pin=MH12-1
Removed Pin From Net: NetName=GND Pin=MH13-1
Removed Pin From Net: NetName=GND Pin=MH13-1
Removed Pin From Net: NetName=GND Pin=MH13-1
Removed Pin From Net: NetName=GND Pin=MH13-1
Removed Pin From Net: NetName=GND Pin=MH13-1
Removed Pin From Net: NetName=GND Pin=MH13-1
Removed Pin From Net: NetName=GND Pin=MH13-1
Removed Pin From Net: NetName=GND Pin=MH13-1
Removed Pin From Net: NetName=GND Pin=MH13-1
Removed Pin From Net: NetName=GND Pin=MH14-1
Removed Pin From Net: NetName=GND Pin=MH14-1
Removed Pin From Net: NetName=GND Pin=MH14-1
Removed Pin From Net: NetName=GND Pin=MH14-1
Removed Pin From Net: NetName=GND Pin=MH14-1
Removed Pin From Net: NetName=GND Pin=MH14-1
Removed Pin From Net: NetName=GND Pin=MH14-1
Removed Pin From Net: NetName=GND Pin=MH14-1
Removed Pin From Net: NetName=GND Pin=MH14-1
Added Pin To Net: NetName=CHASSIS Pin=C25-2
Added Pin To Net: NetName=CHASSIS Pin=C55-2
Added Pin To Net: NetName=CHASSIS Pin=C120-2
Added Pin To Net: NetName=CHASSIS Pin=C121-2
Added Pin To Net: NetName=CHASSIS Pin=C122-2
Added Pin To Net: NetName=CHASSIS Pin=C123-2
Added Pin To Net: NetName=CHASSIS Pin=C124-2
Added Pin To Net: NetName=CHASSIS Pin=C125-2
Added Pin To Net: NetName=CHASSIS Pin=C126-2
Added Pin To Net: NetName=CHASSIS Pin=C127-2
Added Pin To Net: NetName=CHASSIS Pin=C128-2
Added Pin To Net: NetName=CHASSIS Pin=C129-2
Added Pin To Net: NetName=CHASSIS Pin=C130-2
Added Pin To Net: NetName=CHASSIS Pin=C131-2
Added Pin To Net: NetName=CHASSIS Pin=C138-2
Added Pin To Net: NetName=CHASSIS Pin=C249-2
Added Pin To Net: NetName=CHASSIS Pin=MH1-1
Added Pin To Net: NetName=CHASSIS Pin=MH1-1
Added Pin To Net: NetName=CHASSIS Pin=MH1-1
Added Pin To Net: NetName=CHASSIS Pin=MH1-1
Added Pin To Net: NetName=CHASSIS Pin=MH1-1
Added Pin To Net: NetName=CHASSIS Pin=MH1-1
Added Pin To Net: NetName=CHASSIS Pin=MH1-1
Added Pin To Net: NetName=CHASSIS Pin=MH1-1
Added Pin To Net: NetName=CHASSIS Pin=MH1-1
Added Pin To Net: NetName=CHASSIS Pin=MH2-1
Added Pin To Net: NetName=CHASSIS Pin=MH2-1
Added Pin To Net: NetName=CHASSIS Pin=MH2-1
Added Pin To Net: NetName=CHASSIS Pin=MH2-1
Added Pin To Net: NetName=CHASSIS Pin=MH2-1
Added Pin To Net: NetName=CHASSIS Pin=MH2-1
Added Pin To Net: NetName=CHASSIS Pin=MH2-1
Added Pin To Net: NetName=CHASSIS Pin=MH2-1
Added Pin To Net: NetName=CHASSIS Pin=MH2-1
Added Pin To Net: NetName=CHASSIS Pin=MH3-1
Added Pin To Net: NetName=CHASSIS Pin=MH3-1
Added Pin To Net: NetName=CHASSIS Pin=MH3-1
Added Pin To Net: NetName=CHASSIS Pin=MH3-1
Added Pin To Net: NetName=CHASSIS Pin=MH3-1
Added Pin To Net: NetName=CHASSIS Pin=MH3-1
Added Pin To Net: NetName=CHASSIS Pin=MH3-1
Added Pin To Net: NetName=CHASSIS Pin=MH3-1
Added Pin To Net: NetName=CHASSIS Pin=MH3-1
Added Pin To Net: NetName=CHASSIS Pin=MH4-1
Added Pin To Net: NetName=CHASSIS Pin=MH4-1
Added Pin To Net: NetName=CHASSIS Pin=MH4-1
Added Pin To Net: NetName=CHASSIS Pin=MH4-1
Added Pin To Net: NetName=CHASSIS Pin=MH4-1
Added Pin To Net: NetName=CHASSIS Pin=MH4-1
Added Pin To Net: NetName=CHASSIS Pin=MH4-1
Added Pin To Net: NetName=CHASSIS Pin=MH4-1
Added Pin To Net: NetName=CHASSIS Pin=MH4-1
Added Pin To Net: NetName=CHASSIS Pin=MH5-1
Added Pin To Net: NetName=CHASSIS Pin=MH5-1
Added Pin To Net: NetName=CHASSIS Pin=MH5-1
Added Pin To Net: NetName=CHASSIS Pin=MH5-1
Added Pin To Net: NetName=CHASSIS Pin=MH5-1
Added Pin To Net: NetName=CHASSIS Pin=MH5-1
Added Pin To Net: NetName=CHASSIS Pin=MH5-1
Added Pin To Net: NetName=CHASSIS Pin=MH5-1
Added Pin To Net: NetName=CHASSIS Pin=MH5-1
Added Pin To Net: NetName=CHASSIS Pin=MH6-1
Added Pin To Net: NetName=CHASSIS Pin=MH6-1
Added Pin To Net: NetName=CHASSIS Pin=MH6-1
Added Pin To Net: NetName=CHASSIS Pin=MH6-1
Added Pin To Net: NetName=CHASSIS Pin=MH6-1
Added Pin To Net: NetName=CHASSIS Pin=MH6-1
Added Pin To Net: NetName=CHASSIS Pin=MH6-1
Added Pin To Net: NetName=CHASSIS Pin=MH6-1
Added Pin To Net: NetName=CHASSIS Pin=MH6-1
Added Pin To Net: NetName=CHASSIS Pin=MH7-1
Added Pin To Net: NetName=CHASSIS Pin=MH7-1
Added Pin To Net: NetName=CHASSIS Pin=MH7-1
Added Pin To Net: NetName=CHASSIS Pin=MH7-1
Added Pin To Net: NetName=CHASSIS Pin=MH7-1
Added Pin To Net: NetName=CHASSIS Pin=MH7-1
Added Pin To Net: NetName=CHASSIS Pin=MH7-1
Added Pin To Net: NetName=CHASSIS Pin=MH7-1
Added Pin To Net: NetName=CHASSIS Pin=MH7-1
Added Pin To Net: NetName=CHASSIS Pin=MH8-1
Added Pin To Net: NetName=CHASSIS Pin=MH8-1
Added Pin To Net: NetName=CHASSIS Pin=MH8-1
Added Pin To Net: NetName=CHASSIS Pin=MH8-1
Added Pin To Net: NetName=CHASSIS Pin=MH8-1
Added Pin To Net: NetName=CHASSIS Pin=MH8-1
Added Pin To Net: NetName=CHASSIS Pin=MH8-1
Added Pin To Net: NetName=CHASSIS Pin=MH8-1
Added Pin To Net: NetName=CHASSIS Pin=MH8-1
Added Pin To Net: NetName=CHASSIS Pin=MH9-1
Added Pin To Net: NetName=CHASSIS Pin=MH9-1
Added Pin To Net: NetName=CHASSIS Pin=MH9-1
Added Pin To Net: NetName=CHASSIS Pin=MH9-1
Added Pin To Net: NetName=CHASSIS Pin=MH9-1
Added Pin To Net: NetName=CHASSIS Pin=MH9-1
Added Pin To Net: NetName=CHASSIS Pin=MH9-1
Added Pin To Net: NetName=CHASSIS Pin=MH9-1
Added Pin To Net: NetName=CHASSIS Pin=MH9-1
Added Pin To Net: NetName=CHASSIS Pin=MH10-1
Added Pin To Net: NetName=CHASSIS Pin=MH10-1
Added Pin To Net: NetName=CHASSIS Pin=MH10-1
Added Pin To Net: NetName=CHASSIS Pin=MH10-1
Added Pin To Net: NetName=CHASSIS Pin=MH10-1
Added Pin To Net: NetName=CHASSIS Pin=MH10-1
Added Pin To Net: NetName=CHASSIS Pin=MH10-1
Added Pin To Net: NetName=CHASSIS Pin=MH10-1
Added Pin To Net: NetName=CHASSIS Pin=MH10-1
Added Pin To Net: NetName=CHASSIS Pin=MH11-1
Added Pin To Net: NetName=CHASSIS Pin=MH11-1
Added Pin To Net: NetName=CHASSIS Pin=MH11-1
Added Pin To Net: NetName=CHASSIS Pin=MH11-1
Added Pin To Net: NetName=CHASSIS Pin=MH11-1
Added Pin To Net: NetName=CHASSIS Pin=MH11-1
Added Pin To Net: NetName=CHASSIS Pin=MH11-1
Added Pin To Net: NetName=CHASSIS Pin=MH11-1
Added Pin To Net: NetName=CHASSIS Pin=MH11-1
Added Pin To Net: NetName=CHASSIS Pin=MH12-1
Added Pin To Net: NetName=CHASSIS Pin=MH12-1
Added Pin To Net: NetName=CHASSIS Pin=MH12-1
Added Pin To Net: NetName=CHASSIS Pin=MH12-1
Added Pin To Net: NetName=CHASSIS Pin=MH12-1
Added Pin To Net: NetName=CHASSIS Pin=MH12-1
Added Pin To Net: NetName=CHASSIS Pin=MH12-1
Added Pin To Net: NetName=CHASSIS Pin=MH12-1
Added Pin To Net: NetName=CHASSIS Pin=MH12-1
Added Pin To Net: NetName=CHASSIS Pin=MH13-1
Added Pin To Net: NetName=CHASSIS Pin=MH13-1
Added Pin To Net: NetName=CHASSIS Pin=MH13-1
Added Pin To Net: NetName=CHASSIS Pin=MH13-1
Added Pin To Net: NetName=CHASSIS Pin=MH13-1
Added Pin To Net: NetName=CHASSIS Pin=MH13-1
Added Pin To Net: NetName=CHASSIS Pin=MH13-1
Added Pin To Net: NetName=CHASSIS Pin=MH13-1
Added Pin To Net: NetName=CHASSIS Pin=MH13-1
Added Pin To Net: NetName=CHASSIS Pin=MH14-1
Added Pin To Net: NetName=CHASSIS Pin=MH14-1
Added Pin To Net: NetName=CHASSIS Pin=MH14-1
Added Pin To Net: NetName=CHASSIS Pin=MH14-1
Added Pin To Net: NetName=CHASSIS Pin=MH14-1
Added Pin To Net: NetName=CHASSIS Pin=MH14-1
Added Pin To Net: NetName=CHASSIS Pin=MH14-1
Added Pin To Net: NetName=CHASSIS Pin=MH14-1
Added Pin To Net: NetName=CHASSIS Pin=MH14-1
Added Net: Name=CHASSIS
Added Rule: Name=Schematic Supply Nets_26
