Removed Pin From Net: NetName=12V0_PoC Pin=F2-1
Removed Pin From Net: NetName=12V0_PoC Pin=F3-1
Removed Pin From Net: NetName=12V0_PoC Pin=F4-1
Removed Pin From Net: NetName=12V0_PoC Pin=F5-1
Removed Member From Class: ClassName=PWR Member=NetF2_2
Removed Member From Class: ClassName=PWR Member=NetF3_2
Removed Member From Class: ClassName=PWR Member=NetF4_2
Removed Member From Class: ClassName=PWR Member=NetF5_2
Change Component Footprint: Designator=F2 Old Footprint=FP-1210L050YR-MFG New Footprint=FP-0685T-MFG
Change Component Footprint: Designator=F3 Old Footprint=FP-1210L050YR-MFG New Footprint=FP-0685T-MFG
Change Component Footprint: Designator=F4 Old Footprint=FP-1210L050YR-MFG New Footprint=FP-0685T-MFG
Change Component Footprint: Designator=F5 Old Footprint=FP-1210L050YR-MFG New Footprint=FP-0685T-MFG
Change Component Comment : Designator=F2 Old Comment=1210L050YR New Comment=1
Change Component Comment : Designator=F3 Old Comment=1210L050YR New Comment=1
Change Component Comment : Designator=F4 Old Comment=1210L050YR New Comment=1
Change Component Comment : Designator=F5 Old Comment=1210L050YR New Comment=1
Change Managed Component Library Link : Designator=F2 Old VaultGUID=B7D15EC3-160A-466F-A46C-7801FE6295A7 New VaultGUID=B7D15EC3-160A-466F-A46C-7801FE6295A7 Old ItemGUID=3A779434-217D-4C9A-9BBA-91C8ACBA5B68 New ItemGUID=A2D2F0C0-CEC7-4258-B713-78AF29A4019A Old RevisionGUID=212A9B68-5454-4EA8-8704-9467CB96BC20 New RevisionGUID=3DB375D4-BB9D-4BF5-9007-1EC38148C3A0
Change Managed Component Library Link : Designator=F3 Old VaultGUID=B7D15EC3-160A-466F-A46C-7801FE6295A7 New VaultGUID=B7D15EC3-160A-466F-A46C-7801FE6295A7 Old ItemGUID=3A779434-217D-4C9A-9BBA-91C8ACBA5B68 New ItemGUID=A2D2F0C0-CEC7-4258-B713-78AF29A4019A Old RevisionGUID=212A9B68-5454-4EA8-8704-9467CB96BC20 New RevisionGUID=3DB375D4-BB9D-4BF5-9007-1EC38148C3A0
Change Managed Component Library Link : Designator=F4 Old VaultGUID=B7D15EC3-160A-466F-A46C-7801FE6295A7 New VaultGUID=B7D15EC3-160A-466F-A46C-7801FE6295A7 Old ItemGUID=3A779434-217D-4C9A-9BBA-91C8ACBA5B68 New ItemGUID=A2D2F0C0-CEC7-4258-B713-78AF29A4019A Old RevisionGUID=212A9B68-5454-4EA8-8704-9467CB96BC20 New RevisionGUID=3DB375D4-BB9D-4BF5-9007-1EC38148C3A0
Change Managed Component Library Link : Designator=F5 Old VaultGUID=B7D15EC3-160A-466F-A46C-7801FE6295A7 New VaultGUID=B7D15EC3-160A-466F-A46C-7801FE6295A7 Old ItemGUID=3A779434-217D-4C9A-9BBA-91C8ACBA5B68 New ItemGUID=A2D2F0C0-CEC7-4258-B713-78AF29A4019A Old RevisionGUID=212A9B68-5454-4EA8-8704-9467CB96BC20 New RevisionGUID=3DB375D4-BB9D-4BF5-9007-1EC38148C3A0
Change component parameters: Designator = "F2" ("F2"); Footprint = "FP-1210L050YR-MFG"; UniqueID = "\OBGSQLNR\FNKDLNZS" ("\OBGSQLNR\FNKDLNZS")
Change component parameters (AddParameter): Name = "RoHS Compliant"; Value = "Yes"; VariantName = "[No Variations]"
Change component parameters: Designator = "F3" ("F3"); Footprint = "FP-1210L050YR-MFG"; UniqueID = "\OBGSQLNR\QWEGWBYA" ("\OBGSQLNR\QWEGWBYA")
Change component parameters (AddParameter): Name = "RoHS Compliant"; Value = "Yes"; VariantName = "[No Variations]"
Change component parameters: Designator = "F4" ("F4"); Footprint = "FP-1210L050YR-MFG"; UniqueID = "\OBGSQLNR\HRJPPHVM" ("\OBGSQLNR\HRJPPHVM")
Change component parameters (AddParameter): Name = "RoHS Compliant"; Value = "Yes"; VariantName = "[No Variations]"
Change component parameters: Designator = "F5" ("F5"); Footprint = "FP-1210L050YR-MFG"; UniqueID = "\OBGSQLNR\GKCUYAWK" ("\OBGSQLNR\GKCUYAWK")
Change component parameters (AddParameter): Name = "RoHS Compliant"; Value = "Yes"; VariantName = "[No Variations]"
Added Pin To Net: NetName=12V0_PoC Pin=F2-2
Added Pin To Net: NetName=12V0_PoC Pin=F3-2
Added Pin To Net: NetName=12V0_PoC Pin=F4-2
Added Pin To Net: NetName=12V0_PoC Pin=F5-2
Add Pin To Net: Unknown Pin: Pin MH1-2
Add Pin To Net: Unknown Pin: Pin MH1-3
Add Pin To Net: Unknown Pin: Pin MH1-4
Add Pin To Net: Unknown Pin: Pin MH1-5
Add Pin To Net: Unknown Pin: Pin MH1-6
Add Pin To Net: Unknown Pin: Pin MH1-7
Add Pin To Net: Unknown Pin: Pin MH2-2
Add Pin To Net: Unknown Pin: Pin MH2-3
Add Pin To Net: Unknown Pin: Pin MH2-4
Add Pin To Net: Unknown Pin: Pin MH2-5
Add Pin To Net: Unknown Pin: Pin MH2-6
Add Pin To Net: Unknown Pin: Pin MH2-7
Add Pin To Net: Unknown Pin: Pin MH3-2
Add Pin To Net: Unknown Pin: Pin MH3-3
Add Pin To Net: Unknown Pin: Pin MH3-4
Add Pin To Net: Unknown Pin: Pin MH3-5
Add Pin To Net: Unknown Pin: Pin MH3-6
Add Pin To Net: Unknown Pin: Pin MH3-7
Add Pin To Net: Unknown Pin: Pin MH4-2
Add Pin To Net: Unknown Pin: Pin MH4-3
Add Pin To Net: Unknown Pin: Pin MH4-4
Add Pin To Net: Unknown Pin: Pin MH4-5
Add Pin To Net: Unknown Pin: Pin MH4-6
Add Pin To Net: Unknown Pin: Pin MH4-7
Add Pin To Net: Unknown Pin: Pin MH5-2
Add Pin To Net: Unknown Pin: Pin MH5-3
Add Pin To Net: Unknown Pin: Pin MH5-4
Add Pin To Net: Unknown Pin: Pin MH5-5
Add Pin To Net: Unknown Pin: Pin MH5-6
Add Pin To Net: Unknown Pin: Pin MH5-7
Add Pin To Net: Unknown Pin: Pin MH6-2
Add Pin To Net: Unknown Pin: Pin MH6-3
Add Pin To Net: Unknown Pin: Pin MH6-4
Add Pin To Net: Unknown Pin: Pin MH6-5
Add Pin To Net: Unknown Pin: Pin MH6-6
Add Pin To Net: Unknown Pin: Pin MH6-7
Add Pin To Net: Unknown Pin: Pin MH7-2
Add Pin To Net: Unknown Pin: Pin MH7-3
Add Pin To Net: Unknown Pin: Pin MH7-4
Add Pin To Net: Unknown Pin: Pin MH7-5
Add Pin To Net: Unknown Pin: Pin MH7-6
Add Pin To Net: Unknown Pin: Pin MH7-7
Add Pin To Net: Unknown Pin: Pin MH8-2
Add Pin To Net: Unknown Pin: Pin MH8-3
Add Pin To Net: Unknown Pin: Pin MH8-4
Add Pin To Net: Unknown Pin: Pin MH8-5
Add Pin To Net: Unknown Pin: Pin MH8-6
Add Pin To Net: Unknown Pin: Pin MH8-7
Add Pin To Net: Unknown Pin: Pin MH9-2
Add Pin To Net: Unknown Pin: Pin MH9-3
Add Pin To Net: Unknown Pin: Pin MH9-4
Add Pin To Net: Unknown Pin: Pin MH9-5
Add Pin To Net: Unknown Pin: Pin MH9-6
Add Pin To Net: Unknown Pin: Pin MH9-7
Add Pin To Net: Unknown Pin: Pin MH10-2
Add Pin To Net: Unknown Pin: Pin MH10-3
Add Pin To Net: Unknown Pin: Pin MH10-4
Add Pin To Net: Unknown Pin: Pin MH10-5
Add Pin To Net: Unknown Pin: Pin MH10-6
Add Pin To Net: Unknown Pin: Pin MH10-7
Add Pin To Net: Unknown Pin: Pin MH11-2
Add Pin To Net: Unknown Pin: Pin MH11-3
Add Pin To Net: Unknown Pin: Pin MH11-4
Add Pin To Net: Unknown Pin: Pin MH11-5
Add Pin To Net: Unknown Pin: Pin MH11-6
Add Pin To Net: Unknown Pin: Pin MH11-7
Add Pin To Net: Unknown Pin: Pin MH12-2
Add Pin To Net: Unknown Pin: Pin MH12-3
Add Pin To Net: Unknown Pin: Pin MH12-4
Add Pin To Net: Unknown Pin: Pin MH12-5
Add Pin To Net: Unknown Pin: Pin MH12-6
Add Pin To Net: Unknown Pin: Pin MH12-7
Add Pin To Net: Unknown Pin: Pin MH13-2
Add Pin To Net: Unknown Pin: Pin MH13-3
Add Pin To Net: Unknown Pin: Pin MH13-4
Add Pin To Net: Unknown Pin: Pin MH13-5
Add Pin To Net: Unknown Pin: Pin MH13-6
Add Pin To Net: Unknown Pin: Pin MH13-7
Add Pin To Net: Unknown Pin: Pin MH14-2
Add Pin To Net: Unknown Pin: Pin MH14-3
Add Pin To Net: Unknown Pin: Pin MH14-4
Add Pin To Net: Unknown Pin: Pin MH14-5
Add Pin To Net: Unknown Pin: Pin MH14-6
Add Pin To Net: Unknown Pin: Pin MH14-7
Added Pin To Net: NetName=NetF2_1 Pin=F2-1
Added Pin To Net: NetName=NetF2_1 Pin=Q2-2
Added Pin To Net: NetName=NetF2_1 Pin=R72-2
Added Net: Name=NetF2_1
Added Pin To Net: NetName=NetF3_1 Pin=F3-1
Added Pin To Net: NetName=NetF3_1 Pin=Q4-2
Added Pin To Net: NetName=NetF3_1 Pin=R84-2
Added Net: Name=NetF3_1
Added Pin To Net: NetName=NetF4_1 Pin=F4-1
Added Pin To Net: NetName=NetF4_1 Pin=Q5-2
Added Pin To Net: NetName=NetF4_1 Pin=R94-2
Added Net: Name=NetF4_1
Added Pin To Net: NetName=NetF5_1 Pin=F5-1
Added Pin To Net: NetName=NetF5_1 Pin=Q6-2
Added Pin To Net: NetName=NetF5_1 Pin=R101-2
Added Net: Name=NetF5_1
Added Member To Class: ClassName=PWR Member=Wire NetF2_1
Added Member To Class: ClassName=PWR Member=Wire NetF3_1
Added Member To Class: ClassName=PWR Member=Wire NetF4_1
Added Member To Class: ClassName=PWR Member=Wire NetF5_1
