Removed Pin From Net: NetName=3V3_MAIN Pin=C46-1
Removed Pin From Net: NetName=3V3_MAIN Pin=C47-1
Removed Pin From Net: NetName=3V3_INT Pin=C161-1
Removed Pin From Net: NetName=3V3_MAIN Pin=R56-1
Removed Pin From Net: NetName=3V3_MAIN Pin=R57-1
Removed Pin From Net: NetName=3V3_MAIN Pin=U4-18
Removed Pin From Net: NetName=3V3_INT Pin=U24-5
Added Component: Designator=F24(FP-0ZCK0010FF2G-MFG)
Add component (AddParameter): Name = "Case Code (Imperial)"; Value = "0805"; VariantName = "[No Variations]"
Add component (AddParameter): Name = "Case Code (Metric)"; Value = "2012"; VariantName = "[No Variations]"
Add component (AddParameter): Name = "Case/Package"; Value = "0805"; VariantName = "[No Variations]"
Add component (AddParameter): Name = "Hold Current"; Value = "100mA"; VariantName = "[No Variations]"
Add component (AddParameter): Name = "Lead Free"; Value = "Lead Free"; VariantName = "[No Variations]"
Add component (AddParameter): Name = "Max Current Rating"; Value = "100A"; VariantName = "[No Variations]"
Add component (AddParameter): Name = "Package Quantity"; Value = "1"; VariantName = "[No Variations]"
Add component (AddParameter): Name = "Packaging"; Value = "Tape and Reel"; VariantName = "[No Variations]"
Add component (AddParameter): Name = "RoHS Compliant"; Value = "Yes"; VariantName = "[No Variations]"
Add component (AddParameter): Name = "Time to Trip"; Value = "1.5s"; VariantName = "[No Variations]"
Add component (AddParameter): Name = "Trip Current"; Value = "300mA"; VariantName = "[No Variations]"
Added Component: Designator=F25(FP-0ZCK0010FF2G-MFG)
Add component (AddParameter): Name = "Case Code (Imperial)"; Value = "0805"; VariantName = "[No Variations]"
Add component (AddParameter): Name = "Case Code (Metric)"; Value = "2012"; VariantName = "[No Variations]"
Add component (AddParameter): Name = "Case/Package"; Value = "0805"; VariantName = "[No Variations]"
Add component (AddParameter): Name = "Hold Current"; Value = "100mA"; VariantName = "[No Variations]"
Add component (AddParameter): Name = "Lead Free"; Value = "Lead Free"; VariantName = "[No Variations]"
Add component (AddParameter): Name = "Max Current Rating"; Value = "100A"; VariantName = "[No Variations]"
Add component (AddParameter): Name = "Package Quantity"; Value = "1"; VariantName = "[No Variations]"
Add component (AddParameter): Name = "Packaging"; Value = "Tape and Reel"; VariantName = "[No Variations]"
Add component (AddParameter): Name = "RoHS Compliant"; Value = "Yes"; VariantName = "[No Variations]"
Add component (AddParameter): Name = "Time to Trip"; Value = "1.5s"; VariantName = "[No Variations]"
Add component (AddParameter): Name = "Trip Current"; Value = "300mA"; VariantName = "[No Variations]"
Added Pin To Net: NetName=5V_REG_FB Pin=F24-1
Added Pin To Net: NetName=3V3_MAIN Pin=F25-1
Add Pin To Net: Unknown Pin: Pin MH1-2
Add Pin To Net: Unknown Pin: Pin MH1-3
Add Pin To Net: Unknown Pin: Pin MH1-4
Add Pin To Net: Unknown Pin: Pin MH1-5
Add Pin To Net: Unknown Pin: Pin MH1-6
Add Pin To Net: Unknown Pin: Pin MH1-7
Add Pin To Net: Unknown Pin: Pin MH2-2
Add Pin To Net: Unknown Pin: Pin MH2-3
Add Pin To Net: Unknown Pin: Pin MH2-4
Add Pin To Net: Unknown Pin: Pin MH2-5
Add Pin To Net: Unknown Pin: Pin MH2-6
Add Pin To Net: Unknown Pin: Pin MH2-7
Add Pin To Net: Unknown Pin: Pin MH3-2
Add Pin To Net: Unknown Pin: Pin MH3-3
Add Pin To Net: Unknown Pin: Pin MH3-4
Add Pin To Net: Unknown Pin: Pin MH3-5
Add Pin To Net: Unknown Pin: Pin MH3-6
Add Pin To Net: Unknown Pin: Pin MH3-7
Add Pin To Net: Unknown Pin: Pin MH4-2
Add Pin To Net: Unknown Pin: Pin MH4-3
Add Pin To Net: Unknown Pin: Pin MH4-4
Add Pin To Net: Unknown Pin: Pin MH4-5
Add Pin To Net: Unknown Pin: Pin MH4-6
Add Pin To Net: Unknown Pin: Pin MH4-7
Add Pin To Net: Unknown Pin: Pin MH5-2
Add Pin To Net: Unknown Pin: Pin MH5-3
Add Pin To Net: Unknown Pin: Pin MH5-4
Add Pin To Net: Unknown Pin: Pin MH5-5
Add Pin To Net: Unknown Pin: Pin MH5-6
Add Pin To Net: Unknown Pin: Pin MH5-7
Add Pin To Net: Unknown Pin: Pin MH6-2
Add Pin To Net: Unknown Pin: Pin MH6-3
Add Pin To Net: Unknown Pin: Pin MH6-4
Add Pin To Net: Unknown Pin: Pin MH6-5
Add Pin To Net: Unknown Pin: Pin MH6-6
Add Pin To Net: Unknown Pin: Pin MH6-7
Add Pin To Net: Unknown Pin: Pin MH7-2
Add Pin To Net: Unknown Pin: Pin MH7-3
Add Pin To Net: Unknown Pin: Pin MH7-4
Add Pin To Net: Unknown Pin: Pin MH7-5
Add Pin To Net: Unknown Pin: Pin MH7-6
Add Pin To Net: Unknown Pin: Pin MH7-7
Add Pin To Net: Unknown Pin: Pin MH8-2
Add Pin To Net: Unknown Pin: Pin MH8-3
Add Pin To Net: Unknown Pin: Pin MH8-4
Add Pin To Net: Unknown Pin: Pin MH8-5
Add Pin To Net: Unknown Pin: Pin MH8-6
Add Pin To Net: Unknown Pin: Pin MH8-7
Add Pin To Net: Unknown Pin: Pin MH9-2
Add Pin To Net: Unknown Pin: Pin MH9-3
Add Pin To Net: Unknown Pin: Pin MH9-4
Add Pin To Net: Unknown Pin: Pin MH9-5
Add Pin To Net: Unknown Pin: Pin MH9-6
Add Pin To Net: Unknown Pin: Pin MH9-7
Add Pin To Net: Unknown Pin: Pin MH10-2
Add Pin To Net: Unknown Pin: Pin MH10-3
Add Pin To Net: Unknown Pin: Pin MH10-4
Add Pin To Net: Unknown Pin: Pin MH10-5
Add Pin To Net: Unknown Pin: Pin MH10-6
Add Pin To Net: Unknown Pin: Pin MH10-7
Add Pin To Net: Unknown Pin: Pin MH11-2
Add Pin To Net: Unknown Pin: Pin MH11-3
Add Pin To Net: Unknown Pin: Pin MH11-4
Add Pin To Net: Unknown Pin: Pin MH11-5
Add Pin To Net: Unknown Pin: Pin MH11-6
Add Pin To Net: Unknown Pin: Pin MH11-7
Add Pin To Net: Unknown Pin: Pin MH12-2
Add Pin To Net: Unknown Pin: Pin MH12-3
Add Pin To Net: Unknown Pin: Pin MH12-4
Add Pin To Net: Unknown Pin: Pin MH12-5
Add Pin To Net: Unknown Pin: Pin MH12-6
Add Pin To Net: Unknown Pin: Pin MH12-7
Add Pin To Net: Unknown Pin: Pin MH13-2
Add Pin To Net: Unknown Pin: Pin MH13-3
Add Pin To Net: Unknown Pin: Pin MH13-4
Add Pin To Net: Unknown Pin: Pin MH13-5
Add Pin To Net: Unknown Pin: Pin MH13-6
Add Pin To Net: Unknown Pin: Pin MH13-7
Add Pin To Net: Unknown Pin: Pin MH14-2
Add Pin To Net: Unknown Pin: Pin MH14-3
Add Pin To Net: Unknown Pin: Pin MH14-4
Add Pin To Net: Unknown Pin: Pin MH14-5
Add Pin To Net: Unknown Pin: Pin MH14-6
Add Pin To Net: Unknown Pin: Pin MH14-7
Added Pin To Net: NetName=3V3_CAN Pin=C46-1
Added Pin To Net: NetName=3V3_CAN Pin=C47-1
Added Pin To Net: NetName=3V3_CAN Pin=C161-1
Added Pin To Net: NetName=3V3_CAN Pin=F25-2
Added Pin To Net: NetName=3V3_CAN Pin=R56-1
Added Pin To Net: NetName=3V3_CAN Pin=R57-1
Added Pin To Net: NetName=3V3_CAN Pin=U4-18
Added Pin To Net: NetName=3V3_CAN Pin=U24-5
Added Net: Name=3V3_CAN
Added Pin To Net: NetName=5V0_CAN Pin=C160-1
Added Pin To Net: NetName=5V0_CAN Pin=F24-2
Added Pin To Net: NetName=5V0_CAN Pin=U24-3
Added Net: Name=5V0_CAN
Added Member To Class: ClassName=HU_revC Member=Component F24 0ZCK0010FF2G
Added Member To Class: ClassName=HU_revC Member=Component F25 0ZCK0010FF2G
Added Member To Class: ClassName=PWR Member=Wire 3V3_CAN
Added Member To Class: ClassName=PWR Member=Wire 3V3_REG_FB
Added Member To Class: ClassName=PWR Member=Wire 5V0_CAN
Added Member To Class: ClassName=PWR Member=Wire 5V_REG_FB
Added Rule: Name=Schematic Supply Nets_3
Added Rule: Name=Schematic Supply Nets_15
