Added Component: Designator=C34(FP-0402-L_1_0_0_05-W_0_5-IPC_A)
Add component (AddParameter): Name = "Capacitor Type"; Value = "Ceramic"; VariantName = "[No Variations]"
Add component (AddParameter): Name = "Case/Package"; Value = "0402"; VariantName = "[No Variations]"
Add component (AddParameter): Name = "Max Operating Temperature"; Value = "85°C"; VariantName = "[No Variations]"
Add component (AddParameter): Name = "Min Operating Temperature"; Value = "-55°C"; VariantName = "[No Variations]"
Add component (AddParameter): Name = "Mounting Technology"; Value = "Surface Mount"; VariantName = "[No Variations]"
Add component (AddParameter): Name = "Pins"; Value = "2"; VariantName = "[No Variations]"
Add component (AddParameter): Name = "RoHS Compliant"; Value = "Yes"; VariantName = "[No Variations]"
Add component (AddParameter): Name = "Tolerance"; Value = ""; VariantName = "[No Variations]"
Add component (AddParameter): Name = "Value"; Value = ""; VariantName = "[No Variations]"
Add component (AddParameter): Name = "Voltage Rating"; Value = ""; VariantName = "[No Variations]"
Added Component: Designator=C35(FP-0402-L_1_0_0_05-W_0_5-IPC_A)
Add component (AddParameter): Name = "Capacitor Type"; Value = "Ceramic"; VariantName = "[No Variations]"
Add component (AddParameter): Name = "Case/Package"; Value = "0402"; VariantName = "[No Variations]"
Add component (AddParameter): Name = "Max Operating Temperature"; Value = "85°C"; VariantName = "[No Variations]"
Add component (AddParameter): Name = "Min Operating Temperature"; Value = "-55°C"; VariantName = "[No Variations]"
Add component (AddParameter): Name = "Mounting Technology"; Value = "Surface Mount"; VariantName = "[No Variations]"
Add component (AddParameter): Name = "Pins"; Value = "2"; VariantName = "[No Variations]"
Add component (AddParameter): Name = "RoHS Compliant"; Value = "Yes"; VariantName = "[No Variations]"
Add component (AddParameter): Name = "Tolerance"; Value = ""; VariantName = "[No Variations]"
Add component (AddParameter): Name = "Value"; Value = ""; VariantName = "[No Variations]"
Add component (AddParameter): Name = "Voltage Rating"; Value = ""; VariantName = "[No Variations]"
Added Pin To Net: NetName=PCIE_TX_P Pin=C34-1
Added Pin To Net: NetName=M2_PCIE_TX0_P Pin=C34-2
Added Pin To Net: NetName=PCIE_TX_N Pin=C35-1
Added Pin To Net: NetName=M2_PCIE_TX0_N Pin=C35-2
Add Pin To Net: Unknown Pin: Pin MH1-2
Add Pin To Net: Unknown Pin: Pin MH1-3
Add Pin To Net: Unknown Pin: Pin MH1-4
Add Pin To Net: Unknown Pin: Pin MH1-5
Add Pin To Net: Unknown Pin: Pin MH1-6
Add Pin To Net: Unknown Pin: Pin MH1-7
Add Pin To Net: Unknown Pin: Pin MH2-2
Add Pin To Net: Unknown Pin: Pin MH2-3
Add Pin To Net: Unknown Pin: Pin MH2-4
Add Pin To Net: Unknown Pin: Pin MH2-5
Add Pin To Net: Unknown Pin: Pin MH2-6
Add Pin To Net: Unknown Pin: Pin MH2-7
Add Pin To Net: Unknown Pin: Pin MH3-2
Add Pin To Net: Unknown Pin: Pin MH3-3
Add Pin To Net: Unknown Pin: Pin MH3-4
Add Pin To Net: Unknown Pin: Pin MH3-5
Add Pin To Net: Unknown Pin: Pin MH3-6
Add Pin To Net: Unknown Pin: Pin MH3-7
Add Pin To Net: Unknown Pin: Pin MH4-2
Add Pin To Net: Unknown Pin: Pin MH4-3
Add Pin To Net: Unknown Pin: Pin MH4-4
Add Pin To Net: Unknown Pin: Pin MH4-5
Add Pin To Net: Unknown Pin: Pin MH4-6
Add Pin To Net: Unknown Pin: Pin MH4-7
Add Pin To Net: Unknown Pin: Pin MH5-2
Add Pin To Net: Unknown Pin: Pin MH5-3
Add Pin To Net: Unknown Pin: Pin MH5-4
Add Pin To Net: Unknown Pin: Pin MH5-5
Add Pin To Net: Unknown Pin: Pin MH5-6
Add Pin To Net: Unknown Pin: Pin MH5-7
Add Pin To Net: Unknown Pin: Pin MH6-2
Add Pin To Net: Unknown Pin: Pin MH6-3
Add Pin To Net: Unknown Pin: Pin MH6-4
Add Pin To Net: Unknown Pin: Pin MH6-5
Add Pin To Net: Unknown Pin: Pin MH6-6
Add Pin To Net: Unknown Pin: Pin MH6-7
Add Pin To Net: Unknown Pin: Pin MH7-2
Add Pin To Net: Unknown Pin: Pin MH7-3
Add Pin To Net: Unknown Pin: Pin MH7-4
Add Pin To Net: Unknown Pin: Pin MH7-5
Add Pin To Net: Unknown Pin: Pin MH7-6
Add Pin To Net: Unknown Pin: Pin MH7-7
Add Pin To Net: Unknown Pin: Pin MH8-2
Add Pin To Net: Unknown Pin: Pin MH8-3
Add Pin To Net: Unknown Pin: Pin MH8-4
Add Pin To Net: Unknown Pin: Pin MH8-5
Add Pin To Net: Unknown Pin: Pin MH8-6
Add Pin To Net: Unknown Pin: Pin MH8-7
Add Pin To Net: Unknown Pin: Pin MH9-2
Add Pin To Net: Unknown Pin: Pin MH9-3
Add Pin To Net: Unknown Pin: Pin MH9-4
Add Pin To Net: Unknown Pin: Pin MH9-5
Add Pin To Net: Unknown Pin: Pin MH9-6
Add Pin To Net: Unknown Pin: Pin MH9-7
Add Pin To Net: Unknown Pin: Pin MH10-2
Add Pin To Net: Unknown Pin: Pin MH10-3
Add Pin To Net: Unknown Pin: Pin MH10-4
Add Pin To Net: Unknown Pin: Pin MH10-5
Add Pin To Net: Unknown Pin: Pin MH10-6
Add Pin To Net: Unknown Pin: Pin MH10-7
Add Pin To Net: Unknown Pin: Pin MH11-2
Add Pin To Net: Unknown Pin: Pin MH11-3
Add Pin To Net: Unknown Pin: Pin MH11-4
Add Pin To Net: Unknown Pin: Pin MH11-5
Add Pin To Net: Unknown Pin: Pin MH11-6
Add Pin To Net: Unknown Pin: Pin MH11-7
Add Pin To Net: Unknown Pin: Pin MH12-2
Add Pin To Net: Unknown Pin: Pin MH12-3
Add Pin To Net: Unknown Pin: Pin MH12-4
Add Pin To Net: Unknown Pin: Pin MH12-5
Add Pin To Net: Unknown Pin: Pin MH12-6
Add Pin To Net: Unknown Pin: Pin MH12-7
Add Pin To Net: Unknown Pin: Pin MH13-2
Add Pin To Net: Unknown Pin: Pin MH13-3
Add Pin To Net: Unknown Pin: Pin MH13-4
Add Pin To Net: Unknown Pin: Pin MH13-5
Add Pin To Net: Unknown Pin: Pin MH13-6
Add Pin To Net: Unknown Pin: Pin MH13-7
Add Pin To Net: Unknown Pin: Pin MH14-2
Add Pin To Net: Unknown Pin: Pin MH14-3
Add Pin To Net: Unknown Pin: Pin MH14-4
Add Pin To Net: Unknown Pin: Pin MH14-5
Add Pin To Net: Unknown Pin: Pin MH14-6
Add Pin To Net: Unknown Pin: Pin MH14-7
Added Member To Class: ClassName=NVME_0 Member=Component C34 220n
Added Member To Class: ClassName=NVME_0 Member=Component C35 220n
