Removed Pin From Net: NetName=3V3_MAIN Pin=C119-1
Removed Pin From Net: NetName=3V3_MAIN Pin=D2-2
Removed Pin From Net: NetName=3V3_MAIN Pin=D2-3
Removed Pin From Net: NetName=3V3_MAIN Pin=F21-1
Removed Pin From Net: NetName=3V3_MAIN Pin=F22-1
Removed Pin From Net: NetName=3V3_MAIN Pin=F23-1
Removed Pin From Net: NetName=3V3_MAIN Pin=F25-1
Removed Pin From Net: NetName=3V3_MAIN Pin=J1-84
Removed Pin From Net: NetName=3V3_MAIN Pin=J1-86
Removed Pin From Net: NetName=3V3_MAIN Pin=R24-2
Removed Pin From Net: NetName=3V3_REG_FB Pin=R33-1
Removed Pin From Net: NetName=3V3_REG_FB Pin=R62-1
Removed Pin From Net: NetName=3V3_MAIN Pin=R160-1
Removed Pin From Net: NetName=3V3_MAIN Pin=R162-1
Removed Pin From Net: NetName=3V3_REG_FB Pin=R179-1
Removed Pin From Net: NetName=3V3_MAIN Pin=U17-5
Added Pin To Net: NetName=3V3_MAIN Pin=F14-1
Add Pin To Net: Unknown Pin: Pin MH1-2
Add Pin To Net: Unknown Pin: Pin MH1-3
Add Pin To Net: Unknown Pin: Pin MH1-4
Add Pin To Net: Unknown Pin: Pin MH1-5
Add Pin To Net: Unknown Pin: Pin MH1-6
Add Pin To Net: Unknown Pin: Pin MH1-7
Add Pin To Net: Unknown Pin: Pin MH2-2
Add Pin To Net: Unknown Pin: Pin MH2-3
Add Pin To Net: Unknown Pin: Pin MH2-4
Add Pin To Net: Unknown Pin: Pin MH2-5
Add Pin To Net: Unknown Pin: Pin MH2-6
Add Pin To Net: Unknown Pin: Pin MH2-7
Add Pin To Net: Unknown Pin: Pin MH3-2
Add Pin To Net: Unknown Pin: Pin MH3-3
Add Pin To Net: Unknown Pin: Pin MH3-4
Add Pin To Net: Unknown Pin: Pin MH3-5
Add Pin To Net: Unknown Pin: Pin MH3-6
Add Pin To Net: Unknown Pin: Pin MH3-7
Add Pin To Net: Unknown Pin: Pin MH4-2
Add Pin To Net: Unknown Pin: Pin MH4-3
Add Pin To Net: Unknown Pin: Pin MH4-4
Add Pin To Net: Unknown Pin: Pin MH4-5
Add Pin To Net: Unknown Pin: Pin MH4-6
Add Pin To Net: Unknown Pin: Pin MH4-7
Add Pin To Net: Unknown Pin: Pin MH5-2
Add Pin To Net: Unknown Pin: Pin MH5-3
Add Pin To Net: Unknown Pin: Pin MH5-4
Add Pin To Net: Unknown Pin: Pin MH5-5
Add Pin To Net: Unknown Pin: Pin MH5-6
Add Pin To Net: Unknown Pin: Pin MH5-7
Add Pin To Net: Unknown Pin: Pin MH6-2
Add Pin To Net: Unknown Pin: Pin MH6-3
Add Pin To Net: Unknown Pin: Pin MH6-4
Add Pin To Net: Unknown Pin: Pin MH6-5
Add Pin To Net: Unknown Pin: Pin MH6-6
Add Pin To Net: Unknown Pin: Pin MH6-7
Add Pin To Net: Unknown Pin: Pin MH7-2
Add Pin To Net: Unknown Pin: Pin MH7-3
Add Pin To Net: Unknown Pin: Pin MH7-4
Add Pin To Net: Unknown Pin: Pin MH7-5
Add Pin To Net: Unknown Pin: Pin MH7-6
Add Pin To Net: Unknown Pin: Pin MH7-7
Add Pin To Net: Unknown Pin: Pin MH8-2
Add Pin To Net: Unknown Pin: Pin MH8-3
Add Pin To Net: Unknown Pin: Pin MH8-4
Add Pin To Net: Unknown Pin: Pin MH8-5
Add Pin To Net: Unknown Pin: Pin MH8-6
Add Pin To Net: Unknown Pin: Pin MH8-7
Add Pin To Net: Unknown Pin: Pin MH9-2
Add Pin To Net: Unknown Pin: Pin MH9-3
Add Pin To Net: Unknown Pin: Pin MH9-4
Add Pin To Net: Unknown Pin: Pin MH9-5
Add Pin To Net: Unknown Pin: Pin MH9-6
Add Pin To Net: Unknown Pin: Pin MH9-7
Add Pin To Net: Unknown Pin: Pin MH10-2
Add Pin To Net: Unknown Pin: Pin MH10-3
Add Pin To Net: Unknown Pin: Pin MH10-4
Add Pin To Net: Unknown Pin: Pin MH10-5
Add Pin To Net: Unknown Pin: Pin MH10-6
Add Pin To Net: Unknown Pin: Pin MH10-7
Add Pin To Net: Unknown Pin: Pin MH11-2
Add Pin To Net: Unknown Pin: Pin MH11-3
Add Pin To Net: Unknown Pin: Pin MH11-4
Add Pin To Net: Unknown Pin: Pin MH11-5
Add Pin To Net: Unknown Pin: Pin MH11-6
Add Pin To Net: Unknown Pin: Pin MH11-7
Add Pin To Net: Unknown Pin: Pin MH12-2
Add Pin To Net: Unknown Pin: Pin MH12-3
Add Pin To Net: Unknown Pin: Pin MH12-4
Add Pin To Net: Unknown Pin: Pin MH12-5
Add Pin To Net: Unknown Pin: Pin MH12-6
Add Pin To Net: Unknown Pin: Pin MH12-7
Add Pin To Net: Unknown Pin: Pin MH13-2
Add Pin To Net: Unknown Pin: Pin MH13-3
Add Pin To Net: Unknown Pin: Pin MH13-4
Add Pin To Net: Unknown Pin: Pin MH13-5
Add Pin To Net: Unknown Pin: Pin MH13-6
Add Pin To Net: Unknown Pin: Pin MH13-7
Add Pin To Net: Unknown Pin: Pin MH14-2
Add Pin To Net: Unknown Pin: Pin MH14-3
Add Pin To Net: Unknown Pin: Pin MH14-4
Add Pin To Net: Unknown Pin: Pin MH14-5
Add Pin To Net: Unknown Pin: Pin MH14-6
Add Pin To Net: Unknown Pin: Pin MH14-7
Added Pin To Net: NetName=3V3_MAIN Pin=R33-1
Added Pin To Net: NetName=3V3_MAIN Pin=R62-1
Added Pin To Net: NetName=3V3_MAIN Pin=R179-1
Change Net Name : Old Net Name=3V3_MAIN New Net Name=3V3_PWR
Added Pin To Net: NetName=3V3_MAIN Pin=C119-1
Added Pin To Net: NetName=3V3_MAIN Pin=D2-2
Added Pin To Net: NetName=3V3_MAIN Pin=D2-3
Added Pin To Net: NetName=3V3_MAIN Pin=F21-1
Added Pin To Net: NetName=3V3_MAIN Pin=F22-1
Added Pin To Net: NetName=3V3_MAIN Pin=F23-1
Added Pin To Net: NetName=3V3_MAIN Pin=F25-1
Added Pin To Net: NetName=3V3_MAIN Pin=J1-84
Added Pin To Net: NetName=3V3_MAIN Pin=J1-86
Added Pin To Net: NetName=3V3_MAIN Pin=R24-2
Added Pin To Net: NetName=3V3_MAIN Pin=R160-1
Added Pin To Net: NetName=3V3_MAIN Pin=R162-1
Added Pin To Net: NetName=3V3_MAIN Pin=U17-5
Added Net: Name=3V3_MAIN
Added Member To Class: ClassName=PWR Member=Wire CM6206_REGV
Added Member To Class: ClassName=PWR Member=Wire NetC10_2
