Change Component Designator: Old Designator=C28 New Designator=C227
Change Component Designator: Old Designator=C29 New Designator=C228
Change Component Designator: Old Designator=C33 New Designator=C229
Change Component Designator: Old Designator=C35 New Designator=C230
Change Component Designator: Old Designator=C36 New Designator=C231
Change Component Designator: Old Designator=C37 New Designator=C232
Change Component Designator: Old Designator=C38 New Designator=C233
Change Component Designator: Old Designator=C39 New Designator=C234
Change Component Designator: Old Designator=C40 New Designator=C235
Change Component Designator: Old Designator=C41 New Designator=C236
Change Component Designator: Old Designator=C42 New Designator=C237
Change Component Designator: Old Designator=C43 New Designator=C238
Change Component Designator: Old Designator=C44 New Designator=C239
Change Component Designator: Old Designator=C45 New Designator=C240
Change Component Designator: Old Designator=C46 New Designator=C241
Change Component Designator: Old Designator=C47 New Designator=C242
Change Component Designator: Old Designator=C48 New Designator=C243
Change Component Designator: Old Designator=C49 New Designator=C244
Change Component Designator: Old Designator=C50 New Designator=C245
Change Component Designator: Old Designator=C51 New Designator=C246
Change Component Designator: Old Designator=C52 New Designator=C247
Change Component Designator: Old Designator=C53 New Designator=C248
Change Component Designator: Old Designator=C54 New Designator=C249
Change Component Designator: Old Designator=C55 New Designator=C250
Change Component Designator: Old Designator=C56 New Designator=C251
Change Component Designator: Old Designator=C57 New Designator=C252
Change Component Designator: Old Designator=C58 New Designator=C253
Change Component Designator: Old Designator=C59 New Designator=C254
Change Component Designator: Old Designator=C60 New Designator=C255
Change Component Designator: Old Designator=D6 New Designator=D24
Change Component Designator: Old Designator=J4 New Designator=J19
Change Component Designator: Old Designator=J5 New Designator=J20
Change Component Designator: Old Designator=J6 New Designator=J21
Change Component Designator: Old Designator=J7 New Designator=J22
Change Component Designator: Old Designator=L1 New Designator=L19
Change Component Designator: Old Designator=R37 New Designator=R278
Change Component Designator: Old Designator=R38 New Designator=R279
Change Component Designator: Old Designator=R39 New Designator=R280
Change Component Designator: Old Designator=R40 New Designator=R281
Change Component Designator: Old Designator=R41 New Designator=R282
Change Component Designator: Old Designator=R42 New Designator=R283
Change Component Designator: Old Designator=R43 New Designator=R284
Change Component Designator: Old Designator=R44 New Designator=R285
Change Component Designator: Old Designator=R45 New Designator=R286
Change Component Designator: Old Designator=R46 New Designator=R287
Change Component Designator: Old Designator=R47 New Designator=R288
Change Component Designator: Old Designator=R48 New Designator=R289
Change Component Designator: Old Designator=R49 New Designator=R290
Change Component Designator: Old Designator=R50 New Designator=R291
Change Component Designator: Old Designator=R51 New Designator=R292
Change Component Designator: Old Designator=R52 New Designator=R293
Change Component Designator: Old Designator=R55 New Designator=R294
Change Component Designator: Old Designator=R56 New Designator=R295
Change Component Designator: Old Designator=R57 New Designator=R296
Change Component Designator: Old Designator=R59 New Designator=R297
Change Component Designator: Old Designator=R60 New Designator=R298
Change Component Designator: Old Designator=R61 New Designator=R299
Change Component Designator: Old Designator=R62 New Designator=R300
Change Component Designator: Old Designator=R63 New Designator=R301
Change Component Designator: Old Designator=R65 New Designator=R302
Change Component Designator: Old Designator=R66 New Designator=R303
Change Component Designator: Old Designator=R67 New Designator=R304
Change Component Designator: Old Designator=R68 New Designator=R305
Change Component Designator: Old Designator=R69 New Designator=R306
Change Component Designator: Old Designator=R70 New Designator=R307
Change Component Designator: Old Designator=U2 New Designator=U32
Change Component Designator: Old Designator=U2 New Designator=U32
Change Component Designator: Old Designator=Y2 New Designator=Y7
