Change Component Designator: Old Designator=C227 New Designator=C219
Change Component Designator: Old Designator=C228 New Designator=C220
Change Component Designator: Old Designator=C229 New Designator=C221
Change Component Designator: Old Designator=C230 New Designator=C222
Change Component Designator: Old Designator=C231 New Designator=C223
Change Component Designator: Old Designator=C232 New Designator=C224
Change Component Designator: Old Designator=C233 New Designator=C225
Change Component Designator: Old Designator=C234 New Designator=C226
Change Component Designator: Old Designator=C235 New Designator=C227
Change Component Designator: Old Designator=C236 New Designator=C228
Change Component Designator: Old Designator=C237 New Designator=C229
Change Component Designator: Old Designator=C238 New Designator=C230
Change Component Designator: Old Designator=C239 New Designator=C231
Change Component Designator: Old Designator=C240 New Designator=C232
Change Component Designator: Old Designator=C241 New Designator=C233
Change Component Designator: Old Designator=C242 New Designator=C234
Change Component Designator: Old Designator=C243 New Designator=C235
Change Component Designator: Old Designator=C244 New Designator=C236
Change Component Designator: Old Designator=C245 New Designator=C237
Change Component Designator: Old Designator=C246 New Designator=C238
Change Component Designator: Old Designator=C247 New Designator=C239
Change Component Designator: Old Designator=C248 New Designator=C240
Change Component Designator: Old Designator=C249 New Designator=C241
Change Component Designator: Old Designator=C250 New Designator=C242
Change Component Designator: Old Designator=C251 New Designator=C243
Change Component Designator: Old Designator=C252 New Designator=C244
Change Component Designator: Old Designator=C253 New Designator=C245
Change Component Designator: Old Designator=C254 New Designator=C246
Change Component Designator: Old Designator=C255 New Designator=C247
Change Component Designator: Old Designator=D24 New Designator=D19
Change Component Designator: Old Designator=L19 New Designator=L18
Change Component Designator: Old Designator=R278 New Designator=R261
Change Component Designator: Old Designator=R279 New Designator=R262
Change Component Designator: Old Designator=R280 New Designator=R263
Change Component Designator: Old Designator=R281 New Designator=R264
Change Component Designator: Old Designator=R282 New Designator=R265
Change Component Designator: Old Designator=R283 New Designator=R266
Change Component Designator: Old Designator=R284 New Designator=R267
Change Component Designator: Old Designator=R285 New Designator=R268
Change Component Designator: Old Designator=R286 New Designator=R269
Change Component Designator: Old Designator=R287 New Designator=R270
Change Component Designator: Old Designator=R288 New Designator=R271
Change Component Designator: Old Designator=R289 New Designator=R272
Change Component Designator: Old Designator=R290 New Designator=R273
Change Component Designator: Old Designator=R291 New Designator=R274
Change Component Designator: Old Designator=R292 New Designator=R275
Change Component Designator: Old Designator=R293 New Designator=R276
Change Component Designator: Old Designator=R294 New Designator=R277
Change Component Designator: Old Designator=R295 New Designator=R278
Change Component Designator: Old Designator=R296 New Designator=R279
Change Component Designator: Old Designator=R297 New Designator=R280
Change Component Designator: Old Designator=R298 New Designator=R281
Change Component Designator: Old Designator=R299 New Designator=R282
Change Component Designator: Old Designator=R300 New Designator=R283
Change Component Designator: Old Designator=R301 New Designator=R284
Change Component Designator: Old Designator=R302 New Designator=R285
Change Component Designator: Old Designator=R303 New Designator=R286
Change Component Designator: Old Designator=R304 New Designator=R287
Change Component Designator: Old Designator=R305 New Designator=R288
Change Component Designator: Old Designator=R306 New Designator=R289
Change Component Designator: Old Designator=R307 New Designator=R290
Change Component Designator: Old Designator=U32 New Designator=U30
Change Component Designator: Old Designator=U32 New Designator=U30
