Change Component Designator: Old Designator=C6 New Designator=C205
Change Component Designator: Old Designator=C7 New Designator=C206
Change Component Designator: Old Designator=C8 New Designator=C207
Change Component Designator: Old Designator=C9 New Designator=C208
Change Component Designator: Old Designator=C10 New Designator=C209
Change Component Designator: Old Designator=C11 New Designator=C210
Change Component Designator: Old Designator=C12 New Designator=C211
Change Component Designator: Old Designator=C13 New Designator=C212
Change Component Designator: Old Designator=C14 New Designator=C213
Change Component Designator: Old Designator=C15 New Designator=C214
Change Component Designator: Old Designator=C16 New Designator=C215
Change Component Designator: Old Designator=C17 New Designator=C216
Change Component Designator: Old Designator=C18 New Designator=C217
Change Component Designator: Old Designator=C19 New Designator=C218
Change Component Designator: Old Designator=C20 New Designator=C219
Change Component Designator: Old Designator=C21 New Designator=C220
Change Component Designator: Old Designator=C22 New Designator=C221
Change Component Designator: Old Designator=C23 New Designator=C222
Change Component Designator: Old Designator=C24 New Designator=C223
Change Component Designator: Old Designator=C25 New Designator=C224
Change Component Designator: Old Designator=C26 New Designator=C225
Change Component Designator: Old Designator=C27 New Designator=C226
Change Component Designator: Old Designator=D5 New Designator=D23
Change Component Designator: Old Designator=R17 New Designator=R259
Change Component Designator: Old Designator=R19 New Designator=R260
Change Component Designator: Old Designator=R20 New Designator=R261
Change Component Designator: Old Designator=R21 New Designator=R262
Change Component Designator: Old Designator=R22 New Designator=R263
Change Component Designator: Old Designator=R23 New Designator=R264
Change Component Designator: Old Designator=R24 New Designator=R265
Change Component Designator: Old Designator=R25 New Designator=R266
Change Component Designator: Old Designator=R26 New Designator=R267
Change Component Designator: Old Designator=R27 New Designator=R268
Change Component Designator: Old Designator=R28 New Designator=R269
Change Component Designator: Old Designator=R29 New Designator=R270
Change Component Designator: Old Designator=R30 New Designator=R271
Change Component Designator: Old Designator=R31 New Designator=R272
Change Component Designator: Old Designator=R32 New Designator=R273
Change Component Designator: Old Designator=R33 New Designator=R274
Change Component Designator: Old Designator=R34 New Designator=R275
Change Component Designator: Old Designator=R35 New Designator=R276
Change Component Designator: Old Designator=R36 New Designator=R277
Change Component Designator: Old Designator=U1 New Designator=U31
Change Component Designator: Old Designator=U1 New Designator=U31
Change Component Designator: Old Designator=Y1 New Designator=Y6
