Change Component Designator: Old Designator=C155 New Designator=C147
Change Component Designator: Old Designator=C156 New Designator=C148
Change Component Designator: Old Designator=C157 New Designator=C149
Change Component Designator: Old Designator=C158 New Designator=C150
Change Component Designator: Old Designator=C159 New Designator=C151
Change Component Designator: Old Designator=C160 New Designator=C152
Change Component Designator: Old Designator=C161 New Designator=C153
Change Component Designator: Old Designator=C162 New Designator=C154
Change Component Designator: Old Designator=C163 New Designator=C155
Change Component Designator: Old Designator=C164 New Designator=C156
Change Component Designator: Old Designator=C165 New Designator=C157
Change Component Designator: Old Designator=C166 New Designator=C158
Change Component Designator: Old Designator=C167 New Designator=C159
Change Component Designator: Old Designator=D16 New Designator=D11
Change Component Designator: Old Designator=D17 New Designator=D12
Change Component Designator: Old Designator=D18 New Designator=D13
Change Component Designator: Old Designator=D19 New Designator=D14
Change Component Designator: Old Designator=Q19 New Designator=Q13
Change Component Designator: Old Designator=Q20 New Designator=Q14
Change Component Designator: Old Designator=R204 New Designator=R187
Change Component Designator: Old Designator=R205 New Designator=R188
Change Component Designator: Old Designator=R206 New Designator=R189
Change Component Designator: Old Designator=R207 New Designator=R190
Change Component Designator: Old Designator=R208 New Designator=R191
Change Component Designator: Old Designator=R209 New Designator=R192
Change Component Designator: Old Designator=R210 New Designator=R193
Change Component Designator: Old Designator=R211 New Designator=R194
Change Component Designator: Old Designator=R212 New Designator=R195
Change Component Designator: Old Designator=R213 New Designator=R196
Change Component Designator: Old Designator=R214 New Designator=R197
Change Component Designator: Old Designator=R215 New Designator=R198
Change Component Designator: Old Designator=R216 New Designator=R199
Change Component Designator: Old Designator=R217 New Designator=R200
Change Component Designator: Old Designator=R218 New Designator=R201
Change Component Designator: Old Designator=U25 New Designator=U23
