Change Component Designator: Old Designator=C? New Designator=C155
Change Component Designator: Old Designator=C? New Designator=C156
Change Component Designator: Old Designator=C? New Designator=C157
Change Component Designator: Old Designator=C? New Designator=C158
Change Component Designator: Old Designator=C? New Designator=C159
Change Component Designator: Old Designator=C? New Designator=C160
Change Component Designator: Old Designator=C? New Designator=C161
Change Component Designator: Old Designator=C? New Designator=C162
Change Component Designator: Old Designator=C? New Designator=C163
Change Component Designator: Old Designator=C? New Designator=C164
Change Component Designator: Old Designator=C? New Designator=C165
Change Component Designator: Old Designator=C? New Designator=C166
Change Component Designator: Old Designator=C? New Designator=C167
Change Component Designator: Old Designator=D? New Designator=D16
Change Component Designator: Old Designator=D? New Designator=D17
Change Component Designator: Old Designator=D? New Designator=D18
Change Component Designator: Old Designator=D? New Designator=D19
Change Component Designator: Old Designator=Q? New Designator=Q19
Change Component Designator: Old Designator=Q? New Designator=Q20
Change Component Designator: Old Designator=R? New Designator=R204
Change Component Designator: Old Designator=R? New Designator=R205
Change Component Designator: Old Designator=R? New Designator=R206
Change Component Designator: Old Designator=R? New Designator=R207
Change Component Designator: Old Designator=R? New Designator=R208
Change Component Designator: Old Designator=R? New Designator=R209
Change Component Designator: Old Designator=R? New Designator=R210
Change Component Designator: Old Designator=R? New Designator=R211
Change Component Designator: Old Designator=R? New Designator=R212
Change Component Designator: Old Designator=R? New Designator=R213
Change Component Designator: Old Designator=R? New Designator=R214
Change Component Designator: Old Designator=R? New Designator=R215
Change Component Designator: Old Designator=R? New Designator=R216
Change Component Designator: Old Designator=R? New Designator=R217
Change Component Designator: Old Designator=R? New Designator=R218
Change Component Designator: Old Designator=U? New Designator=U25
