Change Component Designator: Old Designator=C73 New Designator=C65
Change Component Designator: Old Designator=C74 New Designator=C66
Change Component Designator: Old Designator=C75 New Designator=C67
Change Component Designator: Old Designator=C76 New Designator=C68
Change Component Designator: Old Designator=C77 New Designator=C69
Change Component Designator: Old Designator=C78 New Designator=C70
Change Component Designator: Old Designator=C79 New Designator=C71
Change Component Designator: Old Designator=C80 New Designator=C72
Change Component Designator: Old Designator=C81 New Designator=C73
Change Component Designator: Old Designator=C82 New Designator=C74
Change Component Designator: Old Designator=C83 New Designator=C75
Change Component Designator: Old Designator=C84 New Designator=C76
Change Component Designator: Old Designator=C85 New Designator=C77
Change Component Designator: Old Designator=C86 New Designator=C78
Change Component Designator: Old Designator=C87 New Designator=C79
Change Component Designator: Old Designator=C88 New Designator=C80
Change Component Designator: Old Designator=C89 New Designator=C81
Change Component Designator: Old Designator=C90 New Designator=C82
Change Component Designator: Old Designator=C91 New Designator=C83
Change Component Designator: Old Designator=C92 New Designator=C84
Change Component Designator: Old Designator=C93 New Designator=C85
Change Component Designator: Old Designator=C94 New Designator=C86
Change Component Designator: Old Designator=C95 New Designator=C87
Change Component Designator: Old Designator=C96 New Designator=C88
Change Component Designator: Old Designator=C97 New Designator=C89
Change Component Designator: Old Designator=C98 New Designator=C90
Change Component Designator: Old Designator=C99 New Designator=C91
Change Component Designator: Old Designator=C100 New Designator=C92
Change Component Designator: Old Designator=C101 New Designator=C93
Change Component Designator: Old Designator=C102 New Designator=C94
Change Component Designator: Old Designator=C103 New Designator=C95
Change Component Designator: Old Designator=C104 New Designator=C96
Change Component Designator: Old Designator=C105 New Designator=C97
Change Component Designator: Old Designator=C106 New Designator=C98
Change Component Designator: Old Designator=C107 New Designator=C99
Change Component Designator: Old Designator=C108 New Designator=C100
Change Component Designator: Old Designator=C109 New Designator=C101
Change Component Designator: Old Designator=C110 New Designator=C102
Change Component Designator: Old Designator=C111 New Designator=C103
Change Component Designator: Old Designator=C112 New Designator=C104
Change Component Designator: Old Designator=C113 New Designator=C105
Change Component Designator: Old Designator=C114 New Designator=C106
Change Component Designator: Old Designator=C115 New Designator=C107
Change Component Designator: Old Designator=C116 New Designator=C108
Change Component Designator: Old Designator=C117 New Designator=C109
Change Component Designator: Old Designator=C118 New Designator=C110
Change Component Designator: Old Designator=C119 New Designator=C111
Change Component Designator: Old Designator=C120 New Designator=C112
Change Component Designator: Old Designator=C121 New Designator=C113
Change Component Designator: Old Designator=D12 New Designator=D7
Change Component Designator: Old Designator=L4 New Designator=L3
Change Component Designator: Old Designator=L5 New Designator=L4
Change Component Designator: Old Designator=L6 New Designator=L5
Change Component Designator: Old Designator=L7 New Designator=L6
Change Component Designator: Old Designator=L8 New Designator=L7
Change Component Designator: Old Designator=L9 New Designator=L8
Change Component Designator: Old Designator=L10 New Designator=L9
Change Component Designator: Old Designator=L11 New Designator=L10
Change Component Designator: Old Designator=L12 New Designator=L11
Change Component Designator: Old Designator=L13 New Designator=L12
Change Component Designator: Old Designator=L14 New Designator=L13
Change Component Designator: Old Designator=L15 New Designator=L14
Change Component Designator: Old Designator=Q8 New Designator=Q2
Change Component Designator: Old Designator=Q8 New Designator=Q2
Change Component Designator: Old Designator=Q9 New Designator=Q3
Change Component Designator: Old Designator=Q9 New Designator=Q3
Change Component Designator: Old Designator=Q10 New Designator=Q4
Change Component Designator: Old Designator=Q10 New Designator=Q4
Change Component Designator: Old Designator=Q11 New Designator=Q5
Change Component Designator: Old Designator=Q11 New Designator=Q5
Change Component Designator: Old Designator=Q12 New Designator=Q6
Change Component Designator: Old Designator=Q12 New Designator=Q6
Change Component Designator: Old Designator=R87 New Designator=R70
Change Component Designator: Old Designator=R88 New Designator=R71
Change Component Designator: Old Designator=R89 New Designator=R72
Change Component Designator: Old Designator=R90 New Designator=R73
Change Component Designator: Old Designator=R91 New Designator=R74
Change Component Designator: Old Designator=R92 New Designator=R75
Change Component Designator: Old Designator=R93 New Designator=R76
Change Component Designator: Old Designator=R94 New Designator=R77
Change Component Designator: Old Designator=R95 New Designator=R78
Change Component Designator: Old Designator=R96 New Designator=R79
Change Component Designator: Old Designator=R97 New Designator=R80
Change Component Designator: Old Designator=R98 New Designator=R81
Change Component Designator: Old Designator=R99 New Designator=R82
Change Component Designator: Old Designator=R100 New Designator=R83
Change Component Designator: Old Designator=R101 New Designator=R84
Change Component Designator: Old Designator=R102 New Designator=R85
Change Component Designator: Old Designator=R103 New Designator=R86
Change Component Designator: Old Designator=R104 New Designator=R87
Change Component Designator: Old Designator=R105 New Designator=R88
Change Component Designator: Old Designator=R106 New Designator=R89
Change Component Designator: Old Designator=R107 New Designator=R90
Change Component Designator: Old Designator=R108 New Designator=R91
Change Component Designator: Old Designator=R109 New Designator=R92
Change Component Designator: Old Designator=R110 New Designator=R93
Change Component Designator: Old Designator=R111 New Designator=R94
Change Component Designator: Old Designator=R112 New Designator=R95
Change Component Designator: Old Designator=R113 New Designator=R96
Change Component Designator: Old Designator=R114 New Designator=R97
Change Component Designator: Old Designator=R115 New Designator=R98
Change Component Designator: Old Designator=R116 New Designator=R99
Change Component Designator: Old Designator=R117 New Designator=R100
Change Component Designator: Old Designator=R118 New Designator=R101
Change Component Designator: Old Designator=R119 New Designator=R102
Change Component Designator: Old Designator=R120 New Designator=R103
Change Component Designator: Old Designator=R121 New Designator=R104
Change Component Designator: Old Designator=R122 New Designator=R105
Change Component Designator: Old Designator=R123 New Designator=R106
Change Component Designator: Old Designator=R124 New Designator=R107
Change Component Designator: Old Designator=R125 New Designator=R108
Change Component Designator: Old Designator=R126 New Designator=R109
Change Component Designator: Old Designator=R127 New Designator=R110
Change Component Designator: Old Designator=R128 New Designator=R111
Change Component Designator: Old Designator=R129 New Designator=R112
Change Component Designator: Old Designator=R130 New Designator=R113
Change Component Designator: Old Designator=R131 New Designator=R114
Change Component Designator: Old Designator=R132 New Designator=R115
Change Component Designator: Old Designator=R133 New Designator=R116
Change Component Designator: Old Designator=R134 New Designator=R117
Change Component Designator: Old Designator=U11 New Designator=U9
Change Component Designator: Old Designator=U11 New Designator=U9
Change Component Designator: Old Designator=U12 New Designator=U10
Change Component Designator: Old Designator=U13 New Designator=U11
Change Component Designator: Old Designator=U14 New Designator=U12
