Change Component Designator: Old Designator=C123 New Designator=C115
Change Component Designator: Old Designator=C124 New Designator=C116
Change Component Designator: Old Designator=C125 New Designator=C117
Change Component Designator: Old Designator=C126 New Designator=C118
Change Component Designator: Old Designator=D13 New Designator=D8
Change Component Designator: Old Designator=L16 New Designator=L15
Change Component Designator: Old Designator=Q16 New Designator=Q10
Change Component Designator: Old Designator=Q17 New Designator=Q11
Change Component Designator: Old Designator=R141 New Designator=R124
Change Component Designator: Old Designator=R142 New Designator=R125
Change Component Designator: Old Designator=R143 New Designator=R126
Change Component Designator: Old Designator=R144 New Designator=R127
Change Component Designator: Old Designator=R145 New Designator=R128
Change Component Designator: Old Designator=R146 New Designator=R129
Change Component Designator: Old Designator=R147 New Designator=R130
Change Component Designator: Old Designator=R148 New Designator=R131
Change Component Designator: Old Designator=R149 New Designator=R132
Change Component Designator: Old Designator=R150 New Designator=R133
Change Component Designator: Old Designator=R151 New Designator=R134
Change Component Designator: Old Designator=R152 New Designator=R135
Change Component Designator: Old Designator=R153 New Designator=R136
Change Component Designator: Old Designator=U16 New Designator=U14
Change Component Designator: Old Designator=U17 New Designator=U15
