Change Component Designator: Old Designator=C? New Designator=C177
Change Component Designator: Old Designator=C? New Designator=C178
Change Component Designator: Old Designator=C? New Designator=C179
Change Component Designator: Old Designator=C? New Designator=C180
Change Component Designator: Old Designator=C? New Designator=C181
Change Component Designator: Old Designator=C? New Designator=C182
Change Component Designator: Old Designator=C? New Designator=C183
Change Component Designator: Old Designator=C? New Designator=C184
Change Component Designator: Old Designator=C? New Designator=C185
Change Component Designator: Old Designator=C? New Designator=C186
Change Component Designator: Old Designator=C? New Designator=C187
Change Component Designator: Old Designator=C? New Designator=C188
Change Component Designator: Old Designator=C? New Designator=C189
Change Component Designator: Old Designator=C? New Designator=C190
Change Component Designator: Old Designator=C? New Designator=C191
Change Component Designator: Old Designator=C? New Designator=C192
Change Component Designator: Old Designator=C? New Designator=C193
Change Component Designator: Old Designator=C? New Designator=C194
Change Component Designator: Old Designator=C? New Designator=C195
Change Component Designator: Old Designator=C? New Designator=C196
Change Component Designator: Old Designator=C? New Designator=C197
Change Component Designator: Old Designator=C? New Designator=C198
Change Component Designator: Old Designator=C? New Designator=C199
Change Component Designator: Old Designator=C? New Designator=C200
Change Component Designator: Old Designator=C? New Designator=C201
Change Component Designator: Old Designator=C? New Designator=C202
Change Component Designator: Old Designator=C? New Designator=C203
Change Component Designator: Old Designator=C? New Designator=C204
Change Component Designator: Old Designator=R? New Designator=R231
Change Component Designator: Old Designator=R? New Designator=R232
Change Component Designator: Old Designator=R? New Designator=R233
Change Component Designator: Old Designator=R? New Designator=R234
Change Component Designator: Old Designator=R? New Designator=R235
Change Component Designator: Old Designator=R? New Designator=R236
Change Component Designator: Old Designator=R? New Designator=R237
Change Component Designator: Old Designator=R? New Designator=R238
Change Component Designator: Old Designator=R? New Designator=R239
Change Component Designator: Old Designator=R? New Designator=R240
Change Component Designator: Old Designator=R? New Designator=R241
Change Component Designator: Old Designator=R? New Designator=R242
Change Component Designator: Old Designator=R? New Designator=R243
Change Component Designator: Old Designator=R? New Designator=R244
Change Component Designator: Old Designator=R? New Designator=R245
Change Component Designator: Old Designator=R? New Designator=R246
Change Component Designator: Old Designator=R? New Designator=R247
Change Component Designator: Old Designator=R? New Designator=R248
Change Component Designator: Old Designator=R? New Designator=R249
Change Component Designator: Old Designator=R? New Designator=R250
Change Component Designator: Old Designator=R? New Designator=R251
Change Component Designator: Old Designator=R? New Designator=R252
Change Component Designator: Old Designator=R? New Designator=R253
Change Component Designator: Old Designator=R? New Designator=R254
Change Component Designator: Old Designator=R? New Designator=R255
Change Component Designator: Old Designator=R? New Designator=R256
Change Component Designator: Old Designator=R? New Designator=R257
Change Component Designator: Old Designator=R? New Designator=R258
Change Component Designator: Old Designator=TP? New Designator=TP5
Change Component Designator: Old Designator=TP? New Designator=TP6
Change Component Designator: Old Designator=TP? New Designator=TP7
Change Component Designator: Old Designator=U? New Designator=U29
Change Component Designator: Old Designator=U? New Designator=U29
Change Component Designator: Old Designator=U? New Designator=U30
Change Component Designator: Old Designator=Y? New Designator=Y5
