Removed Pin From Net: NetName=GND Pin=C5_CAN_0-1
Removed Pin From Net: NetName=NetC5_CAN_0_2 Pin=C5_CAN_0-2
Removed Pin From Net: NetName=GND Pin=C5_CAN_1-1
Removed Pin From Net: NetName=NetC5_CAN_1_2 Pin=C5_CAN_1-2
Change Component Footprint: Designator=C5_CAN_0 Old Footprint=FP-C0402-BB-MFG New Footprint=FP-0402-L_1_0_0_05-W_0_5-IPC_A
Change Component Footprint: Designator=C5_CAN_1 Old Footprint=FP-C0402-BB-MFG New Footprint=FP-0402-L_1_0_0_05-W_0_5-IPC_A
Change Component Comment : Designator=C5_CAN_0 Old Comment=C0402C104K8PACTU New Comment=100n
Change Component Comment : Designator=C5_CAN_1 Old Comment=C0402C104K8PACTU New Comment=100n
Change Managed Component Library Link : Designator=C5_CAN_0 Old VaultGUID=B7D15EC3-160A-466F-A46C-7801FE6295A7 New VaultGUID=275DD9A0-BDD9-47D7-8C38-F690E90B05B9 Old ItemGUID=9322D1A7-EFCD-40A8-A271-06F12E1247C2 New ItemGUID=43a49740-5c66-4506-9ea2-07741095c73f Old RevisionGUID=339396D0-F823-4090-BFEE-D9A0095E809A New RevisionGUID=687d763b-7f8a-412e-93a6-e138853d33ff
Change Managed Component Library Link : Designator=C5_CAN_1 Old VaultGUID=B7D15EC3-160A-466F-A46C-7801FE6295A7 New VaultGUID=275DD9A0-BDD9-47D7-8C38-F690E90B05B9 Old ItemGUID=9322D1A7-EFCD-40A8-A271-06F12E1247C2 New ItemGUID=43a49740-5c66-4506-9ea2-07741095c73f Old RevisionGUID=339396D0-F823-4090-BFEE-D9A0095E809A New RevisionGUID=687d763b-7f8a-412e-93a6-e138853d33ff
Change component parameters: Designator = "C5_CAN_0" ("C5"); Footprint = "FP-C0402-BB-MFG"; UniqueID = "\OVLDOWQD\AXRCKQKG" ("\OVLDOWQD\AXRCKQKG")
Change component parameters (AddParameter): Name = "Capacitor Type"; Value = "Ceramic"; VariantName = "[No Variations]"
Change component parameters (AddParameter): Name = "Case/Package"; Value = "0402"; VariantName = "[No Variations]"
Change component parameters (AddParameter): Name = "Max Operating Temperature"; Value = "85°C"; VariantName = "[No Variations]"
Change component parameters (AddParameter): Name = "Min Operating Temperature"; Value = "-55°C"; VariantName = "[No Variations]"
Change component parameters (AddParameter): Name = "Mounting Technology"; Value = "Surface Mount"; VariantName = "[No Variations]"
Change component parameters (AddParameter): Name = "Pins"; Value = "2"; VariantName = "[No Variations]"
Change component parameters (AddParameter): Name = "RoHS Compliant"; Value = "Yes"; VariantName = "[No Variations]"
Change component parameters (AddParameter): Name = "Tolerance"; Value = ""; VariantName = "[No Variations]"
Change component parameters (AddParameter): Name = "Value"; Value = "100n"; VariantName = "[No Variations]"
Change component parameters (AddParameter): Name = "Voltage Rating"; Value = ""; VariantName = "[No Variations]"
Change component parameters: Designator = "C5_CAN_1" ("C5"); Footprint = "FP-C0402-BB-MFG"; UniqueID = "\UQJOKZIE\AXRCKQKG" ("\UQJOKZIE\AXRCKQKG")
Change component parameters (AddParameter): Name = "Capacitor Type"; Value = "Ceramic"; VariantName = "[No Variations]"
Change component parameters (AddParameter): Name = "Case/Package"; Value = "0402"; VariantName = "[No Variations]"
Change component parameters (AddParameter): Name = "Max Operating Temperature"; Value = "85°C"; VariantName = "[No Variations]"
Change component parameters (AddParameter): Name = "Min Operating Temperature"; Value = "-55°C"; VariantName = "[No Variations]"
Change component parameters (AddParameter): Name = "Mounting Technology"; Value = "Surface Mount"; VariantName = "[No Variations]"
Change component parameters (AddParameter): Name = "Pins"; Value = "2"; VariantName = "[No Variations]"
Change component parameters (AddParameter): Name = "RoHS Compliant"; Value = "Yes"; VariantName = "[No Variations]"
Change component parameters (AddParameter): Name = "Tolerance"; Value = ""; VariantName = "[No Variations]"
Change component parameters (AddParameter): Name = "Value"; Value = "100n"; VariantName = "[No Variations]"
Change component parameters (AddParameter): Name = "Voltage Rating"; Value = ""; VariantName = "[No Variations]"
Added Pin To Net: NetName=NetC5_CAN_0_2 Pin=C5_CAN_0-1
Added Pin To Net: NetName=GND Pin=C5_CAN_0-2
Added Pin To Net: NetName=NetC5_CAN_1_2 Pin=C5_CAN_1-1
Added Pin To Net: NetName=GND Pin=C5_CAN_1-2
Change Net Name : Old Net Name=NetC5_CAN_0_2 New Net Name=NetC5_CAN_0_1
Change Net Name : Old Net Name=NetC5_CAN_1_2 New Net Name=NetC5_CAN_1_1
Added Room: Name=CAN_0
Added Room: Name=CAN_1
Added Rule: Name=Schematic Supply Nets
Added Rule: Name=Schematic Supply Nets_1
Added Rule: Name=Schematic Supply Nets_2
Added Rule: Name=Schematic Supply Nets_3
