Removed Pin From Net: NetName=CAN0_P Pin=J1-1
Removed Pin From Net: NetName=CAN0_N Pin=J1-2
Removed Pin From Net: NetName=GND Pin=J1-3
Removed Pin From Net: NetName=PWR_A Pin=J1-4
Removed Pin From Net: NetName=PWR_B Pin=J1-5
Removed Pin From Net: NetName=GND Pin=J1-6
Removed Pin From Net: NetName=GND Pin=J1-7
Removed Pin From Net: NetName=GND Pin=J1-8
Removed Pin From Net: NetName=EXT_IN_A Pin=J1-9
Removed Pin From Net: NetName=CAN1_P Pin=J1-10
Removed Pin From Net: NetName=CAN1_N Pin=J1-11
Removed Pin From Net: NetName=GND Pin=J1-12
Removed Pin From Net: NetName=AUX_ON Pin=J1-13
Removed Pin From Net: NetName=EXT_IN_B Pin=J1-14
Added Pin To Net: NetName=CAN1_N Pin=J1-1
Added Pin To Net: NetName=CAN1_P Pin=J1-2
Added Pin To Net: NetName=CAN0_N Pin=J1-3
Added Pin To Net: NetName=CAN0_P Pin=J1-4
Added Pin To Net: NetName=PWR_A Pin=J1-5
Added Pin To Net: NetName=PWR_B Pin=J1-9
Added Pin To Net: NetName=AUX_ON Pin=J1-14
