Removed Pin From Net: NetName=3V3 Pin=C1_MOSFET_BANK_0-1
Removed Pin From Net: NetName=3V3 Pin=C1_MOSFET_BANK_1-1
Removed Pin From Net: NetName=3V3 Pin=C1_MOSFET_BANK_2-1
Removed Pin From Net: NetName=3V3 Pin=C1_MOSFET_BANK_3-1
Removed Pin From Net: NetName=3V3 Pin=C2_MOSFET_BANK_0-1
Removed Pin From Net: NetName=3V3 Pin=C2_MOSFET_BANK_1-1
Removed Pin From Net: NetName=3V3 Pin=C2_MOSFET_BANK_2-1
Removed Pin From Net: NetName=3V3 Pin=C2_MOSFET_BANK_3-1
Removed Pin From Net: NetName=3V3 Pin=C3_MOSFET_BANK_0-1
Removed Pin From Net: NetName=3V3 Pin=C3_MOSFET_BANK_1-1
Removed Pin From Net: NetName=3V3 Pin=C3_MOSFET_BANK_2-1
Removed Pin From Net: NetName=3V3 Pin=C3_MOSFET_BANK_3-1
Removed Pin From Net: NetName=3V3 Pin=C4_MOSFET_BANK_0-1
Removed Pin From Net: NetName=3V3 Pin=C4_MOSFET_BANK_1-1
Removed Pin From Net: NetName=3V3 Pin=C4_MOSFET_BANK_2-1
Removed Pin From Net: NetName=3V3 Pin=C4_MOSFET_BANK_3-1
Removed Pin From Net: NetName=3V3 Pin=C5_MOSFET_BANK_0-1
Removed Pin From Net: NetName=3V3 Pin=C5_MOSFET_BANK_1-1
Removed Pin From Net: NetName=3V3 Pin=C5_MOSFET_BANK_2-1
Removed Pin From Net: NetName=3V3 Pin=C5_MOSFET_BANK_3-1
Removed Pin From Net: NetName=3V3 Pin=C40_PWR_PROT_1-1
Removed Pin From Net: NetName=3V3 Pin=C40_PWR_PROT_2-1
Removed Pin From Net: NetName=3V3 Pin=C40_PWR_PROT_3-1
Removed Pin From Net: NetName=3V3 Pin=C40_PWR_PROT_4-1
Removed Pin From Net: NetName=3V3 Pin=C40_PWR_PROT_5-1
Removed Pin From Net: NetName=3V3 Pin=C43_IO_CHECKER_0-1
Removed Pin From Net: NetName=3V3 Pin=C43_IO_CHECKER_1-1
Removed Pin From Net: NetName=3V3 Pin=C49_ADC_0-1
Removed Pin From Net: NetName=3V3 Pin=C49_ADC_1-1
Removed Pin From Net: NetName=3V3 Pin=C77-1
Removed Pin From Net: NetName=3V3 Pin=C104-1
Removed Pin From Net: NetName=3V3 Pin=C109-1
Removed Pin From Net: NetName=3V3 Pin=R16_MOSFET_BANK_0-1
Removed Pin From Net: NetName=3V3 Pin=R16_MOSFET_BANK_1-1
Removed Pin From Net: NetName=3V3 Pin=R16_MOSFET_BANK_2-1
Removed Pin From Net: NetName=3V3 Pin=R16_MOSFET_BANK_3-1
Removed Pin From Net: NetName=3V3 Pin=R60_ADC_0-1
Removed Pin From Net: NetName=3V3 Pin=R60_ADC_1-1
Removed Pin From Net: NetName=3V3 Pin=U1_MOSFET_BANK_0-8
Removed Pin From Net: NetName=3V3 Pin=U1_MOSFET_BANK_1-8
Removed Pin From Net: NetName=3V3 Pin=U1_MOSFET_BANK_2-8
Removed Pin From Net: NetName=3V3 Pin=U1_MOSFET_BANK_3-8
Removed Pin From Net: NetName=3V3 Pin=U3_MOSFET_BANK_0-8
Removed Pin From Net: NetName=3V3 Pin=U3_MOSFET_BANK_1-8
Removed Pin From Net: NetName=3V3 Pin=U3_MOSFET_BANK_2-8
Removed Pin From Net: NetName=3V3 Pin=U3_MOSFET_BANK_3-8
Removed Pin From Net: NetName=3V3 Pin=U4_MOSFET_BANK_0-8
Removed Pin From Net: NetName=3V3 Pin=U4_MOSFET_BANK_1-8
Removed Pin From Net: NetName=3V3 Pin=U4_MOSFET_BANK_2-8
Removed Pin From Net: NetName=3V3 Pin=U4_MOSFET_BANK_3-8
Removed Pin From Net: NetName=3V3 Pin=U5_MOSFET_BANK_0-8
Removed Pin From Net: NetName=3V3 Pin=U5_MOSFET_BANK_1-8
Removed Pin From Net: NetName=3V3 Pin=U5_MOSFET_BANK_2-8
Removed Pin From Net: NetName=3V3 Pin=U5_MOSFET_BANK_3-8
Removed Pin From Net: NetName=3V3 Pin=U6_MOSFET_BANK_0-2
Removed Pin From Net: NetName=3V3 Pin=U6_MOSFET_BANK_1-2
Removed Pin From Net: NetName=3V3 Pin=U6_MOSFET_BANK_2-2
Removed Pin From Net: NetName=3V3 Pin=U6_MOSFET_BANK_3-2
Removed Pin From Net: NetName=3V3 Pin=U12_PWR_PROT_1-8
Removed Pin From Net: NetName=3V3 Pin=U12_PWR_PROT_2-8
Removed Pin From Net: NetName=3V3 Pin=U12_PWR_PROT_3-8
Removed Pin From Net: NetName=3V3 Pin=U12_PWR_PROT_4-8
Removed Pin From Net: NetName=3V3 Pin=U12_PWR_PROT_5-8
Removed Pin From Net: NetName=3V3 Pin=U13_ADC_0-2
Removed Pin From Net: NetName=3V3 Pin=U13_ADC_1-2
Removed Pin From Net: NetName=3V3 Pin=U15-8
Removed Pin From Net: NetName=3V3 Pin=U16-8
Removed Pin From Net: NetName=3V3 Pin=U17_IO_CHECKER_0-9
Removed Pin From Net: NetName=3V3 Pin=U17_IO_CHECKER_1-9
Removed Pin From Net: NetName=3V3 Pin=U19-8
Change Component Footprint: Designator=F7 Old Footprint=FP-0ZCM0010FF2G-MFG New Footprint=FP-MF-PSMF-MFG
Change Component Comment : Designator=F7 Old Comment=0ZCM0010FF2G New Comment=MF-PSMF020X-2
Change Component Comment : Designator=R12_MOSFET_BANK_0 Old Comment=1k New Comment=100k
Change Component Comment : Designator=R12_MOSFET_BANK_1 Old Comment=1k New Comment=100k
Change Component Comment : Designator=R12_MOSFET_BANK_2 Old Comment=1k New Comment=100k
Change Component Comment : Designator=R12_MOSFET_BANK_3 Old Comment=1k New Comment=100k
Change Component Comment : Designator=R11_MOSFET_BANK_0 Old Comment=ERT-J1VR103J New Comment=ERT-J1VR104FM
Change Component Comment : Designator=R11_MOSFET_BANK_1 Old Comment=ERT-J1VR103J New Comment=ERT-J1VR104FM
Change Component Comment : Designator=R11_MOSFET_BANK_2 Old Comment=ERT-J1VR103J New Comment=ERT-J1VR104FM
Change Component Comment : Designator=R11_MOSFET_BANK_3 Old Comment=ERT-J1VR103J New Comment=ERT-J1VR104FM
Change Managed Component Library Link : Designator=F7 Old VaultGUID=B7D15EC3-160A-466F-A46C-7801FE6295A7 New VaultGUID=B7D15EC3-160A-466F-A46C-7801FE6295A7 Old ItemGUID=741688AB-DD55-41E0-A402-8EE17EF12EDA New ItemGUID=CD08882C-17F5-42FC-9F02-2D5D68E4F52B Old RevisionGUID=31D1A643-D4EA-4B0E-91E6-E34BB9F85AF1 New RevisionGUID=208D536C-85DA-442F-A173-35AC2FBCBF5E
Change component parameters: Designator = "F7" ("F7"); Footprint = "FP-0ZCM0010FF2G-MFG"; UniqueID = "\HWCAVCDO\WPCEPFWT" ("\HWCAVCDO\WPCEPFWT")
Change component parameters (AddParameter): Name = "Ambient Temperature Range High"; Value = "+85°C"; VariantName = "[No Variations]"
Change component parameters (AddParameter): Name = "Ambient Temperature Range Low"; Value = "-40°C"; VariantName = "[No Variations]"
Change component parameters (AddParameter): Name = "Automotive"; Value = "No"; VariantName = "[No Variations]"
Change component parameters (AddParameter): Name = "Category"; Value = "Fuse"; VariantName = "[No Variations]"
Change component parameters (AddParameter): Name = "ComponentLink2Description"; Value = "Datasheet"; VariantName = "[No Variations]"
Change component parameters (AddParameter): Name = "ComponentLink2URL"; Value = "https://www.bourns.com/docs/Product-Datasheets/mfpsmf.pdf"; VariantName = "[No Variations]"
Change component parameters (AddParameter): Name = "Current Rating"; Value = "40A"; VariantName = "[No Variations]"
Change component parameters (AddParameter): Name = "Device Class L1"; Value = "Circuit Protection"; VariantName = "[No Variations]"
Change component parameters (AddParameter): Name = "Device Class L2"; Value = "PTC Resettable Fuses"; VariantName = "[No Variations]"
Change component parameters (AddParameter): Name = "Device Class L3"; Value = "unset"; VariantName = "[No Variations]"
Change component parameters (AddParameter): Name = "Digikey Description"; Value = "PTC RESET FUSE 9V 200MA 0805"; VariantName = "[No Variations]"
Change component parameters (AddParameter): Name = "Height"; Value = "0.85mm"; VariantName = "[No Variations]"
Change component parameters (AddParameter): Name = "Hold Current"; Value = "0.2A"; VariantName = "[No Variations]"
Change component parameters (AddParameter): Name = "Lead Free"; Value = "Yes"; VariantName = "[No Variations]"
Change component parameters (AddParameter): Name = "Manufacturer"; Value = "Bourns"; VariantName = "[No Variations]"
Change component parameters (AddParameter): Name = "Manufacturer Part Number"; Value = "MF-PSMF020X-2"; VariantName = "[No Variations]"
Change component parameters (AddParameter): Name = "Mouser Description"; Value = "PTC Resettable Fuse 0.2A(hold) 0.5A(trip) 9V 40A 0.5W 0.02s 0.65Ohm SMD Solder Pad 0805 T/R"; VariantName = "[No Variations]"
Change component parameters (AddParameter): Name = "Octopart"; Value = "https://octopart.com/mf-psmf020x-2-bourns-7483437"; VariantName = "[No Variations]"
Change component parameters (AddParameter): Name = "Package"; Value = "MF-PSMF"; VariantName = "[No Variations]"
Change component parameters (AddParameter): Name = "Resistance"; Value = "0.65-3.5O"; VariantName = "[No Variations]"
Change component parameters (AddParameter): Name = "RoHS"; Value = "TRUE"; VariantName = "[No Variations]"
Change component parameters (AddParameter): Name = "Temperature"; Value = "-40°C to +85°C"; VariantName = "[No Variations]"
Change component parameters (AddParameter): Name = "Temperature Range High"; Value = "+85°C"; VariantName = "[No Variations]"
Change component parameters (AddParameter): Name = "Temperature Range Low"; Value = "-40°C"; VariantName = "[No Variations]"
Change component parameters (AddParameter): Name = "Trip Current"; Value = "0.5A"; VariantName = "[No Variations]"
Change component parameters (AddParameter): Name = "Trip Time"; Value = "0.02s"; VariantName = "[No Variations]"
Change component parameters (AddParameter): Name = "Value"; Value = "0.65-3.5O"; VariantName = "[No Variations]"
Change component parameters (AddParameter): Name = "Voltage Rating"; Value = "9V"; VariantName = "[No Variations]"
Added Component: Designator=F8(FP-MF-PSMF-MFG)
Add component (AddParameter): Name = "Ambient Temperature Range High"; Value = "+85°C"; VariantName = "[No Variations]"
Add component (AddParameter): Name = "Ambient Temperature Range Low"; Value = "-40°C"; VariantName = "[No Variations]"
Add component (AddParameter): Name = "Automotive"; Value = "No"; VariantName = "[No Variations]"
Add component (AddParameter): Name = "Category"; Value = "Fuse"; VariantName = "[No Variations]"
Add component (AddParameter): Name = "ComponentLink2Description"; Value = "Datasheet"; VariantName = "[No Variations]"
Add component (AddParameter): Name = "ComponentLink2URL"; Value = "https://www.bourns.com/docs/Product-Datasheets/mfpsmf.pdf"; VariantName = "[No Variations]"
Add component (AddParameter): Name = "Current Rating"; Value = "40A"; VariantName = "[No Variations]"
Add component (AddParameter): Name = "Device Class L1"; Value = "Circuit Protection"; VariantName = "[No Variations]"
Add component (AddParameter): Name = "Device Class L2"; Value = "PTC Resettable Fuses"; VariantName = "[No Variations]"
Add component (AddParameter): Name = "Device Class L3"; Value = "unset"; VariantName = "[No Variations]"
Add component (AddParameter): Name = "Digikey Description"; Value = "PTC RESET FUSE 9V 200MA 0805"; VariantName = "[No Variations]"
Add component (AddParameter): Name = "Height"; Value = "0.85mm"; VariantName = "[No Variations]"
Add component (AddParameter): Name = "Hold Current"; Value = "0.2A"; VariantName = "[No Variations]"
Add component (AddParameter): Name = "Lead Free"; Value = "Yes"; VariantName = "[No Variations]"
Add component (AddParameter): Name = "Manufacturer"; Value = "Bourns"; VariantName = "[No Variations]"
Add component (AddParameter): Name = "Manufacturer Part Number"; Value = "MF-PSMF020X-2"; VariantName = "[No Variations]"
Add component (AddParameter): Name = "Mouser Description"; Value = "PTC Resettable Fuse 0.2A(hold) 0.5A(trip) 9V 40A 0.5W 0.02s 0.65Ohm SMD Solder Pad 0805 T/R"; VariantName = "[No Variations]"
Add component (AddParameter): Name = "Octopart"; Value = "https://octopart.com/mf-psmf020x-2-bourns-7483437"; VariantName = "[No Variations]"
Add component (AddParameter): Name = "Package"; Value = "MF-PSMF"; VariantName = "[No Variations]"
Add component (AddParameter): Name = "Resistance"; Value = "0.65-3.5O"; VariantName = "[No Variations]"
Add component (AddParameter): Name = "RoHS"; Value = "TRUE"; VariantName = "[No Variations]"
Add component (AddParameter): Name = "Temperature"; Value = "-40°C to +85°C"; VariantName = "[No Variations]"
Add component (AddParameter): Name = "Temperature Range High"; Value = "+85°C"; VariantName = "[No Variations]"
Add component (AddParameter): Name = "Temperature Range Low"; Value = "-40°C"; VariantName = "[No Variations]"
Add component (AddParameter): Name = "Trip Current"; Value = "0.5A"; VariantName = "[No Variations]"
Add component (AddParameter): Name = "Trip Time"; Value = "0.02s"; VariantName = "[No Variations]"
Add component (AddParameter): Name = "Value"; Value = "0.65-3.5O"; VariantName = "[No Variations]"
Add component (AddParameter): Name = "Voltage Rating"; Value = "9V"; VariantName = "[No Variations]"
Added Component: Designator=F9_MOSFET_BANK_0(FP-MF-PSMF-MFG)
Add component (AddParameter): Name = "Ambient Temperature Range High"; Value = "+85°C"; VariantName = "[No Variations]"
Add component (AddParameter): Name = "Ambient Temperature Range Low"; Value = "-40°C"; VariantName = "[No Variations]"
Add component (AddParameter): Name = "Automotive"; Value = "No"; VariantName = "[No Variations]"
Add component (AddParameter): Name = "Category"; Value = "Fuse"; VariantName = "[No Variations]"
Add component (AddParameter): Name = "ComponentLink2Description"; Value = "Datasheet"; VariantName = "[No Variations]"
Add component (AddParameter): Name = "ComponentLink2URL"; Value = "https://www.bourns.com/docs/Product-Datasheets/mfpsmf.pdf"; VariantName = "[No Variations]"
Add component (AddParameter): Name = "Current Rating"; Value = "40A"; VariantName = "[No Variations]"
Add component (AddParameter): Name = "Device Class L1"; Value = "Circuit Protection"; VariantName = "[No Variations]"
Add component (AddParameter): Name = "Device Class L2"; Value = "PTC Resettable Fuses"; VariantName = "[No Variations]"
Add component (AddParameter): Name = "Device Class L3"; Value = "unset"; VariantName = "[No Variations]"
Add component (AddParameter): Name = "Digikey Description"; Value = "PTC RESET FUSE 15V 100MA 0805"; VariantName = "[No Variations]"
Add component (AddParameter): Name = "Height"; Value = "0.85mm"; VariantName = "[No Variations]"
Add component (AddParameter): Name = "Hold Current"; Value = "0.1A"; VariantName = "[No Variations]"
Add component (AddParameter): Name = "Ipc Land Pattern Name"; Value = "CAPC215135X67"; VariantName = "[No Variations]"
Add component (AddParameter): Name = "Lead Free"; Value = "Yes"; VariantName = "[No Variations]"
Add component (AddParameter): Name = "Manufacturer"; Value = "Bourns Inc."; VariantName = "[No Variations]"
Add component (AddParameter): Name = "Manufacturer Part Number"; Value = "MF-PSMF010X-2"; VariantName = "[No Variations]"
Add component (AddParameter): Name = "Mouser Description"; Value = "Resettable Fuses - PPTC 0.10A 15V 1ohm"; VariantName = "[No Variations]"
Add component (AddParameter): Name = "Octopart"; Value = "https://octopart.com/mf-psmf010x-2-bourns-7483441"; VariantName = "[No Variations]"
Add component (AddParameter): Name = "Package"; Value = "MF-PSMF"; VariantName = "[No Variations]"
Add component (AddParameter): Name = "Resistance"; Value = "1-7.5O"; VariantName = "[No Variations]"
Add component (AddParameter): Name = "RoHS"; Value = "TRUE"; VariantName = "[No Variations]"
Add component (AddParameter): Name = "Temperature"; Value = "-40°C to +85°C"; VariantName = "[No Variations]"
Add component (AddParameter): Name = "Temperature Range High"; Value = "+85°C"; VariantName = "[No Variations]"
Add component (AddParameter): Name = "Temperature Range Low"; Value = "-40°C"; VariantName = "[No Variations]"
Add component (AddParameter): Name = "Trip Current"; Value = "0.3A"; VariantName = "[No Variations]"
Add component (AddParameter): Name = "Trip Time"; Value = "1.5s"; VariantName = "[No Variations]"
Add component (AddParameter): Name = "Value"; Value = "1-7.5O"; VariantName = "[No Variations]"
Add component (AddParameter): Name = "Voltage Rating"; Value = "15V"; VariantName = "[No Variations]"
Added Component: Designator=F9_MOSFET_BANK_1(FP-MF-PSMF-MFG)
Add component (AddParameter): Name = "Ambient Temperature Range High"; Value = "+85°C"; VariantName = "[No Variations]"
Add component (AddParameter): Name = "Ambient Temperature Range Low"; Value = "-40°C"; VariantName = "[No Variations]"
Add component (AddParameter): Name = "Automotive"; Value = "No"; VariantName = "[No Variations]"
Add component (AddParameter): Name = "Category"; Value = "Fuse"; VariantName = "[No Variations]"
Add component (AddParameter): Name = "ComponentLink2Description"; Value = "Datasheet"; VariantName = "[No Variations]"
Add component (AddParameter): Name = "ComponentLink2URL"; Value = "https://www.bourns.com/docs/Product-Datasheets/mfpsmf.pdf"; VariantName = "[No Variations]"
Add component (AddParameter): Name = "Current Rating"; Value = "40A"; VariantName = "[No Variations]"
Add component (AddParameter): Name = "Device Class L1"; Value = "Circuit Protection"; VariantName = "[No Variations]"
Add component (AddParameter): Name = "Device Class L2"; Value = "PTC Resettable Fuses"; VariantName = "[No Variations]"
Add component (AddParameter): Name = "Device Class L3"; Value = "unset"; VariantName = "[No Variations]"
Add component (AddParameter): Name = "Digikey Description"; Value = "PTC RESET FUSE 15V 100MA 0805"; VariantName = "[No Variations]"
Add component (AddParameter): Name = "Height"; Value = "0.85mm"; VariantName = "[No Variations]"
Add component (AddParameter): Name = "Hold Current"; Value = "0.1A"; VariantName = "[No Variations]"
Add component (AddParameter): Name = "Ipc Land Pattern Name"; Value = "CAPC215135X67"; VariantName = "[No Variations]"
Add component (AddParameter): Name = "Lead Free"; Value = "Yes"; VariantName = "[No Variations]"
Add component (AddParameter): Name = "Manufacturer"; Value = "Bourns Inc."; VariantName = "[No Variations]"
Add component (AddParameter): Name = "Manufacturer Part Number"; Value = "MF-PSMF010X-2"; VariantName = "[No Variations]"
Add component (AddParameter): Name = "Mouser Description"; Value = "Resettable Fuses - PPTC 0.10A 15V 1ohm"; VariantName = "[No Variations]"
Add component (AddParameter): Name = "Octopart"; Value = "https://octopart.com/mf-psmf010x-2-bourns-7483441"; VariantName = "[No Variations]"
Add component (AddParameter): Name = "Package"; Value = "MF-PSMF"; VariantName = "[No Variations]"
Add component (AddParameter): Name = "Resistance"; Value = "1-7.5O"; VariantName = "[No Variations]"
Add component (AddParameter): Name = "RoHS"; Value = "TRUE"; VariantName = "[No Variations]"
Add component (AddParameter): Name = "Temperature"; Value = "-40°C to +85°C"; VariantName = "[No Variations]"
Add component (AddParameter): Name = "Temperature Range High"; Value = "+85°C"; VariantName = "[No Variations]"
Add component (AddParameter): Name = "Temperature Range Low"; Value = "-40°C"; VariantName = "[No Variations]"
Add component (AddParameter): Name = "Trip Current"; Value = "0.3A"; VariantName = "[No Variations]"
Add component (AddParameter): Name = "Trip Time"; Value = "1.5s"; VariantName = "[No Variations]"
Add component (AddParameter): Name = "Value"; Value = "1-7.5O"; VariantName = "[No Variations]"
Add component (AddParameter): Name = "Voltage Rating"; Value = "15V"; VariantName = "[No Variations]"
Added Component: Designator=F9_MOSFET_BANK_2(FP-MF-PSMF-MFG)
Add component (AddParameter): Name = "Ambient Temperature Range High"; Value = "+85°C"; VariantName = "[No Variations]"
Add component (AddParameter): Name = "Ambient Temperature Range Low"; Value = "-40°C"; VariantName = "[No Variations]"
Add component (AddParameter): Name = "Automotive"; Value = "No"; VariantName = "[No Variations]"
Add component (AddParameter): Name = "Category"; Value = "Fuse"; VariantName = "[No Variations]"
Add component (AddParameter): Name = "ComponentLink2Description"; Value = "Datasheet"; VariantName = "[No Variations]"
Add component (AddParameter): Name = "ComponentLink2URL"; Value = "https://www.bourns.com/docs/Product-Datasheets/mfpsmf.pdf"; VariantName = "[No Variations]"
Add component (AddParameter): Name = "Current Rating"; Value = "40A"; VariantName = "[No Variations]"
Add component (AddParameter): Name = "Device Class L1"; Value = "Circuit Protection"; VariantName = "[No Variations]"
Add component (AddParameter): Name = "Device Class L2"; Value = "PTC Resettable Fuses"; VariantName = "[No Variations]"
Add component (AddParameter): Name = "Device Class L3"; Value = "unset"; VariantName = "[No Variations]"
Add component (AddParameter): Name = "Digikey Description"; Value = "PTC RESET FUSE 15V 100MA 0805"; VariantName = "[No Variations]"
Add component (AddParameter): Name = "Height"; Value = "0.85mm"; VariantName = "[No Variations]"
Add component (AddParameter): Name = "Hold Current"; Value = "0.1A"; VariantName = "[No Variations]"
Add component (AddParameter): Name = "Ipc Land Pattern Name"; Value = "CAPC215135X67"; VariantName = "[No Variations]"
Add component (AddParameter): Name = "Lead Free"; Value = "Yes"; VariantName = "[No Variations]"
Add component (AddParameter): Name = "Manufacturer"; Value = "Bourns Inc."; VariantName = "[No Variations]"
Add component (AddParameter): Name = "Manufacturer Part Number"; Value = "MF-PSMF010X-2"; VariantName = "[No Variations]"
Add component (AddParameter): Name = "Mouser Description"; Value = "Resettable Fuses - PPTC 0.10A 15V 1ohm"; VariantName = "[No Variations]"
Add component (AddParameter): Name = "Octopart"; Value = "https://octopart.com/mf-psmf010x-2-bourns-7483441"; VariantName = "[No Variations]"
Add component (AddParameter): Name = "Package"; Value = "MF-PSMF"; VariantName = "[No Variations]"
Add component (AddParameter): Name = "Resistance"; Value = "1-7.5O"; VariantName = "[No Variations]"
Add component (AddParameter): Name = "RoHS"; Value = "TRUE"; VariantName = "[No Variations]"
Add component (AddParameter): Name = "Temperature"; Value = "-40°C to +85°C"; VariantName = "[No Variations]"
Add component (AddParameter): Name = "Temperature Range High"; Value = "+85°C"; VariantName = "[No Variations]"
Add component (AddParameter): Name = "Temperature Range Low"; Value = "-40°C"; VariantName = "[No Variations]"
Add component (AddParameter): Name = "Trip Current"; Value = "0.3A"; VariantName = "[No Variations]"
Add component (AddParameter): Name = "Trip Time"; Value = "1.5s"; VariantName = "[No Variations]"
Add component (AddParameter): Name = "Value"; Value = "1-7.5O"; VariantName = "[No Variations]"
Add component (AddParameter): Name = "Voltage Rating"; Value = "15V"; VariantName = "[No Variations]"
Added Component: Designator=F9_MOSFET_BANK_3(FP-MF-PSMF-MFG)
Add component (AddParameter): Name = "Ambient Temperature Range High"; Value = "+85°C"; VariantName = "[No Variations]"
Add component (AddParameter): Name = "Ambient Temperature Range Low"; Value = "-40°C"; VariantName = "[No Variations]"
Add component (AddParameter): Name = "Automotive"; Value = "No"; VariantName = "[No Variations]"
Add component (AddParameter): Name = "Category"; Value = "Fuse"; VariantName = "[No Variations]"
Add component (AddParameter): Name = "ComponentLink2Description"; Value = "Datasheet"; VariantName = "[No Variations]"
Add component (AddParameter): Name = "ComponentLink2URL"; Value = "https://www.bourns.com/docs/Product-Datasheets/mfpsmf.pdf"; VariantName = "[No Variations]"
Add component (AddParameter): Name = "Current Rating"; Value = "40A"; VariantName = "[No Variations]"
Add component (AddParameter): Name = "Device Class L1"; Value = "Circuit Protection"; VariantName = "[No Variations]"
Add component (AddParameter): Name = "Device Class L2"; Value = "PTC Resettable Fuses"; VariantName = "[No Variations]"
Add component (AddParameter): Name = "Device Class L3"; Value = "unset"; VariantName = "[No Variations]"
Add component (AddParameter): Name = "Digikey Description"; Value = "PTC RESET FUSE 15V 100MA 0805"; VariantName = "[No Variations]"
Add component (AddParameter): Name = "Height"; Value = "0.85mm"; VariantName = "[No Variations]"
Add component (AddParameter): Name = "Hold Current"; Value = "0.1A"; VariantName = "[No Variations]"
Add component (AddParameter): Name = "Ipc Land Pattern Name"; Value = "CAPC215135X67"; VariantName = "[No Variations]"
Add component (AddParameter): Name = "Lead Free"; Value = "Yes"; VariantName = "[No Variations]"
Add component (AddParameter): Name = "Manufacturer"; Value = "Bourns Inc."; VariantName = "[No Variations]"
Add component (AddParameter): Name = "Manufacturer Part Number"; Value = "MF-PSMF010X-2"; VariantName = "[No Variations]"
Add component (AddParameter): Name = "Mouser Description"; Value = "Resettable Fuses - PPTC 0.10A 15V 1ohm"; VariantName = "[No Variations]"
Add component (AddParameter): Name = "Octopart"; Value = "https://octopart.com/mf-psmf010x-2-bourns-7483441"; VariantName = "[No Variations]"
Add component (AddParameter): Name = "Package"; Value = "MF-PSMF"; VariantName = "[No Variations]"
Add component (AddParameter): Name = "Resistance"; Value = "1-7.5O"; VariantName = "[No Variations]"
Add component (AddParameter): Name = "RoHS"; Value = "TRUE"; VariantName = "[No Variations]"
Add component (AddParameter): Name = "Temperature"; Value = "-40°C to +85°C"; VariantName = "[No Variations]"
Add component (AddParameter): Name = "Temperature Range High"; Value = "+85°C"; VariantName = "[No Variations]"
Add component (AddParameter): Name = "Temperature Range Low"; Value = "-40°C"; VariantName = "[No Variations]"
Add component (AddParameter): Name = "Trip Current"; Value = "0.3A"; VariantName = "[No Variations]"
Add component (AddParameter): Name = "Trip Time"; Value = "1.5s"; VariantName = "[No Variations]"
Add component (AddParameter): Name = "Value"; Value = "1-7.5O"; VariantName = "[No Variations]"
Add component (AddParameter): Name = "Voltage Rating"; Value = "15V"; VariantName = "[No Variations]"
Added Component: Designator=F10_ADC_0(FP-MF-PSMF-MFG)
Add component (AddParameter): Name = "Ambient Temperature Range High"; Value = "+85°C"; VariantName = "[No Variations]"
Add component (AddParameter): Name = "Ambient Temperature Range Low"; Value = "-40°C"; VariantName = "[No Variations]"
Add component (AddParameter): Name = "Automotive"; Value = "No"; VariantName = "[No Variations]"
Add component (AddParameter): Name = "Category"; Value = "Fuse"; VariantName = "[No Variations]"
Add component (AddParameter): Name = "ComponentLink2Description"; Value = "Datasheet"; VariantName = "[No Variations]"
Add component (AddParameter): Name = "ComponentLink2URL"; Value = "https://www.bourns.com/docs/Product-Datasheets/mfpsmf.pdf"; VariantName = "[No Variations]"
Add component (AddParameter): Name = "Current Rating"; Value = "40A"; VariantName = "[No Variations]"
Add component (AddParameter): Name = "Device Class L1"; Value = "Circuit Protection"; VariantName = "[No Variations]"
Add component (AddParameter): Name = "Device Class L2"; Value = "PTC Resettable Fuses"; VariantName = "[No Variations]"
Add component (AddParameter): Name = "Device Class L3"; Value = "unset"; VariantName = "[No Variations]"
Add component (AddParameter): Name = "Digikey Description"; Value = "PTC RESET FUSE 15V 100MA 0805"; VariantName = "[No Variations]"
Add component (AddParameter): Name = "Height"; Value = "0.85mm"; VariantName = "[No Variations]"
Add component (AddParameter): Name = "Hold Current"; Value = "0.1A"; VariantName = "[No Variations]"
Add component (AddParameter): Name = "Ipc Land Pattern Name"; Value = "CAPC215135X67"; VariantName = "[No Variations]"
Add component (AddParameter): Name = "Lead Free"; Value = "Yes"; VariantName = "[No Variations]"
Add component (AddParameter): Name = "Manufacturer"; Value = "Bourns Inc."; VariantName = "[No Variations]"
Add component (AddParameter): Name = "Manufacturer Part Number"; Value = "MF-PSMF010X-2"; VariantName = "[No Variations]"
Add component (AddParameter): Name = "Mouser Description"; Value = "Resettable Fuses - PPTC 0.10A 15V 1ohm"; VariantName = "[No Variations]"
Add component (AddParameter): Name = "Octopart"; Value = "https://octopart.com/mf-psmf010x-2-bourns-7483441"; VariantName = "[No Variations]"
Add component (AddParameter): Name = "Package"; Value = "MF-PSMF"; VariantName = "[No Variations]"
Add component (AddParameter): Name = "Resistance"; Value = "1-7.5O"; VariantName = "[No Variations]"
Add component (AddParameter): Name = "RoHS"; Value = "TRUE"; VariantName = "[No Variations]"
Add component (AddParameter): Name = "Temperature"; Value = "-40°C to +85°C"; VariantName = "[No Variations]"
Add component (AddParameter): Name = "Temperature Range High"; Value = "+85°C"; VariantName = "[No Variations]"
Add component (AddParameter): Name = "Temperature Range Low"; Value = "-40°C"; VariantName = "[No Variations]"
Add component (AddParameter): Name = "Trip Current"; Value = "0.3A"; VariantName = "[No Variations]"
Add component (AddParameter): Name = "Trip Time"; Value = "1.5s"; VariantName = "[No Variations]"
Add component (AddParameter): Name = "Value"; Value = "1-7.5O"; VariantName = "[No Variations]"
Add component (AddParameter): Name = "Voltage Rating"; Value = "15V"; VariantName = "[No Variations]"
Added Component: Designator=F10_ADC_1(FP-MF-PSMF-MFG)
Add component (AddParameter): Name = "Ambient Temperature Range High"; Value = "+85°C"; VariantName = "[No Variations]"
Add component (AddParameter): Name = "Ambient Temperature Range Low"; Value = "-40°C"; VariantName = "[No Variations]"
Add component (AddParameter): Name = "Automotive"; Value = "No"; VariantName = "[No Variations]"
Add component (AddParameter): Name = "Category"; Value = "Fuse"; VariantName = "[No Variations]"
Add component (AddParameter): Name = "ComponentLink2Description"; Value = "Datasheet"; VariantName = "[No Variations]"
Add component (AddParameter): Name = "ComponentLink2URL"; Value = "https://www.bourns.com/docs/Product-Datasheets/mfpsmf.pdf"; VariantName = "[No Variations]"
Add component (AddParameter): Name = "Current Rating"; Value = "40A"; VariantName = "[No Variations]"
Add component (AddParameter): Name = "Device Class L1"; Value = "Circuit Protection"; VariantName = "[No Variations]"
Add component (AddParameter): Name = "Device Class L2"; Value = "PTC Resettable Fuses"; VariantName = "[No Variations]"
Add component (AddParameter): Name = "Device Class L3"; Value = "unset"; VariantName = "[No Variations]"
Add component (AddParameter): Name = "Digikey Description"; Value = "PTC RESET FUSE 15V 100MA 0805"; VariantName = "[No Variations]"
Add component (AddParameter): Name = "Height"; Value = "0.85mm"; VariantName = "[No Variations]"
Add component (AddParameter): Name = "Hold Current"; Value = "0.1A"; VariantName = "[No Variations]"
Add component (AddParameter): Name = "Ipc Land Pattern Name"; Value = "CAPC215135X67"; VariantName = "[No Variations]"
Add component (AddParameter): Name = "Lead Free"; Value = "Yes"; VariantName = "[No Variations]"
Add component (AddParameter): Name = "Manufacturer"; Value = "Bourns Inc."; VariantName = "[No Variations]"
Add component (AddParameter): Name = "Manufacturer Part Number"; Value = "MF-PSMF010X-2"; VariantName = "[No Variations]"
Add component (AddParameter): Name = "Mouser Description"; Value = "Resettable Fuses - PPTC 0.10A 15V 1ohm"; VariantName = "[No Variations]"
Add component (AddParameter): Name = "Octopart"; Value = "https://octopart.com/mf-psmf010x-2-bourns-7483441"; VariantName = "[No Variations]"
Add component (AddParameter): Name = "Package"; Value = "MF-PSMF"; VariantName = "[No Variations]"
Add component (AddParameter): Name = "Resistance"; Value = "1-7.5O"; VariantName = "[No Variations]"
Add component (AddParameter): Name = "RoHS"; Value = "TRUE"; VariantName = "[No Variations]"
Add component (AddParameter): Name = "Temperature"; Value = "-40°C to +85°C"; VariantName = "[No Variations]"
Add component (AddParameter): Name = "Temperature Range High"; Value = "+85°C"; VariantName = "[No Variations]"
Add component (AddParameter): Name = "Temperature Range Low"; Value = "-40°C"; VariantName = "[No Variations]"
Add component (AddParameter): Name = "Trip Current"; Value = "0.3A"; VariantName = "[No Variations]"
Add component (AddParameter): Name = "Trip Time"; Value = "1.5s"; VariantName = "[No Variations]"
Add component (AddParameter): Name = "Value"; Value = "1-7.5O"; VariantName = "[No Variations]"
Add component (AddParameter): Name = "Voltage Rating"; Value = "15V"; VariantName = "[No Variations]"
Added Component: Designator=F11(FP-MF-PSMF-MFG)
Add component (AddParameter): Name = "Ambient Temperature Range High"; Value = "+85°C"; VariantName = "[No Variations]"
Add component (AddParameter): Name = "Ambient Temperature Range Low"; Value = "-40°C"; VariantName = "[No Variations]"
Add component (AddParameter): Name = "Automotive"; Value = "No"; VariantName = "[No Variations]"
Add component (AddParameter): Name = "Category"; Value = "Fuse"; VariantName = "[No Variations]"
Add component (AddParameter): Name = "ComponentLink2Description"; Value = "Datasheet"; VariantName = "[No Variations]"
Add component (AddParameter): Name = "ComponentLink2URL"; Value = "https://www.bourns.com/docs/Product-Datasheets/mfpsmf.pdf"; VariantName = "[No Variations]"
Add component (AddParameter): Name = "Current Rating"; Value = "40A"; VariantName = "[No Variations]"
Add component (AddParameter): Name = "Device Class L1"; Value = "Circuit Protection"; VariantName = "[No Variations]"
Add component (AddParameter): Name = "Device Class L2"; Value = "PTC Resettable Fuses"; VariantName = "[No Variations]"
Add component (AddParameter): Name = "Device Class L3"; Value = "unset"; VariantName = "[No Variations]"
Add component (AddParameter): Name = "Digikey Description"; Value = "PTC RESET FUSE 15V 100MA 0805"; VariantName = "[No Variations]"
Add component (AddParameter): Name = "Height"; Value = "0.85mm"; VariantName = "[No Variations]"
Add component (AddParameter): Name = "Hold Current"; Value = "0.1A"; VariantName = "[No Variations]"
Add component (AddParameter): Name = "Ipc Land Pattern Name"; Value = "CAPC215135X67"; VariantName = "[No Variations]"
Add component (AddParameter): Name = "Lead Free"; Value = "Yes"; VariantName = "[No Variations]"
Add component (AddParameter): Name = "Manufacturer"; Value = "Bourns Inc."; VariantName = "[No Variations]"
Add component (AddParameter): Name = "Manufacturer Part Number"; Value = "MF-PSMF010X-2"; VariantName = "[No Variations]"
Add component (AddParameter): Name = "Mouser Description"; Value = "Resettable Fuses - PPTC 0.10A 15V 1ohm"; VariantName = "[No Variations]"
Add component (AddParameter): Name = "Octopart"; Value = "https://octopart.com/mf-psmf010x-2-bourns-7483441"; VariantName = "[No Variations]"
Add component (AddParameter): Name = "Package"; Value = "MF-PSMF"; VariantName = "[No Variations]"
Add component (AddParameter): Name = "Resistance"; Value = "1-7.5O"; VariantName = "[No Variations]"
Add component (AddParameter): Name = "RoHS"; Value = "TRUE"; VariantName = "[No Variations]"
Add component (AddParameter): Name = "Temperature"; Value = "-40°C to +85°C"; VariantName = "[No Variations]"
Add component (AddParameter): Name = "Temperature Range High"; Value = "+85°C"; VariantName = "[No Variations]"
Add component (AddParameter): Name = "Temperature Range Low"; Value = "-40°C"; VariantName = "[No Variations]"
Add component (AddParameter): Name = "Trip Current"; Value = "0.3A"; VariantName = "[No Variations]"
Add component (AddParameter): Name = "Trip Time"; Value = "1.5s"; VariantName = "[No Variations]"
Add component (AddParameter): Name = "Value"; Value = "1-7.5O"; VariantName = "[No Variations]"
Add component (AddParameter): Name = "Voltage Rating"; Value = "15V"; VariantName = "[No Variations]"
Added Component: Designator=F12_IO_CHECKER_0(FP-MF-PSMF-MFG)
Add component (AddParameter): Name = "Ambient Temperature Range High"; Value = "+85°C"; VariantName = "[No Variations]"
Add component (AddParameter): Name = "Ambient Temperature Range Low"; Value = "-40°C"; VariantName = "[No Variations]"
Add component (AddParameter): Name = "Automotive"; Value = "No"; VariantName = "[No Variations]"
Add component (AddParameter): Name = "Category"; Value = "Fuse"; VariantName = "[No Variations]"
Add component (AddParameter): Name = "ComponentLink2Description"; Value = "Datasheet"; VariantName = "[No Variations]"
Add component (AddParameter): Name = "ComponentLink2URL"; Value = "https://www.bourns.com/docs/Product-Datasheets/mfpsmf.pdf"; VariantName = "[No Variations]"
Add component (AddParameter): Name = "Current Rating"; Value = "40A"; VariantName = "[No Variations]"
Add component (AddParameter): Name = "Device Class L1"; Value = "Circuit Protection"; VariantName = "[No Variations]"
Add component (AddParameter): Name = "Device Class L2"; Value = "PTC Resettable Fuses"; VariantName = "[No Variations]"
Add component (AddParameter): Name = "Device Class L3"; Value = "unset"; VariantName = "[No Variations]"
Add component (AddParameter): Name = "Digikey Description"; Value = "PTC RESET FUSE 15V 100MA 0805"; VariantName = "[No Variations]"
Add component (AddParameter): Name = "Height"; Value = "0.85mm"; VariantName = "[No Variations]"
Add component (AddParameter): Name = "Hold Current"; Value = "0.1A"; VariantName = "[No Variations]"
Add component (AddParameter): Name = "Ipc Land Pattern Name"; Value = "CAPC215135X67"; VariantName = "[No Variations]"
Add component (AddParameter): Name = "Lead Free"; Value = "Yes"; VariantName = "[No Variations]"
Add component (AddParameter): Name = "Manufacturer"; Value = "Bourns Inc."; VariantName = "[No Variations]"
Add component (AddParameter): Name = "Manufacturer Part Number"; Value = "MF-PSMF010X-2"; VariantName = "[No Variations]"
Add component (AddParameter): Name = "Mouser Description"; Value = "Resettable Fuses - PPTC 0.10A 15V 1ohm"; VariantName = "[No Variations]"
Add component (AddParameter): Name = "Octopart"; Value = "https://octopart.com/mf-psmf010x-2-bourns-7483441"; VariantName = "[No Variations]"
Add component (AddParameter): Name = "Package"; Value = "MF-PSMF"; VariantName = "[No Variations]"
Add component (AddParameter): Name = "Resistance"; Value = "1-7.5O"; VariantName = "[No Variations]"
Add component (AddParameter): Name = "RoHS"; Value = "TRUE"; VariantName = "[No Variations]"
Add component (AddParameter): Name = "Temperature"; Value = "-40°C to +85°C"; VariantName = "[No Variations]"
Add component (AddParameter): Name = "Temperature Range High"; Value = "+85°C"; VariantName = "[No Variations]"
Add component (AddParameter): Name = "Temperature Range Low"; Value = "-40°C"; VariantName = "[No Variations]"
Add component (AddParameter): Name = "Trip Current"; Value = "0.3A"; VariantName = "[No Variations]"
Add component (AddParameter): Name = "Trip Time"; Value = "1.5s"; VariantName = "[No Variations]"
Add component (AddParameter): Name = "Value"; Value = "1-7.5O"; VariantName = "[No Variations]"
Add component (AddParameter): Name = "Voltage Rating"; Value = "15V"; VariantName = "[No Variations]"
Added Component: Designator=F12_IO_CHECKER_1(FP-MF-PSMF-MFG)
Add component (AddParameter): Name = "Ambient Temperature Range High"; Value = "+85°C"; VariantName = "[No Variations]"
Add component (AddParameter): Name = "Ambient Temperature Range Low"; Value = "-40°C"; VariantName = "[No Variations]"
Add component (AddParameter): Name = "Automotive"; Value = "No"; VariantName = "[No Variations]"
Add component (AddParameter): Name = "Category"; Value = "Fuse"; VariantName = "[No Variations]"
Add component (AddParameter): Name = "ComponentLink2Description"; Value = "Datasheet"; VariantName = "[No Variations]"
Add component (AddParameter): Name = "ComponentLink2URL"; Value = "https://www.bourns.com/docs/Product-Datasheets/mfpsmf.pdf"; VariantName = "[No Variations]"
Add component (AddParameter): Name = "Current Rating"; Value = "40A"; VariantName = "[No Variations]"
Add component (AddParameter): Name = "Device Class L1"; Value = "Circuit Protection"; VariantName = "[No Variations]"
Add component (AddParameter): Name = "Device Class L2"; Value = "PTC Resettable Fuses"; VariantName = "[No Variations]"
Add component (AddParameter): Name = "Device Class L3"; Value = "unset"; VariantName = "[No Variations]"
Add component (AddParameter): Name = "Digikey Description"; Value = "PTC RESET FUSE 15V 100MA 0805"; VariantName = "[No Variations]"
Add component (AddParameter): Name = "Height"; Value = "0.85mm"; VariantName = "[No Variations]"
Add component (AddParameter): Name = "Hold Current"; Value = "0.1A"; VariantName = "[No Variations]"
Add component (AddParameter): Name = "Ipc Land Pattern Name"; Value = "CAPC215135X67"; VariantName = "[No Variations]"
Add component (AddParameter): Name = "Lead Free"; Value = "Yes"; VariantName = "[No Variations]"
Add component (AddParameter): Name = "Manufacturer"; Value = "Bourns Inc."; VariantName = "[No Variations]"
Add component (AddParameter): Name = "Manufacturer Part Number"; Value = "MF-PSMF010X-2"; VariantName = "[No Variations]"
Add component (AddParameter): Name = "Mouser Description"; Value = "Resettable Fuses - PPTC 0.10A 15V 1ohm"; VariantName = "[No Variations]"
Add component (AddParameter): Name = "Octopart"; Value = "https://octopart.com/mf-psmf010x-2-bourns-7483441"; VariantName = "[No Variations]"
Add component (AddParameter): Name = "Package"; Value = "MF-PSMF"; VariantName = "[No Variations]"
Add component (AddParameter): Name = "Resistance"; Value = "1-7.5O"; VariantName = "[No Variations]"
Add component (AddParameter): Name = "RoHS"; Value = "TRUE"; VariantName = "[No Variations]"
Add component (AddParameter): Name = "Temperature"; Value = "-40°C to +85°C"; VariantName = "[No Variations]"
Add component (AddParameter): Name = "Temperature Range High"; Value = "+85°C"; VariantName = "[No Variations]"
Add component (AddParameter): Name = "Temperature Range Low"; Value = "-40°C"; VariantName = "[No Variations]"
Add component (AddParameter): Name = "Trip Current"; Value = "0.3A"; VariantName = "[No Variations]"
Add component (AddParameter): Name = "Trip Time"; Value = "1.5s"; VariantName = "[No Variations]"
Add component (AddParameter): Name = "Value"; Value = "1-7.5O"; VariantName = "[No Variations]"
Add component (AddParameter): Name = "Voltage Rating"; Value = "15V"; VariantName = "[No Variations]"
Added Pin To Net: NetName=3V3 Pin=F8-1
Added Pin To Net: NetName=3V3 Pin=F9_MOSFET_BANK_0-1
Added Pin To Net: NetName=3V3 Pin=F9_MOSFET_BANK_1-1
Added Pin To Net: NetName=3V3 Pin=F9_MOSFET_BANK_2-1
Added Pin To Net: NetName=3V3 Pin=F9_MOSFET_BANK_3-1
Added Pin To Net: NetName=3V3 Pin=F10_ADC_0-2
Added Pin To Net: NetName=3V3 Pin=F10_ADC_1-2
Added Pin To Net: NetName=3V3 Pin=F11-1
Added Pin To Net: NetName=3V3 Pin=F12_IO_CHECKER_0-1
Added Pin To Net: NetName=3V3 Pin=F12_IO_CHECKER_1-1
Added Pin To Net: NetName=MOS_3V3_MOSFET_BANK_0 Pin=C1_MOSFET_BANK_0-1
Added Pin To Net: NetName=MOS_3V3_MOSFET_BANK_0 Pin=C2_MOSFET_BANK_0-1
Added Pin To Net: NetName=MOS_3V3_MOSFET_BANK_0 Pin=C3_MOSFET_BANK_0-1
Added Pin To Net: NetName=MOS_3V3_MOSFET_BANK_0 Pin=C4_MOSFET_BANK_0-1
Added Pin To Net: NetName=MOS_3V3_MOSFET_BANK_0 Pin=C5_MOSFET_BANK_0-1
Added Pin To Net: NetName=MOS_3V3_MOSFET_BANK_0 Pin=F9_MOSFET_BANK_0-2
Added Pin To Net: NetName=MOS_3V3_MOSFET_BANK_0 Pin=R16_MOSFET_BANK_0-1
Added Pin To Net: NetName=MOS_3V3_MOSFET_BANK_0 Pin=U1_MOSFET_BANK_0-8
Added Pin To Net: NetName=MOS_3V3_MOSFET_BANK_0 Pin=U3_MOSFET_BANK_0-8
Added Pin To Net: NetName=MOS_3V3_MOSFET_BANK_0 Pin=U4_MOSFET_BANK_0-8
Added Pin To Net: NetName=MOS_3V3_MOSFET_BANK_0 Pin=U5_MOSFET_BANK_0-8
Added Pin To Net: NetName=MOS_3V3_MOSFET_BANK_0 Pin=U6_MOSFET_BANK_0-2
Added Net: Name=MOS_3V3_MOSFET_BANK_0
Added Pin To Net: NetName=MOS_3V3_MOSFET_BANK_1 Pin=C1_MOSFET_BANK_1-1
Added Pin To Net: NetName=MOS_3V3_MOSFET_BANK_1 Pin=C2_MOSFET_BANK_1-1
Added Pin To Net: NetName=MOS_3V3_MOSFET_BANK_1 Pin=C3_MOSFET_BANK_1-1
Added Pin To Net: NetName=MOS_3V3_MOSFET_BANK_1 Pin=C4_MOSFET_BANK_1-1
Added Pin To Net: NetName=MOS_3V3_MOSFET_BANK_1 Pin=C5_MOSFET_BANK_1-1
Added Pin To Net: NetName=MOS_3V3_MOSFET_BANK_1 Pin=F9_MOSFET_BANK_1-2
Added Pin To Net: NetName=MOS_3V3_MOSFET_BANK_1 Pin=R16_MOSFET_BANK_1-1
Added Pin To Net: NetName=MOS_3V3_MOSFET_BANK_1 Pin=U1_MOSFET_BANK_1-8
Added Pin To Net: NetName=MOS_3V3_MOSFET_BANK_1 Pin=U3_MOSFET_BANK_1-8
Added Pin To Net: NetName=MOS_3V3_MOSFET_BANK_1 Pin=U4_MOSFET_BANK_1-8
Added Pin To Net: NetName=MOS_3V3_MOSFET_BANK_1 Pin=U5_MOSFET_BANK_1-8
Added Pin To Net: NetName=MOS_3V3_MOSFET_BANK_1 Pin=U6_MOSFET_BANK_1-2
Added Net: Name=MOS_3V3_MOSFET_BANK_1
Added Pin To Net: NetName=MOS_3V3_MOSFET_BANK_2 Pin=C1_MOSFET_BANK_2-1
Added Pin To Net: NetName=MOS_3V3_MOSFET_BANK_2 Pin=C2_MOSFET_BANK_2-1
Added Pin To Net: NetName=MOS_3V3_MOSFET_BANK_2 Pin=C3_MOSFET_BANK_2-1
Added Pin To Net: NetName=MOS_3V3_MOSFET_BANK_2 Pin=C4_MOSFET_BANK_2-1
Added Pin To Net: NetName=MOS_3V3_MOSFET_BANK_2 Pin=C5_MOSFET_BANK_2-1
Added Pin To Net: NetName=MOS_3V3_MOSFET_BANK_2 Pin=F9_MOSFET_BANK_2-2
Added Pin To Net: NetName=MOS_3V3_MOSFET_BANK_2 Pin=R16_MOSFET_BANK_2-1
Added Pin To Net: NetName=MOS_3V3_MOSFET_BANK_2 Pin=U1_MOSFET_BANK_2-8
Added Pin To Net: NetName=MOS_3V3_MOSFET_BANK_2 Pin=U3_MOSFET_BANK_2-8
Added Pin To Net: NetName=MOS_3V3_MOSFET_BANK_2 Pin=U4_MOSFET_BANK_2-8
Added Pin To Net: NetName=MOS_3V3_MOSFET_BANK_2 Pin=U5_MOSFET_BANK_2-8
Added Pin To Net: NetName=MOS_3V3_MOSFET_BANK_2 Pin=U6_MOSFET_BANK_2-2
Added Net: Name=MOS_3V3_MOSFET_BANK_2
Added Pin To Net: NetName=MOS_3V3_MOSFET_BANK_3 Pin=C1_MOSFET_BANK_3-1
Added Pin To Net: NetName=MOS_3V3_MOSFET_BANK_3 Pin=C2_MOSFET_BANK_3-1
Added Pin To Net: NetName=MOS_3V3_MOSFET_BANK_3 Pin=C3_MOSFET_BANK_3-1
Added Pin To Net: NetName=MOS_3V3_MOSFET_BANK_3 Pin=C4_MOSFET_BANK_3-1
Added Pin To Net: NetName=MOS_3V3_MOSFET_BANK_3 Pin=C5_MOSFET_BANK_3-1
Added Pin To Net: NetName=MOS_3V3_MOSFET_BANK_3 Pin=F9_MOSFET_BANK_3-2
Added Pin To Net: NetName=MOS_3V3_MOSFET_BANK_3 Pin=R16_MOSFET_BANK_3-1
Added Pin To Net: NetName=MOS_3V3_MOSFET_BANK_3 Pin=U1_MOSFET_BANK_3-8
Added Pin To Net: NetName=MOS_3V3_MOSFET_BANK_3 Pin=U3_MOSFET_BANK_3-8
Added Pin To Net: NetName=MOS_3V3_MOSFET_BANK_3 Pin=U4_MOSFET_BANK_3-8
Added Pin To Net: NetName=MOS_3V3_MOSFET_BANK_3 Pin=U5_MOSFET_BANK_3-8
Added Pin To Net: NetName=MOS_3V3_MOSFET_BANK_3 Pin=U6_MOSFET_BANK_3-2
Added Net: Name=MOS_3V3_MOSFET_BANK_3
Added Pin To Net: NetName=NetC43_IO_CHECKER_0_1 Pin=C43_IO_CHECKER_0-1
Added Pin To Net: NetName=NetC43_IO_CHECKER_0_1 Pin=F12_IO_CHECKER_0-2
Added Pin To Net: NetName=NetC43_IO_CHECKER_0_1 Pin=U17_IO_CHECKER_0-9
Added Net: Name=NetC43_IO_CHECKER_0_1
Added Pin To Net: NetName=NetC43_IO_CHECKER_1_1 Pin=C43_IO_CHECKER_1-1
Added Pin To Net: NetName=NetC43_IO_CHECKER_1_1 Pin=F12_IO_CHECKER_1-2
Added Pin To Net: NetName=NetC43_IO_CHECKER_1_1 Pin=U17_IO_CHECKER_1-9
Added Net: Name=NetC43_IO_CHECKER_1_1
Added Pin To Net: NetName=NetC49_ADC_0_1 Pin=C49_ADC_0-1
Added Pin To Net: NetName=NetC49_ADC_0_1 Pin=F10_ADC_0-1
Added Pin To Net: NetName=NetC49_ADC_0_1 Pin=R60_ADC_0-1
Added Pin To Net: NetName=NetC49_ADC_0_1 Pin=U13_ADC_0-2
Added Net: Name=NetC49_ADC_0_1
Added Pin To Net: NetName=NetC49_ADC_1_1 Pin=C49_ADC_1-1
Added Pin To Net: NetName=NetC49_ADC_1_1 Pin=F10_ADC_1-1
Added Pin To Net: NetName=NetC49_ADC_1_1 Pin=R60_ADC_1-1
Added Pin To Net: NetName=NetC49_ADC_1_1 Pin=U13_ADC_1-2
Added Net: Name=NetC49_ADC_1_1
Added Pin To Net: NetName=NetC77_1 Pin=C77-1
Added Pin To Net: NetName=NetC77_1 Pin=F11-2
Added Pin To Net: NetName=NetC77_1 Pin=U16-8
Added Net: Name=NetC77_1
Added Pin To Net: NetName=PWR_SENSE_3V3 Pin=C40_PWR_PROT_1-1
Added Pin To Net: NetName=PWR_SENSE_3V3 Pin=C40_PWR_PROT_2-1
Added Pin To Net: NetName=PWR_SENSE_3V3 Pin=C40_PWR_PROT_3-1
Added Pin To Net: NetName=PWR_SENSE_3V3 Pin=C40_PWR_PROT_4-1
Added Pin To Net: NetName=PWR_SENSE_3V3 Pin=C40_PWR_PROT_5-1
Added Pin To Net: NetName=PWR_SENSE_3V3 Pin=C104-1
Added Pin To Net: NetName=PWR_SENSE_3V3 Pin=C109-1
Added Pin To Net: NetName=PWR_SENSE_3V3 Pin=F8-2
Added Pin To Net: NetName=PWR_SENSE_3V3 Pin=U12_PWR_PROT_1-8
Added Pin To Net: NetName=PWR_SENSE_3V3 Pin=U12_PWR_PROT_2-8
Added Pin To Net: NetName=PWR_SENSE_3V3 Pin=U12_PWR_PROT_3-8
Added Pin To Net: NetName=PWR_SENSE_3V3 Pin=U12_PWR_PROT_4-8
Added Pin To Net: NetName=PWR_SENSE_3V3 Pin=U12_PWR_PROT_5-8
Added Pin To Net: NetName=PWR_SENSE_3V3 Pin=U15-8
Added Pin To Net: NetName=PWR_SENSE_3V3 Pin=U19-8
Added Net: Name=PWR_SENSE_3V3
Added Member To Class: ClassName=AMP_0 Member=Component C96 12103D106KAT2A
Added Member To Class: ClassName=BCM_ECU Member=Component F8 MF-PSMF020X-2
Added Member To Class: ClassName=MOSFET_BANK_0 Member=Component F9_MOSFET_BANK_0 (F9) MF-PSMF010X-2
Added Member To Class: ClassName=MOSFET_BANK_1 Member=Component F9_MOSFET_BANK_1 (F9) MF-PSMF010X-2
Added Member To Class: ClassName=MOSFET_BANK_2 Member=Component F9_MOSFET_BANK_2 (F9) MF-PSMF010X-2
Added Member To Class: ClassName=MOSFET_BANK_3 Member=Component F9_MOSFET_BANK_3 (F9) MF-PSMF010X-2
Added Member To Class: ClassName=ADC_0 Member=Component F10_ADC_0 (F10) MF-PSMF010X-2
Added Member To Class: ClassName=ADC_1 Member=Component F10_ADC_1 (F10) MF-PSMF010X-2
Added Member To Class: ClassName=MEM_0 Member=Component F11 MF-PSMF010X-2
Added Member To Class: ClassName=IO_CHECKER_0 Member=Component F12_IO_CHECKER_0 (F12) MF-PSMF010X-2
Added Member To Class: ClassName=IO_CHECKER_1 Member=Component F12_IO_CHECKER_1 (F12) MF-PSMF010X-2
Added Rule: Name=Schematic Supply Nets_4
