Removed Pin From Net: NetName=MOS_3V3_MOSFET_BANK_2 Pin=C5_MOSFET_BANK_2-1
Removed Pin From Net: NetName=3V3 Pin=C114-1
Removed Pin From Net: NetName=3V3 Pin=F9_MOSFET_BANK_0-1
Removed Pin From Net: NetName=3V3 Pin=F9_MOSFET_BANK_1-1
Removed Pin From Net: NetName=3V3 Pin=F9_MOSFET_BANK_2-1
Removed Pin From Net: NetName=MOS_3V3_MOSFET_BANK_2 Pin=F9_MOSFET_BANK_2-2
Removed Pin From Net: NetName=3V3 Pin=F9_MOSFET_BANK_3-1
Removed Pin From Net: NetName=NetC49_ADC_0_1 Pin=F10_ADC_0-1
Removed Pin From Net: NetName=3V3 Pin=F10_ADC_0-2
Removed Pin From Net: NetName=3V3 Pin=F10_ADC_1-2
Removed Pin From Net: NetName=3V3 Pin=F12_IO_CHECKER_0-1
Removed Pin From Net: NetName=3V3 Pin=F12_IO_CHECKER_1-1
Removed Pin From Net: NetName=MOS_3V3_MOSFET_BANK_2 Pin=R16_MOSFET_BANK_2-1
Removed Pin From Net: NetName=3V3 Pin=R65-1
Removed Pin From Net: NetName=3V3 Pin=R95_IO_CHECKER_0-2
Removed Pin From Net: NetName=3V3 Pin=R95_IO_CHECKER_1-2
Removed Pin From Net: NetName=3V3 Pin=R96_IO_CHECKER_0-2
Removed Pin From Net: NetName=3V3 Pin=R96_IO_CHECKER_1-2
Removed Pin From Net: NetName=3V3 Pin=R97_IO_CHECKER_0-2
Removed Pin From Net: NetName=3V3 Pin=R97_IO_CHECKER_1-2
Removed Pin From Net: NetName=3V3 Pin=R121_IO_CHECKER_0-2
Removed Pin From Net: NetName=3V3 Pin=R121_IO_CHECKER_1-2
Removed Pin From Net: NetName=MOS_3V3_MOSFET_BANK_2 Pin=U6_MOSFET_BANK_2-2
Removed Pin From Net: NetName=3V3 Pin=U20-2
Removed Member From Class: ClassName=MOSFET_BANK_0 Member=F9_MOSFET_BANK_0
Removed Member From Class: ClassName=MOSFET_BANK_1 Member=F9_MOSFET_BANK_1
Removed Member From Class: ClassName=MOSFET_BANK_2 Member=F9_MOSFET_BANK_2
Removed Member From Class: ClassName=MOSFET_BANK_3 Member=F9_MOSFET_BANK_3
Removed Member From Class: ClassName=ADC_0 Member=F10_ADC_0
Removed Member From Class: ClassName=ADC_1 Member=F10_ADC_1
Removed Member From Class: ClassName=IO_CHECKER_0 Member=F12_IO_CHECKER_0
Removed Member From Class: ClassName=IO_CHECKER_1 Member=F12_IO_CHECKER_1
Added Component: Designator=F9(FP-MF-PSMF-MFG)
Add component (AddParameter): Name = "Ambient Temperature Range High"; Value = "+85°C"; VariantName = "[No Variations]"
Add component (AddParameter): Name = "Ambient Temperature Range Low"; Value = "-40°C"; VariantName = "[No Variations]"
Add component (AddParameter): Name = "Automotive"; Value = "No"; VariantName = "[No Variations]"
Add component (AddParameter): Name = "Category"; Value = "Fuse"; VariantName = "[No Variations]"
Add component (AddParameter): Name = "ComponentLink2Description"; Value = "Datasheet"; VariantName = "[No Variations]"
Add component (AddParameter): Name = "ComponentLink2URL"; Value = "https://www.bourns.com/docs/Product-Datasheets/mfpsmf.pdf"; VariantName = "[No Variations]"
Add component (AddParameter): Name = "Current Rating"; Value = "40A"; VariantName = "[No Variations]"
Add component (AddParameter): Name = "Device Class L1"; Value = "Circuit Protection"; VariantName = "[No Variations]"
Add component (AddParameter): Name = "Device Class L2"; Value = "PTC Resettable Fuses"; VariantName = "[No Variations]"
Add component (AddParameter): Name = "Device Class L3"; Value = "unset"; VariantName = "[No Variations]"
Add component (AddParameter): Name = "Digikey Description"; Value = "PTC RESET FUSE 9V 200MA 0805"; VariantName = "[No Variations]"
Add component (AddParameter): Name = "Height"; Value = "0.85mm"; VariantName = "[No Variations]"
Add component (AddParameter): Name = "Hold Current"; Value = "0.2A"; VariantName = "[No Variations]"
Add component (AddParameter): Name = "Lead Free"; Value = "Yes"; VariantName = "[No Variations]"
Add component (AddParameter): Name = "Manufacturer"; Value = "Bourns"; VariantName = "[No Variations]"
Add component (AddParameter): Name = "Manufacturer Part Number"; Value = "MF-PSMF020X-2"; VariantName = "[No Variations]"
Add component (AddParameter): Name = "Mouser Description"; Value = "PTC Resettable Fuse 0.2A(hold) 0.5A(trip) 9V 40A 0.5W 0.02s 0.65Ohm SMD Solder Pad 0805 T/R"; VariantName = "[No Variations]"
Add component (AddParameter): Name = "Octopart"; Value = "https://octopart.com/mf-psmf020x-2-bourns-7483437"; VariantName = "[No Variations]"
Add component (AddParameter): Name = "Package"; Value = "MF-PSMF"; VariantName = "[No Variations]"
Add component (AddParameter): Name = "Resistance"; Value = "0.65-3.5O"; VariantName = "[No Variations]"
Add component (AddParameter): Name = "RoHS"; Value = "TRUE"; VariantName = "[No Variations]"
Add component (AddParameter): Name = "Temperature"; Value = "-40°C to +85°C"; VariantName = "[No Variations]"
Add component (AddParameter): Name = "Temperature Range High"; Value = "+85°C"; VariantName = "[No Variations]"
Add component (AddParameter): Name = "Temperature Range Low"; Value = "-40°C"; VariantName = "[No Variations]"
Add component (AddParameter): Name = "Trip Current"; Value = "0.5A"; VariantName = "[No Variations]"
Add component (AddParameter): Name = "Trip Time"; Value = "0.02s"; VariantName = "[No Variations]"
Add component (AddParameter): Name = "Value"; Value = "0.65-3.5O"; VariantName = "[No Variations]"
Add component (AddParameter): Name = "Voltage Rating"; Value = "9V"; VariantName = "[No Variations]"
Added Component: Designator=F11(FP-MF-PSMF-MFG)
Add component (AddParameter): Name = "Ambient Temperature Range High"; Value = "+85°C"; VariantName = "[No Variations]"
Add component (AddParameter): Name = "Ambient Temperature Range Low"; Value = "-40°C"; VariantName = "[No Variations]"
Add component (AddParameter): Name = "Automotive"; Value = "No"; VariantName = "[No Variations]"
Add component (AddParameter): Name = "Category"; Value = "Fuse"; VariantName = "[No Variations]"
Add component (AddParameter): Name = "ComponentLink2Description"; Value = "Datasheet"; VariantName = "[No Variations]"
Add component (AddParameter): Name = "ComponentLink2URL"; Value = "https://www.bourns.com/docs/Product-Datasheets/mfpsmf.pdf"; VariantName = "[No Variations]"
Add component (AddParameter): Name = "Current Rating"; Value = "40A"; VariantName = "[No Variations]"
Add component (AddParameter): Name = "Device Class L1"; Value = "Circuit Protection"; VariantName = "[No Variations]"
Add component (AddParameter): Name = "Device Class L2"; Value = "PTC Resettable Fuses"; VariantName = "[No Variations]"
Add component (AddParameter): Name = "Device Class L3"; Value = "unset"; VariantName = "[No Variations]"
Add component (AddParameter): Name = "Digikey Description"; Value = "PTC RESET FUSE 9V 200MA 0805"; VariantName = "[No Variations]"
Add component (AddParameter): Name = "Height"; Value = "0.85mm"; VariantName = "[No Variations]"
Add component (AddParameter): Name = "Hold Current"; Value = "0.2A"; VariantName = "[No Variations]"
Add component (AddParameter): Name = "Lead Free"; Value = "Yes"; VariantName = "[No Variations]"
Add component (AddParameter): Name = "Manufacturer"; Value = "Bourns"; VariantName = "[No Variations]"
Add component (AddParameter): Name = "Manufacturer Part Number"; Value = "MF-PSMF020X-2"; VariantName = "[No Variations]"
Add component (AddParameter): Name = "Mouser Description"; Value = "PTC Resettable Fuse 0.2A(hold) 0.5A(trip) 9V 40A 0.5W 0.02s 0.65Ohm SMD Solder Pad 0805 T/R"; VariantName = "[No Variations]"
Add component (AddParameter): Name = "Octopart"; Value = "https://octopart.com/mf-psmf020x-2-bourns-7483437"; VariantName = "[No Variations]"
Add component (AddParameter): Name = "Package"; Value = "MF-PSMF"; VariantName = "[No Variations]"
Add component (AddParameter): Name = "Resistance"; Value = "0.65-3.5O"; VariantName = "[No Variations]"
Add component (AddParameter): Name = "RoHS"; Value = "TRUE"; VariantName = "[No Variations]"
Add component (AddParameter): Name = "Temperature"; Value = "-40°C to +85°C"; VariantName = "[No Variations]"
Add component (AddParameter): Name = "Temperature Range High"; Value = "+85°C"; VariantName = "[No Variations]"
Add component (AddParameter): Name = "Temperature Range Low"; Value = "-40°C"; VariantName = "[No Variations]"
Add component (AddParameter): Name = "Trip Current"; Value = "0.5A"; VariantName = "[No Variations]"
Add component (AddParameter): Name = "Trip Time"; Value = "0.02s"; VariantName = "[No Variations]"
Add component (AddParameter): Name = "Value"; Value = "0.65-3.5O"; VariantName = "[No Variations]"
Add component (AddParameter): Name = "Voltage Rating"; Value = "9V"; VariantName = "[No Variations]"
Added Component: Designator=F13(FP-MF-PSMF-MFG)
Add component (AddParameter): Name = "Ambient Temperature Range High"; Value = "+85°C"; VariantName = "[No Variations]"
Add component (AddParameter): Name = "Ambient Temperature Range Low"; Value = "-40°C"; VariantName = "[No Variations]"
Add component (AddParameter): Name = "Automotive"; Value = "No"; VariantName = "[No Variations]"
Add component (AddParameter): Name = "Category"; Value = "Fuse"; VariantName = "[No Variations]"
Add component (AddParameter): Name = "ComponentLink2Description"; Value = "Datasheet"; VariantName = "[No Variations]"
Add component (AddParameter): Name = "ComponentLink2URL"; Value = "https://www.bourns.com/docs/Product-Datasheets/mfpsmf.pdf"; VariantName = "[No Variations]"
Add component (AddParameter): Name = "Current Rating"; Value = "40A"; VariantName = "[No Variations]"
Add component (AddParameter): Name = "Device Class L1"; Value = "Circuit Protection"; VariantName = "[No Variations]"
Add component (AddParameter): Name = "Device Class L2"; Value = "PTC Resettable Fuses"; VariantName = "[No Variations]"
Add component (AddParameter): Name = "Device Class L3"; Value = "unset"; VariantName = "[No Variations]"
Add component (AddParameter): Name = "Digikey Description"; Value = "PTC RESET FUSE 9V 200MA 0805"; VariantName = "[No Variations]"
Add component (AddParameter): Name = "Height"; Value = "0.85mm"; VariantName = "[No Variations]"
Add component (AddParameter): Name = "Hold Current"; Value = "0.2A"; VariantName = "[No Variations]"
Add component (AddParameter): Name = "Lead Free"; Value = "Yes"; VariantName = "[No Variations]"
Add component (AddParameter): Name = "Manufacturer"; Value = "Bourns"; VariantName = "[No Variations]"
Add component (AddParameter): Name = "Manufacturer Part Number"; Value = "MF-PSMF020X-2"; VariantName = "[No Variations]"
Add component (AddParameter): Name = "Mouser Description"; Value = "PTC Resettable Fuse 0.2A(hold) 0.5A(trip) 9V 40A 0.5W 0.02s 0.65Ohm SMD Solder Pad 0805 T/R"; VariantName = "[No Variations]"
Add component (AddParameter): Name = "Octopart"; Value = "https://octopart.com/mf-psmf020x-2-bourns-7483437"; VariantName = "[No Variations]"
Add component (AddParameter): Name = "Package"; Value = "MF-PSMF"; VariantName = "[No Variations]"
Add component (AddParameter): Name = "Resistance"; Value = "0.65-3.5O"; VariantName = "[No Variations]"
Add component (AddParameter): Name = "RoHS"; Value = "TRUE"; VariantName = "[No Variations]"
Add component (AddParameter): Name = "Temperature"; Value = "-40°C to +85°C"; VariantName = "[No Variations]"
Add component (AddParameter): Name = "Temperature Range High"; Value = "+85°C"; VariantName = "[No Variations]"
Add component (AddParameter): Name = "Temperature Range Low"; Value = "-40°C"; VariantName = "[No Variations]"
Add component (AddParameter): Name = "Trip Current"; Value = "0.5A"; VariantName = "[No Variations]"
Add component (AddParameter): Name = "Trip Time"; Value = "0.02s"; VariantName = "[No Variations]"
Add component (AddParameter): Name = "Value"; Value = "0.65-3.5O"; VariantName = "[No Variations]"
Add component (AddParameter): Name = "Voltage Rating"; Value = "9V"; VariantName = "[No Variations]"
Added Pin To Net: NetName=MOS_3V3_MOSFET_BANK_2 Pin=C1_MOSFET_BANK_0-1
Added Pin To Net: NetName=MOS_3V3_MOSFET_BANK_2 Pin=C1_MOSFET_BANK_1-1
Added Pin To Net: NetName=MOS_3V3_MOSFET_BANK_2 Pin=C1_MOSFET_BANK_3-1
Added Pin To Net: NetName=MOS_3V3_MOSFET_BANK_2 Pin=C2_MOSFET_BANK_0-1
Added Pin To Net: NetName=MOS_3V3_MOSFET_BANK_2 Pin=C2_MOSFET_BANK_1-1
Added Pin To Net: NetName=MOS_3V3_MOSFET_BANK_2 Pin=C2_MOSFET_BANK_3-1
Added Pin To Net: NetName=MOS_3V3_MOSFET_BANK_2 Pin=C3_MOSFET_BANK_0-1
Added Pin To Net: NetName=MOS_3V3_MOSFET_BANK_2 Pin=C3_MOSFET_BANK_1-1
Added Pin To Net: NetName=MOS_3V3_MOSFET_BANK_2 Pin=C3_MOSFET_BANK_3-1
Added Pin To Net: NetName=MOS_3V3_MOSFET_BANK_2 Pin=C4_MOSFET_BANK_0-1
Added Pin To Net: NetName=MOS_3V3_MOSFET_BANK_2 Pin=C4_MOSFET_BANK_1-1
Added Pin To Net: NetName=MOS_3V3_MOSFET_BANK_2 Pin=C4_MOSFET_BANK_3-1
Added Pin To Net: NetName=NetC49_ADC_0_1 Pin=C5_MOSFET_BANK_0-1
Added Pin To Net: NetName=NetC49_ADC_0_1 Pin=C5_MOSFET_BANK_1-1
Added Pin To Net: NetName=NetC49_ADC_0_1 Pin=C5_MOSFET_BANK_2-1
Added Pin To Net: NetName=NetC49_ADC_0_1 Pin=C5_MOSFET_BANK_3-1
Added Pin To Net: NetName=NetC49_ADC_0_1 Pin=C49_ADC_1-1
Added Pin To Net: NetName=NetC49_ADC_0_1 Pin=C114-1
Added Pin To Net: NetName=3V3 Pin=F9-1
Added Pin To Net: NetName=MOS_3V3_MOSFET_BANK_2 Pin=F9-2
Added Pin To Net: NetName=3V3 Pin=F11-1
Added Pin To Net: NetName=3V3 Pin=F13-1
Added Pin To Net: NetName=NetC49_ADC_0_1 Pin=F13-2
Added Pin To Net: NetName=NetC49_ADC_0_1 Pin=R16_MOSFET_BANK_0-1
Added Pin To Net: NetName=NetC49_ADC_0_1 Pin=R16_MOSFET_BANK_1-1
Added Pin To Net: NetName=NetC49_ADC_0_1 Pin=R16_MOSFET_BANK_2-1
Added Pin To Net: NetName=NetC49_ADC_0_1 Pin=R16_MOSFET_BANK_3-1
Added Pin To Net: NetName=NetC49_ADC_0_1 Pin=R60_ADC_1-1
Added Pin To Net: NetName=NetC49_ADC_0_1 Pin=R65-1
Added Pin To Net: NetName=MOS_3V3_MOSFET_BANK_2 Pin=U1_MOSFET_BANK_0-8
Added Pin To Net: NetName=MOS_3V3_MOSFET_BANK_2 Pin=U1_MOSFET_BANK_1-8
Added Pin To Net: NetName=MOS_3V3_MOSFET_BANK_2 Pin=U1_MOSFET_BANK_3-8
Added Pin To Net: NetName=MOS_3V3_MOSFET_BANK_2 Pin=U3_MOSFET_BANK_0-8
Added Pin To Net: NetName=MOS_3V3_MOSFET_BANK_2 Pin=U3_MOSFET_BANK_1-8
Added Pin To Net: NetName=MOS_3V3_MOSFET_BANK_2 Pin=U3_MOSFET_BANK_3-8
Added Pin To Net: NetName=MOS_3V3_MOSFET_BANK_2 Pin=U4_MOSFET_BANK_0-8
Added Pin To Net: NetName=MOS_3V3_MOSFET_BANK_2 Pin=U4_MOSFET_BANK_1-8
Added Pin To Net: NetName=MOS_3V3_MOSFET_BANK_2 Pin=U4_MOSFET_BANK_3-8
Added Pin To Net: NetName=MOS_3V3_MOSFET_BANK_2 Pin=U5_MOSFET_BANK_0-8
Added Pin To Net: NetName=MOS_3V3_MOSFET_BANK_2 Pin=U5_MOSFET_BANK_1-8
Added Pin To Net: NetName=MOS_3V3_MOSFET_BANK_2 Pin=U5_MOSFET_BANK_3-8
Added Pin To Net: NetName=NetC49_ADC_0_1 Pin=U6_MOSFET_BANK_0-2
Added Pin To Net: NetName=NetC49_ADC_0_1 Pin=U6_MOSFET_BANK_1-2
Added Pin To Net: NetName=NetC49_ADC_0_1 Pin=U6_MOSFET_BANK_2-2
Added Pin To Net: NetName=NetC49_ADC_0_1 Pin=U6_MOSFET_BANK_3-2
Added Pin To Net: NetName=NetC49_ADC_0_1 Pin=U13_ADC_1-2
Added Pin To Net: NetName=NetC49_ADC_0_1 Pin=U20-2
Change Net Name : Old Net Name=MOS_3V3_MOSFET_BANK_2 New Net Name=MOS_SENSE_3V3
Change Net Name : Old Net Name=NetC49_ADC_0_1 New Net Name=ADC_3V3
Added Pin To Net: NetName=IO_CHECKER_3V3 Pin=C43_IO_CHECKER_0-1
Added Pin To Net: NetName=IO_CHECKER_3V3 Pin=C43_IO_CHECKER_1-1
Added Pin To Net: NetName=IO_CHECKER_3V3 Pin=F11-2
Added Pin To Net: NetName=IO_CHECKER_3V3 Pin=R95_IO_CHECKER_0-2
Added Pin To Net: NetName=IO_CHECKER_3V3 Pin=R95_IO_CHECKER_1-2
Added Pin To Net: NetName=IO_CHECKER_3V3 Pin=R96_IO_CHECKER_0-2
Added Pin To Net: NetName=IO_CHECKER_3V3 Pin=R96_IO_CHECKER_1-2
Added Pin To Net: NetName=IO_CHECKER_3V3 Pin=R97_IO_CHECKER_0-2
Added Pin To Net: NetName=IO_CHECKER_3V3 Pin=R97_IO_CHECKER_1-2
Added Pin To Net: NetName=IO_CHECKER_3V3 Pin=R121_IO_CHECKER_0-2
Added Pin To Net: NetName=IO_CHECKER_3V3 Pin=R121_IO_CHECKER_1-2
Added Pin To Net: NetName=IO_CHECKER_3V3 Pin=U17_IO_CHECKER_0-9
Added Pin To Net: NetName=IO_CHECKER_3V3 Pin=U17_IO_CHECKER_1-9
Added Net: Name=IO_CHECKER_3V3
Added Member To Class: ClassName=BCM_ECU Member=Component F9 MF-PSMF020X-2
Added Member To Class: ClassName=BCM_ECU Member=Component F11 MF-PSMF020X-2
Added Member To Class: ClassName=BCM_ECU Member=Component F13 MF-PSMF020X-2
Added Rule: Name=Schematic Supply Nets_6
Added Rule: Name=Schematic Supply Nets_7
Added Rule: Name=Schematic Supply Nets_9
