Added Pin To Net: NetName=OUT_13 Pin=R100_IO_CHECKER_1-1
Added Pin To Net: NetName=OUT_12 Pin=R100_IO_CHECKER_1-2
Added Pin To Net: NetName=OUT_10 Pin=R100_IO_CHECKER_1-3
Added Pin To Net: NetName=OUT_15 Pin=R100_IO_CHECKER_1-4
Added Pin To Net: NetName=OUT_11 Pin=R101_IO_CHECKER_1-1
Added Pin To Net: NetName=OUT_14 Pin=R101_IO_CHECKER_1-2
Added Pin To Net: NetName=OUT_8 Pin=R101_IO_CHECKER_1-3
Add Net: Net with name "NetC?_1" already exists
Add Net: Net with name "NetC?_1" already exists
Add Net: Net with name "NetC?_2" already exists
Add Net: Net with name "NetC?_2" already exists
Add Net: Net with name "NetC?_2" already exists
Add Net: Net with name "NetC?_2" already exists
Add Net: Net with name "NetC?_2" already exists
Add Net: Net with name "NetR?_1" already exists
Add Net: Net with name "NetR?_2" already exists
Added Member To Class: ClassName=AMP_REG_0 Member=Component C? C5750X7R2A335K230KA
Added Member To Class: ClassName=AMP_REG_0 Member=Component C? C5750X7R2A335K230KA
Added Member To Class: ClassName=AMP_REG_0 Member=Component C? C5750X7R2A335K230KA
Added Member To Class: ClassName=AMP_REG_0 Member=Component C? C5750X7R2A335K230KA
Added Member To Class: ClassName=AMP_REG_0 Member=Component C? CGA9P3X7S2A156M250KB
Added Member To Class: ClassName=AMP_REG_0 Member=Component C? CGA9P3X7S2A156M250KB
Added Member To Class: ClassName=AMP_REG_0 Member=Component C? CGA9P3X7S2A156M250KB
Added Member To Class: ClassName=AMP_REG_0 Member=Component C? CGA9P3X7S2A156M250KB
Added Member To Class: ClassName=AMP_REG_0 Member=Component C? MAL215099913E3
Added Member To Class: ClassName=AMP_REG_0 Member=Component C? 100p
Added Member To Class: ClassName=AMP_REG_0 Member=Component C? EEE-FK1E330P
Added Member To Class: ClassName=AMP_REG_0 Member=Component C? C5750X7R2A335K230KA
Added Member To Class: ClassName=AMP_REG_0 Member=Component C? CGA9P3X7S2A156M250KB
Added Member To Class: ClassName=AMP_REG_0 Member=Component C? C5750X7R2A335K230KA
Added Member To Class: ClassName=AMP_REG_0 Member=Component C? CGA9P3X7S2A156M250KB
Added Member To Class: ClassName=AMP_REG_0 Member=Component C? C5750X7R2A335K230KA
Added Member To Class: ClassName=AMP_REG_0 Member=Component C? MAL215099913E3
Added Member To Class: ClassName=AMP_REG_0 Member=Component C? CGA9P3X7S2A156M250KB
Added Member To Class: ClassName=AMP_REG_0 Member=Component C? CGA9P3X7S2A156M250KB
Added Member To Class: ClassName=AMP_REG_0 Member=Component C? CGA9P3X7S2A156M250KB
Added Member To Class: ClassName=AMP_REG_0 Member=Component C? CGA9P3X7S2A156M250KB
Added Member To Class: ClassName=AMP_REG_0 Member=Component C? EEE-FK1E330P
Added Member To Class: ClassName=AMP_REG_0 Member=Component C? MAL215099913E3
Added Member To Class: ClassName=AMP_REG_0 Member=Component C? CGA9P3X7S2A156M250KB
Added Member To Class: ClassName=AMP_REG_0 Member=Component C? 470n
Added Member To Class: ClassName=AMP_REG_0 Member=Component C? CGA9P3X7S2A156M250KB
Added Member To Class: ClassName=AMP_REG_0 Member=Component Q? IPB027N10N3GATMA1
Added Member To Class: ClassName=AMP_REG_0 Member=Component R? 8.06k
Added Member To Class: ClassName=AMP_REG_0 Member=Component R? 49.9k
Added Member To Class: ClassName=AMP_REG_0 Member=Component R? 0402 JUMPER
Added Member To Class: ClassName=AMP_REG_0 Member=Component R? 178k
Added Member To Class: ClassName=AMP_REG_0 Member=Component R? 274k
Added Member To Class: ClassName=AMP_REG_0 Member=Component R? 100
Added Member To Class: ClassName=AMP_REG_0 Member=Component R? 1.5
