Change Component Designator: OldDesignator=C40_PWR_PROT_0 NewDesignator=C109
Change Component Designator: OldDesignator=D6_PWR_PROT_0 NewDesignator=D23
Change Component Designator: OldDesignator=R47_PWR_PROT_0 NewDesignator=R109
Change Component Designator: OldDesignator=R49_PWR_PROT_0 NewDesignator=R110
Change Component Designator: OldDesignator=R50_PWR_PROT_0 NewDesignator=R107
Change Component Designator: OldDesignator=R52_PWR_PROT_0 NewDesignator=R108
Change Component Designator: OldDesignator=U12_PWR_PROT_0 NewDesignator=U19
Change Component Designator: OldDesignator=XF2_PWR_PROT_0 NewDesignator=XF3
Change Net Name : Old Net Name=NetD6_PWR_PROT_0_1 New Net Name=NetD23_1
Change Net Name : Old Net Name=NetR50_PWR_PROT_0_2 New Net Name=NetR107_2
Change Net Name : Old Net Name=NetR52_PWR_PROT_0_1 New Net Name=NetR108_1
Change Net Name : Old Net Name=NetR52_PWR_PROT_0_2 New Net Name=NetR108_2
Change Net Name : Old Net Name=NetU12_PWR_PROT_0_1 New Net Name=NetU19_1
Added Class: Name=PWR_PROT_1
Added Class: Name=PWR_PROT_2
Added Class: Name=PWR_PROT_3
Added Class: Name=PWR_PROT_4
Added Class: Name=PWR_PROT_5
Added Class: Name=PWR_PROT
Added Member To Class: ClassName=PWR_PROT_0 Member=Component C109 100n
Added Member To Class: ClassName=PWR_PROT_0 Member=Component D23 MM5Z3V3T1G
Added Member To Class: ClassName=PWR_PROT_0 Member=Component R107 DNP
Added Member To Class: ClassName=PWR_PROT_0 Member=Component R108 1k
Added Member To Class: ClassName=PWR_PROT_0 Member=Component R109 100k
Added Member To Class: ClassName=PWR_PROT_0 Member=Component R110 24k
Added Member To Class: ClassName=PWR_PROT_0 Member=Component U19 ACS711KLCTR-12AB-T
Added Member To Class: ClassName=PWR_PROT_0 Member=Component XF3 3557-2
Change Room Name: Old Name=PWR_PROT_1 New Name=AMP_REG_0
Change Room Scope: Old Scope=InComponentClass('PWR_PROT_1') New Scope=InComponentClass('AMP_REG_0')
