Removed Pin From Net: NetName=M3_OUT_MOSFET_BANK_0 Pin=R13_MOSFET_BANK_0-2
Removed Pin From Net: NetName=M3_OUT_MOSFET_BANK_1 Pin=R13_MOSFET_BANK_1-2
Removed Pin From Net: NetName=M3_OUT_MOSFET_BANK_2 Pin=R13_MOSFET_BANK_2-2
Removed Pin From Net: NetName=M3_OUT_MOSFET_BANK_3 Pin=R13_MOSFET_BANK_3-2
Removed Pin From Net: NetName=M4_OUT_MOSFET_BANK_0 Pin=R20_MOSFET_BANK_0-2
Removed Pin From Net: NetName=M4_OUT_MOSFET_BANK_1 Pin=R20_MOSFET_BANK_1-2
Removed Pin From Net: NetName=M4_OUT_MOSFET_BANK_2 Pin=R20_MOSFET_BANK_2-2
Removed Pin From Net: NetName=M4_OUT_MOSFET_BANK_3 Pin=R20_MOSFET_BANK_3-2
Removed Pin From Net: NetName=M4_I_SENSE_MOSFET_BANK_0 Pin=R21_MOSFET_BANK_0-2
Removed Pin From Net: NetName=M4_I_SENSE_MOSFET_BANK_1 Pin=R21_MOSFET_BANK_1-2
Removed Pin From Net: NetName=M4_I_SENSE_MOSFET_BANK_2 Pin=R21_MOSFET_BANK_2-2
Removed Pin From Net: NetName=M4_I_SENSE_MOSFET_BANK_3 Pin=R21_MOSFET_BANK_3-2
Removed Pin From Net: NetName=PD_3_MOSFET_BANK_0 Pin=U6_MOSFET_BANK_0-10
Removed Pin From Net: NetName=PD_4_MOSFET_BANK_0 Pin=U6_MOSFET_BANK_0-11
Removed Pin From Net: NetName=PD_3_MOSFET_BANK_1 Pin=U6_MOSFET_BANK_1-10
Removed Pin From Net: NetName=PD_4_MOSFET_BANK_1 Pin=U6_MOSFET_BANK_1-11
Removed Pin From Net: NetName=PD_3_MOSFET_BANK_2 Pin=U6_MOSFET_BANK_2-10
Removed Pin From Net: NetName=PD_4_MOSFET_BANK_2 Pin=U6_MOSFET_BANK_2-11
Removed Pin From Net: NetName=PD_3_MOSFET_BANK_3 Pin=U6_MOSFET_BANK_3-10
Removed Pin From Net: NetName=PD_4_MOSFET_BANK_3 Pin=U6_MOSFET_BANK_3-11
Added Pin To Net: NetName=M4_I_SENSE_MOSFET_BANK_0 Pin=R13_MOSFET_BANK_0-2
Added Pin To Net: NetName=M4_I_SENSE_MOSFET_BANK_1 Pin=R13_MOSFET_BANK_1-2
Added Pin To Net: NetName=M4_I_SENSE_MOSFET_BANK_2 Pin=R13_MOSFET_BANK_2-2
Added Pin To Net: NetName=M4_I_SENSE_MOSFET_BANK_3 Pin=R13_MOSFET_BANK_3-2
Added Pin To Net: NetName=M3_OUT_MOSFET_BANK_0 Pin=R20_MOSFET_BANK_0-2
Added Pin To Net: NetName=M3_OUT_MOSFET_BANK_1 Pin=R20_MOSFET_BANK_1-2
Added Pin To Net: NetName=M3_OUT_MOSFET_BANK_2 Pin=R20_MOSFET_BANK_2-2
Added Pin To Net: NetName=M3_OUT_MOSFET_BANK_3 Pin=R20_MOSFET_BANK_3-2
Added Pin To Net: NetName=M4_OUT_MOSFET_BANK_0 Pin=R21_MOSFET_BANK_0-2
Added Pin To Net: NetName=M4_OUT_MOSFET_BANK_1 Pin=R21_MOSFET_BANK_1-2
Added Pin To Net: NetName=M4_OUT_MOSFET_BANK_2 Pin=R21_MOSFET_BANK_2-2
Added Pin To Net: NetName=M4_OUT_MOSFET_BANK_3 Pin=R21_MOSFET_BANK_3-2
Added Pin To Net: NetName=PD_4_MOSFET_BANK_0 Pin=U6_MOSFET_BANK_0-10
Added Pin To Net: NetName=PD_4_MOSFET_BANK_1 Pin=U6_MOSFET_BANK_1-10
Added Pin To Net: NetName=PD_4_MOSFET_BANK_2 Pin=U6_MOSFET_BANK_2-10
Added Pin To Net: NetName=PD_4_MOSFET_BANK_3 Pin=U6_MOSFET_BANK_3-10
