Removed Pin From Net: NetName=TCAN1146_5V Pin=C15-2
Removed Pin From Net: NetName=PWR_OUT Pin=C16-1
Removed Pin From Net: NetName=TCAN1146_5V Pin=U9-1
Removed Pin From Net: NetName=PWR_OUT Pin=U9-3
Removed Member From Class: ClassName=PWR_MGMT Member=C15
Removed Member From Class: ClassName=PWR_MGMT Member=C16
Removed Member From Class: ClassName=PWR_MGMT Member=U9
Added Pin To Net: NetName=NetC41_1 Pin=C16-1
Added Pin To Net: NetName=NetC41_1 Pin=U9-3
Change Net Name : Old Net Name=NetC41_1 New Net Name=NetC16_1
Added Pin To Net: NetName=NetC15_2 Pin=C15-2
Added Pin To Net: NetName=NetC15_2 Pin=U9-1
Added Net: Name=NetC15_2
Add Net: Net with name "NetC?_1" already exists
Add Net: Net with name "NetC?_1" already exists
Add Net: Net with name "NetC?_2" already exists
Add Net: Net with name "NetC?_2" already exists
Add Net: Net with name "NetC?_2" already exists
Add Net: Net with name "NetC?_2" already exists
Add Net: Net with name "NetC?_2" already exists
Add Net: Net with name "NetR?_1" already exists
Add Net: Net with name "NetR?_2" already exists
Added Member To Class: ClassName=INT_REG_0 Member=Component C15 C0805C225K9PACTU
Added Member To Class: ClassName=INT_REG_0 Member=Component C16 100n
Added Member To Class: ClassName=AMP_REG_0 Member=Component C? CGA9P3X7S2A156M250KB
Added Member To Class: ClassName=AMP_REG_0 Member=Component C? CGA9P3X7S2A156M250KB
Added Member To Class: ClassName=AMP_REG_0 Member=Component C? CGA9P3X7S2A156M250KB
Added Member To Class: ClassName=AMP_REG_0 Member=Component C? C5750X7R2A335K230KA
Added Member To Class: ClassName=AMP_REG_0 Member=Component C? C5750X7R2A335K230KA
Added Member To Class: ClassName=AMP_REG_0 Member=Component C? CGA9P3X7S2A156M250KB
Added Member To Class: ClassName=AMP_REG_0 Member=Component C? MAL215099913E3
Added Member To Class: ClassName=AMP_REG_0 Member=Component C? C5750X7R2A335K230KA
Added Member To Class: ClassName=AMP_REG_0 Member=Component C? MAL215099913E3
Added Member To Class: ClassName=AMP_REG_0 Member=Component C? C5750X7R2A335K230KA
Added Member To Class: ClassName=AMP_REG_0 Member=Component C? CGA9P3X7S2A156M250KB
Added Member To Class: ClassName=AMP_REG_0 Member=Component C? CGA9P3X7S2A156M250KB
Added Member To Class: ClassName=AMP_REG_0 Member=Component C? C5750X7R2A335K230KA
Added Member To Class: ClassName=AMP_REG_0 Member=Component C? MAL215099913E3
Added Member To Class: ClassName=AMP_REG_0 Member=Component C? CGA9P3X7S2A156M250KB
Added Member To Class: ClassName=AMP_REG_0 Member=Component C? EEE-FK1E330P
Added Member To Class: ClassName=AMP_REG_0 Member=Component C? CGA9P3X7S2A156M250KB
Added Member To Class: ClassName=AMP_REG_0 Member=Component C? CGA9P3X7S2A156M250KB
Added Member To Class: ClassName=AMP_REG_0 Member=Component C? C5750X7R2A335K230KA
Added Member To Class: ClassName=AMP_REG_0 Member=Component C? CGA9P3X7S2A156M250KB
Added Member To Class: ClassName=AMP_REG_0 Member=Component C? 470n
Added Member To Class: ClassName=AMP_REG_0 Member=Component C? CGA9P3X7S2A156M250KB
Added Member To Class: ClassName=AMP_REG_0 Member=Component C? CGA9P3X7S2A156M250KB
Added Member To Class: ClassName=AMP_REG_0 Member=Component C? 100p
Added Member To Class: ClassName=AMP_REG_0 Member=Component C? EEE-FK1E330P
Added Member To Class: ClassName=AMP_REG_0 Member=Component C? C5750X7R2A335K230KA
Added Member To Class: ClassName=AMP_REG_0 Member=Component Q? IPB027N10N3GATMA1
Added Member To Class: ClassName=AMP_REG_0 Member=Component R? 1.5
Added Member To Class: ClassName=AMP_REG_0 Member=Component R? 274k
Added Member To Class: ClassName=AMP_REG_0 Member=Component R? 8.06k
Added Member To Class: ClassName=AMP_REG_0 Member=Component R? 49.9k
Added Member To Class: ClassName=AMP_REG_0 Member=Component R? 178k
Added Member To Class: ClassName=AMP_REG_0 Member=Component R? 0402 JUMPER
Added Member To Class: ClassName=AMP_REG_0 Member=Component R? 100
Added Member To Class: ClassName=INT_REG_0 Member=Component U9 AP7381-50Y-13
