Removed Pin From Net: NetName=M4_I_SENSE_MOSFET_BANK_0 Pin=R13_MOSFET_BANK_0-2
Removed Pin From Net: NetName=M4_I_SENSE_MOSFET_BANK_1 Pin=R13_MOSFET_BANK_1-2
Removed Pin From Net: NetName=M4_I_SENSE_MOSFET_BANK_2 Pin=R13_MOSFET_BANK_2-2
Removed Pin From Net: NetName=M4_I_SENSE_MOSFET_BANK_3 Pin=R13_MOSFET_BANK_3-2
Removed Pin From Net: NetName=M3_OUT_MOSFET_BANK_0 Pin=R20_MOSFET_BANK_0-2
Removed Pin From Net: NetName=M3_OUT_MOSFET_BANK_1 Pin=R20_MOSFET_BANK_1-2
Removed Pin From Net: NetName=M3_OUT_MOSFET_BANK_2 Pin=R20_MOSFET_BANK_2-2
Removed Pin From Net: NetName=M3_OUT_MOSFET_BANK_3 Pin=R20_MOSFET_BANK_3-2
Removed Pin From Net: NetName=M4_OUT_MOSFET_BANK_0 Pin=R21_MOSFET_BANK_0-2
Removed Pin From Net: NetName=M4_OUT_MOSFET_BANK_1 Pin=R21_MOSFET_BANK_1-2
Removed Pin From Net: NetName=M4_OUT_MOSFET_BANK_2 Pin=R21_MOSFET_BANK_2-2
Removed Pin From Net: NetName=M4_OUT_MOSFET_BANK_3 Pin=R21_MOSFET_BANK_3-2
Added Pin To Net: NetName=M3_OUT_MOSFET_BANK_0 Pin=R13_MOSFET_BANK_0-2
Added Pin To Net: NetName=M3_OUT_MOSFET_BANK_1 Pin=R13_MOSFET_BANK_1-2
Added Pin To Net: NetName=M3_OUT_MOSFET_BANK_2 Pin=R13_MOSFET_BANK_2-2
Added Pin To Net: NetName=M3_OUT_MOSFET_BANK_3 Pin=R13_MOSFET_BANK_3-2
Added Pin To Net: NetName=M4_OUT_MOSFET_BANK_0 Pin=R20_MOSFET_BANK_0-2
Added Pin To Net: NetName=M4_OUT_MOSFET_BANK_1 Pin=R20_MOSFET_BANK_1-2
Added Pin To Net: NetName=M4_OUT_MOSFET_BANK_2 Pin=R20_MOSFET_BANK_2-2
Added Pin To Net: NetName=M4_OUT_MOSFET_BANK_3 Pin=R20_MOSFET_BANK_3-2
Added Pin To Net: NetName=M4_I_SENSE_MOSFET_BANK_0 Pin=R21_MOSFET_BANK_0-2
Added Pin To Net: NetName=M4_I_SENSE_MOSFET_BANK_1 Pin=R21_MOSFET_BANK_1-2
Added Pin To Net: NetName=M4_I_SENSE_MOSFET_BANK_2 Pin=R21_MOSFET_BANK_2-2
Added Pin To Net: NetName=M4_I_SENSE_MOSFET_BANK_3 Pin=R21_MOSFET_BANK_3-2
Added Rule: Name=Schematic Supply Nets
Added Rule: Name=Schematic Supply Nets_1
Added Rule: Name=Schematic Supply Nets_2
Added Rule: Name=Schematic Supply Nets_3
Added Rule: Name=Schematic Supply Nets_4
Added Rule: Name=Schematic Supply Nets_5
Added Rule: Name=Schematic Supply Nets_6
Added Rule: Name=Schematic Supply Nets_7
Added Rule: Name=Schematic Supply Nets_8
Added Rule: Name=Schematic Supply Nets_9
Added Rule: Name=Schematic Supply Nets_10
Added Rule: Name=Schematic Supply Nets_11
