Removed Pin From Net: NetName=IO_CHECKER_3V3 Pin=F7-1
Removed Pin From Net: NetName=ADC_3V3 Pin=R12_MOSFET_BANK_0-1
Removed Pin From Net: NetName=ADC_3V3 Pin=R12_MOSFET_BANK_1-1
Removed Pin From Net: NetName=ADC_3V3 Pin=R12_MOSFET_BANK_2-1
Removed Pin From Net: NetName=ADC_3V3 Pin=R12_MOSFET_BANK_3-1
Removed Pin From Net: NetName=PWR_SENSE_3V3 Pin=R26-2
Removed Pin From Net: NetName=PWR_SENSE_3V3 Pin=R50_PWR_PROT_1-1
Removed Pin From Net: NetName=PWR_SENSE_3V3 Pin=R50_PWR_PROT_2-1
Removed Pin From Net: NetName=PWR_SENSE_3V3 Pin=R50_PWR_PROT_3-1
Removed Pin From Net: NetName=PWR_SENSE_3V3 Pin=R50_PWR_PROT_4-1
Removed Pin From Net: NetName=PWR_SENSE_3V3 Pin=R50_PWR_PROT_5-1
Removed Pin From Net: NetName=IO_CHECKER_3V3 Pin=R67-2
Removed Pin From Net: NetName=IO_CHECKER_3V3 Pin=R68-2
Removed Pin From Net: NetName=PWR_SENSE_3V3 Pin=R88-1
Removed Pin From Net: NetName=PWR_SENSE_3V3 Pin=R107-1
Added Pin To Net: NetName=3V3 Pin=F7-1
Added Pin To Net: NetName=3V3 Pin=R12_MOSFET_BANK_0-1
Added Pin To Net: NetName=3V3 Pin=R12_MOSFET_BANK_1-1
Added Pin To Net: NetName=3V3 Pin=R12_MOSFET_BANK_2-1
Added Pin To Net: NetName=3V3 Pin=R12_MOSFET_BANK_3-1
Added Pin To Net: NetName=3V3 Pin=R26-2
Added Pin To Net: NetName=3V3 Pin=R50_PWR_PROT_1-1
Added Pin To Net: NetName=3V3 Pin=R50_PWR_PROT_2-1
Added Pin To Net: NetName=3V3 Pin=R50_PWR_PROT_3-1
Added Pin To Net: NetName=3V3 Pin=R50_PWR_PROT_4-1
Added Pin To Net: NetName=3V3 Pin=R50_PWR_PROT_5-1
Added Pin To Net: NetName=3V3 Pin=R67-2
Added Pin To Net: NetName=3V3 Pin=R68-2
Added Pin To Net: NetName=3V3 Pin=R88-1
Added Pin To Net: NetName=3V3 Pin=R107-1
