Removed Pin From Net: NetName=IN_0_ADC_0 Pin=R61_ADC_0-1
Removed Pin From Net: NetName=3V3 Pin=R61_ADC_0-2
Removed Pin From Net: NetName=IN_0_ADC_1 Pin=R61_ADC_1-1
Removed Pin From Net: NetName=3V3 Pin=R61_ADC_1-2
Removed Pin From Net: NetName=IN_1_ADC_0 Pin=R62_ADC_0-1
Removed Pin From Net: NetName=3V3 Pin=R62_ADC_0-2
Removed Pin From Net: NetName=IN_1_ADC_1 Pin=R62_ADC_1-1
Removed Pin From Net: NetName=3V3 Pin=R62_ADC_1-2
Removed Pin From Net: NetName=IN_2_ADC_0 Pin=R63_ADC_0-1
Removed Pin From Net: NetName=3V3 Pin=R63_ADC_0-2
Removed Pin From Net: NetName=IN_2_ADC_1 Pin=R63_ADC_1-1
Removed Pin From Net: NetName=3V3 Pin=R63_ADC_1-2
Removed Pin From Net: NetName=IN_3_ADC_0 Pin=R64_ADC_0-1
Removed Pin From Net: NetName=3V3 Pin=R64_ADC_0-2
Removed Pin From Net: NetName=IN_3_ADC_1 Pin=R64_ADC_1-1
Removed Pin From Net: NetName=3V3 Pin=R64_ADC_1-2
Removed Pin From Net: NetName=IN_4_ADC_0 Pin=R65_ADC_0-1
Removed Pin From Net: NetName=3V3 Pin=R65_ADC_0-2
Removed Pin From Net: NetName=IN_4_ADC_1 Pin=R65_ADC_1-1
Removed Pin From Net: NetName=3V3 Pin=R65_ADC_1-2
Removed Pin From Net: NetName=IN_5_ADC_0 Pin=R66_ADC_0-1
Removed Pin From Net: NetName=3V3 Pin=R66_ADC_0-2
Removed Pin From Net: NetName=IN_5_ADC_1 Pin=R66_ADC_1-1
Removed Pin From Net: NetName=3V3 Pin=R66_ADC_1-2
Removed Pin From Net: NetName=IN_6_ADC_0 Pin=R67_ADC_0-1
Removed Pin From Net: NetName=3V3 Pin=R67_ADC_0-2
Removed Pin From Net: NetName=IN_6_ADC_1 Pin=R67_ADC_1-1
Removed Pin From Net: NetName=3V3 Pin=R67_ADC_1-2
Removed Pin From Net: NetName=IN_7_ADC_0 Pin=R68_ADC_0-1
Removed Pin From Net: NetName=3V3 Pin=R68_ADC_0-2
Removed Pin From Net: NetName=IN_7_ADC_1 Pin=R68_ADC_1-1
Removed Pin From Net: NetName=3V3 Pin=R68_ADC_1-2
Removed Pin From Net: NetName=ADC_IN0_ADC_0 Pin=R69_ADC_0-1
Removed Pin From Net: NetName=IN_0_ADC_0 Pin=R69_ADC_0-2
Removed Pin From Net: NetName=ADC_IN0_ADC_1 Pin=R69_ADC_1-1
Removed Pin From Net: NetName=IN_0_ADC_1 Pin=R69_ADC_1-2
Removed Pin From Net: NetName=ADC_IN1_ADC_0 Pin=R70_ADC_0-1
Removed Pin From Net: NetName=IN_1_ADC_0 Pin=R70_ADC_0-2
Removed Pin From Net: NetName=ADC_IN1_ADC_1 Pin=R70_ADC_1-1
Removed Pin From Net: NetName=IN_1_ADC_1 Pin=R70_ADC_1-2
Removed Pin From Net: NetName=ADC_IN2_ADC_0 Pin=R71_ADC_0-1
Removed Pin From Net: NetName=IN_2_ADC_0 Pin=R71_ADC_0-2
Removed Pin From Net: NetName=ADC_IN2_ADC_1 Pin=R71_ADC_1-1
Removed Pin From Net: NetName=IN_2_ADC_1 Pin=R71_ADC_1-2
Removed Pin From Net: NetName=ADC_IN3_ADC_0 Pin=R72_ADC_0-1
Removed Pin From Net: NetName=IN_3_ADC_0 Pin=R72_ADC_0-2
Removed Pin From Net: NetName=ADC_IN3_ADC_1 Pin=R72_ADC_1-1
Removed Pin From Net: NetName=IN_3_ADC_1 Pin=R72_ADC_1-2
Removed Pin From Net: NetName=ADC_IN4_ADC_0 Pin=R73_ADC_0-1
Removed Pin From Net: NetName=IN_4_ADC_0 Pin=R73_ADC_0-2
Removed Pin From Net: NetName=ADC_IN4_ADC_1 Pin=R73_ADC_1-1
Removed Pin From Net: NetName=IN_4_ADC_1 Pin=R73_ADC_1-2
Removed Pin From Net: NetName=ADC_IN5_ADC_0 Pin=R74_ADC_0-1
Removed Pin From Net: NetName=IN_5_ADC_0 Pin=R74_ADC_0-2
Removed Pin From Net: NetName=ADC_IN5_ADC_1 Pin=R74_ADC_1-1
Removed Pin From Net: NetName=IN_5_ADC_1 Pin=R74_ADC_1-2
Removed Pin From Net: NetName=ADC_IN6_ADC_0 Pin=R75_ADC_0-1
Removed Pin From Net: NetName=IN_6_ADC_0 Pin=R75_ADC_0-2
Removed Pin From Net: NetName=ADC_IN6_ADC_1 Pin=R75_ADC_1-1
Removed Pin From Net: NetName=IN_6_ADC_1 Pin=R75_ADC_1-2
Removed Pin From Net: NetName=ADC_IN7_ADC_0 Pin=R76_ADC_0-1
Removed Pin From Net: NetName=IN_7_ADC_0 Pin=R76_ADC_0-2
Removed Pin From Net: NetName=ADC_IN7_ADC_1 Pin=R76_ADC_1-1
Removed Pin From Net: NetName=IN_7_ADC_1 Pin=R76_ADC_1-2
Removed Pin From Net: NetName=GND Pin=R77_ADC_0-1
Removed Pin From Net: NetName=ADC_IN0_ADC_0 Pin=R77_ADC_0-2
Removed Pin From Net: NetName=GND Pin=R77_ADC_1-1
Removed Pin From Net: NetName=ADC_IN0_ADC_1 Pin=R77_ADC_1-2
Removed Pin From Net: NetName=GND Pin=R78_ADC_0-1
Removed Pin From Net: NetName=ADC_IN1_ADC_0 Pin=R78_ADC_0-2
Removed Pin From Net: NetName=GND Pin=R78_ADC_1-1
Removed Pin From Net: NetName=ADC_IN1_ADC_1 Pin=R78_ADC_1-2
Removed Pin From Net: NetName=GND Pin=R79_ADC_0-1
Removed Pin From Net: NetName=ADC_IN2_ADC_0 Pin=R79_ADC_0-2
Removed Pin From Net: NetName=GND Pin=R79_ADC_1-1
Removed Pin From Net: NetName=ADC_IN2_ADC_1 Pin=R79_ADC_1-2
Removed Pin From Net: NetName=GND Pin=R80_ADC_0-1
Removed Pin From Net: NetName=ADC_IN3_ADC_0 Pin=R80_ADC_0-2
Removed Pin From Net: NetName=GND Pin=R80_ADC_1-1
Removed Pin From Net: NetName=ADC_IN3_ADC_1 Pin=R80_ADC_1-2
Removed Pin From Net: NetName=GND Pin=R81_ADC_0-1
Removed Pin From Net: NetName=ADC_IN4_ADC_0 Pin=R81_ADC_0-2
Removed Pin From Net: NetName=GND Pin=R81_ADC_1-1
Removed Pin From Net: NetName=ADC_IN4_ADC_1 Pin=R81_ADC_1-2
Removed Pin From Net: NetName=GND Pin=R82_ADC_0-1
Removed Pin From Net: NetName=ADC_IN5_ADC_0 Pin=R82_ADC_0-2
Removed Pin From Net: NetName=GND Pin=R82_ADC_1-1
Removed Pin From Net: NetName=ADC_IN5_ADC_1 Pin=R82_ADC_1-2
Removed Pin From Net: NetName=GND Pin=R83_ADC_0-1
Removed Pin From Net: NetName=ADC_IN6_ADC_0 Pin=R83_ADC_0-2
Removed Pin From Net: NetName=GND Pin=R83_ADC_1-1
Removed Pin From Net: NetName=ADC_IN6_ADC_1 Pin=R83_ADC_1-2
Removed Pin From Net: NetName=GND Pin=R84_ADC_0-1
Removed Pin From Net: NetName=ADC_IN7_ADC_0 Pin=R84_ADC_0-2
Removed Pin From Net: NetName=GND Pin=R84_ADC_1-1
Removed Pin From Net: NetName=ADC_IN7_ADC_1 Pin=R84_ADC_1-2
Removed Member From Class: ClassName=ADC_0 Member=R61_ADC_0
Removed Member From Class: ClassName=ADC_1 Member=R61_ADC_1
Removed Member From Class: ClassName=ADC_0 Member=R62_ADC_0
Removed Member From Class: ClassName=ADC_1 Member=R62_ADC_1
Removed Member From Class: ClassName=ADC_0 Member=R63_ADC_0
Removed Member From Class: ClassName=ADC_1 Member=R63_ADC_1
Removed Member From Class: ClassName=ADC_0 Member=R64_ADC_0
Removed Member From Class: ClassName=ADC_1 Member=R64_ADC_1
Removed Member From Class: ClassName=ADC_0 Member=R65_ADC_0
Removed Member From Class: ClassName=ADC_1 Member=R65_ADC_1
Removed Member From Class: ClassName=ADC_0 Member=R66_ADC_0
Removed Member From Class: ClassName=ADC_1 Member=R66_ADC_1
Removed Member From Class: ClassName=ADC_0 Member=R67_ADC_0
Removed Member From Class: ClassName=ADC_1 Member=R67_ADC_1
Removed Member From Class: ClassName=ADC_0 Member=R68_ADC_0
Removed Member From Class: ClassName=ADC_1 Member=R68_ADC_1
Removed Member From Class: ClassName=ADC_0 Member=R69_ADC_0
Removed Member From Class: ClassName=ADC_1 Member=R69_ADC_1
Removed Member From Class: ClassName=ADC_0 Member=R70_ADC_0
Removed Member From Class: ClassName=ADC_1 Member=R70_ADC_1
Removed Member From Class: ClassName=ADC_0 Member=R71_ADC_0
Removed Member From Class: ClassName=ADC_1 Member=R71_ADC_1
Removed Member From Class: ClassName=ADC_0 Member=R72_ADC_0
Removed Member From Class: ClassName=ADC_1 Member=R72_ADC_1
Removed Member From Class: ClassName=ADC_0 Member=R73_ADC_0
Removed Member From Class: ClassName=ADC_1 Member=R73_ADC_1
Removed Member From Class: ClassName=ADC_0 Member=R74_ADC_0
Removed Member From Class: ClassName=ADC_1 Member=R74_ADC_1
Removed Member From Class: ClassName=ADC_0 Member=R75_ADC_0
Removed Member From Class: ClassName=ADC_1 Member=R75_ADC_1
Removed Member From Class: ClassName=ADC_0 Member=R76_ADC_0
Removed Member From Class: ClassName=ADC_1 Member=R76_ADC_1
Removed Member From Class: ClassName=ADC_0 Member=R77_ADC_0
Removed Member From Class: ClassName=ADC_1 Member=R77_ADC_1
Removed Member From Class: ClassName=ADC_0 Member=R78_ADC_0
Removed Member From Class: ClassName=ADC_1 Member=R78_ADC_1
Removed Member From Class: ClassName=ADC_0 Member=R79_ADC_0
Removed Member From Class: ClassName=ADC_1 Member=R79_ADC_1
Removed Member From Class: ClassName=ADC_0 Member=R80_ADC_0
Removed Member From Class: ClassName=ADC_1 Member=R80_ADC_1
Removed Member From Class: ClassName=ADC_0 Member=R81_ADC_0
Removed Member From Class: ClassName=ADC_1 Member=R81_ADC_1
Removed Member From Class: ClassName=ADC_0 Member=R82_ADC_0
Removed Member From Class: ClassName=ADC_1 Member=R82_ADC_1
Removed Member From Class: ClassName=ADC_0 Member=R83_ADC_0
Removed Member From Class: ClassName=ADC_1 Member=R83_ADC_1
Removed Member From Class: ClassName=ADC_0 Member=R84_ADC_0
Removed Member From Class: ClassName=ADC_1 Member=R84_ADC_1
