Removed Pin From Net: NetName=GND Pin=C15-1
Removed Pin From Net: NetName=GND Pin=U9-2
Change Component Footprint: Designator=C15 Old Footprint=CAPC2013X145X50ML20T25 New Footprint=FP-GRM188-0_1-e0_2_0_55-IPC_A
Change Component Footprint: Designator=U9 Old Footprint=FP-SOT89-MFG New Footprint=SOT-223_N
Change Component Comment : Designator=U9 Old Comment=AP7381-50Y-13 New Comment=LD1117S50CTR
Change Component Comment : Designator=C15 Old Comment=C0805C225K9PACTU New Comment=GRM188R60J106ME47D
Change Managed Component Library Link : Designator=C15 Old VaultGUID=B7D15EC3-160A-466F-A46C-7801FE6295A7 New VaultGUID=B7D15EC3-160A-466F-A46C-7801FE6295A7 Old ItemGUID=11516D15-BAE8-4AE7-87F9-B798F6F7954C New ItemGUID=3F1FDB09-9931-43B7-B80F-88673FF926CD Old RevisionGUID=D5FBF4A4-911A-424C-9E8E-9A1E0B0898DE New RevisionGUID=937773BC-2271-489F-837A-E58975DBF117
Change Managed Component Library Link : Designator=U9 Old VaultGUID=B7D15EC3-160A-466F-A46C-7801FE6295A7 New VaultGUID=B7D15EC3-160A-466F-A46C-7801FE6295A7 Old ItemGUID=A9BDB119-1EC4-4240-8FAC-5574679F898E New ItemGUID=2257201C-B7DA-4935-9A6B-3BA42698371B Old RevisionGUID=356ED3C1-BF19-4934-B251-614E9DF7EDD8 New RevisionGUID=107852FB-C660-4135-88B5-07C89B1BB599
Change component parameters: Designator = "C15" ("C15"); Footprint = "CAPC2013X145X50ML20T25"; UniqueID = "\KVYYMWRI\TCYISWDK" ("\KVYYMWRI\TCYISWDK")
Change component parameters (AddParameter): Name = "Capacitance"; Value = "10uF"; VariantName = "[No Variations]"
Change component parameters (AddParameter): Name = "Case Code (Imperial)"; Value = "0603"; VariantName = "[No Variations]"
Change component parameters (AddParameter): Name = "Case Code (Metric)"; Value = "1608"; VariantName = "[No Variations]"
Change component parameters (AddParameter): Name = "Case/Package"; Value = "0603"; VariantName = "[No Variations]"
Change component parameters (AddParameter): Name = "Depth"; Value = "0.8mm"; VariantName = "[No Variations]"
Change component parameters (AddParameter): Name = "Dielectric"; Value = "X5R"; VariantName = "[No Variations]"
Change component parameters (AddParameter): Name = "Height"; Value = "0.8mm"; VariantName = "[No Variations]"
Change component parameters (AddParameter): Name = "Lead Free"; Value = "Lead Free"; VariantName = "[No Variations]"
Change component parameters (AddParameter): Name = "Length"; Value = "1.6mm"; VariantName = "[No Variations]"
Change component parameters (AddParameter): Name = "Material"; Value = "Ceramic"; VariantName = "[No Variations]"
Change component parameters (AddParameter): Name = "Max Operating Temperature"; Value = "85°C"; VariantName = "[No Variations]"
Change component parameters (AddParameter): Name = "Min Operating Temperature"; Value = "-55°C"; VariantName = "[No Variations]"
Change component parameters (AddParameter): Name = "Mount"; Value = "Surface Mount"; VariantName = "[No Variations]"
Change component parameters (AddParameter): Name = "Package Quantity"; Value = "4000"; VariantName = "[No Variations]"
Change component parameters (AddParameter): Name = "Packaging"; Value = "Tape and Reel"; VariantName = "[No Variations]"
Change component parameters (AddParameter): Name = "Radiation Hardening"; Value = "No"; VariantName = "[No Variations]"
Change component parameters (AddParameter): Name = "REACH SVHC"; Value = "No SVHC"; VariantName = "[No Variations]"
Change component parameters (AddParameter): Name = "Termination"; Value = "SMD/SMT"; VariantName = "[No Variations]"
Change component parameters (AddParameter): Name = "Thickness"; Value = "0.035inch"; VariantName = "[No Variations]"
Change component parameters (AddParameter): Name = "Tolerance"; Value = "20%"; VariantName = "[No Variations]"
Change component parameters (AddParameter): Name = "Voltage"; Value = "6.3V"; VariantName = "[No Variations]"
Change component parameters (AddParameter): Name = "Voltage Rating"; Value = "6.3V"; VariantName = "[No Variations]"
Change component parameters (AddParameter): Name = "Voltage Rating (DC)"; Value = "6.3V"; VariantName = "[No Variations]"
Change component parameters (AddParameter): Name = "Width"; Value = "0.031inch"; VariantName = "[No Variations]"
Change component parameters: Designator = "U9" ("U9"); Footprint = "FP-SOT89-MFG"; UniqueID = "\KVYYMWRI\USSKNHPQ" ("\KVYYMWRI\USSKNHPQ")
Change component parameters (AddParameter): Name = "ComponentLink1Description"; Value = "Manufacturer URL"; VariantName = "[No Variations]"
Change component parameters (AddParameter): Name = "ComponentLink1URL"; Value = "http://www.st.com"; VariantName = "[No Variations]"
Change component parameters (AddParameter): Name = "ComponentLink2Description"; Value = "Datasheet"; VariantName = "[No Variations]"
Change component parameters (AddParameter): Name = "ComponentLink2URL"; Value = "http://www.st.com/internet/com/TECHNICAL_RESOURCES/TECHNICAL_LITERATURE/DATASHEET/CD00000544.pdf"; VariantName = "[No Variations]"
Change component parameters (AddParameter): Name = "DatasheetVersion"; Value = "1/11/2011"; VariantName = "[No Variations]"
Change component parameters (AddParameter): Name = "PackageDescription"; Value = "4-Pin SOT-223 Package, 6.5 x 3.5 mm Body, 2.3 mm Pitch, 7 mm Lead Span"; VariantName = "[No Variations]"
Change component parameters (AddParameter): Name = "PackageReference"; Value = "SOT-223"; VariantName = "[No Variations]"
Change component parameters (AddParameter): Name = "PackageVersion"; Value = "2010"; VariantName = "[No Variations]"
Added Pin To Net: NetName=GND Pin=C15-2
Added Pin To Net: NetName=GND Pin=U9-1
Added Pin To Net: NetName=NetC15_1 Pin=C15-1
Added Pin To Net: NetName=NetC15_1 Pin=U9-2
Added Pin To Net: NetName=NetC15_1 Pin=U9-4
Added Net: Name=NetC15_1
Add Net: Net with name "NetC?_1" already exists
Add Net: Net with name "NetC?_1" already exists
Add Net: Net with name "NetC?_2" already exists
Add Net: Net with name "NetC?_2" already exists
Add Net: Net with name "NetC?_2" already exists
Add Net: Net with name "NetC?_2" already exists
Add Net: Net with name "NetC?_2" already exists
Add Net: Net with name "NetR?_1" already exists
Add Net: Net with name "NetR?_2" already exists
Added Member To Class: ClassName=AMP_REG_0 Member=Component C? CGA9P3X7S2A156M250KB
Added Member To Class: ClassName=AMP_REG_0 Member=Component C? EEE-FK1E330P
Added Member To Class: ClassName=AMP_REG_0 Member=Component C? CGA9P3X7S2A156M250KB
Added Member To Class: ClassName=AMP_REG_0 Member=Component C? CGA9P3X7S2A156M250KB
Added Member To Class: ClassName=AMP_REG_0 Member=Component C? CGA9P3X7S2A156M250KB
Added Member To Class: ClassName=AMP_REG_0 Member=Component C? C5750X7R2A335K230KA
Added Member To Class: ClassName=AMP_REG_0 Member=Component C? C5750X7R2A335K230KA
Added Member To Class: ClassName=AMP_REG_0 Member=Component C? C5750X7R2A335K230KA
Added Member To Class: ClassName=AMP_REG_0 Member=Component C? 470n
Added Member To Class: ClassName=AMP_REG_0 Member=Component C? CGA9P3X7S2A156M250KB
Added Member To Class: ClassName=AMP_REG_0 Member=Component C? CGA9P3X7S2A156M250KB
Added Member To Class: ClassName=AMP_REG_0 Member=Component C? 100p
Added Member To Class: ClassName=AMP_REG_0 Member=Component C? CGA9P3X7S2A156M250KB
Added Member To Class: ClassName=AMP_REG_0 Member=Component C? C5750X7R2A335K230KA
Added Member To Class: ClassName=AMP_REG_0 Member=Component C? CGA9P3X7S2A156M250KB
Added Member To Class: ClassName=AMP_REG_0 Member=Component C? C5750X7R2A335K230KA
Added Member To Class: ClassName=AMP_REG_0 Member=Component C? CGA9P3X7S2A156M250KB
Added Member To Class: ClassName=AMP_REG_0 Member=Component C? EEE-FK1E330P
Added Member To Class: ClassName=AMP_REG_0 Member=Component C? MAL215099913E3
Added Member To Class: ClassName=AMP_REG_0 Member=Component C? MAL215099913E3
Added Member To Class: ClassName=AMP_REG_0 Member=Component C? CGA9P3X7S2A156M250KB
Added Member To Class: ClassName=AMP_REG_0 Member=Component C? CGA9P3X7S2A156M250KB
Added Member To Class: ClassName=AMP_REG_0 Member=Component C? C5750X7R2A335K230KA
Added Member To Class: ClassName=AMP_REG_0 Member=Component C? MAL215099913E3
Added Member To Class: ClassName=AMP_REG_0 Member=Component C? CGA9P3X7S2A156M250KB
Added Member To Class: ClassName=AMP_REG_0 Member=Component C? C5750X7R2A335K230KA
Added Member To Class: ClassName=AMP_REG_0 Member=Component Q? IPB027N10N3GATMA1
Added Member To Class: ClassName=AMP_REG_0 Member=Component R? 274k
Added Member To Class: ClassName=AMP_REG_0 Member=Component R? 178k
Added Member To Class: ClassName=AMP_REG_0 Member=Component R? 0402 JUMPER
Added Member To Class: ClassName=AMP_REG_0 Member=Component R? 8.06k
Added Member To Class: ClassName=AMP_REG_0 Member=Component R? 49.9k
Added Member To Class: ClassName=AMP_REG_0 Member=Component R? 1.5
Added Member To Class: ClassName=AMP_REG_0 Member=Component R? 100
