Removed Pin From Net: NetName=OUT_0 Pin=J1-1
Removed Pin From Net: NetName=OUT_1 Pin=J1-2
Removed Pin From Net: NetName=OUT_2 Pin=J1-3
Removed Pin From Net: NetName=OUT_3 Pin=J1-4
Removed Pin From Net: NetName=OUT_4 Pin=J1-5
Removed Pin From Net: NetName=OUT_5 Pin=J1-6
Removed Pin From Net: NetName=PWR_IN Pin=J1-7
Removed Pin From Net: NetName=PWR_IN Pin=J1-8
Removed Pin From Net: NetName=IN_0 Pin=J1-9
Removed Pin From Net: NetName=IN_1 Pin=J1-10
Removed Pin From Net: NetName=IN_2 Pin=J1-11
Removed Pin From Net: NetName=IN_3 Pin=J1-12
Removed Pin From Net: NetName=OUT_6 Pin=J1-13
Removed Pin From Net: NetName=OUT_7 Pin=J1-14
Removed Pin From Net: NetName=OUT_8 Pin=J1-15
Removed Pin From Net: NetName=OUT_9 Pin=J1-16
Removed Pin From Net: NetName=OUT_10 Pin=J1-17
Removed Pin From Net: NetName=PWR_IN Pin=J1-18
Removed Pin From Net: NetName=PWR_IN Pin=J1-19
Removed Pin From Net: NetName=EXT_IN_0 Pin=J1-20
Removed Pin From Net: NetName=EXT_IN_1 Pin=J1-21
Removed Pin From Net: NetName=IN_4 Pin=J1-22
Removed Pin From Net: NetName=IN_5 Pin=J1-23
Removed Pin From Net: NetName=OUT_11 Pin=J1-24
Removed Pin From Net: NetName=OUT_12 Pin=J1-25
Removed Pin From Net: NetName=OUT_13 Pin=J1-26
Removed Pin From Net: NetName=OUT_14 Pin=J1-27
Removed Pin From Net: NetName=OUT_15 Pin=J1-28
Removed Pin From Net: NetName=PWR_IN Pin=J1-29
Removed Pin From Net: NetName=PWR_IN Pin=J1-30
Removed Pin From Net: NetName=EXT_IN_2 Pin=J1-31
Removed Pin From Net: NetName=EXT_IN_3 Pin=J1-32
Removed Pin From Net: NetName=IN_6 Pin=J1-33
Removed Pin From Net: NetName=CAN_P Pin=J1-34
Removed Pin From Net: NetName=CAN_N Pin=J1-35
Added Pin To Net: NetName=PWR_IN Pin=J1-11
Added Pin To Net: NetName=PWR_IN Pin=J1-12
Added Pin To Net: NetName=PWR_IN Pin=J1-23
Added Pin To Net: NetName=PWR_IN Pin=J1-24
Added Pin To Net: NetName=PWR_IN Pin=J1-34
Added Pin To Net: NetName=PWR_IN Pin=J1-35
