Change Component Designator: Old Designator=C66 New Designator=C63
Change Component Designator: Old Designator=C68 New Designator=C66
Change Component Designator: Old Designator=C69 New Designator=C64
Change Component Designator: Old Designator=C70 New Designator=C65
Change Component Designator: Old Designator=C71 New Designator=C104
Change Component Designator: Old Designator=C72 New Designator=C103
Change Component Designator: Old Designator=C73 New Designator=C105
Change Component Designator: Old Designator=C74 New Designator=C106
Change Component Designator: Old Designator=C75 New Designator=C107
Change Component Designator: Old Designator=C76 New Designator=C108
Change Component Designator: Old Designator=C? New Designator=C52
Change Component Designator: Old Designator=C? New Designator=C53
Change Component Designator: Old Designator=C? New Designator=C54
Change Component Designator: Old Designator=C? New Designator=C55
Change Component Designator: Old Designator=C? New Designator=C56
Change Component Designator: Old Designator=C? New Designator=C57
Change Component Designator: Old Designator=C? New Designator=C58
Change Component Designator: Old Designator=C? New Designator=C59
Change Component Designator: Old Designator=C? New Designator=C60
Change Component Designator: Old Designator=C? New Designator=C61
Change Component Designator: Old Designator=C? New Designator=C62
Change Component Designator: Old Designator=C? New Designator=C68
Change Component Designator: Old Designator=C? New Designator=C69
Change Component Designator: Old Designator=C? New Designator=C70
Change Component Designator: Old Designator=C? New Designator=C71
Change Component Designator: Old Designator=C? New Designator=C72
Change Component Designator: Old Designator=C? New Designator=C73
Change Component Designator: Old Designator=C? New Designator=C74
Change Component Designator: Old Designator=C? New Designator=C75
Change Component Designator: Old Designator=C? New Designator=C76
Change Component Designator: Old Designator=C? New Designator=C102
Change Component Designator: Old Designator=Q9 New Designator=Q6
Change Component Designator: Old Designator=Q10 New Designator=Q9
Change Component Designator: Old Designator=R86 New Designator=R87
Change Component Designator: Old Designator=R87 New Designator=R88
Change Component Designator: Old Designator=R88 New Designator=R90
Change Component Designator: Old Designator=R89 New Designator=R91
Change Component Designator: Old Designator=R90 New Designator=R92
Change Component Designator: Old Designator=R91 New Designator=R93
Change Component Designator: Old Designator=R92 New Designator=R94
Change Component Designator: Old Designator=R93 New Designator=R105
Change Component Designator: Old Designator=R94 New Designator=R106
Change Component Designator: Old Designator=R? New Designator=R86
Change Component Designator: Old Designator=R? New Designator=R89
