Change Component Designator: Old Designator=C103 New Designator=C?
Change Component Designator: Old Designator=C116 New Designator=C?
Change Component Designator: Old Designator=C213 New Designator=C?
Change Component Designator: Old Designator=C214 New Designator=C?
Change Component Designator: Old Designator=D1 New Designator=D?
Change Component Designator: Old Designator=D2 New Designator=D?
Change Component Designator: Old Designator=D3 New Designator=D?
Change Component Designator: Old Designator=D4 New Designator=D?
Change Component Designator: Old Designator=D5 New Designator=D?
Change Component Designator: Old Designator=D6 New Designator=D?
Change Component Designator: Old Designator=D7 New Designator=D?
Change Component Designator: Old Designator=D8 New Designator=D?
Change Component Designator: Old Designator=D9 New Designator=D?
Change Component Designator: Old Designator=D10 New Designator=D?
Change Component Designator: Old Designator=D11 New Designator=D?
Change Component Designator: Old Designator=D12 New Designator=D?
Change Component Designator: Old Designator=D13 New Designator=D?
Change Component Designator: Old Designator=D14 New Designator=D?
Change Component Designator: Old Designator=D15 New Designator=D?
Change Component Designator: Old Designator=D16 New Designator=D?
Change Component Designator: Old Designator=D17 New Designator=D?
Change Component Designator: Old Designator=D18 New Designator=D?
Change Component Designator: Old Designator=D19 New Designator=D?
Change Component Designator: Old Designator=D20 New Designator=D?
Change Component Designator: Old Designator=D21 New Designator=D?
Change Component Designator: Old Designator=J1 New Designator=J?
Change Component Designator: Old Designator=J1 New Designator=J?
Change Component Designator: Old Designator=J1 New Designator=J?
Change Component Designator: Old Designator=J1 New Designator=J?
Change Component Designator: Old Designator=J1 New Designator=J?
Change Component Designator: Old Designator=J1 New Designator=J?
Change Component Designator: Old Designator=J1 New Designator=J?
Change Component Designator: Old Designator=J1 New Designator=J?
Change Component Designator: Old Designator=J17 New Designator=J?
Change Component Designator: Old Designator=MP1 New Designator=MP?
Change Component Designator: Old Designator=MP2 New Designator=MP?
Change Component Designator: Old Designator=Q7 New Designator=Q?
Change Component Designator: Old Designator=Q8 New Designator=Q?
Change Component Designator: Old Designator=Q9 New Designator=Q?
Change Component Designator: Old Designator=Q9 New Designator=Q?
Change Component Designator: Old Designator=Q18 New Designator=Q?
Change Component Designator: Old Designator=Q19 New Designator=Q?
Change Component Designator: Old Designator=Q20 New Designator=Q?
Change Component Designator: Old Designator=Q21 New Designator=Q?
Change Component Designator: Old Designator=Q22 New Designator=Q?
Change Component Designator: Old Designator=R3 New Designator=R?
Change Component Designator: Old Designator=R4 New Designator=R?
Change Component Designator: Old Designator=R5 New Designator=R?
Change Component Designator: Old Designator=R6 New Designator=R?
Change Component Designator: Old Designator=R62 New Designator=R?
Change Component Designator: Old Designator=R63 New Designator=R?
Change Component Designator: Old Designator=R64 New Designator=R?
Change Component Designator: Old Designator=R92 New Designator=R?
Change Component Designator: Old Designator=R118 New Designator=R?
Change Component Designator: Old Designator=R122 New Designator=R?
Change Component Designator: Old Designator=R127 New Designator=R?
Change Component Designator: Old Designator=R128 New Designator=R?
Change Component Designator: Old Designator=R129 New Designator=R?
Change Component Designator: Old Designator=R172 New Designator=R?
Change Component Designator: Old Designator=R173 New Designator=R?
Change Component Designator: Old Designator=R174 New Designator=R?
Change Component Designator: Old Designator=R175 New Designator=R?
Change Component Designator: Old Designator=R176 New Designator=R?
Change Component Designator: Old Designator=R234 New Designator=R?
Change Component Designator: Old Designator=R235 New Designator=R?
Change Component Designator: Old Designator=R264 New Designator=R?
Change Component Designator: Old Designator=R265 New Designator=R?
Change Component Designator: Old Designator=R266 New Designator=R?
Change Component Designator: Old Designator=R267 New Designator=R?
Change Component Designator: Old Designator=R268 New Designator=R?
Change Component Designator: Old Designator=R269 New Designator=R?
Change Component Designator: Old Designator=R270 New Designator=R?
Change Component Designator: Old Designator=R271 New Designator=R?
Change Component Designator: Old Designator=R272 New Designator=R?
Change Component Designator: Old Designator=R273 New Designator=R?
Change Component Designator: Old Designator=R274 New Designator=R?
Change Component Designator: Old Designator=R275 New Designator=R?
Change Component Designator: Old Designator=R276 New Designator=R?
Change Component Designator: Old Designator=R316 New Designator=R?
Change Component Designator: Old Designator=R355 New Designator=R?
Change Component Designator: Old Designator=TP17 New Designator=TP?
Change Component Designator: Old Designator=TP18 New Designator=TP?
Change Component Designator: Old Designator=TP21 New Designator=TP?
Change Component Designator: Old Designator=TP88 New Designator=TP?
Change Component Designator: Old Designator=TP89 New Designator=TP?
Change Component Designator: Old Designator=U11 New Designator=U?
Change Component Designator: Old Designator=U12 New Designator=U?
Change Component Designator: Old Designator=U24 New Designator=U?
