Removed Pin From Net: NetName=GND Pin=C44-2
Removed Pin From Net: NetName=GND Pin=C45-2
Removed Pin From Net: NetName=NetQ11_3 Pin=Q12-3
Removed Pin From Net: NetName=GND Pin=Q12-4
Removed Pin From Net: NetName=5V_MAIN Pin=Q12-5
Removed Pin From Net: NetName=5V_MAIN Pin=Q12-6
Removed Pin From Net: NetName=3V3_MAIN Pin=R126-2
Removed Pin From Net: NetName=TRD0_P Pin=T1-2
Removed Pin From Net: NetName=TRD0_N Pin=T1-3
Removed Pin From Net: NetName=TRD1_P Pin=T1-4
Removed Pin From Net: NetName=TRD1_N Pin=T1-5
Removed Pin From Net: NetName=TRD2_P Pin=T1-6
Removed Pin From Net: NetName=TRD2_N Pin=T1-7
Removed Pin From Net: NetName=TRD3_P Pin=T1-8
Removed Pin From Net: NetName=TRD3_N Pin=T1-9
Removed Pin From Net: NetName=GND Pin=T1-10
Removed Pin From Net: NetName=nETH_Y_LED Pin=T1-11
Removed Pin From Net: NetName=nETH_G_LED Pin=T1-13
Removed Pin From Net: NetName=GND Pin=T1-Shell
Removed Pin From Net: NetName=GND Pin=T1-Shell
Removed Pin From Net: NetName=GND Pin=T1-Shell
Removed Pin From Net: NetName=GND Pin=T1-Shell
Removed Pin From Net: NetName=GND Pin=T1-Shell
Removed Pin From Net: NetName=GND Pin=T1-Shell
Removed Pin From Net: NetName=GND Pin=T1-Shell
Removed Pin From Net: NetName=GND Pin=T1-Shell
Removed Pin From Net: NetName=USB_VBUS_0 Pin=T1-U1
Removed Pin From Net: NetName=USB3_0_D_N Pin=T1-U2
Removed Pin From Net: NetName=USB3_0_D_P Pin=T1-U3
Removed Pin From Net: NetName=GND Pin=T1-U4
Removed Pin From Net: NetName=USB3_0_RX_N Pin=T1-U5
Removed Pin From Net: NetName=USB3_0_RX_P Pin=T1-U6
Removed Pin From Net: NetName=GND Pin=T1-U7
Removed Pin From Net: NetName=USB3_0_TX_N Pin=T1-U8
Removed Pin From Net: NetName=USB3_0_TX_P Pin=T1-U9
Removed Pin From Net: NetName=USB3_1_D_N Pin=T1-U11
Removed Pin From Net: NetName=USB3_1_D_P Pin=T1-U12
Removed Pin From Net: NetName=GND Pin=T1-U13
Removed Pin From Net: NetName=USB3_1_RX_N Pin=T1-U14
Removed Pin From Net: NetName=USB3_1_RX_P Pin=T1-U15
Removed Pin From Net: NetName=GND Pin=T1-U16
Removed Pin From Net: NetName=USB3_1_TX_N Pin=T1-U17
Removed Pin From Net: NetName=USB3_1_TX_P Pin=T1-U18
Removed Member From Class: ClassName=HU_revB Member=C44
Removed Member From Class: ClassName=HU_revB Member=C45
Removed Member From Class: ClassName=HU_revB Member=Q12
Removed Member From Class: ClassName=HU_revB Member=R126
Removed Member From Class: ClassName=HU_revB Member=T1
Added Component: Designator=C1(FP-0402-L_1_0_0_05-W_0_5-IPC_A)
Add component (AddParameter): Name = "Capacitor Type"; Value = "Ceramic"; VariantName = "[No Variations]"
Add component (AddParameter): Name = "Case/Package"; Value = "0402"; VariantName = "[No Variations]"
Add component (AddParameter): Name = "Max Operating Temperature"; Value = "85°C"; VariantName = "[No Variations]"
Add component (AddParameter): Name = "Min Operating Temperature"; Value = "-55°C"; VariantName = "[No Variations]"
Add component (AddParameter): Name = "Mounting Technology"; Value = "Surface Mount"; VariantName = "[No Variations]"
Add component (AddParameter): Name = "Pins"; Value = "2"; VariantName = "[No Variations]"
Add component (AddParameter): Name = "RoHS Compliant"; Value = "Yes"; VariantName = "[No Variations]"
Add component (AddParameter): Name = "Tolerance"; Value = ""; VariantName = "[No Variations]"
Add component (AddParameter): Name = "Value"; Value = ""; VariantName = "[No Variations]"
Add component (AddParameter): Name = "Voltage Rating"; Value = ""; VariantName = "[No Variations]"
Added Component: Designator=J6(ARJ-196-Footprint-1)
Add component (AddParameter): Name = "Case/Package"; Value = ""; VariantName = "[No Variations]"
Add component (AddParameter): Name = "Connector Type"; Value = "RJ45, USB"; VariantName = "[No Variations]"
Add component (AddParameter): Name = "Gender"; Value = ""; VariantName = "[No Variations]"
Add component (AddParameter): Name = "Max Operating Temperature"; Value = "85°C"; VariantName = "[No Variations]"
Add component (AddParameter): Name = "Min Operating Temperature"; Value = "-40°C"; VariantName = "[No Variations]"
Add component (AddParameter): Name = "Mounting Technology"; Value = "Through Hole"; VariantName = "[No Variations]"
Add component (AddParameter): Name = "Pins"; Value = ""; VariantName = "[No Variations]"
Add component (AddParameter): Name = "RoHS Compliant"; Value = ""; VariantName = "[No Variations]"
Added Pin To Net: NetName=GND Pin=C1-2
Added Pin To Net: NetName=TRD2_N Pin=J6-2
Added Pin To Net: NetName=TRD2_P Pin=J6-3
Added Pin To Net: NetName=TRD1_P Pin=J6-4
Added Pin To Net: NetName=TRD1_N Pin=J6-5
Added Pin To Net: NetName=TRD3_P Pin=J6-8
Added Pin To Net: NetName=TRD3_N Pin=J6-9
Added Pin To Net: NetName=TRD0_N Pin=J6-10
Added Pin To Net: NetName=TRD0_P Pin=J6-11
Added Pin To Net: NetName=nETH_Y_LED Pin=J6-13
Added Pin To Net: NetName=nETH_G_LED Pin=J6-15
Added Pin To Net: NetName=GND Pin=J6-MH1
Added Pin To Net: NetName=GND Pin=J6-MH2
Added Pin To Net: NetName=GND Pin=J6-MH3
Added Pin To Net: NetName=GND Pin=J6-MH4
Added Pin To Net: NetName=USB_VBUS_0 Pin=J6-U1
Added Pin To Net: NetName=USB3_0_D_N Pin=J6-U2
Added Pin To Net: NetName=USB3_0_D_P Pin=J6-U3
Added Pin To Net: NetName=GND Pin=J6-U4
Add Pin To Net: Unknown Pin: Pin MH1-2
Add Pin To Net: Unknown Pin: Pin MH1-3
Add Pin To Net: Unknown Pin: Pin MH1-4
Add Pin To Net: Unknown Pin: Pin MH1-5
Add Pin To Net: Unknown Pin: Pin MH1-6
Add Pin To Net: Unknown Pin: Pin MH1-7
Add Pin To Net: Unknown Pin: Pin MH2-2
Add Pin To Net: Unknown Pin: Pin MH2-3
Add Pin To Net: Unknown Pin: Pin MH2-4
Add Pin To Net: Unknown Pin: Pin MH2-5
Add Pin To Net: Unknown Pin: Pin MH2-6
Add Pin To Net: Unknown Pin: Pin MH2-7
Add Pin To Net: Unknown Pin: Pin MH3-2
Add Pin To Net: Unknown Pin: Pin MH3-3
Add Pin To Net: Unknown Pin: Pin MH3-4
Add Pin To Net: Unknown Pin: Pin MH3-5
Add Pin To Net: Unknown Pin: Pin MH3-6
Add Pin To Net: Unknown Pin: Pin MH3-7
Add Pin To Net: Unknown Pin: Pin MH4-2
Add Pin To Net: Unknown Pin: Pin MH4-3
Add Pin To Net: Unknown Pin: Pin MH4-4
Add Pin To Net: Unknown Pin: Pin MH4-5
Add Pin To Net: Unknown Pin: Pin MH4-6
Add Pin To Net: Unknown Pin: Pin MH4-7
Add Pin To Net: Unknown Pin: Pin MH5-2
Add Pin To Net: Unknown Pin: Pin MH5-3
Add Pin To Net: Unknown Pin: Pin MH5-4
Add Pin To Net: Unknown Pin: Pin MH5-5
Add Pin To Net: Unknown Pin: Pin MH5-6
Add Pin To Net: Unknown Pin: Pin MH5-7
Add Pin To Net: Unknown Pin: Pin MH6-2
Add Pin To Net: Unknown Pin: Pin MH6-3
Add Pin To Net: Unknown Pin: Pin MH6-4
Add Pin To Net: Unknown Pin: Pin MH6-5
Add Pin To Net: Unknown Pin: Pin MH6-6
Add Pin To Net: Unknown Pin: Pin MH6-7
Add Pin To Net: Unknown Pin: Pin MH7-2
Add Pin To Net: Unknown Pin: Pin MH7-3
Add Pin To Net: Unknown Pin: Pin MH7-4
Add Pin To Net: Unknown Pin: Pin MH7-5
Add Pin To Net: Unknown Pin: Pin MH7-6
Add Pin To Net: Unknown Pin: Pin MH7-7
Add Pin To Net: Unknown Pin: Pin MH8-2
Add Pin To Net: Unknown Pin: Pin MH8-3
Add Pin To Net: Unknown Pin: Pin MH8-4
Add Pin To Net: Unknown Pin: Pin MH8-5
Add Pin To Net: Unknown Pin: Pin MH8-6
Add Pin To Net: Unknown Pin: Pin MH8-7
Add Pin To Net: Unknown Pin: Pin MH9-2
Add Pin To Net: Unknown Pin: Pin MH9-3
Add Pin To Net: Unknown Pin: Pin MH9-4
Add Pin To Net: Unknown Pin: Pin MH9-5
Add Pin To Net: Unknown Pin: Pin MH9-6
Add Pin To Net: Unknown Pin: Pin MH9-7
Added Pin To Net: NetName=NetC1_1 Pin=C1-1
Added Pin To Net: NetName=NetC1_1 Pin=J6-1
Added Pin To Net: NetName=NetC1_1 Pin=J6-6
Added Pin To Net: NetName=NetC1_1 Pin=J6-7
Added Pin To Net: NetName=NetC1_1 Pin=J6-12
Added Net: Name=NetC1_1
Added Pin To Net: NetName=NetJ6_14 Pin=J6-14
Added Pin To Net: NetName=NetJ6_14 Pin=R9-2
Added Net: Name=NetJ6_14
Added Pin To Net: NetName=NetJ6_16 Pin=J6-16
Added Pin To Net: NetName=NetJ6_16 Pin=R8-2
Added Net: Name=NetJ6_16
Added Member To Class: ClassName=HU_revB Member=Component C1 100n
Added Member To Class: ClassName=HU_revB Member=Component J6 ARJ-196
