Removed Member From Class: ClassName=MCP2515 Member=Y?
Added Pin To Net: NetName=FL_N Pin=J1-8
Added Net: Name=FL_N
Added Pin To Net: NetName=FL_P Pin=J1-7
Added Net: Name=FL_P
Added Pin To Net: NetName=FR_N Pin=J1-6
Added Net: Name=FR_N
Added Pin To Net: NetName=FR_P Pin=J1-5
Added Net: Name=FR_P
Add Net: Net with name "NetC?_1" already exists
Add Net: Net with name "NetC?_1" already exists
Add Net: Net with name "NetC?_1" already exists
Add Net: Net with name "NetC?_1" already exists
Add Net: Net with name "NetC?_1" already exists
Add Net: Net with name "NetC?_2" already exists
Add Net: Net with name "NetC?_2" already exists
Add Net: Net with name "NetC?_2" already exists
Add Net: Net with name "NetF?_2" already exists
Add Net: Net with name "NetF?_2" already exists
Add Net: Net with name "NetF?_2" already exists
Add Net: Net with name "NetF?_2" already exists
Add Net: Net with name "NetF?_2" already exists
Add Net: Net with name "NetQ?_1" already exists
Add Net: Net with name "NetQ?_1" already exists
Add Net: Net with name "NetR?_1" already exists
Add Net: Net with name "NetR?_1" already exists
Add Net: Net with name "NetR?_1" already exists
Add Net: Net with name "NetR?_1" already exists
Add Net: Net with name "NetR?_1" already exists
Add Net: Net with name "NetR?_2" already exists
Add Net: Net with name "NetR?_2" already exists
Add Net: Net with name "NetR?_2" already exists
Add Net: Net with name "NetR?_2" already exists
Add Net: Net with name "NetR?_2" already exists
Add Net: Net with name "NetR?_2" already exists
Add Net: Net with name "NetR?_2" already exists
Add Net: Net with name "NetR?_2" already exists
Add Net: Net with name "NetU?_1" already exists
Add Net: Net with name "NetU?_9" already exists
Add Net: Net with name "NetU?_10" already exists
Add Net: Net with name "PWR_MOSFET" already exists
Added Pin To Net: NetName=RL_N Pin=J1-12
Added Net: Name=RL_N
Added Pin To Net: NetName=RL_P Pin=J1-11
Added Net: Name=RL_P
Added Pin To Net: NetName=RR_N Pin=J1-10
Added Net: Name=RR_N
Added Pin To Net: NetName=RR_P Pin=J1-9
Added Net: Name=RR_P
Add Net: Net with name "VBUS_EN" already exists
Change Class Name : Old Net Name=ADC_0 New Net Name=USB2_HUB_0
Change Class Name : Old Net Name=MCP2515 New Net Name=5V_0
Change Class Name : Old Net Name=USB New Net Name=NVME_0
Added Class: Name=ADC_0
Added Class: Name=MCP2515
Added Class: Name=USB
Added Member To Class: ClassName=USB2_HUB_0 Member=Component C? 22p
Added Member To Class: ClassName=USB2_HUB_0 Member=Component C? 22p
Added Member To Class: ClassName=USB2_HUB_0 Member=Component C? 22p
Added Member To Class: ClassName=USB2_HUB_0 Member=Component C? 22p
Added Member To Class: ClassName=USB2_HUB_0 Member=Component C? 100n
Added Member To Class: ClassName=USB2_HUB_0 Member=Component C? 22p
Added Member To Class: ClassName=USB2_HUB_0 Member=Component C? 22p
Added Member To Class: ClassName=USB2_HUB_0 Member=Component C? 30p
Added Member To Class: ClassName=USB2_HUB_0 Member=Component C? 22p
Added Member To Class: ClassName=USB2_HUB_0 Member=Component C? 10u
Added Member To Class: ClassName=USB2_HUB_0 Member=Component C? 10u
Added Member To Class: ClassName=USB2_HUB_0 Member=Component C? 22p
Added Member To Class: ClassName=USB2_HUB_0 Member=Component C? 100n
Added Member To Class: ClassName=5V_0 Member=Component C? 10n
Added Member To Class: ClassName=5V_0 Member=Component C? 20SVP33M
Added Member To Class: ClassName=5V_0 Member=Component C? EEE-1AA101WR
Added Member To Class: ClassName=5V_0 Member=Component C? EEE-1AA101WR
Added Member To Class: ClassName=5V_0 Member=Component C? 20SVP33M
Added Member To Class: ClassName=5V_0 Member=Component C? EEE-1AA101WR
Added Member To Class: ClassName=5V_0 Member=Component C? 20SVP33M
Added Member To Class: ClassName=5V_0 Member=Component C? EEE-1AA101WR
Added Member To Class: ClassName=SD Member=Component C? 100n
Added Member To Class: ClassName=NVME_0 Member=Component C? 100n
Added Member To Class: ClassName=NVME_0 Member=Component C? 100n
Added Member To Class: ClassName=NVME_0 Member=Component C? 100n
Added Member To Class: ClassName=NVME_0 Member=Component C? 100n
Added Member To Class: ClassName=NVME_0 Member=Component C? 10u
Added Member To Class: ClassName=NVME_0 Member=Component C? 100n
Added Member To Class: ClassName=NVME_0 Member=Component C? 100n
Added Member To Class: ClassName=NVME_0 Member=Component C? 10u
Added Member To Class: ClassName=NVME_0 Member=Component C? 100n
Added Member To Class: ClassName=5V_0 Member=Component D? B540C-13-F
Added Member To Class: ClassName=NVME_0 Member=Component D? 150066RG54050
Added Member To Class: ClassName=GMSL_DESERIALIZER_0 Member=Component F? .25
Added Member To Class: ClassName=GMSL_DESERIALIZER_0 Member=Component F? .25
Added Member To Class: ClassName=GMSL_DESERIALIZER_0 Member=Component F? .25
Added Member To Class: ClassName=HU_revB Member=Component F? 1.5
Added Member To Class: ClassName=HU_revB Member=Component F? 2.5
Added Member To Class: ClassName=HU_revB Member=Component F? 2.5
Added Member To Class: ClassName=DISP_0 Member=Component J?_DISP_0 (J?) 208658-1052
Added Member To Class: ClassName=DISP_1 Member=Component J?_DISP_1 (J?) 208658-1052
Added Member To Class: ClassName=RPI_0 Member=Component J? 10164227-1001A1RLF
Added Member To Class: ClassName=NVME_0 Member=Component J? 1-2199230-6
Added Member To Class: ClassName=NVME_0 Member=Component J? 1-2199230-6
Added Member To Class: ClassName=NVME_0 Member=Component J? 1-2199230-6
Added Member To Class: ClassName=5V_0 Member=Component L? 74477110
Added Member To Class: ClassName=NVME_0 Member=Component MP? 9774025243R
Added Member To Class: ClassName=PWR_SW_0 Member=Component Q? SISH615ADN-T1-GE3
Added Member To Class: ClassName=PWR_SW_0 Member=Component Q? SISH615ADN-T1-GE3
Added Member To Class: ClassName=USB2_HUB_0 Member=Component R? 33
Added Member To Class: ClassName=USB2_HUB_0 Member=Component R? 0402 JUMPER
Added Member To Class: ClassName=USB2_HUB_0 Member=Component R? 33
Added Member To Class: ClassName=USB2_HUB_0 Member=Component R? 33
Added Member To Class: ClassName=USB2_HUB_0 Member=Component R? 33
Added Member To Class: ClassName=USB2_HUB_0 Member=Component R? 33
Added Member To Class: ClassName=USB2_HUB_0 Member=Component R? 33
Added Member To Class: ClassName=USB2_HUB_0 Member=Component R? 33
Added Member To Class: ClassName=USB2_HUB_0 Member=Component R? 0402 JUMPER
Added Member To Class: ClassName=USB2_HUB_0 Member=Component R? 0402 JUMPER
Added Member To Class: ClassName=USB2_HUB_0 Member=Component R? 0402 JUMPER
Added Member To Class: ClassName=USB2_HUB_0 Member=Component R? 33
Added Member To Class: ClassName=USB2_HUB_0 Member=Component R? 0402 JUMPER
Added Member To Class: ClassName=5V_0 Member=Component R? 1k
Added Member To Class: ClassName=5V_0 Member=Component R? 1k
Added Member To Class: ClassName=5V_0 Member=Component R? 100k
Added Member To Class: ClassName=5V_0 Member=Component R? ERT-J1VR103J
Added Member To Class: ClassName=5V_0 Member=Component R? 100k
Added Member To Class: ClassName=5V_0 Member=Component R? 1k
Added Member To Class: ClassName=5V_0 Member=Component R? 10k
Added Member To Class: ClassName=PWR_MGMT Member=Component R? 100k
Added Member To Class: ClassName=PWR_SW_0 Member=Component R? 100k
Added Member To Class: ClassName=PWR_SW_0 Member=Component R? 1k
Added Member To Class: ClassName=PWR_SW_0 Member=Component R? 100k
Added Member To Class: ClassName=PWR_SW_0 Member=Component R? 100k
Added Member To Class: ClassName=PWR_SW_0 Member=Component R? 1k
Added Member To Class: ClassName=NVME_0 Member=Component R? 0402 JUMPER
Added Member To Class: ClassName=NVME_0 Member=Component R? 0402 JUMPER
Added Member To Class: ClassName=NVME_0 Member=Component R? 0402 JUMPER
Added Member To Class: ClassName=NVME_0 Member=Component R? 100k
Added Member To Class: ClassName=NVME_0 Member=Component R? 0402 JUMPER
Added Member To Class: ClassName=NVME_0 Member=Component R? 0402 JUMPER
Added Member To Class: ClassName=NVME_0 Member=Component R? 1k
Added Member To Class: ClassName=NVME_0 Member=Component R? 0402 JUMPER
Added Member To Class: ClassName=NVME_0 Member=Component R? 1k
Added Member To Class: ClassName=NVME_0 Member=Component R? 0402 JUMPER
Added Member To Class: ClassName=NVME_0 Member=Component R? 330
Added Member To Class: ClassName=NVME_0 Member=Component R? 0402 JUMPER
Added Member To Class: ClassName=NVME_0 Member=Component R? 100k
Added Member To Class: ClassName=NVME_0 Member=Component TP? TPAD6R
Added Member To Class: ClassName=NVME_0 Member=Component TP? TPAD6R
Added Member To Class: ClassName=NVME_0 Member=Component TP? TPAD6R
Added Member To Class: ClassName=5V_0 Member=Component U? LM2678S-5.0
Added Member To Class: ClassName=USB2_HUB_0 Member=Component Y? ABMM-6.000MHZ-B2-T
Added Member To Class: ClassName=NVME_0 Member=Component Y? ASDK-32.768KHZ-LRT
