Removed Pin From Net: NetName=GND Pin=C14-1
Add component: Footprint Not Found FP-0402-L_1_0_0_05-W_0_5-IPC_A
Add component: Footprint Not Found FP-0402-L_1_0_0_05-W_0_5-IPC_A
Add component: Footprint Not Found FP-0402-L_1_0_0_05-W_0_5-IPC_A
Add component: Footprint Not Found FP-0402-L_1_0_0_05-W_0_5-IPC_A
Add component: Footprint Not Found FP-0402-L_1_0_0_05-W_0_5-IPC_A
Add component: Footprint Not Found FP-0402-L_1_0_0_05-W_0_5-IPC_A
Add component: Footprint Not Found FP-0402-L_1_0_0_05-W_0_5-IPC_A
Add component: Footprint Not Found FP-0402-L_1_0_0_05-W_0_5-IPC_A
Add component: Footprint Not Found FP-0402-L_1_0_0_05-W_0_5-IPC_A
Add component: Footprint Not Found FP-0402-L_1_0_0_05-W_0_5-IPC_A
Add component: Footprint Not Found FP-0402-L_1_0_0_05-W_0_5-IPC_A
Add component: Footprint Not Found FP-0402-L_1_0_0_05-W_0_5-IPC_A
Add component: Footprint Not Found FP-0402-L_1_0_0_05-W_0_5-IPC_A
Add component: Footprint Not Found FP-0402-L_1_0_0_05-W_0_5-IPC_A
Add component: Footprint Not Found FP-0402-L_1_0_0_05-W_0_5-IPC_A
Add component: Footprint Not Found FP-0402-L_1_0_0_05-W_0_5-IPC_A
Add component: Footprint Not Found FP-0402-L_1_0_0_05-W_0_5-IPC_A
Add component: Footprint Not Found FP-0402-L_1_0_0_05-W_0_5-IPC_A
Add component: Footprint Not Found FP-0402-L_1_0_0_05-W_0_5-IPC_A
Add component: Footprint Not Found FP-0402-L_1_0_0_05-W_0_5-IPC_A
Add component: Footprint Not Found FP-0402-L_1_0_0_05-W_0_5-IPC_A
Add component: Footprint Not Found FP-0402-L_1_0_0_05-W_0_5-IPC_A
Add component: Footprint Not Found FP-0402-L_1_0_0_05-W_0_5-IPC_A
Add component: Footprint Not Found FP-0402-L_1_0_0_05-W_0_5-IPC_A
Add component: Footprint Not Found FP-0402-L_1_0_0_05-W_0_5-IPC_A
Add component: Footprint Not Found FP-0402-L_1_0_0_05-W_0_5-IPC_A
Add component: Footprint Not Found FP-0402-L_1_0_0_05-W_0_5-IPC_A
Add component: Footprint Not Found FP-0402-L_1_0_0_05-W_0_5-IPC_A
Add component: Footprint Not Found FP-0402-L_1_0_0_05-W_0_5-IPC_A
Add component: Footprint Not Found FP-0402-L_1_0_0_05-W_0_5-IPC_A
Add component: Footprint Not Found FP-0402-L_1_0_0_05-W_0_5-IPC_A
Add component: Footprint Not Found FP-0402-L_1_0_0_05-W_0_5-IPC_A
Add component: Footprint Not Found FP-0402-L_1_0_0_05-W_0_5-IPC_A
Add component: Footprint Not Found FP-0402-L_1_0_0_05-W_0_5-IPC_A
Add component: Footprint Not Found FP-0402-L_1_0_0_05-W_0_5-IPC_A
Add component: Footprint Not Found FP-0402-L_1_0_0_05-W_0_5-IPC_A
Add component: Footprint Not Found FP-0402-L_1_0_0_05-W_0_5-IPC_A
Add component: Footprint Not Found FP-0402-L_1_0_0_05-W_0_5-IPC_A
Add component: Footprint Not Found FP-0402-L_1_0_0_05-W_0_5-IPC_A
Add component: Footprint Not Found FP-0402-L_1_0_0_05-W_0_5-IPC_A
Add component: Footprint Not Found FP-0402-L_1_0_0_05-W_0_5-IPC_A
Add component: Footprint Not Found FP-0402-L_1_0_0_05-W_0_5-IPC_A
Add component: Footprint Not Found FP-0402-L_1_0_0_05-W_0_5-IPC_A
Add component: Footprint Not Found FP-0402-L_1_0_0_05-W_0_5-IPC_A
Add component: Footprint Not Found FP-0402-L_1_0_0_05-W_0_5-IPC_A
Add component: Footprint Not Found FP-0402-L_1_0_0_05-W_0_5-IPC_A
Add component: Footprint Not Found FP-0402-L_1_0_0_05-W_0_5-IPC_A
Add component: Footprint Not Found FP-0402-L_1_0_0_05-W_0_5-IPC_A
Add component: Footprint Not Found FP-0402-L_1_0_0_05-W_0_5-IPC_A
Add component: Footprint Not Found FP-0402-L_1_0_0_05-W_0_5-IPC_A
Add component: Footprint Not Found FP-0402-L_1_0_0_05-W_0_5-IPC_A
Add component: Footprint Not Found FP-0402-L_1_0_0_05-W_0_5-IPC_A
Add component: Footprint Not Found FP-0402-L_1_0_0_05-W_0_5-IPC_A
Add component: Footprint Not Found FP-0402-L_1_0_0_05-W_0_5-IPC_A
Add component: Footprint Not Found FP-0402-L_1_0_0_05-W_0_5-IPC_A
Add component: Footprint Not Found FP-0402-L_1_0_0_05-W_0_5-IPC_A
Add component: Footprint Not Found FP-0402-L_1_0_0_05-W_0_5-IPC_A
Add component: Footprint Not Found FP-0402-L_1_0_0_05-W_0_5-IPC_A
Add component: Footprint Not Found FP-0402-L_1_0_0_05-W_0_5-IPC_A
Add component: Footprint Not Found FP-0402-L_1_0_0_05-W_0_5-IPC_A
Add component: Footprint Not Found FP-0402-L_1_0_0_05-W_0_5-IPC_A
Add component: Footprint Not Found FP-0402-L_1_0_0_05-W_0_5-IPC_A
Add component: Footprint Not Found FP-0402-L_1_0_0_05-W_0_5-IPC_A
Add component: Footprint Not Found FP-0402-L_1_0_0_05-W_0_5-IPC_A
Add component: Footprint Not Found FP-0402-L_1_0_0_05-W_0_5-IPC_A
Add component: Footprint Not Found FP-0402-L_1_0_0_05-W_0_5-IPC_A
Add component: Footprint Not Found FP-0402-L_1_0_0_05-W_0_5-IPC_A
Add component: Footprint Not Found FP-0402-L_1_0_0_05-W_0_5-IPC_A
Add component: Footprint Not Found FP-0402-L_1_0_0_05-W_0_5-IPC_A
Add component: Footprint Not Found FP-0402-L_1_0_0_05-W_0_5-IPC_A
Add component: Footprint Not Found FP-0402-L_1_0_0_05-W_0_5-IPC_A
Add component: Footprint Not Found FP-0402-L_1_0_0_05-W_0_5-IPC_A
Add component: Footprint Not Found FP-0402-L_1_0_0_05-W_0_5-IPC_A
Add component: Footprint Not Found FP-0402-L_1_0_0_05-W_0_5-IPC_A
Add component: Footprint Not Found FP-0402-L_1_0_0_05-W_0_5-IPC_A
Add component: Footprint Not Found FP-0402-L_1_0_0_05-W_0_5-IPC_A
Add component: Footprint Not Found FP-0402-L_1_0_0_05-W_0_5-IPC_A
Add component: Footprint Not Found FP-0402-L_1_0_0_05-W_0_5-IPC_A
Add component: Footprint Not Found FP-0402-L_1_0_0_05-W_0_5-IPC_A
Add component: Footprint Not Found FP-0402-L_1_0_0_05-W_0_5-IPC_A
Add component: Footprint Not Found FP-0402-L_1_0_0_05-W_0_5-IPC_A
Add component: Footprint Not Found FP-0402-L_1_0_0_05-W_0_5-IPC_A
Add component: Footprint Not Found FP-0402-L_1_0_0_05-W_0_5-IPC_A
Add component: Footprint Not Found FP-0402-L_1_0_0_05-W_0_5-IPC_A
Add component: Footprint Not Found FP-0402-L_1_0_0_05-W_0_5-IPC_A
Add component: Footprint Not Found FP-0402-L_1_0_0_05-W_0_5-IPC_A
Add component: Footprint Not Found WL-SBCD_0606
Add component: Footprint Not Found WL-SBCD_0606
Add component: Footprint Not Found 0ZCH0075AF2E-Footprint-1
Add component: Footprint Not Found 0ZCH0075AF2E-Footprint-1
Add component: Footprint Not Found FM4-NZRP-PCB-1-Footprint-1
Add component: Footprint Not Found RJMG201K21120FR-Footprint-1
Add component: Footprint Not Found 12402012E212A-Footprint-1
Add component: Footprint Not Found 10164227-1001A1RLF-Footprint-1
Add component: Footprint Not Found 10164227-1001A1RLF-Footprint-1
Add component: Footprint Not Found 208658-1052-Footprint-1
Add component: Footprint Not Found 208658-1052-Footprint-1
Add component: Footprint Not Found FA1-NDRP-PCB-8-Footprint-1
Add component: Footprint Not Found SISH615ADN-T1-GE3-Footprint-1
Add component: Footprint Not Found SISH615ADN-T1-GE3-Footprint-1
Add component: Footprint Not Found SISH615ADN-T1-GE3-Footprint-1
Add component: Footprint Not Found SISH615ADN-T1-GE3-Footprint-1
Add component: Footprint Not Found SOT95P284X110-6N
Add component: Footprint Not Found SOT95P284X110-6N
Add component: Footprint Not Found SOT95P284X110-6N
Add component: Footprint Not Found SOT95P284X110-6N
Add component: Footprint Not Found SOT95P284X110-6N
Add component: Footprint Not Found SOT95P284X110-6N
Add component: Footprint Not Found SISH615ADN-T1-GE3-Footprint-1
Add component: Footprint Not Found SISH615ADN-T1-GE3-Footprint-1
Add component: Footprint Not Found R0603B
Add component: Footprint Not Found R0603B
Add component: Footprint Not Found R0603B
Add component: Footprint Not Found R0603B
Add component: Footprint Not Found R0603B
Add component: Footprint Not Found R0603B
Add component: Footprint Not Found R0603B
Add component: Footprint Not Found R0603B
Add component: Footprint Not Found R0603B
Add component: Footprint Not Found R0603B
Add component: Footprint Not Found R0603B
Add component: Footprint Not Found R0603B
Add component: Footprint Not Found R0603B
Add component: Footprint Not Found R0603B
Add component: Footprint Not Found R0603B
Add component: Footprint Not Found R0603B
Add component: Footprint Not Found R0603B
Add component: Footprint Not Found R0603B
Add component: Footprint Not Found R0603B
Add component: Footprint Not Found R0603B
Add component: Footprint Not Found R0603B
Add component: Footprint Not Found R0603B
Add component: Footprint Not Found R0603B
Add component: Footprint Not Found R0603B
Add component: Footprint Not Found R0603B
Add component: Footprint Not Found R0603B
Add component: Footprint Not Found R0603B
Add component: Footprint Not Found R0603B
Add component: Footprint Not Found R0603B
Add component: Footprint Not Found R0603B
Add component: Footprint Not Found R0603B
Add component: Footprint Not Found R0603B
Add component: Footprint Not Found R0603B
Add component: Footprint Not Found R0603B
Add component: Footprint Not Found R0603B
Add component: Footprint Not Found R0603B
Add component: Footprint Not Found R0603B
Add component: Footprint Not Found R0603B
Add component: Footprint Not Found R0603B
Add component: Footprint Not Found R0603B
Add component: Footprint Not Found R0603B
Add component: Footprint Not Found R0603B
Add component: Footprint Not Found R0603B
Add component: Footprint Not Found R0603B
Add component: Footprint Not Found R0603B
Add component: Footprint Not Found R0603B
Add component: Footprint Not Found RESC1005X40X25ML05T05
Add component: Footprint Not Found RESC1005X40X25ML05T05
Add component: Footprint Not Found RESC1005X40X25ML05T05
Add component: Footprint Not Found R0603B
Add component: Footprint Not Found R0603B
Add component: Footprint Not Found R0603B
Add component: Footprint Not Found R0603B
Add component: Footprint Not Found R0603B
Add component: Footprint Not Found R0603B
Add component: Footprint Not Found RESC1005X40X25ML05T05
Add component: Footprint Not Found RESC1005X40X25ML05T05
Add component: Footprint Not Found RESC1005X40X25ML05T05
Add component: Footprint Not Found RESC1005X40X25ML05T05
Add component: Footprint Not Found RESC1005X40X25ML05T05
Add component: Footprint Not Found R0603B
Add component: Footprint Not Found R0603B
Add component: Footprint Not Found R0603B
Add component: Footprint Not Found R0603B
Add component: Footprint Not Found R0603B
Add component: Footprint Not Found R0603B
Add component: Footprint Not Found R0603B
Add component: Footprint Not Found R0603B
Add component: Footprint Not Found R0603B
Add component: Footprint Not Found R0603B
Add component: Footprint Not Found R0603B
Add component: Footprint Not Found R0603B
Add component: Footprint Not Found R0603B
Add component: Footprint Not Found RESC1005X40X25ML05T05
Add component: Footprint Not Found RESC1005X40X25ML05T05
Add component: Footprint Not Found R0603B
Add component: Footprint Not Found RESC1005X40X25ML05T05
Add component: Footprint Not Found R0603B
Add component: Footprint Not Found R0603B
Add component: Footprint Not Found RESC1005X40X25ML05T05
Add component: Footprint Not Found R0603B
Add component: Footprint Not Found RESC1005X40X25ML05T05
Add component: Footprint Not Found RESC1005X40X25ML05T05
Add component: Footprint Not Found R0603B
Add component: Footprint Not Found R0603B
Add component: Footprint Not Found R0603B
Add component: Footprint Not Found R0603B
Add component: Footprint Not Found R0603B
Add component: Footprint Not Found R0603B
Add component: Footprint Not Found R0603B
Add component: Footprint Not Found R0603B
Add component: Footprint Not Found R0603B
Add component: Footprint Not Found R0603B
Add component: Footprint Not Found RESC1005X40X25ML05T05
Add component: Footprint Not Found R0603B
Add component: Footprint Not Found R0603B
Add component: Footprint Not Found R0603B
Add component: Footprint Not Found R0603B
Add component: Footprint Not Found R0603B
Add component: Footprint Not Found R0603B
Add component: Footprint Not Found R0603B
Add component: Footprint Not Found R0603B
Add component: Footprint Not Found R0603B
Add component: Footprint Not Found R0603B
Add component: Footprint Not Found New footprint 1
Add component: Footprint Not Found New footprint 1
Add component: Footprint Not Found New footprint 1
Add component: Footprint Not Found New footprint 1
Add component: Footprint Not Found MAX96724FGTN_V+-Footprint-1
Add component: Footprint Not Found TCAN1146DYYRQ1-Footprint-1
Add component: Footprint Not Found MAX-M10M-00B-Footprint-1
Add Pin To Net: Unknown Pin: Pin C1-1
Add Pin To Net: Unknown Pin: Pin C1-2
Add Pin To Net: Unknown Pin: Pin C2-1
Add Pin To Net: Unknown Pin: Pin C2-2
Add Pin To Net: Unknown Pin: Pin C3-1
Add Pin To Net: Unknown Pin: Pin C3-2
Add Pin To Net: Unknown Pin: Pin C4-1
Add Pin To Net: Unknown Pin: Pin C4-2
Add Pin To Net: Unknown Pin: Pin C5-1
Add Pin To Net: Unknown Pin: Pin C5-2
Add Pin To Net: Unknown Pin: Pin C6-1
Add Pin To Net: Unknown Pin: Pin C6-2
Add Pin To Net: Unknown Pin: Pin C7-1
Add Pin To Net: Unknown Pin: Pin C7-2
Add Pin To Net: Unknown Pin: Pin C8-1
Add Pin To Net: Unknown Pin: Pin C8-1
Add Pin To Net: Unknown Pin: Pin C8-2
Add Pin To Net: Unknown Pin: Pin C8-2
Add Pin To Net: Unknown Pin: Pin C9-1
Add Pin To Net: Unknown Pin: Pin C9-1
Add Pin To Net: Unknown Pin: Pin C9-2
Add Pin To Net: Unknown Pin: Pin C9-2
Add Pin To Net: Unknown Pin: Pin C10-1
Add Pin To Net: Unknown Pin: Pin C10-1
Add Pin To Net: Unknown Pin: Pin C10-2
Add Pin To Net: Unknown Pin: Pin C10-2
Add Pin To Net: Unknown Pin: Pin C11-1
Add Pin To Net: Unknown Pin: Pin C11-1
Add Pin To Net: Unknown Pin: Pin C11-2
Add Pin To Net: Unknown Pin: Pin C11-2
Added Pin To Net: NetName=CAN_N Pin=C12-1
Add Pin To Net: Unknown Pin: Pin C13-1
Add Pin To Net: Unknown Pin: Pin C13-1
Add Pin To Net: Unknown Pin: Pin C13-2
Add Pin To Net: Unknown Pin: Pin C13-2
Added Pin To Net: NetName=DES_1V2 Pin=C14-1
Added Pin To Net: NetName=GND Pin=C14-1
Added Pin To Net: NetName=CAN_P Pin=C14-2
Add Pin To Net: Unknown Pin: Pin C15-1
Add Pin To Net: Unknown Pin: Pin C15-2
Add Pin To Net: Unknown Pin: Pin C16-1
Add Pin To Net: Unknown Pin: Pin C16-2
Add Pin To Net: Unknown Pin: Pin C17-1
Add Pin To Net: Unknown Pin: Pin C17-1
Add Pin To Net: Unknown Pin: Pin C17-2
Add Pin To Net: Unknown Pin: Pin C17-2
Add Pin To Net: Unknown Pin: Pin C18-1
Add Pin To Net: Unknown Pin: Pin C18-2
Add Pin To Net: Unknown Pin: Pin C19-1
Add Pin To Net: Unknown Pin: Pin C19-2
Add Pin To Net: Unknown Pin: Pin C20-1
Add Pin To Net: Unknown Pin: Pin C20-2
Add Pin To Net: Unknown Pin: Pin C21-1
Add Pin To Net: Unknown Pin: Pin C21-2
Add Pin To Net: Unknown Pin: Pin C22-1
Add Pin To Net: Unknown Pin: Pin C22-2
Add Pin To Net: Unknown Pin: Pin C23-1
Add Pin To Net: Unknown Pin: Pin C23-2
Add Pin To Net: Unknown Pin: Pin C24-1
Add Pin To Net: Unknown Pin: Pin C24-2
Add Pin To Net: Unknown Pin: Pin C25-1
Add Pin To Net: Unknown Pin: Pin C25-2
Add Pin To Net: Unknown Pin: Pin C26-1
Add Pin To Net: Unknown Pin: Pin C26-2
Add Pin To Net: Unknown Pin: Pin C27-1
Add Pin To Net: Unknown Pin: Pin C27-2
Add Pin To Net: Unknown Pin: Pin C28-1
Add Pin To Net: Unknown Pin: Pin C28-2
Add Pin To Net: Unknown Pin: Pin C29-1
Add Pin To Net: Unknown Pin: Pin C29-2
Add Pin To Net: Unknown Pin: Pin C30-1
Add Pin To Net: Unknown Pin: Pin C30-2
Add Pin To Net: Unknown Pin: Pin C35-1
Add Pin To Net: Unknown Pin: Pin C35-2
Add Pin To Net: Unknown Pin: Pin C36-1
Add Pin To Net: Unknown Pin: Pin C36-2
Add Pin To Net: Unknown Pin: Pin C37-1
Add Pin To Net: Unknown Pin: Pin C37-2
Add Pin To Net: Unknown Pin: Pin C45-1
Add Pin To Net: Unknown Pin: Pin C45-2
Add Pin To Net: Unknown Pin: Pin C46-1
Add Pin To Net: Unknown Pin: Pin C46-2
Add Pin To Net: Unknown Pin: Pin C47-1
Add Pin To Net: Unknown Pin: Pin C47-2
Add Pin To Net: Unknown Pin: Pin C48-1
Add Pin To Net: Unknown Pin: Pin C48-2
Add Pin To Net: Unknown Pin: Pin C49-1
Add Pin To Net: Unknown Pin: Pin C49-2
Add Pin To Net: Unknown Pin: Pin C50-1
Add Pin To Net: Unknown Pin: Pin C50-2
Add Pin To Net: Unknown Pin: Pin C51-1
Add Pin To Net: Unknown Pin: Pin C51-2
Add Pin To Net: Unknown Pin: Pin C52-1
Add Pin To Net: Unknown Pin: Pin C52-2
Add Pin To Net: Unknown Pin: Pin C53-1
Add Pin To Net: Unknown Pin: Pin C53-2
Add Pin To Net: Unknown Pin: Pin C54-1
Add Pin To Net: Unknown Pin: Pin C54-2
Add Pin To Net: Unknown Pin: Pin C55-1
Add Pin To Net: Unknown Pin: Pin C55-2
Add Pin To Net: Unknown Pin: Pin C56-1
Add Pin To Net: Unknown Pin: Pin C56-2
Add Pin To Net: Unknown Pin: Pin C57-1
Add Pin To Net: Unknown Pin: Pin C57-2
Add Pin To Net: Unknown Pin: Pin C58-1
Add Pin To Net: Unknown Pin: Pin C58-2
Add Pin To Net: Unknown Pin: Pin C59-1
Add Pin To Net: Unknown Pin: Pin C59-2
Add Pin To Net: Unknown Pin: Pin C60-1
Add Pin To Net: Unknown Pin: Pin C60-2
Add Pin To Net: Unknown Pin: Pin C61-1
Add Pin To Net: Unknown Pin: Pin C61-2
Add Pin To Net: Unknown Pin: Pin C62-1
Add Pin To Net: Unknown Pin: Pin C62-2
Add Pin To Net: Unknown Pin: Pin C63-1
Add Pin To Net: Unknown Pin: Pin C63-2
Add Pin To Net: Unknown Pin: Pin C64-1
Add Pin To Net: Unknown Pin: Pin C64-2
Add Pin To Net: Unknown Pin: Pin C65-1
Add Pin To Net: Unknown Pin: Pin C65-2
Add Pin To Net: Unknown Pin: Pin C66-1
Add Pin To Net: Unknown Pin: Pin C66-2
Add Pin To Net: Unknown Pin: Pin C67-1
Add Pin To Net: Unknown Pin: Pin C67-2
Add Pin To Net: Unknown Pin: Pin C68-1
Add Pin To Net: Unknown Pin: Pin C68-2
Add Pin To Net: Unknown Pin: Pin C69-1
Add Pin To Net: Unknown Pin: Pin C69-2
Add Pin To Net: Unknown Pin: Pin C70-1
Add Pin To Net: Unknown Pin: Pin C70-2
Add Pin To Net: Unknown Pin: Pin C71-1
Add Pin To Net: Unknown Pin: Pin C71-2
Add Pin To Net: Unknown Pin: Pin C72-1
Add Pin To Net: Unknown Pin: Pin C72-2
Add Pin To Net: Unknown Pin: Pin C73-1
Add Pin To Net: Unknown Pin: Pin C73-2
Add Pin To Net: Unknown Pin: Pin C74-1
Add Pin To Net: Unknown Pin: Pin C74-2
Add Pin To Net: Unknown Pin: Pin C75-1
Add Pin To Net: Unknown Pin: Pin C75-2
Add Pin To Net: Unknown Pin: Pin C76-1
Add Pin To Net: Unknown Pin: Pin C76-2
Add Pin To Net: Unknown Pin: Pin C77-1
Add Pin To Net: Unknown Pin: Pin C77-2
Add Pin To Net: Unknown Pin: Pin C78-1
Add Pin To Net: Unknown Pin: Pin C78-2
Add Pin To Net: Unknown Pin: Pin C79-1
Add Pin To Net: Unknown Pin: Pin C79-2
Add Pin To Net: Unknown Pin: Pin C80-1
Add Pin To Net: Unknown Pin: Pin C80-2
Add Pin To Net: Unknown Pin: Pin C81-1
Add Pin To Net: Unknown Pin: Pin C81-2
Add Pin To Net: Unknown Pin: Pin C82-1
Add Pin To Net: Unknown Pin: Pin C82-2
Add Pin To Net: Unknown Pin: Pin C83-1
Add Pin To Net: Unknown Pin: Pin C83-2
Add Pin To Net: Unknown Pin: Pin C84-1
Add Pin To Net: Unknown Pin: Pin C84-2
Add Pin To Net: Unknown Pin: Pin C85-1
Add Pin To Net: Unknown Pin: Pin C85-2
Add Pin To Net: Unknown Pin: Pin C86-1
Add Pin To Net: Unknown Pin: Pin C86-2
Add Pin To Net: Unknown Pin: Pin C87-1
Add Pin To Net: Unknown Pin: Pin C87-2
Add Pin To Net: Unknown Pin: Pin C88-1
Add Pin To Net: Unknown Pin: Pin C88-2
Add Pin To Net: Unknown Pin: Pin C89-1
Add Pin To Net: Unknown Pin: Pin C89-2
Add Pin To Net: Unknown Pin: Pin C90-1
Add Pin To Net: Unknown Pin: Pin C90-2
Add Pin To Net: Unknown Pin: Pin C91-1
Add Pin To Net: Unknown Pin: Pin C91-2
Add Pin To Net: Unknown Pin: Pin D6-1
Add Pin To Net: Unknown Pin: Pin D6-2
Add Pin To Net: Unknown Pin: Pin D6-3
Add Pin To Net: Unknown Pin: Pin D6-4
Add Pin To Net: Unknown Pin: Pin D8-1
Add Pin To Net: Unknown Pin: Pin D8-2
Add Pin To Net: Unknown Pin: Pin D8-3
Add Pin To Net: Unknown Pin: Pin D8-4
Add Pin To Net: Unknown Pin: Pin F9_DISP_0-1
Add Pin To Net: Unknown Pin: Pin F9_DISP_0-2
Add Pin To Net: Unknown Pin: Pin F9_DISP_1-1
Add Pin To Net: Unknown Pin: Pin F9_DISP_1-2
Add Pin To Net: Unknown Pin: Pin J5-1
Add Pin To Net: Unknown Pin: Pin J5-2
Add Pin To Net: Unknown Pin: Pin J5-3
Add Pin To Net: Unknown Pin: Pin J5-4
Add Pin To Net: Unknown Pin: Pin J5-MH1
Add Pin To Net: Unknown Pin: Pin J5-MH2
Add Pin To Net: Unknown Pin: Pin J5-MH3
Add Pin To Net: Unknown Pin: Pin J5-MH4
Add Pin To Net: Unknown Pin: Pin J5-MH5
Add Pin To Net: Unknown Pin: Pin J6-L1
Add Pin To Net: Unknown Pin: Pin J6-L2
Add Pin To Net: Unknown Pin: Pin J6-L3
Add Pin To Net: Unknown Pin: Pin J6-L4
Add Pin To Net: Unknown Pin: Pin J6-P1
Add Pin To Net: Unknown Pin: Pin J6-P2
Add Pin To Net: Unknown Pin: Pin J6-P3
Add Pin To Net: Unknown Pin: Pin J6-P4
Add Pin To Net: Unknown Pin: Pin J6-P5
Add Pin To Net: Unknown Pin: Pin J6-P6
Add Pin To Net: Unknown Pin: Pin J6-P7
Add Pin To Net: Unknown Pin: Pin J6-P8
Add Pin To Net: Unknown Pin: Pin J6-P9
Add Pin To Net: Unknown Pin: Pin J6-P10
Add Pin To Net: Unknown Pin: Pin J6-S1
Add Pin To Net: Unknown Pin: Pin J6-S2
Add Pin To Net: Unknown Pin: Pin J7-A1_B12
Add Pin To Net: Unknown Pin: Pin J7-A5
Add Pin To Net: Unknown Pin: Pin J7-A6
Add Pin To Net: Unknown Pin: Pin J7-A7
Add Pin To Net: Unknown Pin: Pin J7-B1_A12
Add Pin To Net: Unknown Pin: Pin J7-B5
Add Pin To Net: Unknown Pin: Pin J7-B6
Add Pin To Net: Unknown Pin: Pin J7-B7
Add Pin To Net: Unknown Pin: Pin J7-SH1
Add Pin To Net: Unknown Pin: Pin J7-SH2
Add Pin To Net: Unknown Pin: Pin J7-SH3
Add Pin To Net: Unknown Pin: Pin J7-SH4
Add Pin To Net: Unknown Pin: Pin J8-1
Add Pin To Net: Unknown Pin: Pin J8-2
Add Pin To Net: Unknown Pin: Pin J8-3
Add Pin To Net: Unknown Pin: Pin J8-4
Add Pin To Net: Unknown Pin: Pin J8-5
Add Pin To Net: Unknown Pin: Pin J8-6
Add Pin To Net: Unknown Pin: Pin J8-7
Add Pin To Net: Unknown Pin: Pin J8-8
Add Pin To Net: Unknown Pin: Pin J8-9
Add Pin To Net: Unknown Pin: Pin J8-10
Add Pin To Net: Unknown Pin: Pin J8-11
Add Pin To Net: Unknown Pin: Pin J8-13
Add Pin To Net: Unknown Pin: Pin J8-14
Add Pin To Net: Unknown Pin: Pin J8-15
Add Pin To Net: Unknown Pin: Pin J8-16
Add Pin To Net: Unknown Pin: Pin J8-17
Add Pin To Net: Unknown Pin: Pin J8-18
Add Pin To Net: Unknown Pin: Pin J8-19
Add Pin To Net: Unknown Pin: Pin J8-20
Add Pin To Net: Unknown Pin: Pin J8-21
Add Pin To Net: Unknown Pin: Pin J8-22
Add Pin To Net: Unknown Pin: Pin J8-23
Add Pin To Net: Unknown Pin: Pin J8-24
Add Pin To Net: Unknown Pin: Pin J8-25
Add Pin To Net: Unknown Pin: Pin J8-26
Add Pin To Net: Unknown Pin: Pin J8-27
Add Pin To Net: Unknown Pin: Pin J8-28
Add Pin To Net: Unknown Pin: Pin J8-29
Add Pin To Net: Unknown Pin: Pin J8-30
Add Pin To Net: Unknown Pin: Pin J8-31
Add Pin To Net: Unknown Pin: Pin J8-32
Add Pin To Net: Unknown Pin: Pin J8-33
Add Pin To Net: Unknown Pin: Pin J8-34
Add Pin To Net: Unknown Pin: Pin J8-35
Add Pin To Net: Unknown Pin: Pin J8-36
Add Pin To Net: Unknown Pin: Pin J8-37
Add Pin To Net: Unknown Pin: Pin J8-38
Add Pin To Net: Unknown Pin: Pin J8-39
Add Pin To Net: Unknown Pin: Pin J8-40
Add Pin To Net: Unknown Pin: Pin J8-41
Add Pin To Net: Unknown Pin: Pin J8-42
Add Pin To Net: Unknown Pin: Pin J8-43
Add Pin To Net: Unknown Pin: Pin J8-44
Add Pin To Net: Unknown Pin: Pin J8-45
Add Pin To Net: Unknown Pin: Pin J8-46
Add Pin To Net: Unknown Pin: Pin J8-47
Add Pin To Net: Unknown Pin: Pin J8-48
Add Pin To Net: Unknown Pin: Pin J8-49
Add Pin To Net: Unknown Pin: Pin J8-50
Add Pin To Net: Unknown Pin: Pin J8-51
Add Pin To Net: Unknown Pin: Pin J8-52
Add Pin To Net: Unknown Pin: Pin J8-53
Add Pin To Net: Unknown Pin: Pin J8-54
Add Pin To Net: Unknown Pin: Pin J8-55
Add Pin To Net: Unknown Pin: Pin J8-56
Add Pin To Net: Unknown Pin: Pin J8-57
Add Pin To Net: Unknown Pin: Pin J8-58
Add Pin To Net: Unknown Pin: Pin J8-59
Add Pin To Net: Unknown Pin: Pin J8-60
Add Pin To Net: Unknown Pin: Pin J8-61
Add Pin To Net: Unknown Pin: Pin J8-62
Add Pin To Net: Unknown Pin: Pin J8-63
Add Pin To Net: Unknown Pin: Pin J8-64
Add Pin To Net: Unknown Pin: Pin J8-65
Add Pin To Net: Unknown Pin: Pin J8-66
Add Pin To Net: Unknown Pin: Pin J8-67
Add Pin To Net: Unknown Pin: Pin J8-68
Add Pin To Net: Unknown Pin: Pin J8-69
Add Pin To Net: Unknown Pin: Pin J8-70
Add Pin To Net: Unknown Pin: Pin J8-71
Add Pin To Net: Unknown Pin: Pin J8-72
Add Pin To Net: Unknown Pin: Pin J8-73
Add Pin To Net: Unknown Pin: Pin J8-74
Add Pin To Net: Unknown Pin: Pin J8-75
Add Pin To Net: Unknown Pin: Pin J8-76
Add Pin To Net: Unknown Pin: Pin J8-77
Add Pin To Net: Unknown Pin: Pin J8-78
Add Pin To Net: Unknown Pin: Pin J8-79
Add Pin To Net: Unknown Pin: Pin J8-80
Add Pin To Net: Unknown Pin: Pin J8-81
Add Pin To Net: Unknown Pin: Pin J8-82
Add Pin To Net: Unknown Pin: Pin J8-83
Add Pin To Net: Unknown Pin: Pin J8-84
Add Pin To Net: Unknown Pin: Pin J8-85
Add Pin To Net: Unknown Pin: Pin J8-86
Add Pin To Net: Unknown Pin: Pin J8-87
Add Pin To Net: Unknown Pin: Pin J8-88
Add Pin To Net: Unknown Pin: Pin J8-89
Add Pin To Net: Unknown Pin: Pin J8-90
Add Pin To Net: Unknown Pin: Pin J8-91
Add Pin To Net: Unknown Pin: Pin J8-92
Add Pin To Net: Unknown Pin: Pin J8-93
Add Pin To Net: Unknown Pin: Pin J8-94
Add Pin To Net: Unknown Pin: Pin J8-95
Add Pin To Net: Unknown Pin: Pin J8-96
Add Pin To Net: Unknown Pin: Pin J8-97
Add Pin To Net: Unknown Pin: Pin J8-98
Add Pin To Net: Unknown Pin: Pin J8-99
Add Pin To Net: Unknown Pin: Pin J8-100
Add Pin To Net: Unknown Pin: Pin J9-1
Add Pin To Net: Unknown Pin: Pin J9-2
Add Pin To Net: Unknown Pin: Pin J9-3
Add Pin To Net: Unknown Pin: Pin J9-4
Add Pin To Net: Unknown Pin: Pin J9-5
Add Pin To Net: Unknown Pin: Pin J9-6
Add Pin To Net: Unknown Pin: Pin J9-7
Add Pin To Net: Unknown Pin: Pin J9-8
Add Pin To Net: Unknown Pin: Pin J9-9
Add Pin To Net: Unknown Pin: Pin J9-10
Add Pin To Net: Unknown Pin: Pin J9-11
Add Pin To Net: Unknown Pin: Pin J9-12
Add Pin To Net: Unknown Pin: Pin J9-13
Add Pin To Net: Unknown Pin: Pin J9-14
Add Pin To Net: Unknown Pin: Pin J9-15
Add Pin To Net: Unknown Pin: Pin J9-16
Add Pin To Net: Unknown Pin: Pin J9-17
Add Pin To Net: Unknown Pin: Pin J9-18
Add Pin To Net: Unknown Pin: Pin J9-19
Add Pin To Net: Unknown Pin: Pin J9-20
Add Pin To Net: Unknown Pin: Pin J9-21
Add Pin To Net: Unknown Pin: Pin J9-22
Add Pin To Net: Unknown Pin: Pin J9-24
Add Pin To Net: Unknown Pin: Pin J9-25
Add Pin To Net: Unknown Pin: Pin J9-26
Add Pin To Net: Unknown Pin: Pin J9-27
Add Pin To Net: Unknown Pin: Pin J9-28
Add Pin To Net: Unknown Pin: Pin J9-29
Add Pin To Net: Unknown Pin: Pin J9-31
Add Pin To Net: Unknown Pin: Pin J9-32
Add Pin To Net: Unknown Pin: Pin J9-33
Add Pin To Net: Unknown Pin: Pin J9-34
Add Pin To Net: Unknown Pin: Pin J9-35
Add Pin To Net: Unknown Pin: Pin J9-36
Add Pin To Net: Unknown Pin: Pin J9-37
Add Pin To Net: Unknown Pin: Pin J9-38
Add Pin To Net: Unknown Pin: Pin J9-39
Add Pin To Net: Unknown Pin: Pin J9-40
Add Pin To Net: Unknown Pin: Pin J9-41
Add Pin To Net: Unknown Pin: Pin J9-43
Add Pin To Net: Unknown Pin: Pin J9-44
Add Pin To Net: Unknown Pin: Pin J9-45
Add Pin To Net: Unknown Pin: Pin J9-47
Add Pin To Net: Unknown Pin: Pin J9-49
Add Pin To Net: Unknown Pin: Pin J9-50
Add Pin To Net: Unknown Pin: Pin J9-51
Add Pin To Net: Unknown Pin: Pin J9-53
Add Pin To Net: Unknown Pin: Pin J9-54
Add Pin To Net: Unknown Pin: Pin J9-58
Add Pin To Net: Unknown Pin: Pin J9-59
Add Pin To Net: Unknown Pin: Pin J9-60
Add Pin To Net: Unknown Pin: Pin J9-61
Add Pin To Net: Unknown Pin: Pin J9-62
Add Pin To Net: Unknown Pin: Pin J9-64
Add Pin To Net: Unknown Pin: Pin J9-65
Add Pin To Net: Unknown Pin: Pin J9-66
Add Pin To Net: Unknown Pin: Pin J9-68
Add Pin To Net: Unknown Pin: Pin J9-70
Add Pin To Net: Unknown Pin: Pin J9-72
Add Pin To Net: Unknown Pin: Pin J9-73
Add Pin To Net: Unknown Pin: Pin J9-75
Add Pin To Net: Unknown Pin: Pin J9-76
Add Pin To Net: Unknown Pin: Pin J9-77
Add Pin To Net: Unknown Pin: Pin J9-78
Add Pin To Net: Unknown Pin: Pin J9-79
Add Pin To Net: Unknown Pin: Pin J9-80
Add Pin To Net: Unknown Pin: Pin J9-81
Add Pin To Net: Unknown Pin: Pin J9-82
Add Pin To Net: Unknown Pin: Pin J9-83
Add Pin To Net: Unknown Pin: Pin J9-84
Add Pin To Net: Unknown Pin: Pin J9-85
Add Pin To Net: Unknown Pin: Pin J9-86
Add Pin To Net: Unknown Pin: Pin J9-87
Add Pin To Net: Unknown Pin: Pin J9-88
Add Pin To Net: Unknown Pin: Pin J9-89
Add Pin To Net: Unknown Pin: Pin J9-90
Add Pin To Net: Unknown Pin: Pin J9-91
Add Pin To Net: Unknown Pin: Pin J9-92
Add Pin To Net: Unknown Pin: Pin J9-93
Add Pin To Net: Unknown Pin: Pin J9-94
Add Pin To Net: Unknown Pin: Pin J9-95
Add Pin To Net: Unknown Pin: Pin J9-96
Add Pin To Net: Unknown Pin: Pin J9-97
Add Pin To Net: Unknown Pin: Pin J9-98
Add Pin To Net: Unknown Pin: Pin J9-99
Add Pin To Net: Unknown Pin: Pin J9-100
Add Pin To Net: Unknown Pin: Pin J13_DISP_0-1
Add Pin To Net: Unknown Pin: Pin J13_DISP_0-2
Add Pin To Net: Unknown Pin: Pin J13_DISP_0-3
Add Pin To Net: Unknown Pin: Pin J13_DISP_0-4
Add Pin To Net: Unknown Pin: Pin J13_DISP_0-5
Add Pin To Net: Unknown Pin: Pin J13_DISP_0-6
Add Pin To Net: Unknown Pin: Pin J13_DISP_0-7
Add Pin To Net: Unknown Pin: Pin J13_DISP_0-8
Add Pin To Net: Unknown Pin: Pin J13_DISP_0-9
Add Pin To Net: Unknown Pin: Pin J13_DISP_0-10
Add Pin To Net: Unknown Pin: Pin J13_DISP_0-11
Add Pin To Net: Unknown Pin: Pin J13_DISP_0-12
Add Pin To Net: Unknown Pin: Pin J13_DISP_0-13
Add Pin To Net: Unknown Pin: Pin J13_DISP_0-15
Add Pin To Net: Unknown Pin: Pin J13_DISP_0-16
Add Pin To Net: Unknown Pin: Pin J13_DISP_0-17
Add Pin To Net: Unknown Pin: Pin J13_DISP_0-18
Add Pin To Net: Unknown Pin: Pin J13_DISP_0-19
Add Pin To Net: Unknown Pin: Pin J13_DISP_0-SH1
Add Pin To Net: Unknown Pin: Pin J13_DISP_0-SH2
Add Pin To Net: Unknown Pin: Pin J13_DISP_0-SH3
Add Pin To Net: Unknown Pin: Pin J13_DISP_0-SH4
Add Pin To Net: Unknown Pin: Pin J13_DISP_1-1
Add Pin To Net: Unknown Pin: Pin J13_DISP_1-2
Add Pin To Net: Unknown Pin: Pin J13_DISP_1-3
Add Pin To Net: Unknown Pin: Pin J13_DISP_1-4
Add Pin To Net: Unknown Pin: Pin J13_DISP_1-5
Add Pin To Net: Unknown Pin: Pin J13_DISP_1-6
Add Pin To Net: Unknown Pin: Pin J13_DISP_1-7
Add Pin To Net: Unknown Pin: Pin J13_DISP_1-8
Add Pin To Net: Unknown Pin: Pin J13_DISP_1-9
Add Pin To Net: Unknown Pin: Pin J13_DISP_1-10
Add Pin To Net: Unknown Pin: Pin J13_DISP_1-11
Add Pin To Net: Unknown Pin: Pin J13_DISP_1-12
Add Pin To Net: Unknown Pin: Pin J13_DISP_1-13
Add Pin To Net: Unknown Pin: Pin J13_DISP_1-15
Add Pin To Net: Unknown Pin: Pin J13_DISP_1-16
Add Pin To Net: Unknown Pin: Pin J13_DISP_1-17
Add Pin To Net: Unknown Pin: Pin J13_DISP_1-18
Add Pin To Net: Unknown Pin: Pin J13_DISP_1-19
Add Pin To Net: Unknown Pin: Pin J13_DISP_1-SH1
Add Pin To Net: Unknown Pin: Pin J13_DISP_1-SH2
Add Pin To Net: Unknown Pin: Pin J13_DISP_1-SH3
Add Pin To Net: Unknown Pin: Pin J13_DISP_1-SH4
Add Pin To Net: Unknown Pin: Pin Q1-1
Add Pin To Net: Unknown Pin: Pin Q1-2
Add Pin To Net: Unknown Pin: Pin Q1-3
Add Pin To Net: Unknown Pin: Pin Q1-4
Add Pin To Net: Unknown Pin: Pin Q1-5-6-7-8
Add Pin To Net: Unknown Pin: Pin Q2-1
Add Pin To Net: Unknown Pin: Pin Q2-2
Add Pin To Net: Unknown Pin: Pin Q2-3
Add Pin To Net: Unknown Pin: Pin Q2-5-6-7-8
Add Pin To Net: Unknown Pin: Pin Q3-1
Add Pin To Net: Unknown Pin: Pin Q3-2
Add Pin To Net: Unknown Pin: Pin Q3-3
Add Pin To Net: Unknown Pin: Pin Q3-4
Add Pin To Net: Unknown Pin: Pin Q3-5-6-7-8
Add Pin To Net: Unknown Pin: Pin Q4-1
Add Pin To Net: Unknown Pin: Pin Q4-2
Add Pin To Net: Unknown Pin: Pin Q4-3
Add Pin To Net: Unknown Pin: Pin Q4-5-6-7-8
Add Pin To Net: Unknown Pin: Pin Q9-1
Add Pin To Net: Unknown Pin: Pin Q9-2
Add Pin To Net: Unknown Pin: Pin Q9-3
Add Pin To Net: Unknown Pin: Pin Q9-4
Add Pin To Net: Unknown Pin: Pin Q9-5
Add Pin To Net: Unknown Pin: Pin Q9-6
Add Pin To Net: Unknown Pin: Pin Q10-1
Add Pin To Net: Unknown Pin: Pin Q10-2
Add Pin To Net: Unknown Pin: Pin Q10-3
Add Pin To Net: Unknown Pin: Pin Q10-4
Add Pin To Net: Unknown Pin: Pin Q10-5
Add Pin To Net: Unknown Pin: Pin Q10-6
Add Pin To Net: Unknown Pin: Pin Q11-1
Add Pin To Net: Unknown Pin: Pin Q11-2
Add Pin To Net: Unknown Pin: Pin Q11-3
Add Pin To Net: Unknown Pin: Pin Q11-4
Add Pin To Net: Unknown Pin: Pin Q11-5
Add Pin To Net: Unknown Pin: Pin Q11-6
Add Pin To Net: Unknown Pin: Pin Q12-1
Add Pin To Net: Unknown Pin: Pin Q12-2
Add Pin To Net: Unknown Pin: Pin Q12-3
Add Pin To Net: Unknown Pin: Pin Q12-4
Add Pin To Net: Unknown Pin: Pin Q12-5
Add Pin To Net: Unknown Pin: Pin Q12-6
Add Pin To Net: Unknown Pin: Pin Q13_DISP_0-1
Add Pin To Net: Unknown Pin: Pin Q13_DISP_0-2
Add Pin To Net: Unknown Pin: Pin Q13_DISP_0-3
Add Pin To Net: Unknown Pin: Pin Q13_DISP_0-4
Add Pin To Net: Unknown Pin: Pin Q13_DISP_0-5
Add Pin To Net: Unknown Pin: Pin Q13_DISP_0-6
Add Pin To Net: Unknown Pin: Pin Q13_DISP_1-1
Add Pin To Net: Unknown Pin: Pin Q13_DISP_1-2
Add Pin To Net: Unknown Pin: Pin Q13_DISP_1-3
Add Pin To Net: Unknown Pin: Pin Q13_DISP_1-4
Add Pin To Net: Unknown Pin: Pin Q13_DISP_1-5
Add Pin To Net: Unknown Pin: Pin Q13_DISP_1-6
Add Pin To Net: Unknown Pin: Pin Q14-1
Add Pin To Net: Unknown Pin: Pin Q14-2
Add Pin To Net: Unknown Pin: Pin Q14-3
Add Pin To Net: Unknown Pin: Pin Q14-4
Add Pin To Net: Unknown Pin: Pin Q14-5-6-7-8
Add Pin To Net: Unknown Pin: Pin Q15-1
Add Pin To Net: Unknown Pin: Pin Q15-2
Add Pin To Net: Unknown Pin: Pin Q15-3
Add Pin To Net: Unknown Pin: Pin Q15-4
Add Pin To Net: Unknown Pin: Pin Q15-5-6-7-8
Add Pin To Net: Unknown Pin: Pin R1-1
Add Pin To Net: Unknown Pin: Pin R1-2
Add Pin To Net: Unknown Pin: Pin R2-1
Add Pin To Net: Unknown Pin: Pin R2-2
Add Pin To Net: Unknown Pin: Pin R3-1
Add Pin To Net: Unknown Pin: Pin R3-2
Add Pin To Net: Unknown Pin: Pin R4-1
Add Pin To Net: Unknown Pin: Pin R4-2
Add Pin To Net: Unknown Pin: Pin R5-1
Add Pin To Net: Unknown Pin: Pin R5-2
Add Pin To Net: Unknown Pin: Pin R6-1
Add Pin To Net: Unknown Pin: Pin R6-2
Add Pin To Net: Unknown Pin: Pin R7-1
Add Pin To Net: Unknown Pin: Pin R7-2
Add Pin To Net: Unknown Pin: Pin R8-1
Add Pin To Net: Unknown Pin: Pin R8-2
Add Pin To Net: Unknown Pin: Pin R9-1
Add Pin To Net: Unknown Pin: Pin R9-2
Add Pin To Net: Unknown Pin: Pin R10-1
Add Pin To Net: Unknown Pin: Pin R10-2
Add Pin To Net: Unknown Pin: Pin R11-1
Add Pin To Net: Unknown Pin: Pin R11-2
Add Pin To Net: Unknown Pin: Pin R12-1
Add Pin To Net: Unknown Pin: Pin R12-2
Add Pin To Net: Unknown Pin: Pin R13-1
Add Pin To Net: Unknown Pin: Pin R13-2
Add Pin To Net: Unknown Pin: Pin R14-1
Add Pin To Net: Unknown Pin: Pin R14-2
Add Pin To Net: Unknown Pin: Pin R15-1
Add Pin To Net: Unknown Pin: Pin R15-2
Add Pin To Net: Unknown Pin: Pin R16-1
Add Pin To Net: Unknown Pin: Pin R16-2
Add Pin To Net: Unknown Pin: Pin R17-1
Add Pin To Net: Unknown Pin: Pin R17-2
Add Pin To Net: Unknown Pin: Pin R18-1
Add Pin To Net: Unknown Pin: Pin R18-2
Add Pin To Net: Unknown Pin: Pin R19-1
Add Pin To Net: Unknown Pin: Pin R19-2
Add Pin To Net: Unknown Pin: Pin R20-1
Add Pin To Net: Unknown Pin: Pin R20-2
Add Pin To Net: Unknown Pin: Pin R21-1
Add Pin To Net: Unknown Pin: Pin R21-2
Add Pin To Net: Unknown Pin: Pin R22-1
Add Pin To Net: Unknown Pin: Pin R22-2
Add Pin To Net: Unknown Pin: Pin R23-1
Add Pin To Net: Unknown Pin: Pin R23-2
Add Pin To Net: Unknown Pin: Pin R24-1
Add Pin To Net: Unknown Pin: Pin R24-2
Add Pin To Net: Unknown Pin: Pin R25-1
Add Pin To Net: Unknown Pin: Pin R25-2
Add Pin To Net: Unknown Pin: Pin R26-1
Add Pin To Net: Unknown Pin: Pin R26-2
Add Pin To Net: Unknown Pin: Pin R27-1
Add Pin To Net: Unknown Pin: Pin R27-2
Add Pin To Net: Unknown Pin: Pin R28-1
Add Pin To Net: Unknown Pin: Pin R28-2
Add Pin To Net: Unknown Pin: Pin R29-1
Add Pin To Net: Unknown Pin: Pin R29-2
Add Pin To Net: Unknown Pin: Pin R30-1
Add Pin To Net: Unknown Pin: Pin R30-2
Add Pin To Net: Unknown Pin: Pin R31-1
Add Pin To Net: Unknown Pin: Pin R31-2
Add Pin To Net: Unknown Pin: Pin R32-1
Add Pin To Net: Unknown Pin: Pin R32-2
Add Pin To Net: Unknown Pin: Pin R33-1
Add Pin To Net: Unknown Pin: Pin R33-2
Add Pin To Net: Unknown Pin: Pin R34-1
Add Pin To Net: Unknown Pin: Pin R34-2
Add Pin To Net: Unknown Pin: Pin R35-1
Add Pin To Net: Unknown Pin: Pin R35-2
Add Pin To Net: Unknown Pin: Pin R36-1
Add Pin To Net: Unknown Pin: Pin R36-2
Add Pin To Net: Unknown Pin: Pin R37-1
Add Pin To Net: Unknown Pin: Pin R37-2
Add Pin To Net: Unknown Pin: Pin R38-1
Add Pin To Net: Unknown Pin: Pin R38-2
Add Pin To Net: Unknown Pin: Pin R39-1
Add Pin To Net: Unknown Pin: Pin R39-2
Add Pin To Net: Unknown Pin: Pin R40-1
Add Pin To Net: Unknown Pin: Pin R40-2
Add Pin To Net: Unknown Pin: Pin R41-1
Add Pin To Net: Unknown Pin: Pin R41-2
Add Pin To Net: Unknown Pin: Pin R42-1
Add Pin To Net: Unknown Pin: Pin R42-2
Add Pin To Net: Unknown Pin: Pin R44-1
Add Pin To Net: Unknown Pin: Pin R44-2
Add Pin To Net: Unknown Pin: Pin R45-1
Add Pin To Net: Unknown Pin: Pin R45-2
Add Pin To Net: Unknown Pin: Pin R46-1
Add Pin To Net: Unknown Pin: Pin R46-2
Add Pin To Net: Unknown Pin: Pin R47-1
Add Pin To Net: Unknown Pin: Pin R47-2
Add Pin To Net: Unknown Pin: Pin R48-1
Add Pin To Net: Unknown Pin: Pin R48-2
Add Pin To Net: Unknown Pin: Pin R49-1
Add Pin To Net: Unknown Pin: Pin R49-2
Add Pin To Net: Unknown Pin: Pin R50-1
Add Pin To Net: Unknown Pin: Pin R50-2
Add Pin To Net: Unknown Pin: Pin R51-1
Add Pin To Net: Unknown Pin: Pin R51-2
Add Pin To Net: Unknown Pin: Pin R52-1
Add Pin To Net: Unknown Pin: Pin R52-2
Add Pin To Net: Unknown Pin: Pin R53-1
Add Pin To Net: Unknown Pin: Pin R53-2
Add Pin To Net: Unknown Pin: Pin R54-1
Add Pin To Net: Unknown Pin: Pin R54-2
Add Pin To Net: Unknown Pin: Pin R55-1
Add Pin To Net: Unknown Pin: Pin R55-2
Add Pin To Net: Unknown Pin: Pin R56-1
Add Pin To Net: Unknown Pin: Pin R56-2
Add Pin To Net: Unknown Pin: Pin R57-1
Add Pin To Net: Unknown Pin: Pin R57-2
Add Pin To Net: Unknown Pin: Pin R58-1
Add Pin To Net: Unknown Pin: Pin R58-2
Add Pin To Net: Unknown Pin: Pin R59-1
Add Pin To Net: Unknown Pin: Pin R59-2
Add Pin To Net: Unknown Pin: Pin R60-1
Add Pin To Net: Unknown Pin: Pin R60-2
Add Pin To Net: Unknown Pin: Pin R61-1
Add Pin To Net: Unknown Pin: Pin R61-2
Add Pin To Net: Unknown Pin: Pin R62-1
Add Pin To Net: Unknown Pin: Pin R62-2
Add Pin To Net: Unknown Pin: Pin R63-1
Add Pin To Net: Unknown Pin: Pin R63-2
Add Pin To Net: Unknown Pin: Pin R64-1
Add Pin To Net: Unknown Pin: Pin R64-2
Add Pin To Net: Unknown Pin: Pin R66-1
Add Pin To Net: Unknown Pin: Pin R66-2
Add Pin To Net: Unknown Pin: Pin R67-1
Add Pin To Net: Unknown Pin: Pin R67-2
Add Pin To Net: Unknown Pin: Pin R68-1
Add Pin To Net: Unknown Pin: Pin R68-2
Add Pin To Net: Unknown Pin: Pin R69-1
Add Pin To Net: Unknown Pin: Pin R71-1
Add Pin To Net: Unknown Pin: Pin R71-2
Add Pin To Net: Unknown Pin: Pin R72-1
Add Pin To Net: Unknown Pin: Pin R72-2
Add Pin To Net: Unknown Pin: Pin R73-1
Add Pin To Net: Unknown Pin: Pin R74_DISP_0-1
Add Pin To Net: Unknown Pin: Pin R74_DISP_0-2
Add Pin To Net: Unknown Pin: Pin R74_DISP_1-1
Add Pin To Net: Unknown Pin: Pin R74_DISP_1-2
Add Pin To Net: Unknown Pin: Pin R75-1
Add Pin To Net: Unknown Pin: Pin R75-2
Add Pin To Net: Unknown Pin: Pin R76-1
Add Pin To Net: Unknown Pin: Pin R76-2
Add Pin To Net: Unknown Pin: Pin R77-1
Add Pin To Net: Unknown Pin: Pin R77-2
Add Pin To Net: Unknown Pin: Pin R78-1
Add Pin To Net: Unknown Pin: Pin R78-2
Add Pin To Net: Unknown Pin: Pin R79-1
Add Pin To Net: Unknown Pin: Pin R79-2
Add Pin To Net: Unknown Pin: Pin R80-1
Add Pin To Net: Unknown Pin: Pin R80-2
Add Pin To Net: Unknown Pin: Pin R81-1
Add Pin To Net: Unknown Pin: Pin R81-2
Add Pin To Net: Unknown Pin: Pin R82-1
Add Pin To Net: Unknown Pin: Pin R82-2
Add Pin To Net: Unknown Pin: Pin R83-1
Add Pin To Net: Unknown Pin: Pin R83-2
Add Pin To Net: Unknown Pin: Pin R84-1
Add Pin To Net: Unknown Pin: Pin R84-2
Add Pin To Net: Unknown Pin: Pin R85-1
Add Pin To Net: Unknown Pin: Pin R85-2
Add Pin To Net: Unknown Pin: Pin R86-1
Add Pin To Net: Unknown Pin: Pin R86-2
Add Pin To Net: Unknown Pin: Pin R87-1
Add Pin To Net: Unknown Pin: Pin R87-2
Add Pin To Net: Unknown Pin: Pin R88-1
Add Pin To Net: Unknown Pin: Pin R88-2
Add Pin To Net: Unknown Pin: Pin R89-1
Add Pin To Net: Unknown Pin: Pin R89-2
Add Pin To Net: Unknown Pin: Pin R90-1
Add Pin To Net: Unknown Pin: Pin R90-2
Add Pin To Net: Unknown Pin: Pin R91-1
Add Pin To Net: Unknown Pin: Pin R91-2
Add Pin To Net: Unknown Pin: Pin R92-1
Add Pin To Net: Unknown Pin: Pin R92-2
Add Pin To Net: Unknown Pin: Pin R93-1
Add Pin To Net: Unknown Pin: Pin R93-2
Add Pin To Net: Unknown Pin: Pin R94-1
Add Pin To Net: Unknown Pin: Pin R94-2
Add Pin To Net: Unknown Pin: Pin R95-1
Add Pin To Net: Unknown Pin: Pin R95-2
Add Pin To Net: Unknown Pin: Pin R96-1
Add Pin To Net: Unknown Pin: Pin R96-2
Add Pin To Net: Unknown Pin: Pin R97-1
Add Pin To Net: Unknown Pin: Pin R97-2
Add Pin To Net: Unknown Pin: Pin R98-1
Add Pin To Net: Unknown Pin: Pin R98-2
Add Pin To Net: Unknown Pin: Pin R99-1
Add Pin To Net: Unknown Pin: Pin R99-2
Add Pin To Net: Unknown Pin: Pin R100-1
Add Pin To Net: Unknown Pin: Pin R100-2
Add Pin To Net: Unknown Pin: Pin R101-1
Add Pin To Net: Unknown Pin: Pin R101-2
Add Pin To Net: Unknown Pin: Pin R102-1
Add Pin To Net: Unknown Pin: Pin R102-2
Add Pin To Net: Unknown Pin: Pin R103-1
Add Pin To Net: Unknown Pin: Pin R103-2
Add Pin To Net: Unknown Pin: Pin R104-1
Add Pin To Net: Unknown Pin: Pin R104-2
Add Pin To Net: Unknown Pin: Pin R105-1
Add Pin To Net: Unknown Pin: Pin R105-2
Add Pin To Net: Unknown Pin: Pin R106-1
Add Pin To Net: Unknown Pin: Pin R106-2
Add Pin To Net: Unknown Pin: Pin TP1-1
Add Pin To Net: Unknown Pin: Pin TP2-1
Add Pin To Net: Unknown Pin: Pin TP3-1
Add Pin To Net: Unknown Pin: Pin TP4-1
Add Pin To Net: Unknown Pin: Pin U1-4
Add Pin To Net: Unknown Pin: Pin U1-5
Add Pin To Net: Unknown Pin: Pin U1-6
Add Pin To Net: Unknown Pin: Pin U1-7
Add Pin To Net: Unknown Pin: Pin U1-8
Add Pin To Net: Unknown Pin: Pin U1-9
Add Pin To Net: Unknown Pin: Pin U1-10
Add Pin To Net: Unknown Pin: Pin U1-11
Add Pin To Net: Unknown Pin: Pin U1-13
Add Pin To Net: Unknown Pin: Pin U1-14
Add Pin To Net: Unknown Pin: Pin U1-15
Add Pin To Net: Unknown Pin: Pin U1-16
Add Pin To Net: Unknown Pin: Pin U1-17
Add Pin To Net: Unknown Pin: Pin U1-18
Add Pin To Net: Unknown Pin: Pin U1-19
Add Pin To Net: Unknown Pin: Pin U1-20
Add Pin To Net: Unknown Pin: Pin U1-21
Add Pin To Net: Unknown Pin: Pin U1-22
Add Pin To Net: Unknown Pin: Pin U1-23
Add Pin To Net: Unknown Pin: Pin U1-24
Add Pin To Net: Unknown Pin: Pin U1-25
Add Pin To Net: Unknown Pin: Pin U1-28
Add Pin To Net: Unknown Pin: Pin U1-29
Add Pin To Net: Unknown Pin: Pin U1-30
Add Pin To Net: Unknown Pin: Pin U1-31
Add Pin To Net: Unknown Pin: Pin U1-32
Add Pin To Net: Unknown Pin: Pin U1-35
Add Pin To Net: Unknown Pin: Pin U1-36
Add Pin To Net: Unknown Pin: Pin U1-37
Add Pin To Net: Unknown Pin: Pin U1-38
Add Pin To Net: Unknown Pin: Pin U1-39
Add Pin To Net: Unknown Pin: Pin U1-40
Add Pin To Net: Unknown Pin: Pin U1-41
Add Pin To Net: Unknown Pin: Pin U1-42
Add Pin To Net: Unknown Pin: Pin U1-43
Add Pin To Net: Unknown Pin: Pin U1-44
Add Pin To Net: Unknown Pin: Pin U1-45
Add Pin To Net: Unknown Pin: Pin U1-46
Add Pin To Net: Unknown Pin: Pin U1-47
Add Pin To Net: Unknown Pin: Pin U1-48
Add Pin To Net: Unknown Pin: Pin U1-49
Add Pin To Net: Unknown Pin: Pin U1-50
Add Pin To Net: Unknown Pin: Pin U1-53
Add Pin To Net: Unknown Pin: Pin U1-54
Add Pin To Net: Unknown Pin: Pin U1-55
Add Pin To Net: Unknown Pin: Pin U1-56
Add Pin To Net: Unknown Pin: Pin U1-57
Add Pin To Net: Unknown Pin: Pin U8-1
Add Pin To Net: Unknown Pin: Pin U8-2
Add Pin To Net: Unknown Pin: Pin U8-3
Add Pin To Net: Unknown Pin: Pin U8-4
Add Pin To Net: Unknown Pin: Pin U8-5
Add Pin To Net: Unknown Pin: Pin U8-6
Add Pin To Net: Unknown Pin: Pin U8-7
Add Pin To Net: Unknown Pin: Pin U8-8
Add Pin To Net: Unknown Pin: Pin U8-9
Add Pin To Net: Unknown Pin: Pin U8-10
Add Pin To Net: Unknown Pin: Pin U8-11
Add Pin To Net: Unknown Pin: Pin U8-12
Add Pin To Net: Unknown Pin: Pin U8-13
Add Pin To Net: Unknown Pin: Pin U8-14
Add Pin To Net: Unknown Pin: Pin U14-1
Add Pin To Net: Unknown Pin: Pin U14-2
Add Pin To Net: Unknown Pin: Pin U14-3
Add Pin To Net: Unknown Pin: Pin U14-7
Add Pin To Net: Unknown Pin: Pin U14-8
Add Pin To Net: Unknown Pin: Pin U14-9
Add Pin To Net: Unknown Pin: Pin U14-10
Add Pin To Net: Unknown Pin: Pin U14-11
Add Pin To Net: Unknown Pin: Pin U14-12
Add Pin To Net: Unknown Pin: Pin U14-13
Add Pin To Net: Unknown Pin: Pin U14-14
Add Pin To Net: Unknown Pin: Pin U14-16
Add Pin To Net: Unknown Pin: Pin U14-17
Add Pin To Net: Unknown Pin: Pin U14-18
Add Net: Net with name "PWR_MOSFET" already exists
Add Net: Net with name "VBUS_EN" already exists
Add Class Member: Failed to add class member : Component C1 100n
Add Class Member: Failed to add class member : Component C2 100n
Add Class Member: Failed to add class member : Component C3 100n
Add Class Member: Failed to add class member : Component C4 100n
Add Class Member: Failed to add class member : Component C5 100n
Add Class Member: Failed to add class member : Component C6 100n
Add Class Member: Failed to add class member : Component C7 100n
Add Class Member: Failed to add class member : Component C8 100n
Add Class Member: Failed to add class member : Component C8 100n
Add Class Member: Failed to add class member : Component C9 30p
Add Class Member: Failed to add class member : Component C9 100n
Add Class Member: Failed to add class member : Component C10 30p
Add Class Member: Failed to add class member : Component C10 100n
Add Class Member: Failed to add class member : Component C11 100n
Add Class Member: Failed to add class member : Component C11 100n
Add Class Member: Failed to add class member : Component C13 100n
Add Class Member: Failed to add class member : Component C13 100n
Add Class Member: Failed to add class member : Component C15 10u
Add Class Member: Failed to add class member : Component C16 100n
Add Class Member: Failed to add class member : Component C17 10u
Add Class Member: Failed to add class member : Component C17 100n
Add Class Member: Failed to add class member : Component C18 100n
Add Class Member: Failed to add class member : Component C19 10u
Add Class Member: Failed to add class member : Component C20 100n
Add Class Member: Failed to add class member : Component C21 10u
Add Class Member: Failed to add class member : Component C22 100n
Add Class Member: Failed to add class member : Component C23 10u
Add Class Member: Failed to add class member : Component C24 10n
Add Class Member: Failed to add class member : Component C25 10u
Add Class Member: Failed to add class member : Component C26 10n
Add Class Member: Failed to add class member : Component C27 10u
Add Class Member: Failed to add class member : Component C28 10n
Add Class Member: Failed to add class member : Component C29 10u
Add Class Member: Failed to add class member : Component C30 10n
Add Class Member: Failed to add class member : Component C35 100n
Add Class Member: Failed to add class member : Component C36 100n
Add Class Member: Failed to add class member : Component C37 10n
Add Class Member: Failed to add class member : Component C45 10u
Add Class Member: Failed to add class member : Component C46 10u
Add Class Member: Failed to add class member : Component C47 10u
Add Class Member: Failed to add class member : Component C48 100n
Add Class Member: Failed to add class member : Component C49 100n
Add Class Member: Failed to add class member : Component C50 100n
Add Class Member: Failed to add class member : Component C51 100n
Add Class Member: Failed to add class member : Component C52 100n
Add Class Member: Failed to add class member : Component C53 100n
Add Class Member: Failed to add class member : Component C54 100n
Add Class Member: Failed to add class member : Component C55 10u
Add Class Member: Failed to add class member : Component C56 100n
Add Class Member: Failed to add class member : Component C57 100n
Add Class Member: Failed to add class member : Component C58 100n
Add Class Member: Failed to add class member : Component C59 100n
Add Class Member: Failed to add class member : Component C60 100n
Add Class Member: Failed to add class member : Component C61 100n
Add Class Member: Failed to add class member : Component C62 100n
Add Class Member: Failed to add class member : Component C63 100n
Add Class Member: Failed to add class member : Component C64 100n
Add Class Member: Failed to add class member : Component C65 100n
Add Class Member: Failed to add class member : Component C66 10u
Add Class Member: Failed to add class member : Component C67 100n
Add Class Member: Failed to add class member : Component C68 10u
Add Class Member: Failed to add class member : Component C69 100n
Add Class Member: Failed to add class member : Component C70 10u
Add Class Member: Failed to add class member : Component C71 100n
Add Class Member: Failed to add class member : Component C72 22p
Add Class Member: Failed to add class member : Component C73 22p
Add Class Member: Failed to add class member : Component C74 22p
Add Class Member: Failed to add class member : Component C75 22p
Add Class Member: Failed to add class member : Component C76 22p
Add Class Member: Failed to add class member : Component C77 22p
Add Class Member: Failed to add class member : Component C78 10u
Add Class Member: Failed to add class member : Component C79 100n
Add Class Member: Failed to add class member : Component C80 10u
Add Class Member: Failed to add class member : Component C81 100n
Add Class Member: Failed to add class member : Component C82 22p
Add Class Member: Failed to add class member : Component C83 30p
Add Class Member: Failed to add class member : Component C84 30p
Add Class Member: Failed to add class member : Component C85 22p
Add Class Member: Failed to add class member : Component C86 100n
Add Class Member: Failed to add class member : Component C87 100n
Add Class Member: Failed to add class member : Component C88 100n
Add Class Member: Failed to add class member : Component C89 10u
Add Class Member: Failed to add class member : Component C90 10n
Add Class Member: Failed to add class member : Component C91 100n
Add Class Member: Failed to add class member : Component D6 150066RG54050
Add Class Member: Failed to add class member : Component D8 150066RG54050
Add Class Member: Failed to add class member : Component F9_DISP_0 (F9) 0ZCH0075AF2E
Add Class Member: Failed to add class member : Component F9_DISP_1 (F9) 0ZCH0075AF2E
Add Class Member: Failed to add class member : Component J5 FM4-NZRP-PCB-1
Add Class Member: Failed to add class member : Component J6 RJMG201K21120FR
Add Class Member: Failed to add class member : Component J7 12402012E212A
Add Class Member: Failed to add class member : Component J8 10164227-1001A1RLF
Add Class Member: Failed to add class member : Component J9 10164227-1001A1RLF
Add Class Member: Failed to add class member : Component J13_DISP_0 (J13) 208658-1052
Add Class Member: Failed to add class member : Component J13_DISP_1 (J13) 208658-1052
Add Class Member: Failed to add class member : Component J17 FA1-NDRP-PCB-8
Add Class Member: Failed to add class member : Component Q1 SISH615ADN-T1-GE3
Add Class Member: Failed to add class member : Component Q2 SISH615ADN-T1-GE3
Add Class Member: Failed to add class member : Component Q3 SISH615ADN-T1-GE3
Add Class Member: Failed to add class member : Component Q4 SISH615ADN-T1-GE3
Add Class Member: Failed to add class member : Component Q9 SIP32510DT-T1-GE3
Add Class Member: Failed to add class member : Component Q10 SIP32510DT-T1-GE3
Add Class Member: Failed to add class member : Component Q11 SIP32510DT-T1-GE3
Add Class Member: Failed to add class member : Component Q12 SIP32510DT-T1-GE3
Add Class Member: Failed to add class member : Component Q13_DISP_0 (Q13) SIP32510DT-T1-GE3
Add Class Member: Failed to add class member : Component Q13_DISP_1 (Q13) SIP32510DT-T1-GE3
Add Class Member: Failed to add class member : Component Q14 SISH615ADN-T1-GE3
Add Class Member: Failed to add class member : Component Q15 SISH615ADN-T1-GE3
Add Class Member: Failed to add class member : Component R1 402
Add Class Member: Failed to add class member : Component R2 10k
Add Class Member: Failed to add class member : Component R3 49.9
Add Class Member: Failed to add class member : Component R4 49.9
Add Class Member: Failed to add class member : Component R5 DNP
Add Class Member: Failed to add class member : Component R6 DNP
Add Class Member: Failed to add class member : Component R7 10k
Add Class Member: Failed to add class member : Component R8 10k
Add Class Member: Failed to add class member : Component R9 49.9
Add Class Member: Failed to add class member : Component R10 49.9
Add Class Member: Failed to add class member : Component R11 120
Add Class Member: Failed to add class member : Component R12 5.1k
Add Class Member: Failed to add class member : Component R13 5.1k
Add Class Member: Failed to add class member : Component R14 5.1k
Add Class Member: Failed to add class member : Component R15 5.1k
Add Class Member: Failed to add class member : Component R16 100k
Add Class Member: Failed to add class member : Component R17 100k
Add Class Member: Failed to add class member : Component R18 1k
Add Class Member: Failed to add class member : Component R19 100k
Add Class Member: Failed to add class member : Component R20 100k
Add Class Member: Failed to add class member : Component R21 1k
Add Class Member: Failed to add class member : Component R22 100k
Add Class Member: Failed to add class member : Component R23 1k
Add Class Member: Failed to add class member : Component R24 1k
Add Class Member: Failed to add class member : Component R25 1k
Add Class Member: Failed to add class member : Component R26 100k
Add Class Member: Failed to add class member : Component R27 100k
Add Class Member: Failed to add class member : Component R28 100k
Add Class Member: Failed to add class member : Component R29 100k
Add Class Member: Failed to add class member : Component R30 1k
Add Class Member: Failed to add class member : Component R31 24k
Add Class Member: Failed to add class member : Component R32 100k
Add Class Member: Failed to add class member : Component R33 100k
Add Class Member: Failed to add class member : Component R34 1k
Add Class Member: Failed to add class member : Component R35 60.4
Add Class Member: Failed to add class member : Component R36 100k
Add Class Member: Failed to add class member : Component R37 60.4
Add Class Member: Failed to add class member : Component R38 1k
Add Class Member: Failed to add class member : Component R39 1k
Add Class Member: Failed to add class member : Component R40 1k
Add Class Member: Failed to add class member : Component R41 1k
Add Class Member: Failed to add class member : Component R42 100k
Add Class Member: Failed to add class member : Component R44 1k
Add Class Member: Failed to add class member : Component R45 100k
Add Class Member: Failed to add class member : Component R46 10k
Add Class Member: Failed to add class member : Component R47 100k
Add Class Member: Failed to add class member : Component R48 0402 JUMPER
Add Class Member: Failed to add class member : Component R49 0402 JUMPER
Add Class Member: Failed to add class member : Component R50 0402 JUMPER
Add Class Member: Failed to add class member : Component R51 100k
Add Class Member: Failed to add class member : Component R52 330
Add Class Member: Failed to add class member : Component R53 100k
Add Class Member: Failed to add class member : Component R54 100k
Add Class Member: Failed to add class member : Component R55 1k
Add Class Member: Failed to add class member : Component R56 1k
Add Class Member: Failed to add class member : Component R57 0402 JUMPER
Add Class Member: Failed to add class member : Component R58 0402 JUMPER
Add Class Member: Failed to add class member : Component R59 0402 JUMPER
Add Class Member: Failed to add class member : Component R60 0402 JUMPER
Add Class Member: Failed to add class member : Component R61 0402 JUMPER
Add Class Member: Failed to add class member : Component R62 100k
Add Class Member: Failed to add class member : Component R63 1k
Add Class Member: Failed to add class member : Component R64 1k
Add Class Member: Failed to add class member : Component R66 56
Add Class Member: Failed to add class member : Component R67 56
Add Class Member: Failed to add class member : Component R68 1k
Add Class Member: Failed to add class member : Component R69 1k
Add Class Member: Failed to add class member : Component R71 100k
Add Class Member: Failed to add class member : Component R72 DNP
Add Class Member: Failed to add class member : Component R73 1k
Add Class Member: Failed to add class member : Component R74_DISP_0 (R74) 100k
Add Class Member: Failed to add class member : Component R74_DISP_1 (R74) 100k
Add Class Member: Failed to add class member : Component R75 33
Add Class Member: Failed to add class member : Component R76 0402 JUMPER
Add Class Member: Failed to add class member : Component R77 0402 JUMPER
Add Class Member: Failed to add class member : Component R78 33
Add Class Member: Failed to add class member : Component R79 0402 JUMPER
Add Class Member: Failed to add class member : Component R80 33
Add Class Member: Failed to add class member : Component R81 33
Add Class Member: Failed to add class member : Component R82 0402 JUMPER
Add Class Member: Failed to add class member : Component R83 33
Add Class Member: Failed to add class member : Component R84 0402 JUMPER
Add Class Member: Failed to add class member : Component R85 0402 JUMPER
Add Class Member: Failed to add class member : Component R86 33
Add Class Member: Failed to add class member : Component R87 33
Add Class Member: Failed to add class member : Component R88 33
Add Class Member: Failed to add class member : Component R89 1k
Add Class Member: Failed to add class member : Component R90 100k
Add Class Member: Failed to add class member : Component R91 100k
Add Class Member: Failed to add class member : Component R92 1k
Add Class Member: Failed to add class member : Component R93 1k
Add Class Member: Failed to add class member : Component R94 100k
Add Class Member: Failed to add class member : Component R95 100k
Add Class Member: Failed to add class member : Component R96 0402 JUMPER
Add Class Member: Failed to add class member : Component R97 100k
Add Class Member: Failed to add class member : Component R98 10
Add Class Member: Failed to add class member : Component R99 560
Add Class Member: Failed to add class member : Component R100 1k
Add Class Member: Failed to add class member : Component R101 100k
Add Class Member: Failed to add class member : Component R102 100k
Add Class Member: Failed to add class member : Component R103 100k
Add Class Member: Failed to add class member : Component R104 100k
Add Class Member: Failed to add class member : Component R105 1k
Add Class Member: Failed to add class member : Component R106 1k
Add Class Member: Failed to add class member : Component TP1 TPAD6R
Add Class Member: Failed to add class member : Component TP2 TPAD6R
Add Class Member: Failed to add class member : Component TP3 TPAD6R
Add Class Member: Failed to add class member : Component TP4 TPAD6R
Add Class Member: Failed to add class member : Component U1 MAX96724FGTN/V+
Add Class Member: Failed to add class member : Component U8 TCAN1146DYYRQ1
Add Class Member: Failed to add class member : Component U14 MAX-M10M-00B
