Removed Pin From Net: NetName=3V3 Pin=C103_SJA1150Q_PINOUT_0-1
Removed Pin From Net: NetName=GND Pin=C103_SJA1150Q_PINOUT_0-2
Removed Pin From Net: NetName=3V3 Pin=C103_SJA1150Q_PINOUT_1-1
Removed Pin From Net: NetName=GND Pin=C103_SJA1150Q_PINOUT_1-2
Removed Pin From Net: NetName=3V3 Pin=C104_SJA1150Q_PINOUT_0-1
Removed Pin From Net: NetName=GND Pin=C104_SJA1150Q_PINOUT_0-2
Removed Pin From Net: NetName=3V3 Pin=C104_SJA1150Q_PINOUT_1-1
Removed Pin From Net: NetName=GND Pin=C104_SJA1150Q_PINOUT_1-2
Removed Pin From Net: NetName=3V3 Pin=C105_SJA1150Q_PINOUT_0-1
Removed Pin From Net: NetName=GND Pin=C105_SJA1150Q_PINOUT_0-2
Removed Pin From Net: NetName=3V3 Pin=C105_SJA1150Q_PINOUT_1-1
Removed Pin From Net: NetName=GND Pin=C105_SJA1150Q_PINOUT_1-2
Removed Pin From Net: NetName=3V3 Pin=C106_SJA1150Q_PINOUT_0-1
Removed Pin From Net: NetName=GND Pin=C106_SJA1150Q_PINOUT_0-2
Removed Pin From Net: NetName=3V3 Pin=C106_SJA1150Q_PINOUT_1-1
Removed Pin From Net: NetName=GND Pin=C106_SJA1150Q_PINOUT_1-2
Removed Pin From Net: NetName=3V3 Pin=C107_SJA1150Q_PINOUT_0-1
Removed Pin From Net: NetName=GND Pin=C107_SJA1150Q_PINOUT_0-2
Removed Pin From Net: NetName=3V3 Pin=C107_SJA1150Q_PINOUT_1-1
Removed Pin From Net: NetName=GND Pin=C107_SJA1150Q_PINOUT_1-2
Removed Pin From Net: NetName=3V3 Pin=C108_SJA1150Q_PINOUT_0-1
Removed Pin From Net: NetName=GND Pin=C108_SJA1150Q_PINOUT_0-2
Removed Pin From Net: NetName=3V3 Pin=C108_SJA1150Q_PINOUT_1-1
Removed Pin From Net: NetName=GND Pin=C108_SJA1150Q_PINOUT_1-2
Removed Pin From Net: NetName=3V3 Pin=C109_SJA1150Q_PINOUT_0-1
Removed Pin From Net: NetName=GND Pin=C109_SJA1150Q_PINOUT_0-2
Removed Pin From Net: NetName=3V3 Pin=C109_SJA1150Q_PINOUT_1-1
Removed Pin From Net: NetName=GND Pin=C109_SJA1150Q_PINOUT_1-2
Removed Pin From Net: NetName=3V3 Pin=FB1-1
Removed Pin From Net: NetName=NetC18_1 Pin=FB2-2
Removed Pin From Net: NetName=NetC38_PHY_2_1 Pin=FB7_PHY_2-2
Removed Pin From Net: NetName=3V3 Pin=FB12_PHY_0-1
Removed Pin From Net: NetName=3V3 Pin=FB12_PHY_1-1
Removed Pin From Net: NetName=3V3 Pin=FB12_PHY_2-1
Removed Pin From Net: NetName=3V3 Pin=FB12_PHY_3-1
Removed Pin From Net: NetName=3V3 Pin=FB12_PHY_4-1
Removed Pin From Net: NetName=3V3 Pin=FB12_PHY_5-1
Removed Pin From Net: NetName=3V3 Pin=FB14_SJA1150Q_PINOUT_0-1
Removed Pin From Net: NetName=3V3 Pin=FB14_SJA1150Q_PINOUT_1-1
Removed Pin From Net: NetName=3V3 Pin=FB15_SJA1150Q_PINOUT_0-1
Removed Pin From Net: NetName=3V3 Pin=FB15_SJA1150Q_PINOUT_1-1
Removed Pin From Net: NetName=3V3 Pin=FB17_SJA1150Q_PINOUT_0-1
Removed Pin From Net: NetName=3V3 Pin=FB17_SJA1150Q_PINOUT_1-1
Removed Pin From Net: NetName=3V3 Pin=FB18_SJA1150Q_PINOUT_0-1
Removed Pin From Net: NetName=3V3 Pin=FB18_SJA1150Q_PINOUT_1-1
Removed Pin From Net: NetName=3V3 Pin=FB20_SJA1150Q_PINOUT_0-1
Removed Pin From Net: NetName=3V3 Pin=FB20_SJA1150Q_PINOUT_1-1
Removed Pin From Net: NetName=3V3 Pin=FB21_SJA1150Q_PINOUT_0-1
Removed Pin From Net: NetName=3V3 Pin=FB21_SJA1150Q_PINOUT_1-1
Removed Pin From Net: NetName=3V3 Pin=FB22_SJA1150Q_PINOUT_0-1
Removed Pin From Net: NetName=3V3 Pin=FB22_SJA1150Q_PINOUT_1-1
Removed Member From Class: ClassName=SJA1150Q_PINOUT_0 Member=C103_SJA1150Q_PINOUT_0
Removed Member From Class: ClassName=SJA1150Q_PINOUT_1 Member=C103_SJA1150Q_PINOUT_1
Removed Member From Class: ClassName=SJA1150Q_PINOUT_0 Member=C104_SJA1150Q_PINOUT_0
Removed Member From Class: ClassName=SJA1150Q_PINOUT_1 Member=C104_SJA1150Q_PINOUT_1
Removed Member From Class: ClassName=SJA1150Q_PINOUT_0 Member=C105_SJA1150Q_PINOUT_0
Removed Member From Class: ClassName=SJA1150Q_PINOUT_1 Member=C105_SJA1150Q_PINOUT_1
Removed Member From Class: ClassName=SJA1150Q_PINOUT_0 Member=C106_SJA1150Q_PINOUT_0
Removed Member From Class: ClassName=SJA1150Q_PINOUT_1 Member=C106_SJA1150Q_PINOUT_1
Removed Member From Class: ClassName=SJA1150Q_PINOUT_0 Member=C107_SJA1150Q_PINOUT_0
Removed Member From Class: ClassName=SJA1150Q_PINOUT_1 Member=C107_SJA1150Q_PINOUT_1
Removed Member From Class: ClassName=SJA1150Q_PINOUT_0 Member=C108_SJA1150Q_PINOUT_0
Removed Member From Class: ClassName=SJA1150Q_PINOUT_1 Member=C108_SJA1150Q_PINOUT_1
Removed Member From Class: ClassName=SJA1150Q_PINOUT_0 Member=C109_SJA1150Q_PINOUT_0
Removed Member From Class: ClassName=SJA1150Q_PINOUT_1 Member=C109_SJA1150Q_PINOUT_1
Removed Member From Class: ClassName=PHY_6 Member=FB1
Removed Member From Class: ClassName=PHY_6 Member=FB2
Removed Member From Class: ClassName=PHY_0 Member=FB7_PHY_0
Removed Member From Class: ClassName=PHY_1 Member=FB7_PHY_1
Removed Member From Class: ClassName=PHY_2 Member=FB7_PHY_2
Removed Member From Class: ClassName=PHY_3 Member=FB7_PHY_3
Removed Member From Class: ClassName=PHY_4 Member=FB7_PHY_4
Removed Member From Class: ClassName=PHY_5 Member=FB7_PHY_5
Removed Member From Class: ClassName=PHY_0 Member=FB9_PHY_0
Removed Member From Class: ClassName=PHY_1 Member=FB9_PHY_1
Removed Member From Class: ClassName=PHY_2 Member=FB9_PHY_2
Removed Member From Class: ClassName=PHY_3 Member=FB9_PHY_3
Removed Member From Class: ClassName=PHY_4 Member=FB9_PHY_4
Removed Member From Class: ClassName=PHY_5 Member=FB9_PHY_5
Removed Member From Class: ClassName=PHY_0 Member=FB12_PHY_0
Removed Member From Class: ClassName=PHY_1 Member=FB12_PHY_1
Removed Member From Class: ClassName=PHY_2 Member=FB12_PHY_2
Removed Member From Class: ClassName=PHY_3 Member=FB12_PHY_3
Removed Member From Class: ClassName=PHY_4 Member=FB12_PHY_4
Removed Member From Class: ClassName=PHY_5 Member=FB12_PHY_5
Removed Member From Class: ClassName=SJA1150Q_PINOUT_0 Member=FB14_SJA1150Q_PINOUT_0
Removed Member From Class: ClassName=SJA1150Q_PINOUT_1 Member=FB14_SJA1150Q_PINOUT_1
Removed Member From Class: ClassName=SJA1150Q_PINOUT_0 Member=FB15_SJA1150Q_PINOUT_0
Removed Member From Class: ClassName=SJA1150Q_PINOUT_1 Member=FB15_SJA1150Q_PINOUT_1
Removed Member From Class: ClassName=SJA1150Q_PINOUT_0 Member=FB17_SJA1150Q_PINOUT_0
Removed Member From Class: ClassName=SJA1150Q_PINOUT_1 Member=FB17_SJA1150Q_PINOUT_1
Removed Member From Class: ClassName=SJA1150Q_PINOUT_0 Member=FB18_SJA1150Q_PINOUT_0
Removed Member From Class: ClassName=SJA1150Q_PINOUT_1 Member=FB18_SJA1150Q_PINOUT_1
Removed Member From Class: ClassName=SJA1150Q_PINOUT_0 Member=FB20_SJA1150Q_PINOUT_0
Removed Member From Class: ClassName=SJA1150Q_PINOUT_1 Member=FB20_SJA1150Q_PINOUT_1
Removed Member From Class: ClassName=SJA1150Q_PINOUT_0 Member=FB21_SJA1150Q_PINOUT_0
Removed Member From Class: ClassName=SJA1150Q_PINOUT_1 Member=FB21_SJA1150Q_PINOUT_1
Removed Member From Class: ClassName=SJA1150Q_PINOUT_0 Member=FB22_SJA1150Q_PINOUT_0
Removed Member From Class: ClassName=SJA1150Q_PINOUT_1 Member=FB22_SJA1150Q_PINOUT_1
Removed Member From Class: ClassName=PWR Member=3V3
Removed Member From Class: ClassName=PWR Member=LAN8870_VDDIO_PHY_1
Removed Member From Class: ClassName=PWR Member=LAN8870_VDDIO_PHY_2
Removed Member From Class: ClassName=PWR Member=LAN8870_VDDIO_PHY_3
Removed Member From Class: ClassName=PWR Member=LAN8870_VDDIO_PHY_4
Removed Member From Class: ClassName=PWR Member=LAN8870_VDDIO_PHY_5
Removed Member From Class: ClassName=PWR Member=NetC18_1
Removed Member From Class: ClassName=PWR Member=NetC38_PHY_0_1
Removed Member From Class: ClassName=PWR Member=NetC38_PHY_1_1
Removed Member From Class: ClassName=PWR Member=NetC38_PHY_2_1
Removed Member From Class: ClassName=PWR Member=NetC38_PHY_3_1
Removed Member From Class: ClassName=PWR Member=NetC38_PHY_4_1
Removed Member From Class: ClassName=PWR Member=NetC38_PHY_5_1
Removed Member From Class: ClassName=PWR Member=NetC46_PHY_0_1
Removed Member From Class: ClassName=PWR Member=NetC46_PHY_1_1
Removed Member From Class: ClassName=PWR Member=NetC46_PHY_2_1
Removed Member From Class: ClassName=PWR Member=NetC46_PHY_3_1
Removed Member From Class: ClassName=PWR Member=NetC46_PHY_4_1
Removed Member From Class: ClassName=PWR Member=NetC46_PHY_5_1
Removed Member From Class: ClassName=PWR Member=SW_VDDIO_CLO
Removed Member From Class: ClassName=PWR Member=SW_VDDIO_HOST
Removed Member From Class: ClassName=PWR Member=SW_VDDIO_MII0
Removed Member From Class: ClassName=PWR Member=SW_VDDIO_MII1
Removed Member From Class: ClassName=PWR Member=SW_VDDIO_MII2
Removed Member From Class: ClassName=PWR Member=SW_VDDIO_MII3
Removed Member From Class: ClassName=PWR Member=SW_VDDIO_MII4
Removed Member From Class: ClassName=PWR Member=VDDIO_8830
Added Pin To Net: NetName=3V3 Pin=C12-1
Added Pin To Net: NetName=3V3 Pin=C13-1
Added Pin To Net: NetName=3V3 Pin=C14-1
Added Pin To Net: NetName=3V3 Pin=C15-1
Added Pin To Net: NetName=3V3 Pin=C16-1
Added Pin To Net: NetName=3V3 Pin=C17-1
Added Pin To Net: NetName=NetC38_PHY_2_1 Pin=C38_PHY_0-1
Added Pin To Net: NetName=NetC38_PHY_2_1 Pin=C38_PHY_1-1
Added Pin To Net: NetName=NetC38_PHY_2_1 Pin=C38_PHY_3-1
Added Pin To Net: NetName=NetC38_PHY_2_1 Pin=C38_PHY_4-1
Added Pin To Net: NetName=NetC38_PHY_2_1 Pin=C38_PHY_5-1
Added Pin To Net: NetName=NetC38_PHY_2_1 Pin=C39_PHY_0-1
Added Pin To Net: NetName=NetC38_PHY_2_1 Pin=C39_PHY_1-1
Added Pin To Net: NetName=NetC38_PHY_2_1 Pin=C39_PHY_3-1
Added Pin To Net: NetName=NetC38_PHY_2_1 Pin=C39_PHY_4-1
Added Pin To Net: NetName=NetC38_PHY_2_1 Pin=C39_PHY_5-1
Added Pin To Net: NetName=NetC38_PHY_2_1 Pin=C40_PHY_0-1
Added Pin To Net: NetName=NetC38_PHY_2_1 Pin=C40_PHY_1-1
Added Pin To Net: NetName=NetC38_PHY_2_1 Pin=C40_PHY_3-1
Added Pin To Net: NetName=NetC38_PHY_2_1 Pin=C40_PHY_4-1
Added Pin To Net: NetName=NetC38_PHY_2_1 Pin=C40_PHY_5-1
Added Pin To Net: NetName=NetC38_PHY_2_1 Pin=C41_PHY_0-1
Added Pin To Net: NetName=NetC38_PHY_2_1 Pin=C41_PHY_1-1
Added Pin To Net: NetName=NetC38_PHY_2_1 Pin=C41_PHY_3-1
Added Pin To Net: NetName=NetC38_PHY_2_1 Pin=C41_PHY_4-1
Added Pin To Net: NetName=NetC38_PHY_2_1 Pin=C41_PHY_5-1
Added Pin To Net: NetName=NetC38_PHY_2_1 Pin=C46_PHY_0-1
Added Pin To Net: NetName=NetC38_PHY_2_1 Pin=C46_PHY_1-1
Added Pin To Net: NetName=NetC38_PHY_2_1 Pin=C46_PHY_2-1
Added Pin To Net: NetName=NetC38_PHY_2_1 Pin=C46_PHY_3-1
Added Pin To Net: NetName=NetC38_PHY_2_1 Pin=C46_PHY_4-1
Added Pin To Net: NetName=NetC38_PHY_2_1 Pin=C46_PHY_5-1
Added Pin To Net: NetName=NetC38_PHY_2_1 Pin=C47_PHY_0-1
Added Pin To Net: NetName=NetC38_PHY_2_1 Pin=C47_PHY_1-1
Added Pin To Net: NetName=NetC38_PHY_2_1 Pin=C47_PHY_2-1
Added Pin To Net: NetName=NetC38_PHY_2_1 Pin=C47_PHY_3-1
Added Pin To Net: NetName=NetC38_PHY_2_1 Pin=C47_PHY_4-1
Added Pin To Net: NetName=NetC38_PHY_2_1 Pin=C47_PHY_5-1
Added Pin To Net: NetName=3V3 Pin=C55_PHY_0-1
Added Pin To Net: NetName=3V3 Pin=C55_PHY_1-1
Added Pin To Net: NetName=3V3 Pin=C55_PHY_2-1
Added Pin To Net: NetName=3V3 Pin=C55_PHY_3-1
Added Pin To Net: NetName=3V3 Pin=C55_PHY_4-1
Added Pin To Net: NetName=3V3 Pin=C55_PHY_5-1
Added Pin To Net: NetName=3V3 Pin=C56_PHY_0-1
Added Pin To Net: NetName=3V3 Pin=C56_PHY_1-1
Added Pin To Net: NetName=3V3 Pin=C56_PHY_2-1
Added Pin To Net: NetName=3V3 Pin=C56_PHY_3-1
Added Pin To Net: NetName=3V3 Pin=C56_PHY_4-1
Added Pin To Net: NetName=3V3 Pin=C56_PHY_5-1
Added Pin To Net: NetName=3V3 Pin=C57_PHY_0-1
Added Pin To Net: NetName=3V3 Pin=C57_PHY_1-1
Added Pin To Net: NetName=3V3 Pin=C57_PHY_2-1
Added Pin To Net: NetName=3V3 Pin=C57_PHY_3-1
Added Pin To Net: NetName=3V3 Pin=C57_PHY_4-1
Added Pin To Net: NetName=3V3 Pin=C57_PHY_5-1
Added Pin To Net: NetName=3V3 Pin=C58_PHY_0-1
Added Pin To Net: NetName=3V3 Pin=C58_PHY_1-1
Added Pin To Net: NetName=3V3 Pin=C58_PHY_2-1
Added Pin To Net: NetName=3V3 Pin=C58_PHY_3-1
Added Pin To Net: NetName=3V3 Pin=C58_PHY_4-1
Added Pin To Net: NetName=3V3 Pin=C58_PHY_5-1
Added Pin To Net: NetName=3V3 Pin=C60_SJA1150Q_PINOUT_0-1
Added Pin To Net: NetName=3V3 Pin=C60_SJA1150Q_PINOUT_1-1
Added Pin To Net: NetName=3V3 Pin=C61_SJA1150Q_PINOUT_0-1
Added Pin To Net: NetName=3V3 Pin=C61_SJA1150Q_PINOUT_1-1
Added Pin To Net: NetName=3V3 Pin=C62_SJA1150Q_PINOUT_0-1
Added Pin To Net: NetName=3V3 Pin=C62_SJA1150Q_PINOUT_1-1
Added Pin To Net: NetName=3V3 Pin=C63_SJA1150Q_PINOUT_0-1
Added Pin To Net: NetName=3V3 Pin=C63_SJA1150Q_PINOUT_1-1
Added Pin To Net: NetName=3V3 Pin=C80_SJA1150Q_PINOUT_0-1
Added Pin To Net: NetName=3V3 Pin=C80_SJA1150Q_PINOUT_1-1
Added Pin To Net: NetName=3V3 Pin=C81_SJA1150Q_PINOUT_0-1
Added Pin To Net: NetName=3V3 Pin=C81_SJA1150Q_PINOUT_1-1
Added Pin To Net: NetName=3V3 Pin=C82_SJA1150Q_PINOUT_0-1
Added Pin To Net: NetName=3V3 Pin=C82_SJA1150Q_PINOUT_1-1
Added Pin To Net: NetName=3V3 Pin=C83_SJA1150Q_PINOUT_0-1
Added Pin To Net: NetName=3V3 Pin=C83_SJA1150Q_PINOUT_1-1
Added Pin To Net: NetName=3V3 Pin=C84_SJA1150Q_PINOUT_0-1
Added Pin To Net: NetName=3V3 Pin=C84_SJA1150Q_PINOUT_1-1
Added Pin To Net: NetName=3V3 Pin=C85_SJA1150Q_PINOUT_0-1
Added Pin To Net: NetName=3V3 Pin=C85_SJA1150Q_PINOUT_1-1
Added Pin To Net: NetName=3V3 Pin=C86_SJA1150Q_PINOUT_0-1
Added Pin To Net: NetName=3V3 Pin=C86_SJA1150Q_PINOUT_1-1
Added Pin To Net: NetName=3V3 Pin=C87_SJA1150Q_PINOUT_0-1
Added Pin To Net: NetName=3V3 Pin=C87_SJA1150Q_PINOUT_1-1
Added Pin To Net: NetName=3V3 Pin=C88_SJA1150Q_PINOUT_0-1
Added Pin To Net: NetName=3V3 Pin=C88_SJA1150Q_PINOUT_1-1
Added Pin To Net: NetName=3V3 Pin=C89_SJA1150Q_PINOUT_0-1
Added Pin To Net: NetName=3V3 Pin=C89_SJA1150Q_PINOUT_1-1
Added Pin To Net: NetName=3V3 Pin=C90_SJA1150Q_PINOUT_0-1
Added Pin To Net: NetName=3V3 Pin=C90_SJA1150Q_PINOUT_1-1
Added Pin To Net: NetName=3V3 Pin=C91_SJA1150Q_PINOUT_0-1
Added Pin To Net: NetName=3V3 Pin=C91_SJA1150Q_PINOUT_1-1
Added Pin To Net: NetName=3V3 Pin=C92_SJA1150Q_PINOUT_0-1
Added Pin To Net: NetName=3V3 Pin=C92_SJA1150Q_PINOUT_1-1
Added Pin To Net: NetName=3V3 Pin=C93_SJA1150Q_PINOUT_0-1
Added Pin To Net: NetName=3V3 Pin=C93_SJA1150Q_PINOUT_1-1
Added Pin To Net: NetName=3V3 Pin=C94_SJA1150Q_PINOUT_0-1
Added Pin To Net: NetName=3V3 Pin=C94_SJA1150Q_PINOUT_1-1
Added Pin To Net: NetName=3V3 Pin=C95_SJA1150Q_PINOUT_0-1
Added Pin To Net: NetName=3V3 Pin=C95_SJA1150Q_PINOUT_1-1
Added Pin To Net: NetName=3V3 Pin=C96_SJA1150Q_PINOUT_0-1
Added Pin To Net: NetName=3V3 Pin=C96_SJA1150Q_PINOUT_1-1
Added Pin To Net: NetName=3V3 Pin=C97_SJA1150Q_PINOUT_0-1
Added Pin To Net: NetName=3V3 Pin=C97_SJA1150Q_PINOUT_1-1
Added Pin To Net: NetName=3V3 Pin=C98_SJA1150Q_PINOUT_0-1
Added Pin To Net: NetName=3V3 Pin=C98_SJA1150Q_PINOUT_1-1
Added Pin To Net: NetName=3V3 Pin=C99_SJA1150Q_PINOUT_0-1
Added Pin To Net: NetName=3V3 Pin=C99_SJA1150Q_PINOUT_1-1
Added Pin To Net: NetName=NetC18_1 Pin=FB3-1
Added Pin To Net: NetName=NetC18_1 Pin=FB5-1
Added Pin To Net: NetName=NetC38_PHY_2_1 Pin=FB8_PHY_0-1
Added Pin To Net: NetName=NetC38_PHY_2_1 Pin=FB8_PHY_1-1
Added Pin To Net: NetName=NetC38_PHY_2_1 Pin=FB8_PHY_2-1
Added Pin To Net: NetName=NetC38_PHY_2_1 Pin=FB8_PHY_3-1
Added Pin To Net: NetName=NetC38_PHY_2_1 Pin=FB8_PHY_4-1
Added Pin To Net: NetName=NetC38_PHY_2_1 Pin=FB8_PHY_5-1
Added Pin To Net: NetName=3V3 Pin=R8-1
Added Pin To Net: NetName=3V3 Pin=R9-1
Added Pin To Net: NetName=3V3 Pin=R10-2
Added Pin To Net: NetName=3V3 Pin=R11-1
Added Pin To Net: NetName=3V3 Pin=R12-2
Added Pin To Net: NetName=3V3 Pin=R13-1
Added Pin To Net: NetName=3V3 Pin=R26_PHY_0-1
Added Pin To Net: NetName=3V3 Pin=R26_PHY_1-1
Added Pin To Net: NetName=3V3 Pin=R26_PHY_2-1
Added Pin To Net: NetName=3V3 Pin=R26_PHY_3-1
Added Pin To Net: NetName=3V3 Pin=R26_PHY_4-1
Added Pin To Net: NetName=3V3 Pin=R26_PHY_5-1
Added Pin To Net: NetName=3V3 Pin=R29_PHY_0-2
Added Pin To Net: NetName=3V3 Pin=R29_PHY_1-2
Added Pin To Net: NetName=3V3 Pin=R29_PHY_2-2
Added Pin To Net: NetName=3V3 Pin=R29_PHY_3-2
Added Pin To Net: NetName=3V3 Pin=R29_PHY_4-2
Added Pin To Net: NetName=3V3 Pin=R29_PHY_5-2
Added Pin To Net: NetName=3V3 Pin=R30_PHY_0-1
Added Pin To Net: NetName=3V3 Pin=R30_PHY_1-1
Added Pin To Net: NetName=3V3 Pin=R30_PHY_2-1
Added Pin To Net: NetName=3V3 Pin=R30_PHY_3-1
Added Pin To Net: NetName=3V3 Pin=R30_PHY_4-1
Added Pin To Net: NetName=3V3 Pin=R30_PHY_5-1
Added Pin To Net: NetName=3V3 Pin=R31_PHY_0-2
Added Pin To Net: NetName=3V3 Pin=R31_PHY_1-2
Added Pin To Net: NetName=3V3 Pin=R31_PHY_2-2
Added Pin To Net: NetName=3V3 Pin=R31_PHY_3-2
Added Pin To Net: NetName=3V3 Pin=R31_PHY_4-2
Added Pin To Net: NetName=3V3 Pin=R31_PHY_5-2
Added Pin To Net: NetName=3V3 Pin=R32_PHY_0-2
Added Pin To Net: NetName=3V3 Pin=R32_PHY_1-2
Added Pin To Net: NetName=3V3 Pin=R32_PHY_2-2
Added Pin To Net: NetName=3V3 Pin=R32_PHY_3-2
Added Pin To Net: NetName=3V3 Pin=R32_PHY_4-2
Added Pin To Net: NetName=3V3 Pin=R32_PHY_5-2
Added Pin To Net: NetName=3V3 Pin=R35_PHY_0-2
Added Pin To Net: NetName=3V3 Pin=R35_PHY_1-2
Added Pin To Net: NetName=3V3 Pin=R35_PHY_2-2
Added Pin To Net: NetName=3V3 Pin=R35_PHY_3-2
Added Pin To Net: NetName=3V3 Pin=R35_PHY_4-2
Added Pin To Net: NetName=3V3 Pin=R35_PHY_5-2
Added Pin To Net: NetName=3V3 Pin=R38_PHY_0-2
Added Pin To Net: NetName=3V3 Pin=R38_PHY_1-2
Added Pin To Net: NetName=3V3 Pin=R38_PHY_2-2
Added Pin To Net: NetName=3V3 Pin=R38_PHY_3-2
Added Pin To Net: NetName=3V3 Pin=R38_PHY_4-2
Added Pin To Net: NetName=3V3 Pin=R38_PHY_5-2
Added Pin To Net: NetName=3V3 Pin=U1-17
Added Pin To Net: NetName=3V3 Pin=U1-24
Added Pin To Net: NetName=3V3 Pin=U1-28
Added Pin To Net: NetName=3V3 Pin=U1-35
Added Pin To Net: NetName=3V3 Pin=U1-41
Added Pin To Net: NetName=NetC38_PHY_2_1 Pin=U2_PHY_0-10
Added Pin To Net: NetName=3V3 Pin=U2_PHY_0-13
Added Pin To Net: NetName=NetC38_PHY_2_1 Pin=U2_PHY_0-19
Added Pin To Net: NetName=3V3 Pin=U2_PHY_0-20
Added Pin To Net: NetName=NetC38_PHY_2_1 Pin=U2_PHY_0-22
Added Pin To Net: NetName=NetC38_PHY_2_1 Pin=U2_PHY_0-29
Added Pin To Net: NetName=3V3 Pin=U2_PHY_0-36
Added Pin To Net: NetName=NetC38_PHY_2_1 Pin=U2_PHY_1-10
Added Pin To Net: NetName=3V3 Pin=U2_PHY_1-13
Added Pin To Net: NetName=NetC38_PHY_2_1 Pin=U2_PHY_1-19
Added Pin To Net: NetName=3V3 Pin=U2_PHY_1-20
Added Pin To Net: NetName=NetC38_PHY_2_1 Pin=U2_PHY_1-22
Added Pin To Net: NetName=NetC38_PHY_2_1 Pin=U2_PHY_1-29
Added Pin To Net: NetName=3V3 Pin=U2_PHY_1-36
Added Pin To Net: NetName=3V3 Pin=U2_PHY_2-13
Added Pin To Net: NetName=3V3 Pin=U2_PHY_2-20
Added Pin To Net: NetName=NetC38_PHY_2_1 Pin=U2_PHY_2-22
Added Pin To Net: NetName=3V3 Pin=U2_PHY_2-36
Added Pin To Net: NetName=NetC38_PHY_2_1 Pin=U2_PHY_3-10
Added Pin To Net: NetName=3V3 Pin=U2_PHY_3-13
Added Pin To Net: NetName=NetC38_PHY_2_1 Pin=U2_PHY_3-19
Added Pin To Net: NetName=3V3 Pin=U2_PHY_3-20
Added Pin To Net: NetName=NetC38_PHY_2_1 Pin=U2_PHY_3-22
Added Pin To Net: NetName=NetC38_PHY_2_1 Pin=U2_PHY_3-29
Added Pin To Net: NetName=3V3 Pin=U2_PHY_3-36
Added Pin To Net: NetName=NetC38_PHY_2_1 Pin=U2_PHY_4-10
Added Pin To Net: NetName=3V3 Pin=U2_PHY_4-13
Added Pin To Net: NetName=NetC38_PHY_2_1 Pin=U2_PHY_4-19
Added Pin To Net: NetName=3V3 Pin=U2_PHY_4-20
Added Pin To Net: NetName=NetC38_PHY_2_1 Pin=U2_PHY_4-22
Added Pin To Net: NetName=NetC38_PHY_2_1 Pin=U2_PHY_4-29
Added Pin To Net: NetName=3V3 Pin=U2_PHY_4-36
Added Pin To Net: NetName=NetC38_PHY_2_1 Pin=U2_PHY_5-10
Added Pin To Net: NetName=3V3 Pin=U2_PHY_5-13
Added Pin To Net: NetName=NetC38_PHY_2_1 Pin=U2_PHY_5-19
Added Pin To Net: NetName=3V3 Pin=U2_PHY_5-20
Added Pin To Net: NetName=NetC38_PHY_2_1 Pin=U2_PHY_5-22
Added Pin To Net: NetName=NetC38_PHY_2_1 Pin=U2_PHY_5-29
Added Pin To Net: NetName=3V3 Pin=U2_PHY_5-36
Added Pin To Net: NetName=3V3 Pin=U3_SJA1150Q_PINOUT_0-D4
Added Pin To Net: NetName=3V3 Pin=U3_SJA1150Q_PINOUT_0-D5
Added Pin To Net: NetName=3V3 Pin=U3_SJA1150Q_PINOUT_0-D7
Added Pin To Net: NetName=3V3 Pin=U3_SJA1150Q_PINOUT_0-D8
Added Pin To Net: NetName=3V3 Pin=U3_SJA1150Q_PINOUT_0-D10
Added Pin To Net: NetName=3V3 Pin=U3_SJA1150Q_PINOUT_0-D11
Added Pin To Net: NetName=3V3 Pin=U3_SJA1150Q_PINOUT_0-E4
Added Pin To Net: NetName=3V3 Pin=U3_SJA1150Q_PINOUT_0-E11
Added Pin To Net: NetName=3V3 Pin=U3_SJA1150Q_PINOUT_0-G4
Added Pin To Net: NetName=3V3 Pin=U3_SJA1150Q_PINOUT_0-G11
Added Pin To Net: NetName=3V3 Pin=U3_SJA1150Q_PINOUT_0-H4
Added Pin To Net: NetName=3V3 Pin=U3_SJA1150Q_PINOUT_0-H11
Added Pin To Net: NetName=3V3 Pin=U3_SJA1150Q_PINOUT_0-K11
Added Pin To Net: NetName=3V3 Pin=U3_SJA1150Q_PINOUT_0-L5
Added Pin To Net: NetName=3V3 Pin=U3_SJA1150Q_PINOUT_0-L8
Added Pin To Net: NetName=3V3 Pin=U3_SJA1150Q_PINOUT_0-L10
Added Pin To Net: NetName=3V3 Pin=U3_SJA1150Q_PINOUT_0-L11
Added Pin To Net: NetName=3V3 Pin=U3_SJA1150Q_PINOUT_1-D4
Added Pin To Net: NetName=3V3 Pin=U3_SJA1150Q_PINOUT_1-D5
Added Pin To Net: NetName=3V3 Pin=U3_SJA1150Q_PINOUT_1-D7
Added Pin To Net: NetName=3V3 Pin=U3_SJA1150Q_PINOUT_1-D8
Added Pin To Net: NetName=3V3 Pin=U3_SJA1150Q_PINOUT_1-D10
Added Pin To Net: NetName=3V3 Pin=U3_SJA1150Q_PINOUT_1-D11
Added Pin To Net: NetName=3V3 Pin=U3_SJA1150Q_PINOUT_1-E4
Added Pin To Net: NetName=3V3 Pin=U3_SJA1150Q_PINOUT_1-E11
Added Pin To Net: NetName=3V3 Pin=U3_SJA1150Q_PINOUT_1-G4
Added Pin To Net: NetName=3V3 Pin=U3_SJA1150Q_PINOUT_1-G11
Added Pin To Net: NetName=3V3 Pin=U3_SJA1150Q_PINOUT_1-H4
Added Pin To Net: NetName=3V3 Pin=U3_SJA1150Q_PINOUT_1-H11
Added Pin To Net: NetName=3V3 Pin=U3_SJA1150Q_PINOUT_1-K11
Added Pin To Net: NetName=3V3 Pin=U3_SJA1150Q_PINOUT_1-L5
Added Pin To Net: NetName=3V3 Pin=U3_SJA1150Q_PINOUT_1-L8
Added Pin To Net: NetName=3V3 Pin=U3_SJA1150Q_PINOUT_1-L10
Added Pin To Net: NetName=3V3 Pin=U3_SJA1150Q_PINOUT_1-L11
Change Net Name : Old Net Name=3V3 New Net Name=LAN8870_VDDIO_PHY_0
Change Net Name : Old Net Name=NetC18_1 New Net Name=8830_1V1
Change Net Name : Old Net Name=NetC38_PHY_2_1 New Net Name=8870_1V1
Added Member To Class: ClassName=PWR Member=Wire 8830_1V1
Added Member To Class: ClassName=PWR Member=Wire 8870_1V1
Added Room: Name=PHY_5
Added Rule: Name=Schematic Supply Nets_1
