Removed Pin From Net: NetName=P1_TRX_P Pin=J4-1
Removed Pin From Net: NetName=P1_TRX_N Pin=J4-2
Removed Pin From Net: NetName=P2_TRX_P Pin=J5-1
Removed Pin From Net: NetName=P2_TRX_N Pin=J5-2
Removed Pin From Net: NetName=P3_TRX_P Pin=J6-1
Removed Pin From Net: NetName=P3_TRX_N Pin=J6-2
Removed Pin From Net: NetName=P4_TRX_P Pin=J7-1
Removed Pin From Net: NetName=P4_TRX_N Pin=J7-2
Added Pin To Net: NetName=P1_TRX_N Pin=J4-1
Added Pin To Net: NetName=P1_TRX_P Pin=J4-2
Added Pin To Net: NetName=P2_TRX_N Pin=J5-1
Added Pin To Net: NetName=P2_TRX_P Pin=J5-2
Added Pin To Net: NetName=P3_TRX_N Pin=J6-1
Added Pin To Net: NetName=P3_TRX_P Pin=J6-2
Added Pin To Net: NetName=P4_TRX_N Pin=J7-1
Added Pin To Net: NetName=P4_TRX_P Pin=J7-2
Added Rule: Name=Schematic Supply Nets
Added Rule: Name=Schematic Supply Nets_1
Added Rule: Name=Schematic Supply Nets_2
Added Rule: Name=Schematic Supply Nets_3
Added Rule: Name=Schematic Supply Nets_4
Added Rule: Name=Schematic Supply Nets_5
Added Rule: Name=Schematic Supply Nets_6
Added Rule: Name=Schematic Supply Nets_7
Added Rule: Name=Schematic Supply Nets_8
Added Rule: Name=Schematic Supply Nets_9
Added Rule: Name=Schematic Supply Nets_10
Added Rule: Name=Schematic Supply Nets_11
Added Rule: Name=Schematic Supply Nets_12
Added Rule: Name=Schematic Supply Nets_13
Added Rule: Name=Schematic Supply Nets_14
Added Rule: Name=Schematic Supply Nets_15
Added Rule: Name=Schematic Supply Nets_16
Added Rule: Name=Schematic Supply Nets_17
Added Rule: Name=Schematic Supply Nets_18
Added Rule: Name=Schematic Supply Nets_19
Added Rule: Name=Schematic Supply Nets_20
Added Rule: Name=Schematic Supply Nets_21
